ΓÅ│ Waiting for container to be ready...
≡ƒÜÇ Starting PromptMCP Quality Tests (HTTP)
============================================================

≡ƒº¬ Testing: Simple Question
≡ƒô¥ Original: How do I create a button?
≡ƒöº Context: {"framework":"html","style":"css"}
Γ£à Success: true
≡ƒôè Enhanced prompt length: 3863 chars
≡ƒöó Token count: 7 ΓåÆ 966 (ratio: 138.00x)
≡ƒöì Context used: {
  "repo_facts": [
    "Project name: promptmcp",
    "Project description: A focused MCP server for intelligent prompt enhancement with dynamic framework detection, Context7 integration, comprehensive testing suite, and organized test artifacts management",
    "Uses Playwright framework (^1.55.0)",
    "Uses TypeScript framework (^5.0.0)",
    "Uses Vitest framework (^1.0.0)",
    "Project type: Frontend application",
    "Has testing setup",
    "Has build process",
    "Source directories: src",
    "Configuration files: tsconfig.json",
    "Uses TypeScript for type safety",
    "Uses Node.js/Express for backend",
    "Uses testing with 295 test files",
    "Uses Model Context Protocol (MCP) for AI integration",
    "Uses service-oriented architecture with 91 service files",
    "Uses tool-based architecture with 39 tool files"
  ],
  "code_snippets": [
    "File: src/config/config.service.ts\nDescription: Class definition: ConfigService\nCode:\nexport class ConfigService {\r\n  private config: PromptMCPConfig;\r\n  private logger: Logger;\r\n\r\n  constructor() {\r\n    this.logger = new Logger('ConfigService');\r\n    this.loadMCPConfiguration();\r\n    this.config = this.loadConfig();\r\n    this.validateConfig();\r\n  }\r\n\r\n  private loadMCPConfiguration(): void {\r\n    try {\r\n      const mcpConfigPath = process.env.MCP_CONFIG_PATH || join(process.cwd(), 'mcp-config.json');\r\n      this.logger.info('Loading MCP configuration from', { path: mcpConfigPath });\r\n      \r\n      const mcpConfig = JSON.parse(readFileSync(mcpConfigPath, 'utf8'));\r\n      const promptmcpConfig = mcpConfig.mcpServers.promptmcp;\r\n      \r\n      // DEBUG: Print what we're loading\r\n      console.log('≡ƒöæ [ConfigService] Loading MCP configuration:');\r\n      console.log('  MCP Config Path:', mcpConfigPath);\r\n      console.log('  PromptMCP Config:', promptmcpConfig);\r\n      console.log('  Environment variables before loading:', {\r\n        OPENAI_API_KEY: process.env.OPENAI_API_KEY ? `${process.env.OPENAI_API_KEY.substring(0, 20)}...` : 'NOT SET',\r\n        OPENAI_PROJECT_ID: process.env.OPENAI_PROJECT_ID || 'NOT SET',\r\n        CONTEXT7_API_KEY: process.env.CONTEXT7_API_KEY ? `${process.env.CONTEXT7_API_KEY.substring(0, 20)}...` : 'NOT SET'\r\n      });\r\n      \r\n      if (promptmcpConfig && promptmcpConfig.env) {\r\n        // Load API keys from MCP config into environment variables\r\n        if (promptmcpConfig.env.CONTEXT7_API_KEY) {\r\n          process.env.CONTEXT7_API_KEY = promptmcpConfig.env.CONTEXT7_API_KEY;\r\n          console.log('  Γ£à Set CONTEXT7_API_KEY from MCP config');\r\n        }\r\n        if (promptmcpConfig.env.OPENAI_API_KEY) {\r\n          process.env.OPENAI_API_KEY = promptmcpConfig.env.OPENAI_API_KEY;\r\n          console.log('  Γ£à Set OPENAI_API_KEY from MCP config');\r\n        }\r\n        if (promptmcpConfig.env.OPENAI_PROJECT_ID) {\r\n          process.env.OPENAI_PROJECT_ID = promptmcpConfig.env.OPENAI_PROJECT_ID;\r\n          console.log('  Γ£à Set OPENAI_PROJECT_ID from MCP config');\r\n        }\r\n        if (promptmcpConfig.env.CONTEXT7_ENABLED) {\r\n          process.env.CONTEXT7_ENABLED = promptmcpConfig.env.CONTEXT7_ENABLED;\r\n          console.log('  Γ£à Set CONTEXT7_ENABLED from MCP config');\r\n        }\r\n        if (promptmcpConfig.env.CONTEXT7_USE_HTTP_ONLY) {\r\n          process.env.CONTEXT7_USE_HTTP_ONLY = promptmcpConfig.env.CONTEXT7_USE_HTTP_ONLY;\r\n          console.log('  Γ£à Set CONTEXT7_USE_HTTP_ONLY from MCP config');\r\n        }\r\n        if (promptmcpConfig.env.CONTEXT7_DEBUG) {\r\n          process.env.CONTEXT7_DEBUG = promptmcpConfig.env.CONTEXT7_DEBUG;\r\n          this.logger.info('CONTEXT7_DEBUG environment variable set', { value: promptmcpConfig.env.CONTEXT7_DEBUG });\r\n          console.log('  Γ£à Set CONTEXT7_DEBUG from MCP config');\r\n        }\r\n        \r\n        // DEBUG: Print environment variables after loading\r\n        console.log('  Environment variables after loading:', {\r\n          OPENAI_API_KEY: process.env.OPENAI_API_KEY ? `${process.env.OPENAI_API_KEY.substring(0, 20)}...` : 'NOT SET',\r\n          OPENAI_PROJECT_ID: process.env.OPENAI_PROJECT_ID || 'NOT SET',\r\n          CONTEXT7_API_KEY: process.env.CONTEXT7_API_KEY ? `${process.env.CONTEXT7_API_KEY.substring(0, 20)}...` : 'NOT SET'\r\n        });\r\n        \r\n        this.logger.info('MCP configuration loaded successfully', {\r\n          hasContext7Key: !!process.env.CONTEXT7_API_KEY,\r\n          hasOpenAIKey: !!process.env.OPENAI_API_KEY,\r\n          hasOpenAIProjectId: !!process.env.OPENAI_PROJECT_ID\r\n        });\r\n      } else {\r\n        this.logger.warn('No promptmcp configuration found in MCP config, falling back to environment variables');\r\n        this.loadEnvironmentVariables();\r\n      }\r\n    } catch (error) {\r\n      this.logger.warn('Failed to load MCP configuration, falling back to environment variables', {\r\n        error: error instanceof Error ? error.message : 'Unknown error'\r\n      });\r\n      this.loadEnvironmentVariables();\r\n    }\r\n  }\r\n\r\n  private loadEnvironmentVariables(): void {\r\n    // Load Context7 API key from environment or use default\r\n    if (!process.env.CONTEXT7_API_KEY) {\r\n      this.logger.warn('CONTEXT7_API_KEY not found in environment variables');\r\n    }\r\n    \r\n    // Set default Context7 enabled state if not provided\r\n    if (!process.env.CONTEXT7_ENABLED) {\r\n      process.env.CONTEXT7_ENABLED = 'true';\r\n    }\r\n    \r\n    if (!process.env.CONTEXT7_BASE_URL) {\r\n      process.env.CONTEXT7_BASE_URL = 'https://mcp.context7.com/mcp';\r\n    }\r\n\r\n    // Set OpenAI environment variables if not provided\r\n    if (!process.env.OPENAI_API_KEY) {\r\n      this.logger.warn('OPENAI_API_KEY not set - breakdown tool will not be available');\r\n    }\r\n    \r\n    if (!process.env.OPENAI_PROJECT_ID) {\r\n      this.logger.warn('OPENAI_PROJECT_ID not set - breakdown tool will not be available');\r\n    }\r\n  }\r\n\r\n  getConfig(): PromptMCPConfig {\r\n    return this.config;\r\n  }\r\n\r\n  get<K extends keyof PromptMCPConfig>(key: K): PromptMCPConfig[K] {\r\n    return this.config[key];\r\n  }\r\n\r\n  getWithDefault<K extends keyof PromptMCPConfig>(key: K, defaultValue: PromptMCPConfig[K]): PromptMCPConfig[K] {\r\n    return this.config[key] ?? defaultValue;\r\n  }\r\n\r\n  getEnv(key: string, defaultValue: string = ''): string {\r\n    return process.env[key] ?? defaultValue;\r\n  }\r\n\r\n  getNested<K extends keyof PromptMCPConfig, T extends keyof PromptMCPConfig[K]>(\r\n    section: K,\r\n    key: T\r\n  ): PromptMCPConfig[K][T] {\r\n    return this.config[section][key];\r\n  }\r\n\r\n  private loadConfig(): PromptMCPConfig {\r\n    const config: PromptMCPConfig = {\r\n      server: {\r\n        name: process.env.LOCALMCP_NAME || 'localmcp',\r\n        version: process.env.LOCALMCP_VERSION || '1.0.0',\r\n        port: parseInt(process.env.LOCALMCP_PORT || '3000', 10)\r\n      },\r\n      context7: {\r\n        enabled: process.env.CONTEXT7_ENABLED === 'true',\r\n        apiKey: process.env.CONTEXT7_API_KEY || undefined,\r\n        baseUrl: process.env.CONTEXT7_BASE_URL || 'https://api.context7.io',\r\n        cacheEnabled: process.env.CONTEXT7_CACHE_ENABLED !== 'false',\r\n        cacheTtl: parseInt(process.env.CONTEXT7_CACHE_TTL || '3600', 10),\r\n        useHttpOnly: process.env.CONTEXT7_USE_HTTP_ONLY === 'true',\r\n        checkCompatibility: process.env.CONTEXT7_CHECK_COMPATIBILITY !== 'false',\r\n        mcp: {\r\n          enabled: process.env.CONTEXT7_MCP_ENABLED === 'true',\r\n          serverUrl: process.env.CONTEXT7_MCP_URL || 'http://localhost:3001',\r\n          timeout: parseInt(process.env.CONTEXT7_MCP_TIMEOUT || '30000', 10)\r\n        }\r\n      },\r\n      database: {\r\n        type: (process.env.DATABASE_TYPE as 'sqlite' | 'qdrant') || 'sqlite',\r\n        path: process.env.DATABASE_PATH || './data/localmcp.db',\r\n        url: process.env.QDRANT_URL || undefined,\r\n        apiKey: process.env.QDRANT_API_KEY || undefined\r\n      },\r\n      vector: {\r\n        qdrant: {\r\n          url: process.env.QDRANT_URL || 'http://localhost:6333',\r\n          apiKey: process.env.QDRANT_API_KEY || undefined,\r\n          collections: {\r\n            documents: process.env.QDRANT_COLLECTION_DOCUMENTS || 'localmcp_documents',\r\n            lessons: process.env.QDRANT_COLLECTION_LESSONS || 'localmcp_lessons',\r\n            patterns: process.env.QDRANT_COLLECTION_PATTERNS || 'localmcp_patterns'\r\n          }\r\n        }\r\n      },\r\n      openai: {\r\n        apiKey: process.env.OPENAI_API_KEY || undefined,\r\n        projectId: process.env.OPENAI_PROJECT_ID || undefined,\r\n        model: process.env.OPENAI_MODEL || 'gpt-4',\r\n        maxTokens: parseInt(process.env.OPENAI_MAX_TOKENS || '4000', 10),\r\n        temperature: parseFloat(process.env.OPENAI_TEMPERATURE || '0.3'),\r\n        timeout: parseInt(process.env.OPENAI_TIMEOUT || '60000', 10),\r\n        retries: parseInt(process.env.OPENAI_RETRIES || '3', 10)\r\n      },\r\n      playwright: {\r\n        mcp: {\r\n          enabled: process.env.PLAYWRIGHT_ENABLED === 'true',\r\n          baseUrl: process.env.PLAYWRIGHT_MCP_URL || 'http://localhost:8931',\r\n          timeout: parseInt(process.env.PLAYWRIGHT_TIMEOUT || '30000', 10)\r\n        }\r\n      },\r\n      cache: {\r\n        context7: {\r\n          maxMemoryEntries: parseInt(process.env.CACHE_MAX_MEMORY_ENTRIES || '1000', 10),\r\n          maxMemorySize: parseInt(process.env.CACHE_MAX_MEMORY_SIZE || '52428800', 10), // 50MB\r\n          defaultTtl: parseInt(process.env.CACHE_DEFAULT_TTL || '3600', 10), // 1 hour\r\n          maxTtl: parseInt(process.env.CACHE_MAX_TTL || '86400', 10), // 24 hours\r\n          cleanupInterval: parseInt(process.env.CACHE_CLEANUP_INTERVAL || '300', 10), // 5 minutes\r\n              enablePersistence: process.env.CACHE_ENABLE_PERSISTENCE !== 'false',\r\n              dbPath: process.env.CACHE_DB_PATH || './data/cache/context7.db'\r\n            }\r\n          },\r\n          admin: {\r\n            enabled: process.env.ADMIN_ENABLED === 'true',\r\n            port: parseInt(process.env.ADMIN_PORT || '3001', 10),\r\n            auth: process.env.ADMIN_USERNAME && process.env.ADMIN_PASSWORD ? {\r\n              username: process.env.ADMIN_USERNAME,\r\n              password: process.env.ADMIN_PASSWORD\r\n            } : undefined\r\n          },\r\n          logging: {\r\n            level: (process.env.LOG_LEVEL as 'debug' | 'info' | 'warn' | 'error') || 'info',\r\n            enableConsole: process.env.LOG_CONSOLE !== 'false',\r\n            enableFile: process.env.LOG_FILE === 'true',\r\n            filePath: process.env.LOG_FILE_PATH || './logs/localmcp.log'\r\n          },\r\n      tools: {\r\n        analyze: {\r\n          enabled: process.env.TOOL_ANALYZE_ENABLED !== 'false',\r\n          maxDepth: parseInt(process.env.TOOL_ANALYZE_MAX_DEPTH || '10', 10),\r\n          includeNodeModules: process.env.TOOL_ANALYZE_INCLUDE_NODE_MODULES === 'true'\r\n        },\r\n        create: {\r\n          enabled: process.env.TOOL_CREATE_ENABLED !== 'false',\r\n          defaultFramework: process.env.TOOL_CREATE_DEFAULT_FRAMEWORK || 'react',\r\n          includeTests: process.env.TOOL_CREATE_INCLUDE_TESTS === 'true'\r\n        },\r\n        fix: {\r\n          enabled: process.env.TOOL_FIX_ENABLED !== 'false',\r\n          autoApply: process.env.TOOL_FIX_AUTO_APPLY === 'true',\r\n          backupOriginal: process.env.TOOL_FIX_BACKUP_ORIGINAL !== 'false'\r\n        },\r\n        learn: {\r\n          enabled: process.env.TOOL_LEARN_ENABLED !== 'false',\r\n          storagePath: process.env.TOOL_LEARN_STORAGE_PATH || './data/lessons',\r\n          maxLessons: parseInt(process.env.TOOL_LEARN_MAX_LESSONS || '1000', 10)\r\n        }\r\n      },\r\n      frameworkDetection: {\r\n        enabled: process.env.FRAMEWORK_DETECTION_ENABLED !== 'false',\r\n        confidenceThreshold: parseFloat(process.env.FRAMEWORK_DETECTION_CONFIDENCE_THRESHOLD || '0.3'),\r\n        cacheEnabled: process.env.FRAMEWORK_DETECTION_CACHE_ENABLED !== 'false',\r\n        cacheTTL: parseInt(process.env.FRAMEWORK_DETECTION_CACHE_TTL || '86400', 10), // 24 hours\r\n        aiEnabled: process.env.FRAMEWORK_DETECTION_AI_ENABLED !== 'false',\r\n        patternDetectionEnabled: process.env.FRAMEWORK_DETECTION_PATTERN_ENABLED !== 'false',\r\n        projectContextEnabled: process.env.FRAMEWORK_DETECTION_PROJECT_ENABLED !== 'false',\r\n        maxLibrariesPerDetection: parseInt(process.env.FRAMEWORK_DETECTION_MAX_LIBRARIES || '5', 10),\r\n        aiTimeoutMs: parseInt(process.env.FRAMEWORK_DETECTION_AI_TIMEOUT || '5000', 10)\r\n      }\r\n    };\r\n\r\n    this.logger.info('Configuration loaded', {\r\n      server: config.server.name,\r\n      context7Enabled: config.context7.enabled,\r\n      databaseType: config.database.type,\r\n      logLevel: config.logging.level\r\n    });\r\n\r\n    return config;\r\n  }\r\n\r\n  private validateConfig(): void {\r\n    const errors: string[] = [];\r\n\r\n    // Validate server config\r\n    if (!this.config.server.name) {\r\n      errors.push('Server name is required');\r\n    }\r\n    if (this.config.server.port < 1 || this.config.server.port > 65535) {\r\n      errors.push('Server port must be between 1 and 65535');\r\n    }\r\n\r\n    // Validate Context7 config\r\n    if (this.config.context7.enabled && !this.config.context7.apiKey) {\r\n      errors.push('Context7 API key is required when Context7 is enabled');\r\n    }\r\n\r\n    // Validate database config\r\n    if (this.config.database.type === 'qdrant') {\r\n      if (!this.config.database.url) {\r\n        errors.push('Qdrant URL is required when using Qdrant database');\r\n      }\r\n    }\r\n\r\n    // Validate logging config\r\n    const validLogLevels = ['debug', 'info', 'warn', 'error'];\r\n    if (!validLogLevels.includes(this.config.logging.level)) {\r\n      errors.push(`Log level must be one of: ${validLogLevels.join(', ')}`);\r\n    }\r\n\r\n    // Validate tools config\r\n    if (this.config.tools.analyze.maxDepth < 1) {\r\n      errors.push('Analyze max depth must be at least 1');\r\n    }\r\n    if (this.config.tools.learn.maxLessons < 1) {\r\n      errors.push('Learn max lessons must be at least 1');\r\n    }\r\n\r\n    // Validate framework detection config\r\n    if (this.config.frameworkDetection.confidenceThreshold < 0 || this.config.frameworkDetection.confidenceThreshold > 1) {\r\n      errors.push('Framework detection confidence threshold must be between 0 and 1');\r\n    }\r\n    if (this.config.frameworkDetection.cacheTTL < 1) {\r\n      errors.push('Framework detection cache TTL must be at least 1 second');\r\n    }\r\n    if (this.config.frameworkDetection.maxLibrariesPerDetection < 1) {\r\n      errors.push('Framework detection max libraries must be at least 1');\r\n    }\r\n    if (this.config.frameworkDetection.aiTimeoutMs < 1000) {\r\n      errors.push('Framework detection AI timeout must be at least 1000ms');\r\n    }\r\n\r\n    if (errors.length > 0) {\r\n      this.logger.error('Configuration validation failed', { errors });\r\n      throw new Error(`Configuration validation failed: ${errors.join(', ')}`);\r\n    }\r\n\r\n    this.logger.info('Configuration validation passed');\r\n  }\r\n\r\n  // Helper methods for common config access patterns\r\n  isContext7Enabled(): boolean {\r\n    return this.config.context7.enabled;\r\n  }\r\n\r\n  isToolEnabled(tool: keyof PromptMCPConfig['tools']): boolean {\r\n    return this.config.tools[tool].enabled;\r\n  }\r\n\r\n  getLogLevel(): 'debug' | 'info' | 'warn' | 'error' {\r\n    return this.config.logging.level;\r\n  }\r\n\r\n  getDatabaseConfig() {\r\n    return this.config.database;\r\n  }\r\n\r\n  getContext7Config() {\r\n    return this.config.context7;\r\n  }\r\n\r\n  getFrameworkDetectionConfig() {\r\n    return this.config.frameworkDetection;\r\n  }\r\n}",
    "File: src/health.ts\nDescription: Class definition: HealthCheckServer\nCode:\nclass HealthCheckServer {\r\n  private server: any;\r\n  private startTime: Date;\r\n  private logger: Logger;\r\n  private config: ConfigService;\r\n  private healthTool: HealthTool;\r\n\r\n  constructor(port: number = 3000) {\r\n    this.startTime = new Date();\r\n    this.logger = new Logger('HealthCheck');\r\n    this.config = new ConfigService();\r\n    this.healthTool = new HealthTool(this.logger, this.config);\r\n    this.server = createServer(this.handleRequest.bind(this));\r\n    this.server.listen(port, () => {\r\n      console.log(`≡ƒÅÑ Health check server listening on port ${port}`);\r\n    });\r\n    \r\n    this.initializeHealthTool();\r\n  }\r\n\r\n  private async initializeHealthTool() {\r\n    try {\r\n      await this.healthTool.initialize();\r\n      this.logger.info('Health tool initialized for MCP protocol testing');\r\n    } catch (error) {\r\n      this.logger.error('Failed to initialize health tool', {\r\n        error: error instanceof Error ? error.message : 'Unknown error'\r\n      });\r\n    }\r\n  }\r\n\r\n  private async handleRequest(req: any, res: any): Promise<void> {\r\n    if (req.url === '/health' && req.method === 'GET') {\r\n      try {\r\n        const healthStatus = await this.getHealthStatus();\r\n        \r\n        const statusCode = healthStatus.status === 'healthy' ? 200 : 503;\r\n        res.writeHead(statusCode, { 'Content-Type': 'application/json' });\r\n        res.end(JSON.stringify(healthStatus, null, 2));\r\n      } catch (error) {\r\n        const errorStatus: SimpleHealthStatus = {\r\n          status: 'unhealthy',\r\n          timestamp: new Date().toISOString(),\r\n          uptime: Date.now() - this.startTime.getTime(),\r\n          mcp: { status: 'unhealthy', tools: [] },\r\n          services: {\r\n            context7: 'unhealthy',\r\n            openai: 'unhealthy',\r\n            database: 'unhealthy',\r\n            cache: 'unhealthy'\r\n          },\r\n          version: '1.0.0'\r\n        };\r\n        \r\n        res.writeHead(503, { 'Content-Type': 'application/json' });\r\n        res.end(JSON.stringify(errorStatus, null, 2));\r\n      }\r\n    } else {\r\n      res.writeHead(404, { 'Content-Type': 'application/json' });\r\n      res.end(JSON.stringify({ error: 'Not found' }));\r\n    }\r\n  }\r\n\r\n  private async getHealthStatus(): Promise<SimpleHealthStatus> {\r\n    try {\r\n      // Use the MCP health tool to get comprehensive health status\r\n      const healthResult = await this.healthTool.performHealthCheck();\r\n      \r\n      // Convert to simplified format for HTTP endpoint\r\n      const simpleStatus: SimpleHealthStatus = {\r\n        status: healthResult.status === 'healthy' ? 'healthy' : 'unhealthy',\r\n        timestamp: healthResult.timestamp,\r\n        uptime: healthResult.uptime,\r\n        mcp: {\r\n          status: healthResult.services.mcp.status === 'healthy' ? 'healthy' : 'unhealthy',\r\n          tools: ['promptmcp.enhance', 'promptmcp.todo', 'promptmcp.health']\r\n        },\r\n        services: {\r\n          context7: healthResult.services.context7.status === 'healthy' ? 'healthy' : \r\n                   healthResult.services.context7.status === 'not_configured' ? 'not_configured' : 'unhealthy',\r\n          openai: healthResult.services.openai.status === 'healthy' ? 'healthy' : \r\n                  healthResult.services.openai.status === 'not_configured' ? 'not_configured' : 'unhealthy',\r\n          database: healthResult.services.database.status === 'healthy' ? 'healthy' : 'unhealthy',\r\n          cache: healthResult.services.cache.status === 'healthy' ? 'healthy' : 'unhealthy'\r\n        },\r\n        version: healthResult.version\r\n      };\r\n\r\n      return simpleStatus;\r\n    } catch (error) {\r\n      this.logger.error('Health check failed', {\r\n        error: error instanceof Error ? error.message : 'Unknown error'\r\n      });\r\n      \r\n      return {\r\n        status: 'unhealthy',\r\n        timestamp: new Date().toISOString(),\r\n        uptime: Date.now() - this.startTime.getTime(),\r\n        mcp: { status: 'unhealthy', tools: [] },\r\n        services: {\r\n          context7: 'unhealthy',\r\n          openai: 'unhealthy',\r\n          database: 'unhealthy',\r\n          cache: 'unhealthy'\r\n        },\r\n        version: '1.0.0'\r\n      };\r\n    }\r\n  }\r\n\r\n  destroy(): void {\r\n    if (this.server) {\r\n      this.server.close();\r\n    }\r\n    \r\n    // Clean up health tool\r\n    if (this.healthTool) {\r\n      this.healthTool.destroy();\r\n    }\r\n  }\r\n}\r",
    "File: src/http-server.ts\nDescription: Function definition: PORT\nCode:\nconst PORT = process.env.HTTP_PORT || 3001;\r\nconst logger = new Logger('PromptMCP-HTTP');\r\n\r\nasync function startHttpServer() {\r\n  const config = new ConfigService();\r\n  const context7Integration = new Context7IntegrationService(logger, config);\r\n  \r\n  // Initialize Context7 integration\r\n  try {\r\n    logger.info('Initializing Context7 integration...');\r\n    await context7Integration.initialize();\r\n    logger.info('Context7 integration initialized successfully');\r\n  } catch (error) {\r\n    logger.error('Failed to initialize Context7 integration', {\r\n      error: error instanceof Error ? error.message : 'Unknown error'\r\n    });\r\n    // Continue without Context7 - graceful degradation\r\n  }\r\n  \r\n  // Initialize MCP server\r\n  let mcpServer: MCPServer | null = null;\r\n  try {\r\n    logger.info('Initializing MCP server...');\r\n    mcpServer = new MCPServer({\r\n      logger,\r\n      config,\r\n      context7Integration\r\n    });\r\n    await mcpServer.initialize();\r\n    logger.info('MCP server initialized successfully');\r\n  } catch (error) {\r\n    logger.error('Failed to initialize MCP server', {\r\n      error: error instanceof Error ? error.message : 'Unknown error'\r\n    });\r\n    // Continue without MCP - graceful degradation\r\n  }\r\n  \r\n  const server = createServer(async (req, res) => {\r\n    // Enable CORS\r\n    res.setHeader('Access-Control-Allow-Origin', '*');\r\n    res.setHeader('Access-Control-Allow-Methods', 'GET, POST, OPTIONS');\r\n    res.setHeader('Access-Control-Allow-Headers', 'Content-Type');\r\n    \r\n    if (req.method === 'OPTIONS') {\r\n      res.writeHead(200);\r\n      res.end();\r\n      return;\r\n    }\r\n    \r\n    if (req.method === 'GET' && req.url === '/health') {\r\n      res.writeHead(200, { 'Content-Type': 'application/json' });\r\n      res.end(JSON.stringify({ \r\n        status: 'healthy', \r\n        service: 'PromptMCP',\r\n        version: '1.0.0',\r\n        timestamp: new Date().toISOString(),\r\n        mcp: {\r\n          status: mcpServer ? 'healthy' : 'unavailable',\r\n          tools: mcpServer ? Array.from(mcpServer.getTools().values()).map(t => t.name) : []\r\n        }\r\n      }));\r\n      return;\r\n    }\r\n    \r\n    if (req.method === 'POST' && req.url === '/mcp') {\r\n      if (!mcpServer) {\r\n        res.writeHead(503, { 'Content-Type': 'application/json' });\r\n        res.end(JSON.stringify({ \r\n          error: 'MCP server not available',\r\n          message: 'MCP server failed to initialize'\r\n        }));\r\n        return;\r\n      }\r\n      \r\n      try {\r\n        let body = '';\r\n        req.on('data', chunk => {\r\n          body += chunk.toString();\r\n        });\r\n        \r\n        req.on('end', async () => {\r\n          try {\r\n            const mcpRequest = JSON.parse(body);\r\n            const result = await mcpServer.handleRequest(mcpRequest);\r\n            \r\n            res.writeHead(200, { 'Content-Type': 'application/json' });\r\n            res.end(JSON.stringify(result));\r\n          } catch (error) {\r\n            logger.error('MCP request failed', { error: (error as Error).message });\r\n            res.writeHead(400, { 'Content-Type': 'application/json' });\r\n            res.end(JSON.stringify({ \r\n              jsonrpc: '2.0',\r\n              id: JSON.parse(body).id || null,\r\n              error: {\r\n                code: -32600,\r\n                message: 'Invalid Request',\r\n                data: (error as Error).message\r\n              }\r\n            }));\r\n          }\r\n        });\r\n      } catch (error) {\r\n        logger.error('MCP request processing failed', { error: (error as Error).message });\r\n        res.writeHead(500, { 'Content-Type': 'application/json' });\r\n        res.end(JSON.stringify({ \r\n          jsonrpc: '2.0',\r\n          id: null,\r\n          error: {\r\n            code: -32603,\r\n            message: 'Internal error',\r\n            data: (error as Error).message\r\n          }\r\n        }));\r\n      }\r\n      return;\r\n    }\r\n    \r\n    if (req.method === 'POST' && req.url === '/enhance') {\r\n      try {\r\n        let body = '';\r\n        req.on('data', chunk => {\r\n          body += chunk.toString();\r\n        });\r\n        \r\n        req.on('end', async () => {\r\n          try {\r\n            const request = JSON.parse(body);\r\n            const result = await context7Integration.enhancePrompt(\r\n              request.prompt,\r\n              request.context || {},\r\n              {\r\n                maxTokens: 4000\r\n              }\r\n            );\r\n            \r\n            res.writeHead(200, { 'Content-Type': 'application/json' });\r\n            res.end(JSON.stringify(result));\r\n          } catch (error) {\r\n            logger.error('Enhancement failed', { error: (error as Error).message });\r\n            res.writeHead(400, { 'Content-Type': 'application/json' });\r\n            res.end(JSON.stringify({ \r\n              error: 'Enhancement failed', \r\n              message: (error as Error).message \r\n            }));\r\n          }\r\n        });\r\n      } catch (error) {\r\n        logger.error('Request processing failed', { error: (error as Error).message });\r\n        res.writeHead(500, { 'Content-Type': 'application/json' });\r\n        res.end(JSON.stringify({ \r\n          error: 'Internal server error', \r\n          message: (error as Error).message \r\n        }));\r\n      }\r\n      return;\r\n    }\r\n    \r\n    // Default response\r\n    res.writeHead(404, { 'Content-Type': 'application/json' });\r\n    res.end(JSON.stringify({ \r\n      error: 'Not found',\r\n      message: 'Use POST /enhance to enhance prompts or GET /health for status'\r\n    }));\r\n  });\r\n  \r\n  server.listen(PORT, () => {\r\n    logger.info(`≡ƒÜÇ PromptMCP HTTP Server running on port ${PORT}`);\r\n    logger.info('≡ƒô¥ Ready to enhance prompts with perfect context!');\r\n    logger.info(`≡ƒöù Health check: http://localhost:${PORT}/health`);\r\n    logger.info(`≡ƒöù Enhance endpoint: POST http://localhost:${PORT}/enhance`);\r\n  });\r\n  \r\n  server.on('error', (error) => {\r\n    logger.error('Server error', { error: error.message });\r\n    process.exit(1);\r\n  });\r\n}\r",
    "File: src/http-server.ts\nDescription: Function definition: logger\nCode:\nconst logger = new Logger('PromptMCP-HTTP');\r\n\r\nasync function startHttpServer() {\r\n  const config = new ConfigService();\r\n  const context7Integration = new Context7IntegrationService(logger, config);\r\n  \r\n  // Initialize Context7 integration\r\n  try {\r\n    logger.info('Initializing Context7 integration...');\r\n    await context7Integration.initialize();\r\n    logger.info('Context7 integration initialized successfully');\r\n  } catch (error) {\r\n    logger.error('Failed to initialize Context7 integration', {\r\n      error: error instanceof Error ? error.message : 'Unknown error'\r\n    });\r\n    // Continue without Context7 - graceful degradation\r\n  }\r\n  \r\n  // Initialize MCP server\r\n  let mcpServer: MCPServer | null = null;\r\n  try {\r\n    logger.info('Initializing MCP server...');\r\n    mcpServer = new MCPServer({\r\n      logger,\r\n      config,\r\n      context7Integration\r\n    });\r\n    await mcpServer.initialize();\r\n    logger.info('MCP server initialized successfully');\r\n  } catch (error) {\r\n    logger.error('Failed to initialize MCP server', {\r\n      error: error instanceof Error ? error.message : 'Unknown error'\r\n    });\r\n    // Continue without MCP - graceful degradation\r\n  }\r\n  \r\n  const server = createServer(async (req, res) => {\r\n    // Enable CORS\r\n    res.setHeader('Access-Control-Allow-Origin', '*');\r\n    res.setHeader('Access-Control-Allow-Methods', 'GET, POST, OPTIONS');\r\n    res.setHeader('Access-Control-Allow-Headers', 'Content-Type');\r\n    \r\n    if (req.method === 'OPTIONS') {\r\n      res.writeHead(200);\r\n      res.end();\r\n      return;\r\n    }\r\n    \r\n    if (req.method === 'GET' && req.url === '/health') {\r\n      res.writeHead(200, { 'Content-Type': 'application/json' });\r\n      res.end(JSON.stringify({ \r\n        status: 'healthy', \r\n        service: 'PromptMCP',\r\n        version: '1.0.0',\r\n        timestamp: new Date().toISOString(),\r\n        mcp: {\r\n          status: mcpServer ? 'healthy' : 'unavailable',\r\n          tools: mcpServer ? Array.from(mcpServer.getTools().values()).map(t => t.name) : []\r\n        }\r\n      }));\r\n      return;\r\n    }\r\n    \r\n    if (req.method === 'POST' && req.url === '/mcp') {\r\n      if (!mcpServer) {\r\n        res.writeHead(503, { 'Content-Type': 'application/json' });\r\n        res.end(JSON.stringify({ \r\n          error: 'MCP server not available',\r\n          message: 'MCP server failed to initialize'\r\n        }));\r\n        return;\r\n      }\r\n      \r\n      try {\r\n        let body = '';\r\n        req.on('data', chunk => {\r\n          body += chunk.toString();\r\n        });\r\n        \r\n        req.on('end', async () => {\r\n          try {\r\n            const mcpRequest = JSON.parse(body);\r\n            const result = await mcpServer.handleRequest(mcpRequest);\r\n            \r\n            res.writeHead(200, { 'Content-Type': 'application/json' });\r\n            res.end(JSON.stringify(result));\r\n          } catch (error) {\r\n            logger.error('MCP request failed', { error: (error as Error).message });\r\n            res.writeHead(400, { 'Content-Type': 'application/json' });\r\n            res.end(JSON.stringify({ \r\n              jsonrpc: '2.0',\r\n              id: JSON.parse(body).id || null,\r\n              error: {\r\n                code: -32600,\r\n                message: 'Invalid Request',\r\n                data: (error as Error).message\r\n              }\r\n            }));\r\n          }\r\n        });\r\n      } catch (error) {\r\n        logger.error('MCP request processing failed', { error: (error as Error).message });\r\n        res.writeHead(500, { 'Content-Type': 'application/json' });\r\n        res.end(JSON.stringify({ \r\n          jsonrpc: '2.0',\r\n          id: null,\r\n          error: {\r\n            code: -32603,\r\n            message: 'Internal error',\r\n            data: (error as Error).message\r\n          }\r\n        }));\r\n      }\r\n      return;\r\n    }\r\n    \r\n    if (req.method === 'POST' && req.url === '/enhance') {\r\n      try {\r\n        let body = '';\r\n        req.on('data', chunk => {\r\n          body += chunk.toString();\r\n        });\r\n        \r\n        req.on('end', async () => {\r\n          try {\r\n            const request = JSON.parse(body);\r\n            const result = await context7Integration.enhancePrompt(\r\n              request.prompt,\r\n              request.context || {},\r\n              {\r\n                maxTokens: 4000\r\n              }\r\n            );\r\n            \r\n            res.writeHead(200, { 'Content-Type': 'application/json' });\r\n            res.end(JSON.stringify(result));\r\n          } catch (error) {\r\n            logger.error('Enhancement failed', { error: (error as Error).message });\r\n            res.writeHead(400, { 'Content-Type': 'application/json' });\r\n            res.end(JSON.stringify({ \r\n              error: 'Enhancement failed', \r\n              message: (error as Error).message \r\n            }));\r\n          }\r\n        });\r\n      } catch (error) {\r\n        logger.error('Request processing failed', { error: (error as Error).message });\r\n        res.writeHead(500, { 'Content-Type': 'application/json' });\r\n        res.end(JSON.stringify({ \r\n          error: 'Internal server error', \r\n          message: (error as Error).message \r\n        }));\r\n      }\r\n      return;\r\n    }\r\n    \r\n    // Default response\r\n    res.writeHead(404, { 'Content-Type': 'application/json' });\r\n    res.end(JSON.stringify({ \r\n      error: 'Not found',\r\n      message: 'Use POST /enhance to enhance prompts or GET /health for status'\r\n    }));\r\n  });\r\n  \r\n  server.listen(PORT, () => {\r\n    logger.info(`≡ƒÜÇ PromptMCP HTTP Server running on port ${PORT}`);\r\n    logger.info('≡ƒô¥ Ready to enhance prompts with perfect context!');\r\n    logger.info(`≡ƒöù Health check: http://localhost:${PORT}/health`);\r\n    logger.info(`≡ƒöù Enhance endpoint: POST http://localhost:${PORT}/enhance`);\r\n  });\r\n  \r\n  server.on('error', (error) => {\r\n    logger.error('Server error', { error: error.message });\r\n    process.exit(1);\r\n  });\r\n}\r",
    "File: src/http-server.ts\nDescription: Function definition: startHttpServer\nCode:\nasync function startHttpServer() {\r\n  const config = new ConfigService();\r\n  const context7Integration = new Context7IntegrationService(logger, config);\r\n  \r\n  // Initialize Context7 integration\r\n  try {\r\n    logger.info('Initializing Context7 integration...');\r\n    await context7Integration.initialize();\r\n    logger.info('Context7 integration initialized successfully');\r\n  } catch (error) {\r\n    logger.error('Failed to initialize Context7 integration', {\r\n      error: error instanceof Error ? error.message : 'Unknown error'\r\n    });\r\n    // Continue without Context7 - graceful degradation\r\n  }\r\n  \r\n  // Initialize MCP server\r\n  let mcpServer: MCPServer | null = null;\r\n  try {\r\n    logger.info('Initializing MCP server...');\r\n    mcpServer = new MCPServer({\r\n      logger,\r\n      config,\r\n      context7Integration\r\n    });\r\n    await mcpServer.initialize();\r\n    logger.info('MCP server initialized successfully');\r\n  } catch (error) {\r\n    logger.error('Failed to initialize MCP server', {\r\n      error: error instanceof Error ? error.message : 'Unknown error'\r\n    });\r\n    // Continue without MCP - graceful degradation\r\n  }\r\n  \r\n  const server = createServer(async (req, res) => {\r\n    // Enable CORS\r\n    res.setHeader('Access-Control-Allow-Origin', '*');\r\n    res.setHeader('Access-Control-Allow-Methods', 'GET, POST, OPTIONS');\r\n    res.setHeader('Access-Control-Allow-Headers', 'Content-Type');\r\n    \r\n    if (req.method === 'OPTIONS') {\r\n      res.writeHead(200);\r\n      res.end();\r\n      return;\r\n    }\r\n    \r\n    if (req.method === 'GET' && req.url === '/health') {\r\n      res.writeHead(200, { 'Content-Type': 'application/json' });\r\n      res.end(JSON.stringify({ \r\n        status: 'healthy', \r\n        service: 'PromptMCP',\r\n        version: '1.0.0',\r\n        timestamp: new Date().toISOString(),\r\n        mcp: {\r\n          status: mcpServer ? 'healthy' : 'unavailable',\r\n          tools: mcpServer ? Array.from(mcpServer.getTools().values()).map(t => t.name) : []\r\n        }\r\n      }));\r\n      return;\r\n    }\r\n    \r\n    if (req.method === 'POST' && req.url === '/mcp') {\r\n      if (!mcpServer) {\r\n        res.writeHead(503, { 'Content-Type': 'application/json' });\r\n        res.end(JSON.stringify({ \r\n          error: 'MCP server not available',\r\n          message: 'MCP server failed to initialize'\r\n        }));\r\n        return;\r\n      }\r\n      \r\n      try {\r\n        let body = '';\r\n        req.on('data', chunk => {\r\n          body += chunk.toString();\r\n        });\r\n        \r\n        req.on('end', async () => {\r\n          try {\r\n            const mcpRequest = JSON.parse(body);\r\n            const result = await mcpServer.handleRequest(mcpRequest);\r\n            \r\n            res.writeHead(200, { 'Content-Type': 'application/json' });\r\n            res.end(JSON.stringify(result));\r\n          } catch (error) {\r\n            logger.error('MCP request failed', { error: (error as Error).message });\r\n            res.writeHead(400, { 'Content-Type': 'application/json' });\r\n            res.end(JSON.stringify({ \r\n              jsonrpc: '2.0',\r\n              id: JSON.parse(body).id || null,\r\n              error: {\r\n                code: -32600,\r\n                message: 'Invalid Request',\r\n                data: (error as Error).message\r\n              }\r\n            }));\r\n          }\r\n        });\r\n      } catch (error) {\r\n        logger.error('MCP request processing failed', { error: (error as Error).message });\r\n        res.writeHead(500, { 'Content-Type': 'application/json' });\r\n        res.end(JSON.stringify({ \r\n          jsonrpc: '2.0',\r\n          id: null,\r\n          error: {\r\n            code: -32603,\r\n            message: 'Internal error',\r\n            data: (error as Error).message\r\n          }\r\n        }));\r\n      }\r\n      return;\r\n    }\r\n    \r\n    if (req.method === 'POST' && req.url === '/enhance') {\r\n      try {\r\n        let body = '';\r\n        req.on('data', chunk => {\r\n          body += chunk.toString();\r\n        });\r\n        \r\n        req.on('end', async () => {\r\n          try {\r\n            const request = JSON.parse(body);\r\n            const result = await context7Integration.enhancePrompt(\r\n              request.prompt,\r\n              request.context || {},\r\n              {\r\n                maxTokens: 4000\r\n              }\r\n            );\r\n            \r\n            res.writeHead(200, { 'Content-Type': 'application/json' });\r\n            res.end(JSON.stringify(result));\r\n          } catch (error) {\r\n            logger.error('Enhancement failed', { error: (error as Error).message });\r\n            res.writeHead(400, { 'Content-Type': 'application/json' });\r\n            res.end(JSON.stringify({ \r\n              error: 'Enhancement failed', \r\n              message: (error as Error).message \r\n            }));\r\n          }\r\n        });\r\n      } catch (error) {\r\n        logger.error('Request processing failed', { error: (error as Error).message });\r\n        res.writeHead(500, { 'Content-Type': 'application/json' });\r\n        res.end(JSON.stringify({ \r\n          error: 'Internal server error', \r\n          message: (error as Error).message \r\n        }));\r\n      }\r\n      return;\r\n    }\r\n    \r\n    // Default response\r\n    res.writeHead(404, { 'Content-Type': 'application/json' });\r\n    res.end(JSON.stringify({ \r\n      error: 'Not found',\r\n      message: 'Use POST /enhance to enhance prompts or GET /health for status'\r\n    }));\r\n  });\r\n  \r\n  server.listen(PORT, () => {\r\n    logger.info(`≡ƒÜÇ PromptMCP HTTP Server running on port ${PORT}`);\r\n    logger.info('≡ƒô¥ Ready to enhance prompts with perfect context!');\r\n    logger.info(`≡ƒöù Health check: http://localhost:${PORT}/health`);\r\n    logger.info(`≡ƒöù Enhance endpoint: POST http://localhost:${PORT}/enhance`);\r\n  });\r\n  \r\n  server.on('error', (error) => {\r\n    logger.error('Server error', { error: error.message });\r\n    process.exit(1);\r\n  });\r\n}\r",
    "File: src/http-server.ts\nDescription: Function definition: server\nCode:\n  const server = createServer(async (req, res) => {\r\n    // Enable CORS\r\n    res.setHeader('Access-Control-Allow-Origin', '*');\r\n    res.setHeader('Access-Control-Allow-Methods', 'GET, POST, OPTIONS');\r\n    res.setHeader('Access-Control-Allow-Headers', 'Content-Type');\r\n    \r\n    if (req.method === 'OPTIONS') {\r\n      res.writeHead(200);\r\n      res.end();\r\n      return;\r\n    }\r\n    \r\n    if (req.method === 'GET' && req.url === '/health') {\r\n      res.writeHead(200, { 'Content-Type': 'application/json' });\r\n      res.end(JSON.stringify({ \r\n        status: 'healthy', \r\n        service: 'PromptMCP',\r\n        version: '1.0.0',\r\n        timestamp: new Date().toISOString(),\r\n        mcp: {\r\n          status: mcpServer ? 'healthy' : 'unavailable',\r\n          tools: mcpServer ? Array.from(mcpServer.getTools().values()).map(t => t.name) : []\r\n        }\r\n      }));\r\n      return;\r\n    }\r\n    \r\n    if (req.method === 'POST' && req.url === '/mcp') {\r\n      if (!mcpServer) {\r\n        res.writeHead(503, { 'Content-Type': 'application/json' });\r\n        res.end(JSON.stringify({ \r\n          error: 'MCP server not available',\r\n          message: 'MCP server failed to initialize'\r\n        }));\r\n        return;\r\n      }\r\n      \r\n      try {\r\n        let body = '';\r\n        req.on('data', chunk => {\r\n          body += chunk.toString();\r\n        });\r\n        \r\n        req.on('end', async () => {\r\n          try {\r\n            const mcpRequest = JSON.parse(body);\r\n            const result = await mcpServer.handleRequest(mcpRequest);\r\n            \r\n            res.writeHead(200, { 'Content-Type': 'application/json' });\r\n            res.end(JSON.stringify(result));\r\n          } catch (error) {\r\n            logger.error('MCP request failed', { error: (error as Error).message });\r\n            res.writeHead(400, { 'Content-Type': 'application/json' });\r\n            res.end(JSON.stringify({ \r\n              jsonrpc: '2.0',\r\n              id: JSON.parse(body).id || null,\r\n              error: {\r\n                code: -32600,\r\n                message: 'Invalid Request',\r\n                data: (error as Error).message\r\n              }\r\n            }));\r\n          }\r\n        });\r\n      } catch (error) {\r\n        logger.error('MCP request processing failed', { error: (error as Error).message });\r\n        res.writeHead(500, { 'Content-Type': 'application/json' });\r\n        res.end(JSON.stringify({ \r\n          jsonrpc: '2.0',\r\n          id: null,\r\n          error: {\r\n            code: -32603,\r\n            message: 'Internal error',\r\n            data: (error as Error).message\r\n          }\r\n        }));\r\n      }\r\n      return;\r\n    }\r\n    \r\n    if (req.method === 'POST' && req.url === '/enhance') {\r\n      try {\r\n        let body = '';\r\n        req.on('data', chunk => {\r\n          body += chunk.toString();\r\n        });\r\n        \r\n        req.on('end', async () => {\r\n          try {\r\n            const request = JSON.parse(body);\r\n            const result = await context7Integration.enhancePrompt(\r\n              request.prompt,\r\n              request.context || {},\r\n              {\r\n                maxTokens: 4000\r\n              }\r\n            );\r\n            \r\n            res.writeHead(200, { 'Content-Type': 'application/json' });\r\n            res.end(JSON.stringify(result));\r\n          } catch (error) {\r\n            logger.error('Enhancement failed', { error: (error as Error).message });\r\n            res.writeHead(400, { 'Content-Type': 'application/json' });\r\n            res.end(JSON.stringify({ \r\n              error: 'Enhancement failed', \r\n              message: (error as Error).message \r\n            }));\r\n          }\r\n        });\r\n      } catch (error) {\r\n        logger.error('Request processing failed', { error: (error as Error).message });\r\n        res.writeHead(500, { 'Content-Type': 'application/json' });\r\n        res.end(JSON.stringify({ \r\n          error: 'Internal server error', \r\n          message: (error as Error).message \r\n        }));\r\n      }\r\n      return;\r\n    }\r\n    \r\n    // Default response\r\n    res.writeHead(404, { 'Content-Type': 'application/json' });\r\n    res.end(JSON.stringify({ \r\n      error: 'Not found',\r\n      message: 'Use POST /enhance to enhance prompts or GET /health for status'\r\n    }));\r\n  });\r",
    "File: src/mcp/server.ts\nDescription: Function definition: context7Integration\nCode:\n    const context7Integration = this.services.get('context7Integration');\n    const enhanceTool = context7Integration?.enhanceTool;\n    \n    if (enhanceTool && enhanceTool.getToolSchema) {\n      const enhanceSchema = enhanceTool.getToolSchema();\n      this.tools.set('promptmcp.enhance', {\n        name: enhanceSchema.name,\n        description: enhanceSchema.description,\n        inputSchema: enhanceSchema.inputSchema\n      });\n    } else {\n      // Fallback schema if enhance tool is not available\n      this.tools.set('promptmcp.enhance', {\n        name: 'promptmcp.enhance',\n        description: 'Enhance prompts with project context, best practices, and optionally break down complex requests into structured tasks',\n        inputSchema: {\n          type: 'object',\n          properties: {\n            prompt: {\n              type: 'string',\n              description: 'The prompt to enhance'\n            },\n            context: {\n              type: 'object',\n              properties: {\n                file: { type: 'string', description: 'Optional file path for context' },\n                framework: { type: 'string', description: 'Optional framework for context' },\n                style: { type: 'string', description: 'Optional style preference' },\n                projectContext: { type: 'object', description: 'Project-specific context' }\n              },\n              description: 'Additional context for enhancement'\n            },\n            options: {\n              type: 'object',\n              properties: {\n                useCache: { type: 'boolean', description: 'Whether to use cached results', default: true },\n                maxTokens: { type: 'number', description: 'Maximum tokens for Context7 documentation', default: 2000 },\n                includeMetadata: { type: 'boolean', description: 'Whether to include metadata in response', default: false },\n                includeBreakdown: { type: 'boolean', description: 'Whether to automatically break down complex prompts into tasks', default: false },\n                maxTasks: { type: 'number', description: 'Maximum number of tasks to create from breakdown', default: 10 }\n              },\n              description: 'Enhancement options'\n            }\n          },\n          required: ['prompt']\n        }\n      });\n    }",
    "File: src/mcp/server.ts\nDescription: Function definition: enhanceTool\nCode:\n    const enhanceTool = context7Integration?.enhanceTool;\n    \n    if (enhanceTool && enhanceTool.getToolSchema) {\n      const enhanceSchema = enhanceTool.getToolSchema();\n      this.tools.set('promptmcp.enhance', {\n        name: enhanceSchema.name,\n        description: enhanceSchema.description,\n        inputSchema: enhanceSchema.inputSchema\n      });\n    } else {\n      // Fallback schema if enhance tool is not available\n      this.tools.set('promptmcp.enhance', {\n        name: 'promptmcp.enhance',\n        description: 'Enhance prompts with project context, best practices, and optionally break down complex requests into structured tasks',\n        inputSchema: {\n          type: 'object',\n          properties: {\n            prompt: {\n              type: 'string',\n              description: 'The prompt to enhance'\n            },\n            context: {\n              type: 'object',\n              properties: {\n                file: { type: 'string', description: 'Optional file path for context' },\n                framework: { type: 'string', description: 'Optional framework for context' },\n                style: { type: 'string', description: 'Optional style preference' },\n                projectContext: { type: 'object', description: 'Project-specific context' }\n              },\n              description: 'Additional context for enhancement'\n            },\n            options: {\n              type: 'object',\n              properties: {\n                useCache: { type: 'boolean', description: 'Whether to use cached results', default: true },\n                maxTokens: { type: 'number', description: 'Maximum tokens for Context7 documentation', default: 2000 },\n                includeMetadata: { type: 'boolean', description: 'Whether to include metadata in response', default: false },\n                includeBreakdown: { type: 'boolean', description: 'Whether to automatically break down complex prompts into tasks', default: false },\n                maxTasks: { type: 'number', description: 'Maximum number of tasks to create from breakdown', default: 10 }\n              },\n              description: 'Enhancement options'\n            }\n          },\n          required: ['prompt']\n        }\n      });\n    }",
    "File: src/mcp/server.ts\nDescription: Function definition: result\nCode:\n      const result = await this.todoTool.execute(args);\n      \n      // Format response based on action\n      if (result.success) {\n        if (args.action === 'list' && Array.isArray(result.data)) {\n          // Format todo list as markdown for better display\n          const projectId = args.projectId || 'default-project';\n          return await this.todoTool.formatTodosAsMarkdown(projectId, args.filters);\n        } else if (args.action === 'create' && result.data) {\n          // Return success message for created todo\n          const todo = result.data as any;\n          return `Γ£à Created todo: **${todo.title}**\\n\\nPriority: ${todo.priority}\\nCategory: ${todo.category || 'none'}\\nStatus: ${todo.status}`;\n        } else {\n          // Return JSON for other operations\n          return JSON.stringify(result.data, null, 2);\n        }\n      } else {\n        throw new Error(result.error || 'Todo operation failed');\n      }",
    "File: src/mcp/server.ts\nDescription: Function definition: projectId\nCode:\n          const projectId = args.projectId || 'default-project';\n          return await this.todoTool.formatTodosAsMarkdown(projectId, args.filters);\n        } else if (args.action === 'create' && result.data) {"
  ],
  "context7_docs": []
}
≡ƒÄ» Frameworks detected: html
ΓÅ▒∩╕Å  Response time: 3740ms
≡ƒôê Quality Scores:
   Enhancement: 5/5
   Context Usage: 5/5
   Framework Detection: 5/5
   Completeness: 5/5
   Token Efficiency: 1/5
   Overall: 4.20/5

≡ƒº¬ Testing: Medium Complexity Task
≡ƒô¥ Original: Create a React component that displays a list of users with search functionality
≡ƒöº Context: {"framework":"react","style":"tailwind"}
Γ£à Success: true
≡ƒôè Enhanced prompt length: 4056 chars
≡ƒöó Token count: 20 ΓåÆ 1014 (ratio: 50.70x)
≡ƒöì Context used: {
  "repo_facts": [
    "Project name: promptmcp",
    "Project description: A focused MCP server for intelligent prompt enhancement with dynamic framework detection, Context7 integration, comprehensive testing suite, and organized test artifacts management",
    "Uses Playwright framework (^1.55.0)",
    "Uses TypeScript framework (^5.0.0)",
    "Uses Vitest framework (^1.0.0)",
    "Project type: Frontend application",
    "Has testing setup",
    "Has build process",
    "Source directories: src",
    "Configuration files: tsconfig.json",
    "Uses TypeScript for type safety",
    "Uses Node.js/Express for backend",
    "Uses testing with 295 test files",
    "Uses Model Context Protocol (MCP) for AI integration",
    "Uses service-oriented architecture with 91 service files",
    "Uses tool-based architecture with 39 tool files"
  ],
  "code_snippets": [
    "File: src/services/ai/context7-curation.service.ts\nDescription: Class definition: Context7CurationService\nCode:\nexport class Context7CurationService {\r\n  private logger: Logger;\r\n  private openaiService: OpenAIService;\r\n  private config: CurationConfig;\r\n\r\n  constructor(logger: Logger, openaiService: OpenAIService, config: CurationConfig) {\r\n    this.logger = logger;\r\n    this.openaiService = openaiService;\r\n    this.config = config;\r\n  }\r\n\r\n  /**\r\n   * Curate Context7 content for Cursor AI code generation\r\n   */\r\n  async curateForCursor(\r\n    context7Content: string,\r\n    libraryId: string,\r\n    prompt: string,\r\n    projectContext: any\r\n  ): Promise<CuratedContent> {\r\n    const startTime = Date.now();\r\n    \r\n    try {\r\n      this.logger.debug('Starting Context7 content curation', {\r\n        libraryId,\r\n        originalLength: context7Content.length,\r\n        prompt: prompt.substring(0, 100) + '...'\r\n      });\r\n\r\n      // 1. Assess content quality\r\n      const qualityScore = await this.assessContentQuality(context7Content, prompt);\r\n      \r\n      // 2. If quality is too low, return original content\r\n      if (qualityScore < this.config.minQualityScore) {\r\n        this.logger.warn('Content quality too low, returning original', {\r\n          libraryId,\r\n          qualityScore,\r\n          minRequired: this.config.minQualityScore\r\n        });\r\n        \r\n        return this.createFallbackContent(context7Content, libraryId, startTime);\r\n      }\r\n\r\n      // 3. Extract key components\r\n      const keyComponents = await this.extractKeyComponents(context7Content, prompt, libraryId);\r\n      \r\n      // 4. Optimize tokens while preserving quality\r\n      const curatedContent = await this.optimizeTokens(\r\n        context7Content,\r\n        keyComponents,\r\n        prompt,\r\n        libraryId\r\n      );\r\n\r\n      // 5. Calculate metrics\r\n      const originalTokens = Math.ceil(context7Content.length / 4);\r\n      const curatedTokens = Math.ceil(curatedContent.length / 4);\r\n      const tokenReduction = 1 - (curatedTokens / originalTokens);\r\n\r\n      const result: CuratedContent = {\r\n        originalContent: context7Content,\r\n        curatedContent,\r\n        qualityScore,\r\n        tokenReduction,\r\n        cursorOptimized: true,\r\n        keyPatterns: keyComponents.patterns,\r\n        bestPractices: keyComponents.bestPractices,\r\n        codeExamples: keyComponents.codeExamples,\r\n        metadata: {\r\n          libraryId,\r\n          originalTokens,\r\n          curatedTokens,\r\n          processingTime: Date.now() - startTime,\r\n          confidence: qualityScore / 10\r\n        }\r\n      };\r\n\r\n      this.logger.info('Content curation completed successfully', {\r\n        libraryId,\r\n        qualityScore,\r\n        tokenReduction: `${(tokenReduction * 100).toFixed(1)}%`,\r\n        processingTime: result.metadata.processingTime\r\n      });\r\n\r\n      return result;\r\n\r\n    } catch (error) {\r\n      this.logger.error('Content curation failed', {\r\n        libraryId,\r\n        error: error instanceof Error ? error.message : 'Unknown error'\r\n      });\r\n      \r\n      // Return original content as fallback\r\n      return this.createFallbackContent(context7Content, libraryId, startTime);\r\n    }\r\n  }\r\n\r\n  /**\r\n   * Assess content quality for coding tasks\r\n   */\r\n  private async assessContentQuality(docContent: string, prompt: string): Promise<number> {\r\n    try {\r\n      const response = await this.openaiService.createChatCompletion([\r\n          {\r\n            role: 'system',\r\n            content: `You are a content quality assessor for AI code generation. Rate documentation content on a scale of 1-10 based on:\r\n\r\n1. Code Examples (30%): Presence of practical, runnable code snippets\r\n2. Best Practices (25%): Clear patterns, conventions, and guidelines\r\n3. Relevance (25%): How well it matches the user's coding intent\r\n4. Completeness (20%): Essential information coverage\r\n\r\nReturn ONLY a JSON object with this exact structure:\r\n{\r\n  \"score\": 8.5,\r\n  \"reasoning\": \"Brief explanation of the score\",\r\n  \"strengths\": [\"list\", \"of\", \"strengths\"],\r\n  \"weaknesses\": [\"list\", \"of\", \"weaknesses\"]\r\n}`\r\n          },\r\n          {\r\n            role: 'user',\r\n            content: `User Prompt: ${prompt}\r\n\r\nDocumentation Content:\r\n${docContent.substring(0, 2000)}...\r\n\r\nRate this content for AI code generation quality.`\r\n          }\r\n        ], {\r\n        temperature: 0.1,\r\n        maxTokens: 300\r\n      });\r\n\r\n      const content = response.choices[0]?.message?.content;\r\n      if (!content) throw new Error('No response from OpenAI');\r\n\r\n      const parsed = JSON.parse(content);\r\n      return Math.min(10, Math.max(1, parsed.score || 5));\r\n\r\n    } catch (error) {\r\n      this.logger.warn('Quality assessment failed, using default score', {\r\n        error: error instanceof Error ? error.message : 'Unknown error'\r\n      });\r\n      return 5.0; // Default moderate score\r\n    }\r\n  }\r\n\r\n  /**\r\n   * Extract key components from content\r\n   */\r\n  private async extractKeyComponents(\r\n    docContent: string,\r\n    prompt: string,\r\n    libraryId: string\r\n  ): Promise<{\r\n    patterns: string[];\r\n    bestPractices: string[];\r\n    codeExamples: string[];\r\n  }> {\r\n    try {\r\n      const response = await this.openaiService.createChatCompletion([\r\n          {\r\n            role: 'system',\r\n            content: `You are a technical content analyzer. Extract key components from documentation for AI code generation.\r\n\r\nReturn ONLY a JSON object with this exact structure:\r\n{\r\n  \"patterns\": [\"pattern1\", \"pattern2\", \"pattern3\"],\r\n  \"bestPractices\": [\"practice1\", \"practice2\", \"practice3\"],\r\n  \"codeExamples\": [\"example1\", \"example2\", \"example3\"]\r\n}\r\n\r\nFocus on:\r\n- Patterns: Common coding patterns and conventions\r\n- Best Practices: Guidelines and recommendations\r\n- Code Examples: Practical, runnable code snippets`\r\n          },\r\n          {\r\n            role: 'user',\r\n            content: `Library: ${libraryId}\r\nUser Prompt: ${prompt}\r\n\r\nContent:\r\n${docContent.substring(0, 3000)}...\r\n\r\nExtract key components for AI code generation.`\r\n          }\r\n        ], {\r\n        temperature: 0.2,\r\n        maxTokens: 500\r\n      });\r\n\r\n      const content = response.choices[0]?.message?.content;\r\n      if (!content) throw new Error('No response from OpenAI');\r\n\r\n      const parsed = JSON.parse(content);\r\n      return {\r\n        patterns: parsed.patterns || [],\r\n        bestPractices: parsed.bestPractices || [],\r\n        codeExamples: parsed.codeExamples || []\r\n      };\r\n\r\n    } catch (error) {\r\n      this.logger.warn('Key component extraction failed', {\r\n        error: error instanceof Error ? error.message : 'Unknown error'\r\n      });\r\n      \r\n      return {\r\n        patterns: [],\r\n        bestPractices: [],\r\n        codeExamples: []\r\n      };\r\n    }\r\n  }\r\n\r\n  /**\r\n   * Optimize tokens while preserving quality\r\n   */\r\n  private async optimizeTokens(\r\n    content: string,\r\n    keyComponents: any,\r\n    prompt: string,\r\n    libraryId: string\r\n  ): Promise<string> {\r\n    try {\r\n      const targetTokens = Math.ceil(content.length / 4 * (1 - this.config.targetTokenReduction));\r\n      \r\n      const response = await this.openaiService.createChatCompletion([\r\n          {\r\n            role: 'system',\r\n            content: `You are a technical content optimizer for AI code generation. Create a concise, high-quality summary that:\r\n\r\n1. Preserves all essential information for coding\r\n2. Keeps all code examples and patterns\r\n3. Maintains best practices and guidelines\r\n4. Removes boilerplate and marketing content\r\n5. Focuses on practical, actionable information\r\n6. Optimizes for Cursor AI code generation\r\n\r\nTarget length: ~${targetTokens} tokens\r\nFormat: Clean, structured, code-focused content`\r\n          },\r\n          {\r\n            role: 'user',\r\n            content: `Library: ${libraryId}\r\nUser Prompt: ${prompt}\r\n\r\nKey Components:\r\n- Patterns: ${keyComponents.patterns.join(', ')}\r\n- Best Practices: ${keyComponents.bestPractices.join(', ')}\r\n- Code Examples: ${keyComponents.codeExamples.length} examples\r\n\r\nOriginal Content:\r\n${content}\r\n\r\nCreate an optimized version for AI code generation.`\r\n          }\r\n        ], {\r\n        temperature: 0.1,\r\n        maxTokens: Math.min(4000, targetTokens * 2)\r\n      });\r\n\r\n      const curatedContent = response.choices[0]?.message?.content;\r\n      if (!curatedContent) throw new Error('No response from OpenAI');\r\n\r\n      return curatedContent;\r\n\r\n    } catch (error) {\r\n      this.logger.warn('Token optimization failed, using original content', {\r\n        error: error instanceof Error ? error.message : 'Unknown error'\r\n      });\r\n      return content;\r\n    }\r\n  }\r\n\r\n  /**\r\n   * Create fallback content when curation fails\r\n   */\r\n  private createFallbackContent(\r\n    originalContent: string,\r\n    libraryId: string,\r\n    startTime: number\r\n  ): CuratedContent {\r\n    const originalTokens = Math.ceil(originalContent.length / 4);\r\n    \r\n    return {\r\n      originalContent,\r\n      curatedContent: originalContent,\r\n      qualityScore: 5.0,\r\n      tokenReduction: 0,\r\n      cursorOptimized: false,\r\n      keyPatterns: [],\r\n      bestPractices: [],\r\n      codeExamples: [],\r\n      metadata: {\r\n        libraryId,\r\n        originalTokens,\r\n        curatedTokens: originalTokens,\r\n        processingTime: Date.now() - startTime,\r\n        confidence: 0.5\r\n      }\r\n    };\r\n  }\r\n\r\n  /**\r\n   * Test the curation service\r\n   */\r\n  async testCuration(): Promise<boolean> {\r\n    try {\r\n      const testContent = `\r\n# React Documentation\r\n\r\nReact is a JavaScript library for building user interfaces.\r\n\r\n## Getting Started\r\n\r\n\\`\\`\\`jsx\r\nimport React from 'react';\r\n\r\nfunction App() {\r\n  return <h1>Hello World</h1>;\r\n}\r\n\\`\\`\\`\r\n\r\n## Best Practices\r\n\r\n- Use functional components with hooks\r\n- Keep components small and focused\r\n- Use TypeScript for better development experience\r\n`;\r\n\r\n      const result = await this.curateForCursor(\r\n        testContent,\r\n        '/facebook/react',\r\n        'Create a React component',\r\n        {}\r\n      );\r\n\r\n      return result.qualityScore > 0 && result.curatedContent.length > 0;\r\n\r\n    } catch (error) {\r\n      this.logger.error('Curation test failed', {\r\n        error: error instanceof Error ? error.message : 'Unknown error'\r\n      });\r\n      return false;\r\n    }\r\n  }\r\n}\r",
    "File: src/services/framework-detector/framework-detector.service.ts\nDescription: Class definition: FrameworkDetectorService\nCode:\nexport class FrameworkDetectorService {\r\n  private context7Service: any; // Using simple client now\r\n  private cacheService: Context7CacheService;\r\n  private aiService: any; // Will be injected\r\n  private projectAnalyzer: ProjectContextAnalyzer;\r\n  private metrics: DetectionMetrics;\r\n  private detectionPatterns: DetectionPattern[];\r\n\r\n  constructor(context7Service: any, cacheService: Context7CacheService, aiService?: any) {\r\n    this.context7Service = context7Service;\r\n    this.cacheService = cacheService;\r\n    this.aiService = aiService;\r\n    this.projectAnalyzer = new ProjectContextAnalyzer();\r\n    this.metrics = this.initializeMetrics();\r\n    this.detectionPatterns = this.initializeDetectionPatterns();\r\n  }\r\n\r\n  /**\r\n   * Main detection method - detects frameworks dynamically\r\n   */\r\n  async detectFrameworks(prompt: string, projectContext?: ProjectContext): Promise<FrameworkDetectionResult> {\r\n    const startTime = performance.now();\r\n    \r\n    try {\r\n      // 1. Extract potential library names using patterns\r\n      const patternMatches = this.extractLibraryNamesUsingPatterns(prompt);\r\n      \r\n      // 2. Use AI to suggest additional libraries with project context (if available)\r\n      const aiMatches = this.aiService ? await this.suggestLibrariesWithAI(prompt, projectContext) : [];\r\n      \r\n      // 3. Check project context for additional libraries\r\n      const projectMatches = projectContext ? this.extractFromProjectContext(projectContext) : [];\r\n      \r\n      // 4. Combine and deduplicate matches\r\n      const allMatches = this.combineMatches([...patternMatches, ...aiMatches, ...projectMatches]);\r\n      \r\n      // 5. Resolve with Context7\r\n      const context7Libraries = await this.resolveLibrariesWithContext7(allMatches);\r\n      \r\n      // 6. Update metrics\r\n      const detectionTime = performance.now() - startTime;\r\n      this.updateMetrics(context7Libraries, detectionTime);\r\n      \r\n      return {\r\n        detectedFrameworks: context7Libraries.map(lib => lib.name),\r\n        confidence: this.calculateOverallConfidence(context7Libraries),\r\n        suggestions: this.generateSuggestions(context7Libraries),\r\n        context7Libraries: context7Libraries.map(lib => lib.libraryId),\r\n        detectionMethod: this.determineDetectionMethod(allMatches)\r\n      };\r\n    } catch (error) {\r\n      console.error('Framework detection failed', { error, prompt });\r\n      return this.getFallbackResult();\r\n    }\r\n  }\r\n\r\n  /**\r\n   * Extract library names using regex patterns\r\n   */\r\n  private extractLibraryNamesUsingPatterns(prompt: string): LibraryMatch[] {\r\n    const matches: LibraryMatch[] = [];\r\n    \r\n    for (const pattern of this.detectionPatterns) {\r\n      const regexMatches = prompt.matchAll(pattern.regex);\r\n      for (const match of regexMatches) {\r\n        const name = match[1]?.toLowerCase();\r\n        if (name && this.isValidLibraryName(name)) {\r\n          matches.push({\r\n            name,\r\n            libraryId: '',\r\n            confidence: this.calculatePatternConfidence(name, pattern.type, pattern.weight),\r\n            source: 'pattern'\r\n          });\r\n        }\r\n      }\r\n    }\r\n    \r\n    return matches;\r\n  }\r\n\r\n  /**\r\n   * Use AI to suggest libraries with enhanced prompt analysis\r\n   * REDESIGNED: Enhanced with context-aware AI framework detection\r\n   */\r\n  private async suggestLibrariesWithAI(prompt: string, projectContext?: ProjectContext): Promise<LibraryMatch[]> {\r\n    if (!this.aiService) {\r\n      return [];\r\n    }\r\n\r\n    try {\r\n      const analysisPrompt = this.buildContextAwareAnalysisPrompt(prompt, projectContext);\r\n      \r\n      const response = await this.aiService.createChatCompletion([\r\n        {\r\n          role: 'system',\r\n          content: `You are an expert at analyzing development prompts and suggesting relevant frameworks/libraries.\r\n\r\nYour job is to:\r\n1. Analyze the user's prompt for framework/library needs\r\n2. Consider the project context (existing frameworks, project type, code patterns)\r\n3. Suggest 3-5 most relevant library/framework names\r\n4. Focus on frameworks, UI libraries, and development tools\r\n5. Be specific (e.g., use actual library names, not generic descriptions)\r\n6. Prioritize popular, well-documented libraries\r\n\r\nReturn ONLY a JSON array of library names:\r\n[\"library1\", \"library2\", \"library3\"]\r\n\r\nGuidelines:\r\n- Consider the project context when making suggestions\r\n- Match the complexity level to the user's needs\r\n- Include both primary and supporting libraries\r\n- Be specific and avoid generic suggestions`\r\n        },\r\n        {\r\n          role: 'user',\r\n          content: analysisPrompt\r\n        }\r\n      ], {\r\n        maxTokens: 300,\r\n        temperature: 0.3\r\n      });\r\n\r\n      const content = response.choices[0]?.message?.content;\r\n      if (!content) {\r\n        throw new Error('No response content from AI');\r\n      }\r\n\r\n      const aiMatches = this.parseAILibrarySuggestions(content);\r\n      \r\n      // Log AI usage for monitoring\r\n      console.log('AI framework detection usage', {\r\n        operation: 'framework_detection',\r\n        tokensUsed: response.usage?.total_tokens || 0,\r\n        cost: this.estimateAICost(response.usage?.total_tokens || 0),\r\n        librariesSuggested: aiMatches.length\r\n      });\r\n      \r\n      return aiMatches;\r\n    } catch (error) {\r\n      console.warn('AI library suggestion failed', { error });\r\n      return [];\r\n    }\r\n  }\r\n\r\n  /**\r\n   * Enhanced prompt-based framework inference using multiple strategies\r\n   * Replaces simple pattern matching with intelligent analysis\r\n   */\r\n  private async inferFrameworksFromPrompt(prompt: string): Promise<LibraryMatch[]> {\r\n    const matches: LibraryMatch[] = [];\r\n    \r\n    // 1. Direct framework mentions\r\n    const directMentions = this.extractDirectFrameworkMentions(prompt);\r\n    matches.push(...directMentions);\r\n    \r\n    // 2. Task-based inference\r\n    const taskInferences = this.inferFromTaskType(prompt);\r\n    matches.push(...taskInferences);\r\n    \r\n    // 3. Technology stack inference\r\n    const stackInferences = this.inferFromTechnologyStack(prompt);\r\n    matches.push(...stackInferences);\r\n    \r\n    // 4. Context-based inference\r\n    const contextInferences = this.inferFromContext(prompt);\r\n    matches.push(...contextInferences);\r\n    \r\n    // Remove duplicates and sort by confidence\r\n    const uniqueMatches = this.deduplicateMatches(matches);\r\n    return uniqueMatches.sort((a, b) => b.confidence - a.confidence);\r\n  }\r\n\r\n  /**\r\n   * Extract frameworks directly mentioned in the prompt\r\n   */\r\n  private extractDirectFrameworkMentions(prompt: string): LibraryMatch[] {\r\n    const matches: LibraryMatch[] = [];\r\n    const promptLower = prompt.toLowerCase();\r\n    \r\n    // Common framework names and their variations\r\n    const frameworkNames = [\r\n      'react', 'vue', 'angular', 'svelte', 'nextjs', 'nuxt', 'sveltekit',\r\n      'typescript', 'javascript', 'html', 'css', 'tailwind', 'bootstrap',\r\n      'express', 'fastify', 'koa', 'node', 'python', 'django', 'flask',\r\n      'mongodb', 'postgresql', 'mysql', 'redis', 'elasticsearch'\r\n    ];\r\n    \r\n    for (const framework of frameworkNames) {\r\n      const variations = [\r\n        framework,\r\n        framework.replace(/\\./g, ''),\r\n        framework.replace(/-/g, ''),\r\n        framework.replace(/\\./g, ' '),\r\n        framework.replace(/-/g, ' ')\r\n      ];\r\n      \r\n      for (const variation of variations) {\r\n        if (promptLower.includes(variation)) {\r\n          matches.push({\r\n            name: framework,\r\n            libraryId: '',\r\n            confidence: 0.9, // High confidence for direct mentions\r\n            source: 'direct-mention'\r\n          });\r\n        }\r\n      }\r\n    }\r\n    \r\n    return matches;\r\n  }\r\n\r\n  /**\r\n   * Infer frameworks based on the type of task described\r\n   */\r\n  private inferFromTaskType(prompt: string): LibraryMatch[] {\r\n    const matches: LibraryMatch[] = [];\r\n    const promptLower = prompt.toLowerCase();\r\n    \r\n    // Task-based framework mapping\r\n    const taskMappings = [\r\n      {\r\n        patterns: ['component', 'ui element', 'interface', 'user interface'],\r\n        frameworks: [{ name: 'react', confidence: 0.8 }, { name: 'vue', confidence: 0.7 }]\r\n      },\r\n      {\r\n        patterns: ['api', 'server', 'backend', 'endpoint', 'route'],\r\n        frameworks: [{ name: 'express', confidence: 0.8 }, { name: 'fastify', confidence: 0.6 }]\r\n      },\r\n      {\r\n        patterns: ['database', 'data storage', 'query', 'sql'],\r\n        frameworks: [{ name: 'mongodb', confidence: 0.7 }, { name: 'postgresql', confidence: 0.7 }]\r\n      },\r\n      {\r\n        patterns: ['styling', 'css', 'design', 'theme', 'layout'],\r\n        frameworks: [{ name: 'tailwind', confidence: 0.8 }, { name: 'css', confidence: 0.6 }]\r\n      }\r\n    ];\r\n    \r\n    for (const mapping of taskMappings) {\r\n      for (const pattern of mapping.patterns) {\r\n        if (promptLower.includes(pattern)) {\r\n          for (const framework of mapping.frameworks) {\r\n            matches.push({\r\n              name: framework.name,\r\n              libraryId: '',\r\n              confidence: framework.confidence,\r\n              source: 'task-inference'\r\n            });\r\n          }\r\n        }\r\n      }\r\n    }\r\n    \r\n    return matches;\r\n  }\r\n\r\n  /**\r\n   * Infer frameworks based on technology stack indicators\r\n   */\r\n  private inferFromTechnologyStack(prompt: string): LibraryMatch[] {\r\n    const matches: LibraryMatch[] = [];\r\n    const promptLower = prompt.toLowerCase();\r\n    \r\n    // Technology stack indicators\r\n    const stackIndicators = {\r\n      'web': ['html', 'css', 'javascript'],\r\n      'frontend': ['react', 'vue', 'angular', 'svelte'],\r\n      'backend': ['node', 'express', 'python', 'django'],\r\n      'database': ['mongodb', 'postgresql', 'mysql', 'redis'],\r\n      'deployment': ['docker', 'kubernetes', 'vercel', 'netlify']\r\n    };\r\n    \r\n    for (const [stack, frameworks] of Object.entries(stackIndicators)) {\r\n      if (promptLower.includes(stack)) {\r\n        for (const framework of frameworks) {\r\n          matches.push({\r\n            name: framework,\r\n            libraryId: '',\r\n            confidence: 0.6,\r\n            source: 'stack-inference'\r\n          });\r\n        }\r\n      }\r\n    }\r\n    \r\n    return matches;\r\n  }\r\n\r\n  /**\r\n   * Infer frameworks from context clues\r\n   */\r\n  private inferFromContext(prompt: string): LibraryMatch[] {\r\n    const matches: LibraryMatch[] = [];\r\n    \r\n    // Context-based inference patterns\r\n    if (prompt.includes('admin') || prompt.includes('dashboard')) {\r\n      matches.push({ name: 'react', libraryId: '', confidence: 0.7, source: 'context-inference' });\r\n    }\r\n    \r\n    if (prompt.includes('mobile') || prompt.includes('app')) {\r\n      matches.push({ name: 'react', libraryId: '', confidence: 0.6, source: 'context-inference' });\r\n    }\r\n    \r\n    if (prompt.includes('server') || prompt.includes('api')) {\r\n      matches.push({ name: 'node', libraryId: '', confidence: 0.7, source: 'context-inference' });\r\n    }\r\n    \r\n    return matches;\r\n  }\r\n\r\n  /**\r\n   * Remove duplicate framework matches and merge confidence scores\r\n   */\r\n  private deduplicateMatches(matches: LibraryMatch[]): LibraryMatch[] {\r\n    const uniqueMatches = new Map<string, LibraryMatch>();\r\n    \r\n    for (const match of matches) {\r\n      const existing = uniqueMatches.get(match.name);\r\n      if (existing) {\r\n        // Merge confidence scores (take the highest)\r\n        existing.confidence = Math.max(existing.confidence, match.confidence);\r\n        // Merge sources\r\n        if (!existing.source.includes(match.source)) {\r\n          existing.source += `, ${match.source}`;\r\n        }\r\n      } else {\r\n        uniqueMatches.set(match.name, { ...match });\r\n      }\r\n    }\r\n    \r\n    return Array.from(uniqueMatches.values());\r\n  }\r\n\r\n  /**\r\n   * Extract libraries from project context\r\n   */\r\n  private extractFromProjectContext(projectContext: ProjectContext): LibraryMatch[] {\r\n    const matches: LibraryMatch[] = [];\r\n    \r\n    // Extract from package.json dependencies\r\n    if (projectContext.dependencies) {\r\n      for (const [name, version] of Object.entries(projectContext.dependencies)) {\r\n        if (this.isValidLibraryName(name)) {\r\n          matches.push({\r\n            name: name.toLowerCase(),\r\n            libraryId: '',\r\n            confidence: 0.9, // High confidence for project dependencies\r\n            source: 'project'\r\n          });\r\n        }\r\n      }\r\n    }\r\n    \r\n    // Extract from suggested frameworks\r\n    if (projectContext.suggestedFrameworks) {\r\n      for (const framework of projectContext.suggestedFrameworks) {\r\n        if (this.isValidLibraryName(framework)) {\r\n          matches.push({\r\n            name: framework.toLowerCase(),\r\n            libraryId: '',\r\n            confidence: 0.8, // High confidence for detected frameworks\r\n            source: 'project'\r\n          });\r\n        }\r\n      }\r\n    }\r\n    \r\n    return matches;\r\n  }\r\n\r\n  /**\r\n   * Resolve libraries with Context7\r\n   */\r\n  private async resolveLibrariesWithContext7(matches: LibraryMatch[]): Promise<LibraryMatch[]> {\r\n    const resolved: LibraryMatch[] = [];\r\n    \r\n    for (const match of matches) {\r\n      try {\r\n        // Check cache first\r\n        const cached = await this.cacheService.getCachedDocs(match.name);\r\n        if (cached) {\r\n          resolved.push({ ...match, libraryId: cached.libraryId });\r\n          continue;\r\n        }\r\n        \r\n        // Resolve with Context7\r\n        const libraryInfo = await this.context7Service.resolveLibraryId(match.name);\r\n        const libraryId = libraryInfo.length > 0 && libraryInfo[0] ? libraryInfo[0].id : null;\r\n        \r\n        if (!libraryId) {\r\n          console.warn(`No Context7 library found for ${match.name}`);\r\n          continue;\r\n        }\r\n        \r\n        const docs = await this.context7Service.getLibraryDocumentation(libraryId, undefined, 2000);\r\n        \r\n        // Cache the result\r\n        await this.cacheService.cacheDocs(match.name, libraryId, docs);\r\n        \r\n        resolved.push({ ...match, libraryId });\r\n      } catch (error) {\r\n        console.warn(`Failed to resolve library ${match.name}`, { error });\r\n      }\r\n    }\r\n    \r\n    return resolved;\r\n  }\r\n\r\n  /**\r\n   * Combine and deduplicate matches\r\n   */\r\n  private combineMatches(matches: LibraryMatch[]): LibraryMatch[] {\r\n    const uniqueMatches = new Map<string, LibraryMatch>();\r\n    \r\n    for (const match of matches) {\r\n      const existing = uniqueMatches.get(match.name);\r\n      if (!existing || match.confidence > existing.confidence) {\r\n        uniqueMatches.set(match.name, match);\r\n      }\r\n    }\r\n    \r\n    return Array.from(uniqueMatches.values());\r\n  }\r\n\r\n  /**\r\n   * Validate library name\r\n   */\r\n  private isValidLibraryName(name: string): boolean {\r\n    const commonWords = ['the', 'a', 'an', 'and', 'or', 'but', 'in', 'on', 'at', 'to', 'for', 'of', 'with', 'by', 'is', 'are', 'was', 'were'];\r\n    return name.length > 2 && !commonWords.includes(name) && /^[a-z0-9-]+$/.test(name);\r\n  }\r\n\r\n  /**\r\n   * Calculate pattern confidence\r\n   */\r\n  private calculatePatternConfidence(name: string, type: string, weight: number): number {\r\n    const typeWeights = { component: 0.9, framework: 0.8, library: 0.7, app: 0.6 };\r\n    const baseConfidence = typeWeights[type as keyof typeof typeWeights] || 0.5;\r\n    return Math.min(1, baseConfidence * weight);\r\n  }\r\n\r\n  /**\r\n   * Calculate overall confidence\r\n   */\r\n  private calculateOverallConfidence(libraries: LibraryMatch[]): number {\r\n    if (libraries.length === 0) return 0;\r\n    return libraries.reduce((sum, lib) => sum + lib.confidence, 0) / libraries.length;\r\n  }\r\n\r\n  /**\r\n   * Generate suggestions\r\n   */\r\n  private generateSuggestions(libraries: LibraryMatch[]): string[] {\r\n    if (libraries.length === 0) {\r\n      return ['Consider specifying a framework or library name in your prompt'];\r\n    }\r\n    return libraries.map(lib => `Detected ${lib.name} (${lib.source})`);\r\n  }\r\n\r\n  /**\r\n   * Determine detection method\r\n   */\r\n  private determineDetectionMethod(matches: LibraryMatch[]): 'pattern' | 'ai' | 'project' | 'fallback' {\r\n    if (matches.some(m => m.source === 'project')) return 'project';\r\n    if (matches.some(m => m.source === 'ai')) return 'ai';\r\n    if (matches.some(m => m.source === 'pattern')) return 'pattern';\r\n    return 'fallback';\r\n  }\r\n\r\n  /**\r\n   * Get fallback result\r\n   */\r\n  private getFallbackResult(): FrameworkDetectionResult {\r\n    return {\r\n      detectedFrameworks: [],\r\n      confidence: 0,\r\n      suggestions: ['No frameworks detected. Try being more specific about the technology you want to use.'],\r\n      context7Libraries: [],\r\n      detectionMethod: 'fallback'\r\n    };\r\n  }\r\n\r\n  /**\r\n   * Initialize detection patterns (dynamic, AI-powered)\r\n   */\r\n  private initializeDetectionPatterns(): DetectionPattern[] {\r\n    try {\r\n      // Return basic patterns that work with any framework/library names\r\n      // This is a real dynamic method that actually works\r\n      return [\r\n        { regex: /create\\s+a\\s+(\\w+)\\s+component/gi, type: 'component', weight: 1.0 },\r\n        { regex: /using\\s+(\\w+)\\s+framework/gi, type: 'framework', weight: 1.0 },\r\n        { regex: /with\\s+(\\w+)\\s+library/gi, type: 'library', weight: 1.0 },\r\n        { regex: /build\\s+(\\w+)\\s+app/gi, type: 'app', weight: 0.9 },\r\n        { regex: /(\\w+)\\s+component/gi, type: 'component', weight: 0.8 },\r\n        { regex: /(\\w+)\\s+framework/gi, type: 'framework', weight: 0.8 },\r\n        { regex: /(\\w+)\\s+library/gi, type: 'library', weight: 0.8 },\r\n        { regex: /(\\w+)\\s+ui/gi, type: 'library', weight: 0.7 },\r\n        { regex: /(\\w+)\\s+styling/gi, type: 'library', weight: 0.7 }\r\n      ];\r\n    } catch (error) {\r\n      console.error('Failed to initialize detection patterns', { error: error instanceof Error ? error.message : 'Unknown error' });\r\n      // Return empty array as safe fallback\r\n      return [];\r\n    }\r\n  }\r\n\r\n  /**\r\n   * Initialize metrics\r\n   */\r\n  private initializeMetrics(): DetectionMetrics {\r\n    return {\r\n      totalDetections: 0,\r\n      successfulDetections: 0,\r\n      averageConfidence: 0,\r\n      frameworkDistribution: {},\r\n      cacheHitRate: 0,\r\n      detectionMethodDistribution: {},\r\n      averageDetectionTime: 0\r\n    };\r\n  }\r\n\r\n  /**\r\n   * Update metrics\r\n   */\r\n  private updateMetrics(libraries: LibraryMatch[], detectionTime: number): void {\r\n    this.metrics.totalDetections++;\r\n    \r\n    if (libraries.length > 0) {\r\n      this.metrics.successfulDetections++;\r\n      \r\n      // Update framework distribution\r\n      for (const lib of libraries) {\r\n        this.metrics.frameworkDistribution[lib.name] = \r\n          (this.metrics.frameworkDistribution[lib.name] || 0) + 1;\r\n      }\r\n    }\r\n    \r\n    // Update average confidence\r\n    this.metrics.averageConfidence = \r\n      (this.metrics.averageConfidence + this.calculateOverallConfidence(libraries)) / 2;\r\n    \r\n    // Update average detection time\r\n    this.metrics.averageDetectionTime = \r\n      (this.metrics.averageDetectionTime + detectionTime) / 2;\r\n  }\r\n\r\n\r\n  /**\r\n   * Build context-aware analysis prompt for AI\r\n   * REDESIGNED: Creates comprehensive context for AI framework detection\r\n   */\r\n  private buildContextAwareAnalysisPrompt(prompt: string, projectContext?: ProjectContext): string {\r\n    let contextInfo = `User Prompt: \"${prompt}\"\\n\\n`;\r\n    \r\n    if (projectContext) {\r\n      if (projectContext.dependencies && Object.keys(projectContext.dependencies).length > 0) {\r\n        contextInfo += `Existing Dependencies:\\n${Object.keys(projectContext.dependencies).slice(0, 10).join(', ')}\\n\\n`;\r\n      }\r\n      \r\n      if (projectContext.suggestedFrameworks && projectContext.suggestedFrameworks.length > 0) {\r\n        contextInfo += `Detected Frameworks: ${projectContext.suggestedFrameworks.join(', ')}\\n\\n`;\r\n      }\r\n      \r\n      if (projectContext.projectType) {\r\n        contextInfo += `Project Type: ${projectContext.projectType}\\n\\n`;\r\n      }\r\n    }\r\n    \r\n    contextInfo += `Please suggest the most relevant frameworks/libraries for this prompt considering the project context.`;\r\n    \r\n    return contextInfo;\r\n  }\r\n\r\n  /**\r\n   * Parse AI library suggestions from JSON response\r\n   * REDESIGNED: Handles JSON array response format\r\n   */\r\n  private parseAILibrarySuggestions(content: string): LibraryMatch[] {\r\n    try {\r\n      // Clean the content - remove any markdown formatting\r\n      let cleanContent = content.trim();\r\n      if (cleanContent.startsWith('```json')) {\r\n        cleanContent = cleanContent.replace(/^```json\\s*/, '').replace(/\\s*```$/, '');\r\n      } else if (cleanContent.startsWith('```')) {\r\n        cleanContent = cleanContent.replace(/^```\\s*/, '').replace(/\\s*```$/, '');\r\n      }\r\n\r\n      const libraries = JSON.parse(cleanContent);\r\n      \r\n      if (!Array.isArray(libraries)) {\r\n        throw new Error('Response is not an array');\r\n      }\r\n\r\n      return libraries\r\n        .filter((lib: any) => typeof lib === 'string' && lib.length > 0)\r\n        .map((lib: string) => ({\r\n          name: lib.toLowerCase().trim(),\r\n          libraryId: '',\r\n          confidence: 0.8, // High confidence for AI suggestions\r\n          source: 'ai' as const\r\n        }));\r\n\r\n    } catch (error) {\r\n      console.warn('Failed to parse AI library suggestions', { error, content });\r\n      return [];\r\n    }\r\n  }\r\n\r\n  /**\r\n   * Estimate AI cost based on token usage\r\n   * REDESIGNED: Tracks AI costs for monitoring and budget control\r\n   */\r\n  private estimateAICost(tokens: number): number {\r\n    // GPT-4 pricing: ~$0.03 per 1K tokens for input, ~$0.06 per 1K tokens for output\r\n    // Using average of $0.045 per 1K tokens for cost estimation\r\n    const costPer1KTokens = 0.045;\r\n    return (tokens / 1000) * costPer1KTokens;\r\n  }\r\n\r\n  /**\r\n   * Get detection metrics\r\n   */\r\n  getMetrics(): DetectionMetrics {\r\n    const cacheStats = this.cacheService.getDetectionMetrics();\r\n    return {\r\n      ...this.metrics,\r\n      cacheHitRate: cacheStats.cacheHitRate || 0\r\n    };\r\n  }\r\n}\r",
    "File: src/tools/enhance/prompt-analyzer.service.ts\nDescription: Class definition: PromptAnalyzerService\nCode:\nexport class PromptAnalyzerService {\r\n  private logger: Logger;\r\n  private openaiService?: OpenAIService | undefined;\r\n\r\n  constructor(logger: Logger, openaiService?: OpenAIService | undefined) {\r\n    this.logger = logger;\r\n    this.openaiService = openaiService;\r\n  }\r\n\r\n  /**\r\n   * Analyze prompt complexity to determine appropriate response strategy\r\n   * Implements intelligent complexity detection with multiple indicators\r\n   */\r\n  analyzePromptComplexity(prompt: string): PromptComplexity {\r\n    const indicators: string[] = [];\r\n    let score = 0;\r\n    \r\n    // Length-based scoring\r\n    if (prompt.length < 20) {\r\n      score += 3;\r\n      indicators.push('very-short');\r\n    } else if (prompt.length < 50) {\r\n      score += 2;\r\n      indicators.push('short');\r\n    } else if (prompt.length > 200) {\r\n      score += 1;\r\n      indicators.push('long');\r\n    }\r\n    \r\n    // Simple question patterns\r\n    const simplePatterns = [\r\n      /^(yes|no|ok|sure|maybe)\\s*$/i,\r\n      /^(yes|no)\\s+or\\s+(yes|no)/i,\r\n      /^(what|how|when|where|why)\\s+\\w+\\?$/i,\r\n      /^(is|are|was|were|do|does|did|can|could|will|would)\\s+\\w+/i,\r\n      /^what\\s+is\\s+\\d+\\s*[\\+\\-\\*\\/]\\s*\\d+\\??$/i,  // Math questions like \"What is 2+2?\"\r\n      /^\\d+\\s*[\\+\\-\\*\\/]\\s*\\d+\\??$/i,  // Direct math like \"2+2?\"\r\n      /^what\\s+is\\s+\\d+\\s*[\\+\\-\\*\\/]\\s*\\d+\\s*\\??$/i,  // \"What is 2+2\" without question mark\r\n      /^how\\s+do\\s+i\\s+create\\s+a\\s+(\\w+)\\??$/i,  // Simple element creation questions\r\n      /^how\\s+to\\s+create\\s+a\\s+(\\w+)\\??$/i,  // Simple element creation questions\r\n      /^how\\s+do\\s+i\\s+make\\s+a\\s+(\\w+)\\??$/i  // Simple element creation questions\r\n    ];\r\n    \r\n    if (simplePatterns.some(pattern => pattern.test(prompt.trim()))) {\r\n      score += 2;\r\n      indicators.push('simple-question');\r\n    }\r\n    \r\n    // Complex development patterns\r\n    const complexPatterns = [\r\n      /create|build|implement|develop/i,\r\n      /component|function|class|service/i,\r\n      /api|endpoint|database|schema/i,\r\n      /test|testing|debug|fix/i,\r\n      /deploy|production|staging/i\r\n    ];\r\n    \r\n    const complexMatches = complexPatterns.filter(pattern => pattern.test(prompt));\r\n    if (complexMatches.length > 0) {\r\n      score -= complexMatches.length;\r\n      indicators.push(...complexMatches.map(() => 'development-task'));\r\n    }\r\n    \r\n    // Framework-specific complexity\r\n    const frameworkKeywords = [\r\n      'react', 'vue', 'angular', 'typescript', 'javascript',\r\n      'node', 'express', 'next', 'nuxt', 'svelte'\r\n    ];\r\n    \r\n    const frameworkMatches = frameworkKeywords.filter(keyword => \r\n      prompt.toLowerCase().includes(keyword)\r\n    );\r\n    if (frameworkMatches.length > 0) {\r\n      score -= frameworkMatches.length * 0.5;\r\n      indicators.push(...frameworkMatches.map(() => 'framework-specific'));\r\n    }\r\n    \r\n    // Determine complexity level\r\n    // TEMPORARY: Force all prompts to 'complex' for testing full Context7 features\r\n    let level: 'simple' | 'medium' | 'complex';\r\n    level = 'complex'; // Always use complex for maximum Context7 documentation\r\n    \r\n    // Original logic (commented out for testing):\r\n    // if (score >= 2) {\r\n    //   level = 'simple';\r\n    // } else if (score >= 0) {\r\n    //   level = 'medium';\r\n    // } else {\r\n    //   level = 'complex';\r\n    // }\r\n    \r\n    this.logger.debug('Prompt complexity analysis', {\r\n      prompt: prompt.substring(0, 100) + '...',\r\n      level,\r\n      score,\r\n      indicators\r\n    });\r\n    \r\n    return { level, score, indicators };\r\n  }\r\n\r\n  /**\r\n   * Analyze prompt complexity with AI and project context\r\n   * REDESIGNED: Uses OpenAI for intelligent complexity analysis with project context\r\n   */\r\n  async analyzePromptComplexityWithContext(\r\n    prompt: string, \r\n    projectContext: ProjectContext\r\n  ): Promise<AIPromptComplexity> {\r\n    try {\r\n      // If OpenAI is not available, fall back to basic analysis\r\n      if (!this.openaiService) {\r\n        this.logger.debug('OpenAI not available, falling back to basic analysis');\r\n        const basicComplexity = this.analyzePromptComplexity(prompt);\r\n        return {\r\n          ...basicComplexity,\r\n          userExpertiseLevel: this.inferUserExpertiseLevel(projectContext),\r\n          responseStrategy: this.determineResponseStrategy(basicComplexity.level),\r\n          estimatedTokens: this.estimateTokens(basicComplexity.level),\r\n          confidence: 0.6 // Lower confidence for basic analysis\r\n        };\r\n      }\r\n\r\n      this.logger.debug('Starting AI-powered prompt complexity analysis', {\r\n        prompt: prompt.substring(0, 100) + '...',\r\n        projectContextSize: projectContext.repoFacts.length + projectContext.codeSnippets.length\r\n      });\r\n\r\n      // Create context-aware analysis prompt\r\n      const analysisPrompt = this.buildAnalysisPrompt(prompt, projectContext);\r\n      \r\n      const response = await this.openaiService.createChatCompletion([\r\n        {\r\n          role: 'system',\r\n          content: `You are an expert at analyzing developer prompts and determining their complexity level. \r\n\r\nYour job is to:\r\n1. Analyze the user's prompt for complexity indicators\r\n2. Consider the project context (frameworks, code patterns, project type)\r\n3. Determine the user's expertise level based on project context\r\n4. Recommend the best response strategy\r\n5. Estimate token requirements for an optimal response\r\n\r\nReturn ONLY valid JSON with this exact structure:\r\n{\r\n  \"level\": \"simple|medium|complex\",\r\n  \"score\": 1-10,\r\n  \"indicators\": [\"indicator1\", \"indicator2\"],\r\n  \"userExpertiseLevel\": \"beginner|intermediate|advanced\",\r\n  \"responseStrategy\": \"minimal|standard|comprehensive\",\r\n  \"estimatedTokens\": 500,\r\n  \"confidence\": 0.85\r\n}\r\n\r\nGuidelines:\r\n- Simple: Basic questions, single tasks, clear requests (score 7-10)\r\n- Medium: Multi-step tasks, some complexity, moderate context needed (score 4-6)\r\n- Complex: Large projects, multiple technologies, extensive context needed (score 1-3)\r\n- Consider project context when determining user expertise level\r\n- Estimate tokens based on complexity and context needed\r\n- Be confident in your analysis (0.7-0.95)`\r\n        },\r\n        {\r\n          role: 'user',\r\n          content: analysisPrompt\r\n        }\r\n      ], {\r\n        maxTokens: 500,\r\n        temperature: 0.2 // Low temperature for consistent analysis\r\n      });\r\n\r\n      const content = response.choices[0]?.message?.content;\r\n      if (!content) {\r\n        throw new Error('No response content from OpenAI');\r\n      }\r\n\r\n      // Parse and validate the AI response\r\n      const aiComplexity = this.parseAIComplexityResponse(content);\r\n      \r\n      this.logger.debug('AI complexity analysis completed', {\r\n        level: aiComplexity.level,\r\n        score: aiComplexity.score,\r\n        userExpertiseLevel: aiComplexity.userExpertiseLevel,\r\n        confidence: aiComplexity.confidence,\r\n        estimatedTokens: aiComplexity.estimatedTokens\r\n      });\r\n\r\n      // Log AI usage for monitoring\r\n      this.logger.info('AI complexity analysis usage', {\r\n        operation: 'prompt_complexity_analysis',\r\n        tokensUsed: response.usage?.total_tokens || 0,\r\n        cost: this.estimateAICost(response.usage?.total_tokens || 0),\r\n        confidence: aiComplexity.confidence\r\n      });\r\n\r\n      return aiComplexity;\r\n\r\n    } catch (error) {\r\n      this.logger.warn('AI complexity analysis failed, falling back to basic analysis', {\r\n        error: error instanceof Error ? error.message : 'Unknown error',\r\n        prompt: prompt.substring(0, 100) + '...'\r\n      });\r\n      \r\n      // Fallback to basic analysis\r\n      const basicComplexity = this.analyzePromptComplexity(prompt);\r\n      return {\r\n        ...basicComplexity,\r\n        userExpertiseLevel: this.inferUserExpertiseLevel(projectContext),\r\n        responseStrategy: this.determineResponseStrategy(basicComplexity.level),\r\n        estimatedTokens: this.estimateTokens(basicComplexity.level),\r\n        confidence: 0.5 // Lower confidence due to fallback\r\n      };\r\n    }\r\n  }\r\n\r\n  /**\r\n   * Get optimized options based on prompt complexity\r\n   * Implements adaptive response sizing for better user experience\r\n   */\r\n  getOptimizedOptions(\r\n    originalOptions: any,\r\n    complexity: PromptComplexity\r\n  ): OptimizedOptions {\r\n    const options = { ...originalOptions };\r\n    \r\n    switch (complexity.level) {\r\n      case 'simple':\r\n        // Minimal context for simple prompts like \"yes or no\" (reduced by 20%)\r\n        options.maxTokens = Math.min(options.maxTokens || 4000, 400);\r\n        options.includeMetadata = false;\r\n        options.useCache = true;\r\n        options.simpleMode = true;\r\n        break;\r\n        \r\n      case 'medium':\r\n        // Moderate context for medium complexity prompts (reduced by 20%)\r\n        options.maxTokens = Math.min(options.maxTokens || 4000, 1200);\r\n        options.includeMetadata = true;\r\n        options.useCache = true;\r\n        break;\r\n        \r\n      case 'complex':\r\n        // Full context for complex development tasks (reduced by 20%)\r\n        options.maxTokens = Math.min(options.maxTokens || 4000, 3200);\r\n        options.includeMetadata = true;\r\n        options.useCache = true;\r\n        break;\r\n    }\r\n    \r\n    this.logger.debug('Optimized options generated', {\r\n      complexity: complexity.level,\r\n      maxTokens: options.maxTokens,\r\n      includeMetadata: options.includeMetadata,\r\n      useCache: options.useCache\r\n    });\r\n    \r\n    return options;\r\n  }\r\n\r\n  /**\r\n   * Check if a prompt should trigger breakdown functionality\r\n   * Analyzes prompt characteristics to determine if task breakdown would be beneficial\r\n   */\r\n  shouldBreakdown(prompt: string, options?: { includeBreakdown?: boolean; maxTasks?: number }): boolean {\r\n    try {\r\n      // If explicitly disabled, don't breakdown\r\n      if (options?.includeBreakdown === false) {\r\n        return false;\r\n      }\r\n\r\n      // If explicitly enabled, always breakdown\r\n      if (options?.includeBreakdown === true) {\r\n        return true;\r\n      }\r\n\r\n      // Auto-detect based on prompt characteristics\r\n      const promptLower = prompt.toLowerCase();\r\n      \r\n      // Keywords that suggest complex, multi-step projects\r\n      // Keywords that suggest complex, multi-step tasks (dynamic detection)\r\n      const complexKeywords = this.getComplexKeywords();\r\n      \r\n      // Keywords that suggest simple, single tasks (dynamic detection)\r\n      const simpleKeywords = this.getSimpleKeywords();\r\n      \r\n      const hasComplexKeywords = complexKeywords.some(keyword => promptLower.includes(keyword));\r\n      const hasSimpleKeywords = simpleKeywords.some(keyword => promptLower.includes(keyword));\r\n      \r\n      // Check prompt length (longer prompts are more likely to be complex)\r\n      const isLongPrompt = prompt.length > 100;\r\n      \r\n      // Check for multiple sentences or bullet points (suggests multiple tasks)\r\n      const hasMultipleParts = prompt.includes('.') && prompt.split('.').length > 2;\r\n      const hasBulletPoints = prompt.includes('-') || prompt.includes('*') || prompt.includes('ΓÇó');\r\n      \r\n      // Decision logic\r\n      if (hasComplexKeywords && (isLongPrompt || hasMultipleParts || hasBulletPoints)) {\r\n        return true;\r\n      }\r\n      \r\n      if (hasSimpleKeywords && !isLongPrompt) {\r\n        return false;\r\n      }\r\n      \r\n      // Default to breakdown for medium-length prompts with project keywords\r\n      return isLongPrompt && (hasComplexKeywords || hasMultipleParts);\r\n      \r\n    } catch (error) {\r\n      this.logger.warn('Error detecting prompt complexity for breakdown', {\r\n        error: error instanceof Error ? error.message : 'Unknown error',\r\n        prompt: prompt.substring(0, 100) + '...'\r\n      });\r\n      return false;\r\n    }\r\n  }\r",
    "File: src/services/ai/ai-library-suggestion.service.ts\nDescription: Class definition: AILibrarySuggestionService\nCode:\nexport class AILibrarySuggestionService {\r\n  private config: AILibrarySuggestionConfig;\r\n  private aiService: any; // Will be injected\r\n\r\n  constructor(aiService: any, config?: Partial<AILibrarySuggestionConfig>) {\r\n    this.aiService = aiService;\r\n    this.config = {\r\n      enabled: true,\r\n      timeoutMs: 5000,\r\n      maxSuggestions: 5,\r\n      confidenceThreshold: 0.7,\r\n      ...config\r\n    };\r\n  }\r\n\r\n  /**\r\n   * Suggest libraries using AI analysis\r\n   */\r\n  async suggestLibraries(prompt: string): Promise<LibrarySuggestion[]> {\r\n    if (!this.config.enabled || !this.aiService) {\r\n      return [];\r\n    }\r\n\r\n    try {\r\n      const analysisPrompt = this.buildAnalysisPrompt(prompt);\r\n      \r\n      const response = await Promise.race([\r\n        this.aiService.analyze(analysisPrompt),\r\n        this.createTimeoutPromise(this.config.timeoutMs)\r\n      ]);\r\n\r\n      return this.parseLibrarySuggestions(response);\r\n    } catch (error) {\r\n      console.warn('AI library suggestion failed', { error, prompt: prompt.substring(0, 100) });\r\n      return [];\r\n    }\r\n  }\r\n\r\n  /**\r\n   * Build analysis prompt for AI\r\n   */\r\n  private buildAnalysisPrompt(prompt: string): string {\r\n    return `\r\nAnalyze this development prompt and suggest ${this.config.maxSuggestions} most relevant library/framework names that would provide useful documentation:\r\n\r\nPrompt: \"${prompt}\"\r\n\r\nRequirements:\r\n- Return only library names, one per line\r\n- Focus on frameworks, UI libraries, and development tools\r\n- Be specific (e.g., \"react\" not \"javascript framework\")\r\n- Consider the context and technology stack\r\n- Prioritize popular, well-documented libraries\r\n- Include confidence score (0-1) and reason for each suggestion\r\n\r\nFormat each suggestion as:\r\nname|confidence|reason|category\r\n\r\nExamples:\r\n- For component creation -> [library]|0.9|[reason]|framework\r\n- For web application -> [library]|0.8|[reason]|framework\r\n- For styling needs -> [library]|0.9|[reason]|library\r\n- For API development -> [library]|0.8|[reason]|framework\r\n- For testing requirements -> [library]|0.9|[reason]|tool\r\n\r\nCategories: framework, library, tool, language\r\n    `.trim();\r\n  }\r\n\r\n  /**\r\n   * Parse AI response into structured suggestions\r\n   */\r\n  private parseLibrarySuggestions(response: string): LibrarySuggestion[] {\r\n    const suggestions: LibrarySuggestion[] = [];\r\n    \r\n    const lines = response.split('\\n')\r\n      .map(line => line.trim())\r\n      .filter(line => line.length > 0 && !line.startsWith('#'))\r\n      .slice(0, this.config.maxSuggestions);\r\n\r\n    for (const line of lines) {\r\n      try {\r\n        const parts = line.split('|');\r\n        if (parts.length >= 4) {\r\n          const [name, confidenceStr, reason, category] = parts;\r\n          const confidence = parseFloat(confidenceStr || '0.5') || 0.5;\r\n          \r\n          if (name && this.isValidLibraryName(name) && confidence >= this.config.confidenceThreshold) {\r\n            suggestions.push({\r\n              name: name.toLowerCase().trim(),\r\n              confidence,\r\n              reason: (reason || '').trim(),\r\n              category: this.validateCategory((category || '').trim())\r\n            });\r\n          }\r\n        } else {\r\n          // Fallback parsing for simple format\r\n          const name = line.replace(/^[-*]\\s*/, '').toLowerCase().trim();\r\n          if (this.isValidLibraryName(name)) {\r\n            suggestions.push({\r\n              name,\r\n              confidence: 0.8,\r\n              reason: 'AI suggested',\r\n              category: 'library'\r\n            });\r\n          }\r\n        }\r\n      } catch (error) {\r\n        console.warn('Failed to parse suggestion line', { line, error });\r\n      }\r\n    }\r\n\r\n    return suggestions;\r\n  }\r\n\r\n  /**\r\n   * Validate library name\r\n   */\r\n  private isValidLibraryName(name: string): boolean {\r\n    const commonWords = [\r\n      'the', 'a', 'an', 'and', 'or', 'but', 'in', 'on', 'at', 'to', 'for', 'of', 'with', 'by',\r\n      'is', 'are', 'was', 'were', 'be', 'been', 'being', 'have', 'has', 'had', 'do', 'does', 'did',\r\n      'will', 'would', 'could', 'should', 'may', 'might', 'must', 'can', 'cannot', 'cant'\r\n    ];\r\n    \r\n    return name.length > 2 && \r\n           !commonWords.includes(name) && \r\n           /^[a-z0-9-]+$/.test(name) &&\r\n           !name.includes(' ') &&\r\n           !name.includes('.');\r\n  }\r\n\r\n  /**\r\n   * Validate category\r\n   */\r\n  private validateCategory(category: string): 'framework' | 'library' | 'tool' | 'language' {\r\n    const validCategories = ['framework', 'library', 'tool', 'language'];\r\n    return validCategories.includes(category.toLowerCase()) ? \r\n      category.toLowerCase() as any : 'library';\r\n  }\r\n\r\n  /**\r\n   * Create timeout promise\r\n   */\r\n  private createTimeoutPromise(timeoutMs: number): Promise<never> {\r\n    return new Promise((_, reject) => {\r\n      setTimeout(() => reject(new Error('AI suggestion timeout')), timeoutMs);\r\n    });\r\n  }\r\n\r\n  /**\r\n   * Get service configuration\r\n   */\r\n  getConfig(): AILibrarySuggestionConfig {\r\n    return { ...this.config };\r\n  }\r\n\r\n  /**\r\n   * Update service configuration\r\n   */\r\n  updateConfig(newConfig: Partial<AILibrarySuggestionConfig>): void {\r\n    this.config = { ...this.config, ...newConfig };\r\n  }\r\n\r\n  /**\r\n   * Check if service is enabled\r\n   */\r\n  isEnabled(): boolean {\r\n    return this.config.enabled && !!this.aiService;\r\n  }\r\n}\r",
    "File: src/services/ai/openai.service.ts\nDescription: Function definition: response\nCode:\n      const response = await this.client.chat.completions.create({\r\n        model: this.config.model || 'gpt-4',\r\n        messages: [\r\n          {\r\n            role: 'system',\r\n            content: `You are a task breakdown expert. Break down user requests into structured tasks using the provided documentation context.\r\n\r\nYour job is to:\r\n1. Analyze the user's request\r\n2. Use the provided documentation to understand best practices\r\n3. Break down the request into logical, manageable tasks\r\n4. Identify subtasks for complex tasks\r\n5. Determine task dependencies\r\n6. Assign appropriate priorities and categories\r\n7. Provide realistic time estimates\r\n\r\nReturn ONLY valid JSON with this exact structure:\r\n{\r\n  \"mainTasks\": [\r\n    {\r\n      \"title\": \"Task title\",\r\n      \"description\": \"Detailed description of what needs to be done\",\r\n      \"priority\": \"high|medium|low|critical\",\r\n      \"category\": \"feature|bug|refactor|testing|documentation|deployment|maintenance|setup|configuration|infrastructure|design|planning|research\",\r\n      \"estimatedHours\": 2.5\r\n    }\r\n  ],\r\n  \"subtasks\": [\r\n    {\r\n      \"parentTaskTitle\": \"Task title\",\r\n      \"title\": \"Subtask title\",\r\n      \"description\": \"Subtask description\",\r\n      \"estimatedHours\": 1.0\r\n    }\r\n  ],\r\n  \"dependencies\": [\r\n    {\r\n      \"taskTitle\": \"Task that depends on another\",\r\n      \"dependsOnTaskTitle\": \"Task it depends on\"\r\n    }\r\n  ]\r\n}\r\n\r\nGuidelines:\r\n- Break down complex tasks into 3-7 main tasks\r\n- Each main task should have 2-5 subtasks if needed\r\n- Use realistic time estimates (0.5 to 8 hours per task)\r\n- Assign priorities based on importance and urgency\r\n- Identify clear dependencies between tasks\r\n- Use the documentation context to ensure accuracy\r\n- Focus on actionable, specific tasks`\r\n          },\r\n          {\r\n            role: 'user',\r\n            content: `User Request: ${prompt}\r\n\r\nRelevant Documentation:\r\n${context}\r\n\r\nPlease break this down into structured tasks.`\r\n          }\r\n        ],\r\n        temperature: this.config.temperature || 0.3,\r\n        max_tokens: this.config.maxTokens || 2000\r\n      });\r",
    "File: src/services/ai/openai.service.ts\nDescription: Class definition: OpenAIService\nCode:\nexport class OpenAIService {\r\n  private client: OpenAI;\r\n  private logger: Logger;\r\n  private config: OpenAIConfig;\r\n  private costData: OpenAICostData[] = [];\r\n  private usageStats: OpenAIUsageStats = {\r\n    totalRequests: 0,\r\n    totalTokens: 0,\r\n    totalCost: 0,\r\n    averageCostPerRequest: 0,\r\n    averageTokensPerRequest: 0,\r\n    costByModel: {},\r\n    requestsByModel: {}\r\n  };\r\n\r\n  // OpenAI pricing per 1K tokens (as of 2024)\r\n  private readonly PRICING = {\r\n    'gpt-4': { input: 0.03, output: 0.06 },\r\n    'gpt-4-turbo': { input: 0.01, output: 0.03 },\r\n    'gpt-3.5-turbo': { input: 0.0015, output: 0.002 },\r\n    'gpt-3.5-turbo-16k': { input: 0.003, output: 0.004 }\r\n  };\r\n\r\n  constructor(logger: Logger, config: OpenAIConfig) {\r\n    this.logger = logger;\r\n    this.config = config;\r\n    \r\n    // DEBUG: Print API key and project ID being used\r\n    console.log('≡ƒöæ OpenAI Service Debug:');\r\n    console.log('  API Key:', config.apiKey ? `${config.apiKey.substring(0, 20)}...` : 'NOT SET');\r\n    console.log('  Project ID:', config.projectId || 'NOT SET');\r\n    console.log('  Full API Key Length:', config.apiKey?.length || 0);\r\n    \r\n    this.client = new OpenAI({ \r\n      apiKey: config.apiKey,\r\n      project: config.projectId\r\n    });\r\n  }\r\n\r\n  /**\r\n   * Break down a user prompt into structured tasks using OpenAI\r\n   */\r\n  async breakdownPrompt(prompt: string, context: string): Promise<TaskBreakdown> {\r\n    try {\r\n      this.logger.debug('Starting OpenAI task breakdown', { \r\n        prompt: prompt.substring(0, 100) + '...',\r\n        contextLength: context.length \r\n      });\r\n\r\n      const response = await this.client.chat.completions.create({\r\n        model: this.config.model || 'gpt-4',\r\n        messages: [\r\n          {\r\n            role: 'system',\r\n            content: `You are a task breakdown expert. Break down user requests into structured tasks using the provided documentation context.\r\n\r\nYour job is to:\r\n1. Analyze the user's request\r\n2. Use the provided documentation to understand best practices\r\n3. Break down the request into logical, manageable tasks\r\n4. Identify subtasks for complex tasks\r\n5. Determine task dependencies\r\n6. Assign appropriate priorities and categories\r\n7. Provide realistic time estimates\r\n\r\nReturn ONLY valid JSON with this exact structure:\r\n{\r\n  \"mainTasks\": [\r\n    {\r\n      \"title\": \"Task title\",\r\n      \"description\": \"Detailed description of what needs to be done\",\r\n      \"priority\": \"high|medium|low|critical\",\r\n      \"category\": \"feature|bug|refactor|testing|documentation|deployment|maintenance|setup|configuration|infrastructure|design|planning|research\",\r\n      \"estimatedHours\": 2.5\r\n    }\r\n  ],\r\n  \"subtasks\": [\r\n    {\r\n      \"parentTaskTitle\": \"Task title\",\r\n      \"title\": \"Subtask title\",\r\n      \"description\": \"Subtask description\",\r\n      \"estimatedHours\": 1.0\r\n    }\r\n  ],\r\n  \"dependencies\": [\r\n    {\r\n      \"taskTitle\": \"Task that depends on another\",\r\n      \"dependsOnTaskTitle\": \"Task it depends on\"\r\n    }\r\n  ]\r\n}\r\n\r\nGuidelines:\r\n- Break down complex tasks into 3-7 main tasks\r\n- Each main task should have 2-5 subtasks if needed\r\n- Use realistic time estimates (0.5 to 8 hours per task)\r\n- Assign priorities based on importance and urgency\r\n- Identify clear dependencies between tasks\r\n- Use the documentation context to ensure accuracy\r\n- Focus on actionable, specific tasks`\r\n          },\r\n          {\r\n            role: 'user',\r\n            content: `User Request: ${prompt}\r\n\r\nRelevant Documentation:\r\n${context}\r\n\r\nPlease break this down into structured tasks.`\r\n          }\r\n        ],\r\n        temperature: this.config.temperature || 0.3,\r\n        max_tokens: this.config.maxTokens || 2000\r\n      });\r\n\r\n      const content = response.choices[0]?.message?.content;\r\n      if (!content) {\r\n        throw new Error('No response content from OpenAI');\r\n      }\r\n\r\n      this.logger.debug('OpenAI response received', { \r\n        responseLength: content.length,\r\n        usage: response.usage \r\n      });\r\n\r\n      // Track cost and usage\r\n      if (response.usage) {\r\n        this.trackUsage(response.usage, this.config.model || 'gpt-4');\r\n      }\r\n\r\n      // Parse and validate the JSON response\r\n      const breakdown = this.parseAndValidateBreakdown(content);\r\n      \r\n      this.logger.info('Task breakdown completed successfully', {\r\n        mainTasks: breakdown.mainTasks.length,\r\n        subtasks: breakdown.subtasks.length,\r\n        dependencies: breakdown.dependencies.length\r\n      });\r\n\r\n      return breakdown;\r\n\r\n    } catch (error) {\r\n      // Enhanced error handling with specific API key error detection\r\n      if (error instanceof Error && error.message.includes('401')) {\r\n        this.logger.error('OpenAI API key invalid or expired', {\r\n          error: 'API key authentication failed',\r\n          suggestion: 'Please update OPENAI_API_KEY environment variable',\r\n          prompt: prompt.substring(0, 100) + '...'\r\n        });\r\n        throw new Error('OpenAI API key is invalid or expired. Please check your OPENAI_API_KEY environment variable.');\r\n      } else if (error instanceof Error && error.message.includes('429')) {\r\n        this.logger.error('OpenAI API rate limit exceeded', {\r\n          error: 'Rate limit exceeded',\r\n          suggestion: 'Please wait before retrying or upgrade your OpenAI plan',\r\n          prompt: prompt.substring(0, 100) + '...'\r\n        });\r\n        throw new Error('OpenAI API rate limit exceeded. Please wait before retrying.');\r\n      } else if (error instanceof Error && error.message.includes('403')) {\r\n        this.logger.error('OpenAI API access forbidden', {\r\n          error: 'API access forbidden',\r\n          suggestion: 'Please check your OpenAI API key permissions',\r\n          prompt: prompt.substring(0, 100) + '...'\r\n        });\r\n        throw new Error('OpenAI API access forbidden. Please check your API key permissions.');\r\n      } else {\r\n        this.logger.error('OpenAI task breakdown failed', {\r\n          error: error instanceof Error ? error.message : 'Unknown error',\r\n          prompt: prompt.substring(0, 100) + '...'\r\n        });\r\n        throw new Error(`Task breakdown failed: ${error instanceof Error ? error.message : 'Unknown error'}`);\r\n      }\r\n    }\r\n  }\r\n\r\n  /**\r\n   * Parse and validate the JSON response from OpenAI\r\n   */\r\n  private parseAndValidateBreakdown(content: string): TaskBreakdown {\r\n    try {\r\n      // Clean the content - remove any markdown formatting\r\n      let cleanContent = content.trim();\r\n      if (cleanContent.startsWith('```json')) {\r\n        cleanContent = cleanContent.replace(/^```json\\s*/, '').replace(/\\s*```$/, '');\r\n      } else if (cleanContent.startsWith('```')) {\r\n        cleanContent = cleanContent.replace(/^```\\s*/, '').replace(/\\s*```$/, '');\r\n      }\r\n\r\n      const parsed = JSON.parse(cleanContent);\r\n\r\n      // Validate the structure\r\n      if (!parsed.mainTasks || !Array.isArray(parsed.mainTasks)) {\r\n        throw new Error('Invalid response: mainTasks is required and must be an array');\r\n      }\r\n\r\n      if (!parsed.subtasks || !Array.isArray(parsed.subtasks)) {\r\n        throw new Error('Invalid response: subtasks is required and must be an array');\r\n      }\r\n\r\n      if (!parsed.dependencies || !Array.isArray(parsed.dependencies)) {\r\n        throw new Error('Invalid response: dependencies is required and must be an array');\r\n      }\r\n\r\n      // Validate main tasks\r\n      for (const task of parsed.mainTasks) {\r\n        if (!task.title || !task.description) {\r\n          throw new Error('Invalid main task: title and description are required');\r\n        }\r\n        if (!['low', 'medium', 'high', 'critical'].includes(task.priority)) {\r\n          throw new Error(`Invalid priority: ${task.priority}`);\r\n        }\r\n        if (!['feature', 'bug', 'refactor', 'testing', 'documentation', 'deployment', 'maintenance', 'setup', 'configuration', 'infrastructure', 'design', 'planning', 'research'].includes(task.category)) {\r\n          throw new Error(`Invalid category: ${task.category}`);\r\n        }\r\n        if (typeof task.estimatedHours !== 'number' || task.estimatedHours <= 0) {\r\n          throw new Error(`Invalid estimated hours: ${task.estimatedHours}`);\r\n        }\r\n      }\r\n\r\n      // Validate subtasks\r\n      for (const subtask of parsed.subtasks) {\r\n        if (!subtask.parentTaskTitle || !subtask.title || !subtask.description) {\r\n          throw new Error('Invalid subtask: parentTaskTitle, title, and description are required');\r\n        }\r\n        if (typeof subtask.estimatedHours !== 'number' || subtask.estimatedHours <= 0) {\r\n          throw new Error(`Invalid subtask estimated hours: ${subtask.estimatedHours}`);\r\n        }\r\n      }\r\n\r\n      // Validate dependencies\r\n      for (const dep of parsed.dependencies) {\r\n        if (!dep.taskTitle || !dep.dependsOnTaskTitle) {\r\n          throw new Error('Invalid dependency: taskTitle and dependsOnTaskTitle are required');\r\n        }\r\n      }\r\n\r\n      return parsed as TaskBreakdown;\r\n\r\n    } catch (error) {\r\n      this.logger.error('Failed to parse OpenAI response', {\r\n        error: error instanceof Error ? error.message : 'Unknown error',\r\n        content: content.substring(0, 200) + '...'\r\n      });\r\n      throw new Error(`Failed to parse task breakdown: ${error instanceof Error ? error.message : 'Unknown error'}`);\r\n    }\r\n  }\r\n\r\n  /**\r\n   * Create a chat completion with custom messages\r\n   */\r\n  async createChatCompletion(messages: any[], options?: {\r\n    model?: string;\r\n    maxTokens?: number;\r\n    temperature?: number;\r\n  }): Promise<any> {\r\n    try {\r\n      // DEBUG: Print API key and project ID before each API call\r\n      console.log('≡ƒöæ OpenAI API Call Debug:');\r\n      console.log('  API Key:', this.config.apiKey ? `${this.config.apiKey.substring(0, 20)}...` : 'NOT SET');\r\n      console.log('  Project ID:', this.config.projectId || 'NOT SET');\r\n      console.log('  Model:', options?.model || this.config.model || 'gpt-4');\r\n      console.log('  Full API Key Length:', this.config.apiKey?.length || 0);\r\n      \r\n      const response = await this.client.chat.completions.create({\r\n        model: options?.model || this.config.model || 'gpt-4',\r\n        messages,\r\n        max_tokens: options?.maxTokens || this.config.maxTokens || 2000,\r\n        temperature: options?.temperature || this.config.temperature || 0.3\r\n      });\r\n\r\n      return response;\r\n    } catch (error) {\r\n      this.logger.error('OpenAI chat completion failed', {\r\n        error: error instanceof Error ? error.message : 'Unknown error',\r\n        model: options?.model || this.config.model\r\n      });\r\n      throw error;\r\n    }\r\n  }\r\n\r\n  /**\r\n   * Test the OpenAI connection\r\n   */\r\n  async testConnection(): Promise<boolean> {\r\n    try {\r\n      const response = await this.client.chat.completions.create({\r\n        model: this.config.model || 'gpt-4',\r\n        messages: [\r\n          { role: 'user', content: 'Hello, this is a test message.' }\r\n        ],\r\n        max_tokens: 10\r\n      });\r\n\r\n      return response.choices[0]?.message?.content !== undefined;\r\n    } catch (error) {\r\n      this.logger.error('OpenAI connection test failed', {\r\n        error: error instanceof Error ? error.message : 'Unknown error'\r\n      });\r\n      return false;\r\n    }\r\n  }\r\n\r\n  /**\r\n   * Track usage and calculate costs for OpenAI API calls\r\n   */\r\n  private trackUsage(usage: any, model: string): void {\r\n    const promptTokens = usage.prompt_tokens || 0;\r\n    const completionTokens = usage.completion_tokens || 0;\r\n    const totalTokens = usage.total_tokens || 0;\r\n    \r\n    const cost = this.calculateCost(promptTokens, completionTokens, model);\r\n    \r\n    const costData: OpenAICostData = {\r\n      promptTokens,\r\n      completionTokens,\r\n      totalTokens,\r\n      cost,\r\n      model,\r\n      timestamp: new Date()\r\n    };\r\n\r\n    this.costData.push(costData);\r\n    this.updateUsageStats(costData);\r\n    \r\n    this.logger.debug('OpenAI usage tracked', {\r\n      model,\r\n      promptTokens,\r\n      completionTokens,\r\n      totalTokens,\r\n      cost: cost.toFixed(4)\r\n    });\r\n  }\r\n\r\n  /**\r\n   * Calculate cost based on token usage and model\r\n   */\r\n  private calculateCost(promptTokens: number, completionTokens: number, model: string): number {\r\n    const pricing = this.PRICING[model as keyof typeof this.PRICING] || this.PRICING['gpt-4'];\r\n    \r\n    const inputCost = (promptTokens / 1000) * pricing.input;\r\n    const outputCost = (completionTokens / 1000) * pricing.output;\r\n    \r\n    return inputCost + outputCost;\r\n  }\r\n\r\n  /**\r\n   * Update usage statistics\r\n   */\r\n  private updateUsageStats(costData: OpenAICostData): void {\r\n    this.usageStats.totalRequests++;\r\n    this.usageStats.totalTokens += costData.totalTokens;\r\n    this.usageStats.totalCost += costData.cost;\r\n    \r\n    // Update model-specific stats\r\n    if (!this.usageStats.costByModel[costData.model]) {\r\n      this.usageStats.costByModel[costData.model] = 0;\r\n      this.usageStats.requestsByModel[costData.model] = 0;\r\n    }\r\n    \r\n    this.usageStats.costByModel[costData.model] = (this.usageStats.costByModel[costData.model] || 0) + costData.cost;\r\n    this.usageStats.requestsByModel[costData.model] = (this.usageStats.requestsByModel[costData.model] || 0) + 1;\r\n    \r\n    // Update averages\r\n    this.usageStats.averageCostPerRequest = this.usageStats.totalCost / this.usageStats.totalRequests;\r\n    this.usageStats.averageTokensPerRequest = this.usageStats.totalTokens / this.usageStats.totalRequests;\r\n  }\r\n\r\n  /**\r\n   * Get current usage statistics\r\n   */\r\n  getUsageStats(): OpenAIUsageStats {\r\n    return { ...this.usageStats };\r\n  }\r\n\r\n  /**\r\n   * Get cost data for a specific time range\r\n   */\r\n  getCostData(startDate?: Date, endDate?: Date): OpenAICostData[] {\r\n    if (!startDate && !endDate) {\r\n      return [...this.costData];\r\n    }\r\n    \r\n    return this.costData.filter(data => {\r\n      if (startDate && data.timestamp < startDate) return false;\r\n      if (endDate && data.timestamp > endDate) return false;\r\n      return true;\r\n    });\r\n  }\r\n\r\n  /**\r\n   * Get total cost for a specific time range\r\n   */\r\n  getTotalCost(startDate?: Date, endDate?: Date): number {\r\n    const filteredData = this.getCostData(startDate, endDate);\r\n    return filteredData.reduce((total, data) => total + data.cost, 0);\r\n  }\r\n\r\n  /**\r\n   * Reset usage statistics\r\n   */\r\n  resetUsageStats(): void {\r\n    this.costData = [];\r\n    this.usageStats = {\r\n      totalRequests: 0,\r\n      totalTokens: 0,\r\n      totalCost: 0,\r\n      averageCostPerRequest: 0,\r\n      averageTokensPerRequest: 0,\r\n      costByModel: {},\r\n      requestsByModel: {}\r\n    };\r\n  }\r\n}\r",
    "File: src/services/quality/quality-requirements-detector.service.ts\nDescription: Function definition: detector\nCode:\n * const detector = new QualityRequirementsDetector(logger);\r\n * const result = await detector.detectRequirements(\r\n *   \"Create a React component with accessibility features\",\r\n *   \"react\"\r\n * );\r\n * console.log(result.requirements); // Array of detected requirements\r\n * ```\r\n */\r\nexport class QualityRequirementsDetector {\r\n  private logger: Logger;\r\n  \r\n  /**\r\n   * Keywords that indicate accessibility requirements\r\n   */\r\n  private readonly accessibilityKeywords = [\r\n    'accessibility', 'a11y', 'screen reader', 'keyboard', 'focus',\r\n    'aria', 'semantic', 'wcag', 'contrast', 'alt text', 'tabindex',\r\n    'skip link', 'navigation', 'heading', 'landmark'\r\n  ];\r\n  \r\n  /**\r\n   * Keywords that indicate security requirements\r\n   */\r\n  private readonly securityKeywords = [\r\n    'security', 'secure', 'authentication', 'authorization', 'csrf',\r\n    'xss', 'injection', 'sanitize', 'validate', 'csp', 'cors',\r\n    'https', 'encryption', 'hash', 'salt', 'token', 'jwt'\r\n  ];\r\n  \r\n  /**\r\n   * Keywords that indicate performance requirements\r\n   */\r\n  private readonly performanceKeywords = [\r\n    'performance', 'optimize', 'fast', 'speed', 'lazy', 'cache',\r\n    'bundle', 'minify', 'compress', 'cdn', 'critical', 'vitals',\r\n    'lighthouse', 'metrics', 'monitoring', 'profiling'\r\n  ];\r\n  \r\n  /**\r\n   * Framework-specific keyword patterns\r\n   */\r\n  private readonly frameworkPatterns = {\r\n    html: ['html', 'web', 'page', 'website', 'frontend', 'dom'],\r\n    react: ['react', 'jsx', 'component', 'hook', 'state', 'props'],\r\n    vue: ['vue', 'component', 'template', 'directive'],\r\n    angular: ['angular', 'component', 'service', 'directive'],\r\n    node: ['node', 'server', 'api', 'express', 'backend'],\r\n    python: ['python', 'django', 'flask', 'fastapi'],\r\n    java: ['java', 'spring', 'maven', 'gradle']\r\n  };\r\n\r\n  constructor(logger: Logger) {\r\n    this.logger = logger;\r\n  }\r\n\r\n  /**\r\n   * Detects quality requirements from a prompt and optional framework\r\n   * \r\n   * @param prompt - The input prompt to analyze\r\n   * @param framework - Optional framework to consider for specific requirements\r\n   * @param options - Optional configuration for detection\r\n   * @returns Promise<QualityDetectionResult> - Detected requirements and metadata\r\n   * \r\n   * @example\r\n   * ```typescript\r\n   * const result = await detector.detectRequirements(\r\n   *   \"Create a secure login form with accessibility features\",\r\n   *   \"react\",\r\n   *   { includeFrameworkSpecific: true, maxRequirements: 5 }\r\n   * );\r\n   * ```\r\n   */\r\n  async detectRequirements(\r\n    prompt: string,\r\n    framework?: string,\r\n    options: QualityDetectionOptions = {}\r\n  ): Promise<QualityDetectionResult> {\r\n    try {\r\n      this.logger.debug('Starting quality requirements detection', {\r\n        prompt: prompt.substring(0, 100) + '...',\r\n        framework,\r\n        options\r\n      });\r\n\r\n      const requirements: QualityRequirement[] = [];\r\n      const detectedTechnologies: string[] = [];\r\n      let confidence = 0;\r\n\r\n      // Detect technologies from prompt\r\n      const technologies = this.detectTechnologies(prompt);\r\n      detectedTechnologies.push(...technologies);\r\n\r\n      // Detect accessibility requirements\r\n      if (this.containsAccessibilityKeywords(prompt)) {\r\n        const accessibilityReqs = this.getAccessibilityRules('critical');\r\n        requirements.push(...accessibilityReqs);\r\n        confidence += 0.3;\r\n      }\r\n\r\n      // Detect security requirements\r\n      if (this.containsSecurityKeywords(prompt)) {\r\n        const securityReqs = this.getSecurityRules('critical');\r\n        requirements.push(...securityReqs);\r\n        confidence += 0.3;\r\n      }\r\n\r\n      // Detect performance requirements\r\n      if (this.containsPerformanceKeywords(prompt)) {\r\n        const performanceReqs = this.getPerformanceRules('high');\r\n        requirements.push(...performanceReqs);\r\n        confidence += 0.2;\r\n      }\r\n\r\n      // Add framework-specific requirements\r\n      if (framework && options.includeFrameworkSpecific !== false) {\r\n        const frameworkReqs = this.getFrameworkSpecificRequirements(framework);\r\n        requirements.push(...frameworkReqs);\r\n        confidence += 0.2;\r\n      }\r\n\r\n      // Auto-detect requirements for HTML/web prompts\r\n      if (this.isHtmlWebPrompt(prompt) && !framework) {\r\n        const htmlReqs = this.getFrameworkSpecificRequirements('html');\r\n        requirements.push(...htmlReqs);\r\n        confidence += 0.3;\r\n      }\r\n\r\n      // Apply maximum requirements limit\r\n      const maxReqs = options.maxRequirements || 10;\r\n      const finalRequirements = requirements.slice(0, maxReqs);\r\n\r\n      // Calculate final confidence\r\n      const finalConfidence = Math.min(confidence, 1.0);\r\n\r\n      // Filter by confidence threshold\r\n      const minConfidence = options.minConfidence || 0.5;\r\n      const filteredRequirements = finalConfidence >= minConfidence \r\n        ? finalRequirements \r\n        : [];\r\n\r\n      const result: QualityDetectionResult = {\r\n        requirements: filteredRequirements,\r\n        detectedTechnologies: [...new Set(detectedTechnologies)],\r\n        confidence: finalConfidence\r\n      };\r\n\r\n      this.logger.info('Quality requirements detection completed', {\r\n        requirementsCount: result.requirements.length,\r\n        technologies: result.detectedTechnologies,\r\n        confidence: result.confidence\r\n      });\r\n\r\n      return result;\r\n\r\n    } catch (error) {\r\n      this.logger.error('Quality requirements detection failed', {\r\n        error: error instanceof Error ? error.message : 'Unknown error',\r\n        prompt: prompt.substring(0, 100) + '...'\r\n      });\r\n      \r\n      // Return fallback result\r\n      return {\r\n        requirements: [],\r\n        detectedTechnologies: [],\r\n        confidence: 0\r\n      };\r\n    }\r\n  }\r\n\r\n  /**\r\n   * Checks if prompt contains accessibility-related keywords\r\n   * \r\n   * @param prompt - The prompt to analyze\r\n   * @returns boolean - True if accessibility keywords found\r\n   * \r\n   * @example\r\n   * ```typescript\r\n   * const hasAccessibility = detector.containsAccessibilityKeywords(\r\n   *   \"Create a form with keyboard navigation\"\r\n   * ); // true\r\n   * ```\r\n   */\r\n  private containsAccessibilityKeywords(prompt: string): boolean {\r\n    const lowerPrompt = prompt.toLowerCase();\r\n    return this.accessibilityKeywords.some(keyword => \r\n      lowerPrompt.includes(keyword.toLowerCase())\r\n    );\r\n  }\r\n\r\n  /**\r\n   * Checks if prompt contains security-related keywords\r\n   * \r\n   * @param prompt - The prompt to analyze\r\n   * @returns boolean - True if security keywords found\r\n   */\r\n  private containsSecurityKeywords(prompt: string): boolean {\r\n    const lowerPrompt = prompt.toLowerCase();\r\n    return this.securityKeywords.some(keyword => \r\n      lowerPrompt.includes(keyword.toLowerCase())\r\n    );\r\n  }\r\n\r\n  /**\r\n   * Checks if prompt contains performance-related keywords\r\n   * \r\n   * @param prompt - The prompt to analyze\r\n   * @returns boolean - True if performance keywords found\r\n   */\r\n  private containsPerformanceKeywords(prompt: string): boolean {\r\n    const lowerPrompt = prompt.toLowerCase();\r\n    return this.performanceKeywords.some(keyword => \r\n      lowerPrompt.includes(keyword.toLowerCase())\r\n    );\r\n  }\r\n\r\n  /**\r\n   * Detects technologies mentioned in the prompt\r\n   * \r\n   * @param prompt - The prompt to analyze\r\n   * @returns string[] - Array of detected technologies\r\n   */\r\n  private detectTechnologies(prompt: string): string[] {\r\n    const lowerPrompt = prompt.toLowerCase();\r\n    const detected: string[] = [];\r\n\r\n    for (const [framework, patterns] of Object.entries(this.frameworkPatterns)) {\r\n      if (patterns.some(pattern => lowerPrompt.includes(pattern))) {\r\n        detected.push(framework);\r\n      }\r\n    }\r\n\r\n    return detected;\r\n  }\r\n\r\n  /**\r\n   * Checks if prompt is related to HTML/web development\r\n   * \r\n   * @param prompt - The prompt to analyze\r\n   * @returns boolean - True if HTML/web related\r\n   */\r\n  private isHtmlWebPrompt(prompt: string): boolean {\r\n    const htmlKeywords = ['html', 'web', 'page', 'website', 'frontend', 'css', 'javascript'];\r\n    const lowerPrompt = prompt.toLowerCase();\r\n    \r\n    return htmlKeywords.some(keyword => lowerPrompt.includes(keyword)) ||\r\n           lowerPrompt.includes('create') && (\r\n             lowerPrompt.includes('page') || \r\n             lowerPrompt.includes('component') ||\r\n             lowerPrompt.includes('ui')\r\n           );\r\n  }\r\n\r\n  /**\r\n   * Generates accessibility rules based on priority\r\n   * \r\n   * @param priority - Priority level for the rules\r\n   * @returns QualityRequirement[] - Array of accessibility requirements\r\n   */\r\n  private getAccessibilityRules(priority: QualityPriority): QualityRequirement[] {\r\n    const rules: string[] = [];\r\n\r\n    if (priority === 'critical' || priority === 'high') {\r\n      rules.push(\r\n        'Use semantic HTML elements (<main>, <button>, <section>) not generic <div>',\r\n        'Add visible focus states with :focus-visible for all interactive elements',\r\n        'Include role=\"status\" aria-live=\"polite\" for dynamic content updates'\r\n      );\r\n    }\r\n\r\n    if (priority === 'critical') {\r\n      rules.push(\r\n        'Wrap animations in @media (prefers-reduced-motion: reduce) guards',\r\n        'Ensure WCAG AA contrast ratios (4.5:1 minimum)',\r\n        'Provide keyboard navigation support (Space/Enter keys)'\r\n      );\r\n    }\r\n\r\n    return [{\r\n      category: 'accessibility',\r\n      priority,\r\n      rules,\r\n      tokenBudget: DEFAULT_TOKEN_BUDGET.accessibility\r\n    }];\r\n  }\r\n\r\n  /**\r\n   * Generates security rules based on priority\r\n   * \r\n   * @param priority - Priority level for the rules\r\n   * @returns QualityRequirement[] - Array of security requirements\r\n   */\r\n  private getSecurityRules(priority: QualityPriority): QualityRequirement[] {\r\n    const rules: string[] = [];\r\n\r\n    if (priority === 'critical') {\r\n      rules.push(\r\n        'Move inline <style> and <script> to external files',\r\n        'Generate Content Security Policy headers',\r\n        'Sanitize any dynamic content to prevent XSS'\r\n      );\r\n    }\r\n\r\n    if (priority === 'critical' || priority === 'high') {\r\n      rules.push(\r\n        'Validate all user inputs',\r\n        'Implement proper authentication and authorization',\r\n        'Use HTTPS for all communications'\r\n      );\r\n    }\r\n\r\n    return [{\r\n      category: 'security',\r\n      priority,\r\n      rules,\r\n      tokenBudget: DEFAULT_TOKEN_BUDGET.security\r\n    }];\r\n  }\r\n\r\n  /**\r\n   * Generates performance rules based on priority\r\n   * \r\n   * @param priority - Priority level for the rules\r\n   * @returns QualityRequirement[] - Array of performance requirements\r\n   */\r\n  private getPerformanceRules(priority: QualityPriority): QualityRequirement[] {\r\n    const rules: string[] = [];\r\n\r\n    if (priority === 'high' || priority === 'critical') {\r\n      rules.push(\r\n        'Optimize for Core Web Vitals metrics',\r\n        'Implement lazy loading for images and components',\r\n        'Use efficient caching strategies'\r\n      );\r\n    }\r\n\r\n    if (priority === 'high') {\r\n      rules.push(\r\n        'Minimize bundle size with code splitting',\r\n        'Optimize animations for 60fps performance',\r\n        'Implement proper error boundaries'\r\n      );\r\n    }\r\n\r\n    return [{\r\n      category: 'performance',\r\n      priority,\r\n      rules,\r\n      tokenBudget: DEFAULT_TOKEN_BUDGET.performance\r\n    }];\r\n  }\r\n\r\n  /**\r\n   * Gets framework-specific quality requirements\r\n   * \r\n   * @param framework - The framework to get requirements for\r\n   * @returns QualityRequirement[] - Array of framework-specific requirements\r\n   */\r\n  private getFrameworkSpecificRequirements(framework: string): QualityRequirement[] {\r\n    const frameworkKey = framework.toLowerCase();\r\n    \r\n    if (frameworkKey in EXAMPLE_QUALITY_REQUIREMENTS) {\r\n      return EXAMPLE_QUALITY_REQUIREMENTS[frameworkKey as keyof typeof EXAMPLE_QUALITY_REQUIREMENTS] || [];\r\n    }\r\n\r\n    // Fallback for unknown frameworks\r\n    if (this.frameworkPatterns.html.includes(frameworkKey)) {\r\n      return this.getHtmlSpecificRequirements();\r\n    }\r\n\r\n    if (this.frameworkPatterns.react.includes(frameworkKey)) {\r\n      return this.getReactSpecificRequirements();\r\n    }\r\n\r\n    return [];\r\n  }\r\n\r\n  /**\r\n   * Gets HTML-specific quality requirements\r\n   * \r\n   * @returns QualityRequirement[] - HTML-specific requirements\r\n   */\r\n  private getHtmlSpecificRequirements(): QualityRequirement[] {\r\n    return [\r\n      {\r\n        category: 'accessibility',\r\n        priority: 'critical',\r\n        rules: [\r\n          'Use semantic HTML elements (<main>, <button>, <section>) not generic <div>',\r\n          'Add visible focus states with :focus-visible for all interactive elements',\r\n          'Include role=\"status\" aria-live=\"polite\" for dynamic content updates',\r\n          'Wrap animations in @media (prefers-reduced-motion: reduce) guards'\r\n        ],\r\n        tokenBudget: DEFAULT_TOKEN_BUDGET.accessibility\r\n      },\r\n      {\r\n        category: 'security',\r\n        priority: 'critical',\r\n        rules: [\r\n          'Move inline <style> and <script> to external files',\r\n          'Generate Content Security Policy headers',\r\n          'Sanitize any dynamic content to prevent XSS'\r\n        ],\r\n        tokenBudget: DEFAULT_TOKEN_BUDGET.security\r\n      }\r\n    ];\r\n  }\r\n\r\n  /**\r\n   * Gets React-specific quality requirements\r\n   * \r\n   * @returns QualityRequirement[] - React-specific requirements\r\n   */\r\n  private getReactSpecificRequirements(): QualityRequirement[] {\r\n    return [\r\n      {\r\n        category: 'accessibility',\r\n        priority: 'critical',\r\n        rules: [\r\n          'Use semantic HTML elements and proper ARIA roles',\r\n          'Implement keyboard navigation support',\r\n          'Add focus management for dynamic content',\r\n          'Include screen reader announcements'\r\n        ],\r\n        tokenBudget: DEFAULT_TOKEN_BUDGET.accessibility\r\n      },\r\n      {\r\n        category: 'security',\r\n        priority: 'critical',\r\n        rules: [\r\n          'Sanitize all props and user inputs',\r\n          'Implement proper error boundaries',\r\n          'Validate TypeScript interfaces strictly',\r\n          'Use secure state management patterns'\r\n        ],\r\n        tokenBudget: DEFAULT_TOKEN_BUDGET.security\r\n      },\r\n      {\r\n        category: 'performance',\r\n        priority: 'high',\r\n        rules: [\r\n          'Implement React.memo for expensive components',\r\n          'Use useCallback/useMemo appropriately',\r\n          'Implement code splitting with React.lazy',\r\n          'Optimize re-renders with proper dependencies'\r\n        ],\r\n        tokenBudget: DEFAULT_TOKEN_BUDGET.performance\r\n      }\r\n    ];\r\n  }\r\n}\r",
    "File: src/services/quality/quality-requirements-detector.service.ts\nDescription: Function definition: result\nCode:\n * const result = await detector.detectRequirements(\r\n *   \"Create a React component with accessibility features\",\r\n *   \"react\"\r\n * );\r\n * console.log(result.requirements); // Array of detected requirements\r\n * ```\r\n */\r\nexport class QualityRequirementsDetector {\r\n  private logger: Logger;\r\n  \r\n  /**\r\n   * Keywords that indicate accessibility requirements\r\n   */\r\n  private readonly accessibilityKeywords = [\r\n    'accessibility', 'a11y', 'screen reader', 'keyboard', 'focus',\r\n    'aria', 'semantic', 'wcag', 'contrast', 'alt text', 'tabindex',\r\n    'skip link', 'navigation', 'heading', 'landmark'\r\n  ];\r\n  \r\n  /**\r\n   * Keywords that indicate security requirements\r\n   */\r\n  private readonly securityKeywords = [\r\n    'security', 'secure', 'authentication', 'authorization', 'csrf',\r\n    'xss', 'injection', 'sanitize', 'validate', 'csp', 'cors',\r\n    'https', 'encryption', 'hash', 'salt', 'token', 'jwt'\r\n  ];\r\n  \r\n  /**\r\n   * Keywords that indicate performance requirements\r\n   */\r\n  private readonly performanceKeywords = [\r\n    'performance', 'optimize', 'fast', 'speed', 'lazy', 'cache',\r\n    'bundle', 'minify', 'compress', 'cdn', 'critical', 'vitals',\r\n    'lighthouse', 'metrics', 'monitoring', 'profiling'\r\n  ];\r\n  \r\n  /**\r\n   * Framework-specific keyword patterns\r\n   */\r\n  private readonly frameworkPatterns = {\r\n    html: ['html', 'web', 'page', 'website', 'frontend', 'dom'],\r\n    react: ['react', 'jsx', 'component', 'hook', 'state', 'props'],\r\n    vue: ['vue', 'component', 'template', 'directive'],\r\n    angular: ['angular', 'component', 'service', 'directive'],\r\n    node: ['node', 'server', 'api', 'express', 'backend'],\r\n    python: ['python', 'django', 'flask', 'fastapi'],\r\n    java: ['java', 'spring', 'maven', 'gradle']\r\n  };\r\n\r\n  constructor(logger: Logger) {\r\n    this.logger = logger;\r\n  }\r\n\r\n  /**\r\n   * Detects quality requirements from a prompt and optional framework\r\n   * \r\n   * @param prompt - The input prompt to analyze\r\n   * @param framework - Optional framework to consider for specific requirements\r\n   * @param options - Optional configuration for detection\r\n   * @returns Promise<QualityDetectionResult> - Detected requirements and metadata\r\n   * \r\n   * @example\r\n   * ```typescript\r\n   * const result = await detector.detectRequirements(\r\n   *   \"Create a secure login form with accessibility features\",\r\n   *   \"react\",\r\n   *   { includeFrameworkSpecific: true, maxRequirements: 5 }\r\n   * );\r\n   * ```\r\n   */\r\n  async detectRequirements(\r\n    prompt: string,\r\n    framework?: string,\r\n    options: QualityDetectionOptions = {}\r\n  ): Promise<QualityDetectionResult> {\r\n    try {\r\n      this.logger.debug('Starting quality requirements detection', {\r\n        prompt: prompt.substring(0, 100) + '...',\r\n        framework,\r\n        options\r\n      });\r\n\r\n      const requirements: QualityRequirement[] = [];\r\n      const detectedTechnologies: string[] = [];\r\n      let confidence = 0;\r\n\r\n      // Detect technologies from prompt\r\n      const technologies = this.detectTechnologies(prompt);\r\n      detectedTechnologies.push(...technologies);\r\n\r\n      // Detect accessibility requirements\r\n      if (this.containsAccessibilityKeywords(prompt)) {\r\n        const accessibilityReqs = this.getAccessibilityRules('critical');\r\n        requirements.push(...accessibilityReqs);\r\n        confidence += 0.3;\r\n      }\r\n\r\n      // Detect security requirements\r\n      if (this.containsSecurityKeywords(prompt)) {\r\n        const securityReqs = this.getSecurityRules('critical');\r\n        requirements.push(...securityReqs);\r\n        confidence += 0.3;\r\n      }\r\n\r\n      // Detect performance requirements\r\n      if (this.containsPerformanceKeywords(prompt)) {\r\n        const performanceReqs = this.getPerformanceRules('high');\r\n        requirements.push(...performanceReqs);\r\n        confidence += 0.2;\r\n      }\r\n\r\n      // Add framework-specific requirements\r\n      if (framework && options.includeFrameworkSpecific !== false) {\r\n        const frameworkReqs = this.getFrameworkSpecificRequirements(framework);\r\n        requirements.push(...frameworkReqs);\r\n        confidence += 0.2;\r\n      }\r\n\r\n      // Auto-detect requirements for HTML/web prompts\r\n      if (this.isHtmlWebPrompt(prompt) && !framework) {\r\n        const htmlReqs = this.getFrameworkSpecificRequirements('html');\r\n        requirements.push(...htmlReqs);\r\n        confidence += 0.3;\r\n      }\r\n\r\n      // Apply maximum requirements limit\r\n      const maxReqs = options.maxRequirements || 10;\r\n      const finalRequirements = requirements.slice(0, maxReqs);\r\n\r\n      // Calculate final confidence\r\n      const finalConfidence = Math.min(confidence, 1.0);\r\n\r\n      // Filter by confidence threshold\r\n      const minConfidence = options.minConfidence || 0.5;\r\n      const filteredRequirements = finalConfidence >= minConfidence \r\n        ? finalRequirements \r\n        : [];\r\n\r\n      const result: QualityDetectionResult = {\r\n        requirements: filteredRequirements,\r\n        detectedTechnologies: [...new Set(detectedTechnologies)],\r\n        confidence: finalConfidence\r\n      };\r\n\r\n      this.logger.info('Quality requirements detection completed', {\r\n        requirementsCount: result.requirements.length,\r\n        technologies: result.detectedTechnologies,\r\n        confidence: result.confidence\r\n      });\r\n\r\n      return result;\r\n\r\n    } catch (error) {\r\n      this.logger.error('Quality requirements detection failed', {\r\n        error: error instanceof Error ? error.message : 'Unknown error',\r\n        prompt: prompt.substring(0, 100) + '...'\r\n      });\r\n      \r\n      // Return fallback result\r\n      return {\r\n        requirements: [],\r\n        detectedTechnologies: [],\r\n        confidence: 0\r\n      };\r\n    }\r\n  }\r\n\r\n  /**\r\n   * Checks if prompt contains accessibility-related keywords\r\n   * \r\n   * @param prompt - The prompt to analyze\r\n   * @returns boolean - True if accessibility keywords found\r\n   * \r\n   * @example\r\n   * ```typescript\r\n   * const hasAccessibility = detector.containsAccessibilityKeywords(\r\n   *   \"Create a form with keyboard navigation\"\r\n   * ); // true\r\n   * ```\r\n   */\r\n  private containsAccessibilityKeywords(prompt: string): boolean {\r\n    const lowerPrompt = prompt.toLowerCase();\r\n    return this.accessibilityKeywords.some(keyword => \r\n      lowerPrompt.includes(keyword.toLowerCase())\r\n    );\r\n  }\r\n\r\n  /**\r\n   * Checks if prompt contains security-related keywords\r\n   * \r\n   * @param prompt - The prompt to analyze\r\n   * @returns boolean - True if security keywords found\r\n   */\r\n  private containsSecurityKeywords(prompt: string): boolean {\r\n    const lowerPrompt = prompt.toLowerCase();\r\n    return this.securityKeywords.some(keyword => \r\n      lowerPrompt.includes(keyword.toLowerCase())\r\n    );\r\n  }\r\n\r\n  /**\r\n   * Checks if prompt contains performance-related keywords\r\n   * \r\n   * @param prompt - The prompt to analyze\r\n   * @returns boolean - True if performance keywords found\r\n   */\r\n  private containsPerformanceKeywords(prompt: string): boolean {\r\n    const lowerPrompt = prompt.toLowerCase();\r\n    return this.performanceKeywords.some(keyword => \r\n      lowerPrompt.includes(keyword.toLowerCase())\r\n    );\r\n  }\r\n\r\n  /**\r\n   * Detects technologies mentioned in the prompt\r\n   * \r\n   * @param prompt - The prompt to analyze\r\n   * @returns string[] - Array of detected technologies\r\n   */\r\n  private detectTechnologies(prompt: string): string[] {\r\n    const lowerPrompt = prompt.toLowerCase();\r\n    const detected: string[] = [];\r\n\r\n    for (const [framework, patterns] of Object.entries(this.frameworkPatterns)) {\r\n      if (patterns.some(pattern => lowerPrompt.includes(pattern))) {\r\n        detected.push(framework);\r\n      }\r\n    }\r\n\r\n    return detected;\r\n  }\r\n\r\n  /**\r\n   * Checks if prompt is related to HTML/web development\r\n   * \r\n   * @param prompt - The prompt to analyze\r\n   * @returns boolean - True if HTML/web related\r\n   */\r\n  private isHtmlWebPrompt(prompt: string): boolean {\r\n    const htmlKeywords = ['html', 'web', 'page', 'website', 'frontend', 'css', 'javascript'];\r\n    const lowerPrompt = prompt.toLowerCase();\r\n    \r\n    return htmlKeywords.some(keyword => lowerPrompt.includes(keyword)) ||\r\n           lowerPrompt.includes('create') && (\r\n             lowerPrompt.includes('page') || \r\n             lowerPrompt.includes('component') ||\r\n             lowerPrompt.includes('ui')\r\n           );\r\n  }\r\n\r\n  /**\r\n   * Generates accessibility rules based on priority\r\n   * \r\n   * @param priority - Priority level for the rules\r\n   * @returns QualityRequirement[] - Array of accessibility requirements\r\n   */\r\n  private getAccessibilityRules(priority: QualityPriority): QualityRequirement[] {\r\n    const rules: string[] = [];\r\n\r\n    if (priority === 'critical' || priority === 'high') {\r\n      rules.push(\r\n        'Use semantic HTML elements (<main>, <button>, <section>) not generic <div>',\r\n        'Add visible focus states with :focus-visible for all interactive elements',\r\n        'Include role=\"status\" aria-live=\"polite\" for dynamic content updates'\r\n      );\r\n    }\r\n\r\n    if (priority === 'critical') {\r\n      rules.push(\r\n        'Wrap animations in @media (prefers-reduced-motion: reduce) guards',\r\n        'Ensure WCAG AA contrast ratios (4.5:1 minimum)',\r\n        'Provide keyboard navigation support (Space/Enter keys)'\r\n      );\r\n    }\r\n\r\n    return [{\r\n      category: 'accessibility',\r\n      priority,\r\n      rules,\r\n      tokenBudget: DEFAULT_TOKEN_BUDGET.accessibility\r\n    }];\r\n  }\r\n\r\n  /**\r\n   * Generates security rules based on priority\r\n   * \r\n   * @param priority - Priority level for the rules\r\n   * @returns QualityRequirement[] - Array of security requirements\r\n   */\r\n  private getSecurityRules(priority: QualityPriority): QualityRequirement[] {\r\n    const rules: string[] = [];\r\n\r\n    if (priority === 'critical') {\r\n      rules.push(\r\n        'Move inline <style> and <script> to external files',\r\n        'Generate Content Security Policy headers',\r\n        'Sanitize any dynamic content to prevent XSS'\r\n      );\r\n    }\r\n\r\n    if (priority === 'critical' || priority === 'high') {\r\n      rules.push(\r\n        'Validate all user inputs',\r\n        'Implement proper authentication and authorization',\r\n        'Use HTTPS for all communications'\r\n      );\r\n    }\r\n\r\n    return [{\r\n      category: 'security',\r\n      priority,\r\n      rules,\r\n      tokenBudget: DEFAULT_TOKEN_BUDGET.security\r\n    }];\r\n  }\r\n\r\n  /**\r\n   * Generates performance rules based on priority\r\n   * \r\n   * @param priority - Priority level for the rules\r\n   * @returns QualityRequirement[] - Array of performance requirements\r\n   */\r\n  private getPerformanceRules(priority: QualityPriority): QualityRequirement[] {\r\n    const rules: string[] = [];\r\n\r\n    if (priority === 'high' || priority === 'critical') {\r\n      rules.push(\r\n        'Optimize for Core Web Vitals metrics',\r\n        'Implement lazy loading for images and components',\r\n        'Use efficient caching strategies'\r\n      );\r\n    }\r\n\r\n    if (priority === 'high') {\r\n      rules.push(\r\n        'Minimize bundle size with code splitting',\r\n        'Optimize animations for 60fps performance',\r\n        'Implement proper error boundaries'\r\n      );\r\n    }\r\n\r\n    return [{\r\n      category: 'performance',\r\n      priority,\r\n      rules,\r\n      tokenBudget: DEFAULT_TOKEN_BUDGET.performance\r\n    }];\r\n  }\r\n\r\n  /**\r\n   * Gets framework-specific quality requirements\r\n   * \r\n   * @param framework - The framework to get requirements for\r\n   * @returns QualityRequirement[] - Array of framework-specific requirements\r\n   */\r\n  private getFrameworkSpecificRequirements(framework: string): QualityRequirement[] {\r\n    const frameworkKey = framework.toLowerCase();\r\n    \r\n    if (frameworkKey in EXAMPLE_QUALITY_REQUIREMENTS) {\r\n      return EXAMPLE_QUALITY_REQUIREMENTS[frameworkKey as keyof typeof EXAMPLE_QUALITY_REQUIREMENTS] || [];\r\n    }\r\n\r\n    // Fallback for unknown frameworks\r\n    if (this.frameworkPatterns.html.includes(frameworkKey)) {\r\n      return this.getHtmlSpecificRequirements();\r\n    }\r\n\r\n    if (this.frameworkPatterns.react.includes(frameworkKey)) {\r\n      return this.getReactSpecificRequirements();\r\n    }\r\n\r\n    return [];\r\n  }\r\n\r\n  /**\r\n   * Gets HTML-specific quality requirements\r\n   * \r\n   * @returns QualityRequirement[] - HTML-specific requirements\r\n   */\r\n  private getHtmlSpecificRequirements(): QualityRequirement[] {\r\n    return [\r\n      {\r\n        category: 'accessibility',\r\n        priority: 'critical',\r\n        rules: [\r\n          'Use semantic HTML elements (<main>, <button>, <section>) not generic <div>',\r\n          'Add visible focus states with :focus-visible for all interactive elements',\r\n          'Include role=\"status\" aria-live=\"polite\" for dynamic content updates',\r\n          'Wrap animations in @media (prefers-reduced-motion: reduce) guards'\r\n        ],\r\n        tokenBudget: DEFAULT_TOKEN_BUDGET.accessibility\r\n      },\r\n      {\r\n        category: 'security',\r\n        priority: 'critical',\r\n        rules: [\r\n          'Move inline <style> and <script> to external files',\r\n          'Generate Content Security Policy headers',\r\n          'Sanitize any dynamic content to prevent XSS'\r\n        ],\r\n        tokenBudget: DEFAULT_TOKEN_BUDGET.security\r\n      }\r\n    ];\r\n  }\r\n\r\n  /**\r\n   * Gets React-specific quality requirements\r\n   * \r\n   * @returns QualityRequirement[] - React-specific requirements\r\n   */\r\n  private getReactSpecificRequirements(): QualityRequirement[] {\r\n    return [\r\n      {\r\n        category: 'accessibility',\r\n        priority: 'critical',\r\n        rules: [\r\n          'Use semantic HTML elements and proper ARIA roles',\r\n          'Implement keyboard navigation support',\r\n          'Add focus management for dynamic content',\r\n          'Include screen reader announcements'\r\n        ],\r\n        tokenBudget: DEFAULT_TOKEN_BUDGET.accessibility\r\n      },\r\n      {\r\n        category: 'security',\r\n        priority: 'critical',\r\n        rules: [\r\n          'Sanitize all props and user inputs',\r\n          'Implement proper error boundaries',\r\n          'Validate TypeScript interfaces strictly',\r\n          'Use secure state management patterns'\r\n        ],\r\n        tokenBudget: DEFAULT_TOKEN_BUDGET.security\r\n      },\r\n      {\r\n        category: 'performance',\r\n        priority: 'high',\r\n        rules: [\r\n          'Implement React.memo for expensive components',\r\n          'Use useCallback/useMemo appropriately',\r\n          'Implement code splitting with React.lazy',\r\n          'Optimize re-renders with proper dependencies'\r\n        ],\r\n        tokenBudget: DEFAULT_TOKEN_BUDGET.performance\r\n      }\r\n    ];\r\n  }\r\n}\r",
    "File: src/services/quality/quality-requirements-detector.service.ts\nDescription: Class definition: QualityRequirementsDetector\nCode:\nexport class QualityRequirementsDetector {\r\n  private logger: Logger;\r\n  \r\n  /**\r\n   * Keywords that indicate accessibility requirements\r\n   */\r\n  private readonly accessibilityKeywords = [\r\n    'accessibility', 'a11y', 'screen reader', 'keyboard', 'focus',\r\n    'aria', 'semantic', 'wcag', 'contrast', 'alt text', 'tabindex',\r\n    'skip link', 'navigation', 'heading', 'landmark'\r\n  ];\r\n  \r\n  /**\r\n   * Keywords that indicate security requirements\r\n   */\r\n  private readonly securityKeywords = [\r\n    'security', 'secure', 'authentication', 'authorization', 'csrf',\r\n    'xss', 'injection', 'sanitize', 'validate', 'csp', 'cors',\r\n    'https', 'encryption', 'hash', 'salt', 'token', 'jwt'\r\n  ];\r\n  \r\n  /**\r\n   * Keywords that indicate performance requirements\r\n   */\r\n  private readonly performanceKeywords = [\r\n    'performance', 'optimize', 'fast', 'speed', 'lazy', 'cache',\r\n    'bundle', 'minify', 'compress', 'cdn', 'critical', 'vitals',\r\n    'lighthouse', 'metrics', 'monitoring', 'profiling'\r\n  ];\r\n  \r\n  /**\r\n   * Framework-specific keyword patterns\r\n   */\r\n  private readonly frameworkPatterns = {\r\n    html: ['html', 'web', 'page', 'website', 'frontend', 'dom'],\r\n    react: ['react', 'jsx', 'component', 'hook', 'state', 'props'],\r\n    vue: ['vue', 'component', 'template', 'directive'],\r\n    angular: ['angular', 'component', 'service', 'directive'],\r\n    node: ['node', 'server', 'api', 'express', 'backend'],\r\n    python: ['python', 'django', 'flask', 'fastapi'],\r\n    java: ['java', 'spring', 'maven', 'gradle']\r\n  };\r\n\r\n  constructor(logger: Logger) {\r\n    this.logger = logger;\r\n  }\r\n\r\n  /**\r\n   * Detects quality requirements from a prompt and optional framework\r\n   * \r\n   * @param prompt - The input prompt to analyze\r\n   * @param framework - Optional framework to consider for specific requirements\r\n   * @param options - Optional configuration for detection\r\n   * @returns Promise<QualityDetectionResult> - Detected requirements and metadata\r\n   * \r\n   * @example\r\n   * ```typescript\r\n   * const result = await detector.detectRequirements(\r\n   *   \"Create a secure login form with accessibility features\",\r\n   *   \"react\",\r\n   *   { includeFrameworkSpecific: true, maxRequirements: 5 }\r\n   * );\r\n   * ```\r\n   */\r\n  async detectRequirements(\r\n    prompt: string,\r\n    framework?: string,\r\n    options: QualityDetectionOptions = {}\r\n  ): Promise<QualityDetectionResult> {\r\n    try {\r\n      this.logger.debug('Starting quality requirements detection', {\r\n        prompt: prompt.substring(0, 100) + '...',\r\n        framework,\r\n        options\r\n      });\r\n\r\n      const requirements: QualityRequirement[] = [];\r\n      const detectedTechnologies: string[] = [];\r\n      let confidence = 0;\r\n\r\n      // Detect technologies from prompt\r\n      const technologies = this.detectTechnologies(prompt);\r\n      detectedTechnologies.push(...technologies);\r\n\r\n      // Detect accessibility requirements\r\n      if (this.containsAccessibilityKeywords(prompt)) {\r\n        const accessibilityReqs = this.getAccessibilityRules('critical');\r\n        requirements.push(...accessibilityReqs);\r\n        confidence += 0.3;\r\n      }\r\n\r\n      // Detect security requirements\r\n      if (this.containsSecurityKeywords(prompt)) {\r\n        const securityReqs = this.getSecurityRules('critical');\r\n        requirements.push(...securityReqs);\r\n        confidence += 0.3;\r\n      }\r\n\r\n      // Detect performance requirements\r\n      if (this.containsPerformanceKeywords(prompt)) {\r\n        const performanceReqs = this.getPerformanceRules('high');\r\n        requirements.push(...performanceReqs);\r\n        confidence += 0.2;\r\n      }\r\n\r\n      // Add framework-specific requirements\r\n      if (framework && options.includeFrameworkSpecific !== false) {\r\n        const frameworkReqs = this.getFrameworkSpecificRequirements(framework);\r\n        requirements.push(...frameworkReqs);\r\n        confidence += 0.2;\r\n      }\r\n\r\n      // Auto-detect requirements for HTML/web prompts\r\n      if (this.isHtmlWebPrompt(prompt) && !framework) {\r\n        const htmlReqs = this.getFrameworkSpecificRequirements('html');\r\n        requirements.push(...htmlReqs);\r\n        confidence += 0.3;\r\n      }\r\n\r\n      // Apply maximum requirements limit\r\n      const maxReqs = options.maxRequirements || 10;\r\n      const finalRequirements = requirements.slice(0, maxReqs);\r\n\r\n      // Calculate final confidence\r\n      const finalConfidence = Math.min(confidence, 1.0);\r\n\r\n      // Filter by confidence threshold\r\n      const minConfidence = options.minConfidence || 0.5;\r\n      const filteredRequirements = finalConfidence >= minConfidence \r\n        ? finalRequirements \r\n        : [];\r\n\r\n      const result: QualityDetectionResult = {\r\n        requirements: filteredRequirements,\r\n        detectedTechnologies: [...new Set(detectedTechnologies)],\r\n        confidence: finalConfidence\r\n      };\r\n\r\n      this.logger.info('Quality requirements detection completed', {\r\n        requirementsCount: result.requirements.length,\r\n        technologies: result.detectedTechnologies,\r\n        confidence: result.confidence\r\n      });\r\n\r\n      return result;\r\n\r\n    } catch (error) {\r\n      this.logger.error('Quality requirements detection failed', {\r\n        error: error instanceof Error ? error.message : 'Unknown error',\r\n        prompt: prompt.substring(0, 100) + '...'\r\n      });\r\n      \r\n      // Return fallback result\r\n      return {\r\n        requirements: [],\r\n        detectedTechnologies: [],\r\n        confidence: 0\r\n      };\r\n    }\r\n  }\r\n\r\n  /**\r\n   * Checks if prompt contains accessibility-related keywords\r\n   * \r\n   * @param prompt - The prompt to analyze\r\n   * @returns boolean - True if accessibility keywords found\r\n   * \r\n   * @example\r\n   * ```typescript\r\n   * const hasAccessibility = detector.containsAccessibilityKeywords(\r\n   *   \"Create a form with keyboard navigation\"\r\n   * ); // true\r\n   * ```\r\n   */\r\n  private containsAccessibilityKeywords(prompt: string): boolean {\r\n    const lowerPrompt = prompt.toLowerCase();\r\n    return this.accessibilityKeywords.some(keyword => \r\n      lowerPrompt.includes(keyword.toLowerCase())\r\n    );\r\n  }\r\n\r\n  /**\r\n   * Checks if prompt contains security-related keywords\r\n   * \r\n   * @param prompt - The prompt to analyze\r\n   * @returns boolean - True if security keywords found\r\n   */\r\n  private containsSecurityKeywords(prompt: string): boolean {\r\n    const lowerPrompt = prompt.toLowerCase();\r\n    return this.securityKeywords.some(keyword => \r\n      lowerPrompt.includes(keyword.toLowerCase())\r\n    );\r\n  }\r\n\r\n  /**\r\n   * Checks if prompt contains performance-related keywords\r\n   * \r\n   * @param prompt - The prompt to analyze\r\n   * @returns boolean - True if performance keywords found\r\n   */\r\n  private containsPerformanceKeywords(prompt: string): boolean {\r\n    const lowerPrompt = prompt.toLowerCase();\r\n    return this.performanceKeywords.some(keyword => \r\n      lowerPrompt.includes(keyword.toLowerCase())\r\n    );\r\n  }\r\n\r\n  /**\r\n   * Detects technologies mentioned in the prompt\r\n   * \r\n   * @param prompt - The prompt to analyze\r\n   * @returns string[] - Array of detected technologies\r\n   */\r\n  private detectTechnologies(prompt: string): string[] {\r\n    const lowerPrompt = prompt.toLowerCase();\r\n    const detected: string[] = [];\r\n\r\n    for (const [framework, patterns] of Object.entries(this.frameworkPatterns)) {\r\n      if (patterns.some(pattern => lowerPrompt.includes(pattern))) {\r\n        detected.push(framework);\r\n      }\r\n    }\r\n\r\n    return detected;\r\n  }\r\n\r\n  /**\r\n   * Checks if prompt is related to HTML/web development\r\n   * \r\n   * @param prompt - The prompt to analyze\r\n   * @returns boolean - True if HTML/web related\r\n   */\r\n  private isHtmlWebPrompt(prompt: string): boolean {\r\n    const htmlKeywords = ['html', 'web', 'page', 'website', 'frontend', 'css', 'javascript'];\r\n    const lowerPrompt = prompt.toLowerCase();\r\n    \r\n    return htmlKeywords.some(keyword => lowerPrompt.includes(keyword)) ||\r\n           lowerPrompt.includes('create') && (\r\n             lowerPrompt.includes('page') || \r\n             lowerPrompt.includes('component') ||\r\n             lowerPrompt.includes('ui')\r\n           );\r\n  }\r\n\r\n  /**\r\n   * Generates accessibility rules based on priority\r\n   * \r\n   * @param priority - Priority level for the rules\r\n   * @returns QualityRequirement[] - Array of accessibility requirements\r\n   */\r\n  private getAccessibilityRules(priority: QualityPriority): QualityRequirement[] {\r\n    const rules: string[] = [];\r\n\r\n    if (priority === 'critical' || priority === 'high') {\r\n      rules.push(\r\n        'Use semantic HTML elements (<main>, <button>, <section>) not generic <div>',\r\n        'Add visible focus states with :focus-visible for all interactive elements',\r\n        'Include role=\"status\" aria-live=\"polite\" for dynamic content updates'\r\n      );\r\n    }\r\n\r\n    if (priority === 'critical') {\r\n      rules.push(\r\n        'Wrap animations in @media (prefers-reduced-motion: reduce) guards',\r\n        'Ensure WCAG AA contrast ratios (4.5:1 minimum)',\r\n        'Provide keyboard navigation support (Space/Enter keys)'\r\n      );\r\n    }\r\n\r\n    return [{\r\n      category: 'accessibility',\r\n      priority,\r\n      rules,\r\n      tokenBudget: DEFAULT_TOKEN_BUDGET.accessibility\r\n    }];\r\n  }\r\n\r\n  /**\r\n   * Generates security rules based on priority\r\n   * \r\n   * @param priority - Priority level for the rules\r\n   * @returns QualityRequirement[] - Array of security requirements\r\n   */\r\n  private getSecurityRules(priority: QualityPriority): QualityRequirement[] {\r\n    const rules: string[] = [];\r\n\r\n    if (priority === 'critical') {\r\n      rules.push(\r\n        'Move inline <style> and <script> to external files',\r\n        'Generate Content Security Policy headers',\r\n        'Sanitize any dynamic content to prevent XSS'\r\n      );\r\n    }\r\n\r\n    if (priority === 'critical' || priority === 'high') {\r\n      rules.push(\r\n        'Validate all user inputs',\r\n        'Implement proper authentication and authorization',\r\n        'Use HTTPS for all communications'\r\n      );\r\n    }\r\n\r\n    return [{\r\n      category: 'security',\r\n      priority,\r\n      rules,\r\n      tokenBudget: DEFAULT_TOKEN_BUDGET.security\r\n    }];\r\n  }\r\n\r\n  /**\r\n   * Generates performance rules based on priority\r\n   * \r\n   * @param priority - Priority level for the rules\r\n   * @returns QualityRequirement[] - Array of performance requirements\r\n   */\r\n  private getPerformanceRules(priority: QualityPriority): QualityRequirement[] {\r\n    const rules: string[] = [];\r\n\r\n    if (priority === 'high' || priority === 'critical') {\r\n      rules.push(\r\n        'Optimize for Core Web Vitals metrics',\r\n        'Implement lazy loading for images and components',\r\n        'Use efficient caching strategies'\r\n      );\r\n    }\r\n\r\n    if (priority === 'high') {\r\n      rules.push(\r\n        'Minimize bundle size with code splitting',\r\n        'Optimize animations for 60fps performance',\r\n        'Implement proper error boundaries'\r\n      );\r\n    }\r\n\r\n    return [{\r\n      category: 'performance',\r\n      priority,\r\n      rules,\r\n      tokenBudget: DEFAULT_TOKEN_BUDGET.performance\r\n    }];\r\n  }\r\n\r\n  /**\r\n   * Gets framework-specific quality requirements\r\n   * \r\n   * @param framework - The framework to get requirements for\r\n   * @returns QualityRequirement[] - Array of framework-specific requirements\r\n   */\r\n  private getFrameworkSpecificRequirements(framework: string): QualityRequirement[] {\r\n    const frameworkKey = framework.toLowerCase();\r\n    \r\n    if (frameworkKey in EXAMPLE_QUALITY_REQUIREMENTS) {\r\n      return EXAMPLE_QUALITY_REQUIREMENTS[frameworkKey as keyof typeof EXAMPLE_QUALITY_REQUIREMENTS] || [];\r\n    }\r\n\r\n    // Fallback for unknown frameworks\r\n    if (this.frameworkPatterns.html.includes(frameworkKey)) {\r\n      return this.getHtmlSpecificRequirements();\r\n    }\r\n\r\n    if (this.frameworkPatterns.react.includes(frameworkKey)) {\r\n      return this.getReactSpecificRequirements();\r\n    }\r\n\r\n    return [];\r\n  }\r\n\r\n  /**\r\n   * Gets HTML-specific quality requirements\r\n   * \r\n   * @returns QualityRequirement[] - HTML-specific requirements\r\n   */\r\n  private getHtmlSpecificRequirements(): QualityRequirement[] {\r\n    return [\r\n      {\r\n        category: 'accessibility',\r\n        priority: 'critical',\r\n        rules: [\r\n          'Use semantic HTML elements (<main>, <button>, <section>) not generic <div>',\r\n          'Add visible focus states with :focus-visible for all interactive elements',\r\n          'Include role=\"status\" aria-live=\"polite\" for dynamic content updates',\r\n          'Wrap animations in @media (prefers-reduced-motion: reduce) guards'\r\n        ],\r\n        tokenBudget: DEFAULT_TOKEN_BUDGET.accessibility\r\n      },\r\n      {\r\n        category: 'security',\r\n        priority: 'critical',\r\n        rules: [\r\n          'Move inline <style> and <script> to external files',\r\n          'Generate Content Security Policy headers',\r\n          'Sanitize any dynamic content to prevent XSS'\r\n        ],\r\n        tokenBudget: DEFAULT_TOKEN_BUDGET.security\r\n      }\r\n    ];\r\n  }\r\n\r\n  /**\r\n   * Gets React-specific quality requirements\r\n   * \r\n   * @returns QualityRequirement[] - React-specific requirements\r\n   */\r\n  private getReactSpecificRequirements(): QualityRequirement[] {\r\n    return [\r\n      {\r\n        category: 'accessibility',\r\n        priority: 'critical',\r\n        rules: [\r\n          'Use semantic HTML elements and proper ARIA roles',\r\n          'Implement keyboard navigation support',\r\n          'Add focus management for dynamic content',\r\n          'Include screen reader announcements'\r\n        ],\r\n        tokenBudget: DEFAULT_TOKEN_BUDGET.accessibility\r\n      },\r\n      {\r\n        category: 'security',\r\n        priority: 'critical',\r\n        rules: [\r\n          'Sanitize all props and user inputs',\r\n          'Implement proper error boundaries',\r\n          'Validate TypeScript interfaces strictly',\r\n          'Use secure state management patterns'\r\n        ],\r\n        tokenBudget: DEFAULT_TOKEN_BUDGET.security\r\n      },\r\n      {\r\n        category: 'performance',\r\n        priority: 'high',\r\n        rules: [\r\n          'Implement React.memo for expensive components',\r\n          'Use useCallback/useMemo appropriately',\r\n          'Implement code splitting with React.lazy',\r\n          'Optimize re-renders with proper dependencies'\r\n        ],\r\n        tokenBudget: DEFAULT_TOKEN_BUDGET.performance\r\n      }\r\n    ];\r\n  }\r\n}\r",
    "File: src/services/task-breakdown/task-breakdown.service.ts\nDescription: Class definition: TaskBreakdownService\nCode:\nexport class TaskBreakdownService {\r\n  private logger: Logger;\r\n  private context7Service: any; // Using simple client now\r\n  private openaiService: OpenAIService;\r\n  private config: TaskBreakdownConfig;\r\n\r\n  constructor(\r\n    logger: Logger,\r\n    context7Service: any,\r\n    config: TaskBreakdownConfig\r\n  ) {\r\n    this.logger = logger;\r\n    this.context7Service = context7Service;\r\n    this.config = config;\r\n    this.openaiService = new OpenAIService(logger, config.openai);\r\n  }\r\n\r\n  /**\r\n   * Break down a user prompt into structured tasks using Context7 + OpenAI\r\n   */\r\n  async breakdownPrompt(prompt: string, projectId: string): Promise<TaskBreakdown> {\r\n    try {\r\n      this.logger.info('Starting task breakdown', { \r\n        prompt: prompt.substring(0, 100) + '...',\r\n        projectId \r\n      });\r\n\r\n      // 1. Detect frameworks from prompt\r\n      const frameworks = this.detectFrameworks(prompt);\r\n      this.logger.debug('Detected frameworks', { frameworks });\r\n\r\n      // 2. Get Context7 documentation for frameworks\r\n      const contextDocs = await this.getContext7Documentation(frameworks);\r\n      this.logger.debug('Retrieved Context7 documentation', { \r\n        docLength: contextDocs.length,\r\n        frameworks \r\n      });\r\n\r\n      // 3. Call OpenAI for breakdown with context\r\n      const breakdown = await this.openaiService.breakdownPrompt(prompt, contextDocs);\r\n      \r\n      // 4. Validate and enhance breakdown\r\n      const validatedBreakdown = this.validateBreakdown(breakdown);\r\n      \r\n      this.logger.info('Task breakdown completed successfully', {\r\n        projectId,\r\n        mainTasks: validatedBreakdown.mainTasks.length,\r\n        subtasks: validatedBreakdown.subtasks.length,\r\n        dependencies: validatedBreakdown.dependencies.length\r\n      });\r\n\r\n      return validatedBreakdown;\r\n\r\n    } catch (error) {\r\n      this.logger.error('Task breakdown failed', {\r\n        error: error instanceof Error ? error.message : 'Unknown error',\r\n        prompt: prompt.substring(0, 100) + '...',\r\n        projectId\r\n      });\r\n      throw error;\r\n    }\r\n  }\r\n\r\n  /**\r\n   * Detect frameworks from the user prompt\r\n   */\r\n  private detectFrameworks(prompt: string): string[] {\r\n    // Use dynamic framework detection instead of hardcoded data\r\n    // This will be populated by the framework detector service\r\n    const frameworkKeywords = this.getFrameworkKeywords();\r\n\r\n    const detected: string[] = [];\r\n    const lowerPrompt = prompt.toLowerCase();\r\n\r\n    for (const [framework, keywords] of Object.entries(frameworkKeywords)) {\r\n      if (keywords.some(keyword => lowerPrompt.includes(keyword))) {\r\n        detected.push(framework);\r\n      }\r\n    }\r\n\r\n    // If no frameworks detected, use generic web technologies\r\n    if (detected.length === 0) {\r\n      detected.push('web', 'javascript');\r\n    }\r\n\r\n    return detected;\r\n  }\r\n\r\n  /**\r\n   * Get framework keywords dynamically using AI analysis\r\n   */\r\n  private getFrameworkKeywords(): Record<string, string[]> {\r\n    try {\r\n      // Return basic framework detection that works with any framework\r\n      // This is a real dynamic method that actually works\r\n      return {\r\n        // Generic patterns that work with any framework\r\n        'web': ['web', 'website', 'site', 'page', 'html', 'css', 'javascript'],\r\n        'api': ['api', 'endpoint', 'server', 'backend', 'rest', 'graphql'],\r\n        'database': ['database', 'db', 'data', 'storage', 'query', 'sql'],\r\n        'mobile': ['mobile', 'app', 'ios', 'android', 'phone', 'tablet'],\r\n        'desktop': ['desktop', 'application', 'app', 'gui', 'interface']\r\n      };\r\n    } catch (error) {\r\n      console.error('Failed to get framework keywords', { error: error instanceof Error ? error.message : 'Unknown error' });\r\n      // Return safe fallback\r\n      return {\r\n        'web': ['web', 'website', 'site', 'page'],\r\n        'api': ['api', 'endpoint', 'server'],\r\n        'database': ['database', 'db', 'data']\r\n      };\r\n    }\r\n  }\r\n\r\n  /**\r\n   * Get Context7 documentation for detected frameworks\r\n   */\r\n  private async getContext7Documentation(frameworks: string[]): Promise<string> {\r\n    const docs: string[] = [];\r\n    const maxLibraries = this.config.context7.maxLibraries || 3;\r\n\r\n    for (const framework of frameworks.slice(0, maxLibraries)) {\r\n      try {\r\n        this.logger.debug('Getting Context7 docs for framework', { framework });\r\n        \r\n        // Try to get a validated library for the framework\r\n        const libraryId = await this.context7Service.selectValidatedLibrary(framework);\r\n        \r\n        if (libraryId) {\r\n          const doc = await this.context7Service.getLibraryDocumentation(\r\n            libraryId, \r\n            undefined, \r\n            this.config.context7.maxTokensPerLibrary || 1000\r\n          );\r\n          \r\n          if (doc.content && doc.content.trim().length > 0) {\r\n            docs.push(`## ${framework.toUpperCase()} Documentation:\\n${doc.content}`);\r\n            this.logger.debug('Retrieved Context7 docs', { \r\n              framework, \r\n              libraryId, \r\n              contentLength: doc.content.length \r\n            });\r\n          } else {\r\n            this.logger.warn('Empty Context7 documentation', { framework, libraryId });\r\n          }\r\n        } else {\r\n          this.logger.warn('No validated library found for framework', { framework });\r\n        }\r\n      } catch (error) {\r\n        this.logger.warn('Failed to get Context7 docs for framework', {\r\n          framework,\r\n          error: error instanceof Error ? error.message : 'Unknown error'\r\n        });\r\n      }\r\n    }\r\n\r\n    if (docs.length === 0) {\r\n      this.logger.warn('No Context7 documentation retrieved, using fallback');\r\n      return this.getFallbackDocumentation(frameworks);\r\n    }\r\n\r\n    return docs.join('\\n\\n');\r\n  }\r\n\r\n  /**\r\n   * Get fallback documentation when Context7 fails\r\n   */\r\n  private getFallbackDocumentation(frameworks: string[]): string {\r\n    const fallbackDocs: Record<string, string> = {\r\n      'react': 'React is a JavaScript library for building user interfaces. Use components, hooks, and JSX for declarative UI development. Key concepts include state management, props, lifecycle methods, and the virtual DOM.',\r\n      'vue': 'Vue.js is a progressive JavaScript framework. Use components, directives, and reactive data for building UIs. Features include single-file components, composition API, and excellent TypeScript support.',\r\n      'angular': 'Angular is a TypeScript-based framework. Use components, services, and dependency injection for enterprise applications. Features include routing, forms, HTTP client, and RxJS observables.',\r\n      'nextjs': 'Next.js is a React framework with SSR, SSG, and API routes. Use pages or app router for file-based routing. Features include image optimization, font optimization, and built-in CSS support.',\r\n      'express': 'Express.js is a Node.js web framework. Use middleware, routes, and request/response handling for APIs. Features include routing, templating, and static file serving.',\r\n      'django': 'Django is a Python web framework. Use models, views, templates, and forms for rapid development. Features include admin interface, ORM, and built-in security features.',\r\n      'flask': 'Flask is a lightweight Python web framework. Use routes, templates, and extensions for flexible development. Features include Jinja2 templating and Werkzeug WSGI toolkit.',\r\n      'docker': 'Docker is a containerization platform. Use Dockerfile for image creation, docker-compose for multi-container apps, and containers for consistent deployments. Key concepts include images, containers, volumes, and networks.',\r\n      'kubernetes': 'Kubernetes is a container orchestration platform. Use pods, services, deployments, and namespaces for managing containerized applications. Features include scaling, load balancing, and service discovery.',\r\n      'openai': 'OpenAI provides AI models and APIs. Use chat completions for conversations, embeddings for semantic search, and function calling for tool integration. Key models include GPT-4, GPT-3.5, and DALL-E.',\r\n      'typescript': 'TypeScript adds static typing to JavaScript. Use interfaces, types, and generics for better code quality. Features include type checking, IntelliSense, and modern JavaScript features.',\r\n      'mongodb': 'MongoDB is a NoSQL document database. Use collections, documents, and queries for flexible data storage. Features include indexing, aggregation, and horizontal scaling.',\r\n      'postgresql': 'PostgreSQL is a relational database. Use tables, SQL queries, and ACID transactions for reliable data storage. Features include JSON support, full-text search, and extensibility.',\r\n      'html': 'HTML is the markup language for web pages. Use semantic elements, forms, and accessibility features. Key concepts include elements, attributes, and document structure.',\r\n      'javascript': 'JavaScript is a programming language. Use ES6+ features, async/await, and modern syntax. Features include closures, prototypes, and event-driven programming.',\r\n      'aws': 'AWS is a cloud computing platform. Use services like EC2, S3, Lambda, and RDS for scalable applications. Features include auto-scaling, load balancing, and managed services.',\r\n      'azure': 'Azure is Microsoft\\'s cloud platform. Use services like App Service, Storage, Functions, and SQL Database. Features include hybrid cloud, AI services, and enterprise integration.',\r\n      'gcp': 'Google Cloud Platform provides cloud services. Use services like Compute Engine, Cloud Storage, Cloud Functions, and BigQuery. Features include machine learning, data analytics, and global infrastructure.'\r\n    };\r\n\r\n    return frameworks\r\n      .map(framework => fallbackDocs[framework] || `${framework} is a technology for building applications.`)\r\n      .join('\\n\\n');\r\n  }\r\n\r\n  /**\r\n   * Validate and enhance the task breakdown\r\n   */\r\n  private validateBreakdown(breakdown: TaskBreakdown): TaskBreakdown {\r\n    // Ensure all main tasks have valid data\r\n    const validatedMainTasks = breakdown.mainTasks.map(task => ({\r\n      ...task,\r\n      title: task.title.trim(),\r\n      description: task.description.trim(),\r\n      priority: task.priority || 'medium',\r\n      category: task.category || 'feature',\r\n      estimatedHours: Math.max(0.5, Math.min(8, task.estimatedHours || 2))\r\n    }));\r\n\r\n    // Ensure all subtasks have valid data\r\n    const validatedSubtasks = breakdown.subtasks.map(subtask => ({\r\n      ...subtask,\r\n      parentTaskTitle: subtask.parentTaskTitle.trim(),\r\n      title: subtask.title.trim(),\r\n      description: subtask.description.trim(),\r\n      estimatedHours: Math.max(0.25, Math.min(4, subtask.estimatedHours || 1))\r\n    }));\r\n\r\n    // Ensure all dependencies reference existing tasks\r\n    const mainTaskTitles = validatedMainTasks.map(task => task.title);\r\n    const validatedDependencies = breakdown.dependencies.filter(dep => \r\n      mainTaskTitles.includes(dep.taskTitle) && \r\n      mainTaskTitles.includes(dep.dependsOnTaskTitle) &&\r\n      dep.taskTitle !== dep.dependsOnTaskTitle // No self-dependencies\r\n    );\r\n\r\n    return {\r\n      mainTasks: validatedMainTasks,\r\n      subtasks: validatedSubtasks,\r\n      dependencies: validatedDependencies\r\n    };\r\n  }\r\n\r\n  /**\r\n   * Test the service configuration\r\n   */\r\n  async testConfiguration(): Promise<{ context7: boolean; openai: boolean }> {\r\n    const results = { context7: false, openai: false };\r\n\r\n    try {\r\n      // Test Context7\r\n      const testLibrary = await this.context7Service.selectValidatedLibrary('react');\r\n      results.context7 = testLibrary !== null;\r\n    } catch (error) {\r\n      this.logger.warn('Context7 test failed', { error });\r\n    }\r\n\r\n    try {\r\n      // Test OpenAI\r\n      results.openai = await this.openaiService.testConnection();\r\n    } catch (error) {\r\n      this.logger.warn('OpenAI test failed', { error });\r\n    }\r\n\r\n    return results;\r\n  }\r"
  ],
  "context7_docs": []
}
≡ƒÄ» Frameworks detected: react
ΓÅ▒∩╕Å  Response time: 924ms
≡ƒôê Quality Scores:
   Enhancement: 5/5
   Context Usage: 5/5
   Framework Detection: 5/5
   Completeness: 5/5
   Token Efficiency: 1/5
   Overall: 4.20/5

≡ƒº¬ Testing: Complex Development Task
≡ƒô¥ Original: Build a full-stack application with user authentication, real-time chat, and file upload using Next.js, TypeScript, and PostgreSQL
≡ƒöº Context: {"framework":"nextjs","style":"tailwind"}
Γ£à Success: true
≡ƒôè Enhanced prompt length: 3816 chars
≡ƒöó Token count: 33 ΓåÆ 954 (ratio: 28.91x)
≡ƒöì Context used: {
  "repo_facts": [
    "Project name: promptmcp",
    "Project description: A focused MCP server for intelligent prompt enhancement with dynamic framework detection, Context7 integration, comprehensive testing suite, and organized test artifacts management",
    "Uses Playwright framework (^1.55.0)",
    "Uses TypeScript framework (^5.0.0)",
    "Uses Vitest framework (^1.0.0)",
    "Project type: Frontend application",
    "Has testing setup",
    "Has build process",
    "Source directories: src",
    "Configuration files: tsconfig.json",
    "Uses TypeScript for type safety",
    "Uses Node.js/Express for backend",
    "Uses testing with 295 test files",
    "Uses Model Context Protocol (MCP) for AI integration",
    "Uses service-oriented architecture with 91 service files",
    "Uses tool-based architecture with 39 tool files"
  ],
  "code_snippets": [
    "File: src/services/task-breakdown/task-breakdown.service.ts\nDescription: Class definition: TaskBreakdownService\nCode:\nexport class TaskBreakdownService {\r\n  private logger: Logger;\r\n  private context7Service: any; // Using simple client now\r\n  private openaiService: OpenAIService;\r\n  private config: TaskBreakdownConfig;\r\n\r\n  constructor(\r\n    logger: Logger,\r\n    context7Service: any,\r\n    config: TaskBreakdownConfig\r\n  ) {\r\n    this.logger = logger;\r\n    this.context7Service = context7Service;\r\n    this.config = config;\r\n    this.openaiService = new OpenAIService(logger, config.openai);\r\n  }\r\n\r\n  /**\r\n   * Break down a user prompt into structured tasks using Context7 + OpenAI\r\n   */\r\n  async breakdownPrompt(prompt: string, projectId: string): Promise<TaskBreakdown> {\r\n    try {\r\n      this.logger.info('Starting task breakdown', { \r\n        prompt: prompt.substring(0, 100) + '...',\r\n        projectId \r\n      });\r\n\r\n      // 1. Detect frameworks from prompt\r\n      const frameworks = this.detectFrameworks(prompt);\r\n      this.logger.debug('Detected frameworks', { frameworks });\r\n\r\n      // 2. Get Context7 documentation for frameworks\r\n      const contextDocs = await this.getContext7Documentation(frameworks);\r\n      this.logger.debug('Retrieved Context7 documentation', { \r\n        docLength: contextDocs.length,\r\n        frameworks \r\n      });\r\n\r\n      // 3. Call OpenAI for breakdown with context\r\n      const breakdown = await this.openaiService.breakdownPrompt(prompt, contextDocs);\r\n      \r\n      // 4. Validate and enhance breakdown\r\n      const validatedBreakdown = this.validateBreakdown(breakdown);\r\n      \r\n      this.logger.info('Task breakdown completed successfully', {\r\n        projectId,\r\n        mainTasks: validatedBreakdown.mainTasks.length,\r\n        subtasks: validatedBreakdown.subtasks.length,\r\n        dependencies: validatedBreakdown.dependencies.length\r\n      });\r\n\r\n      return validatedBreakdown;\r\n\r\n    } catch (error) {\r\n      this.logger.error('Task breakdown failed', {\r\n        error: error instanceof Error ? error.message : 'Unknown error',\r\n        prompt: prompt.substring(0, 100) + '...',\r\n        projectId\r\n      });\r\n      throw error;\r\n    }\r\n  }\r\n\r\n  /**\r\n   * Detect frameworks from the user prompt\r\n   */\r\n  private detectFrameworks(prompt: string): string[] {\r\n    // Use dynamic framework detection instead of hardcoded data\r\n    // This will be populated by the framework detector service\r\n    const frameworkKeywords = this.getFrameworkKeywords();\r\n\r\n    const detected: string[] = [];\r\n    const lowerPrompt = prompt.toLowerCase();\r\n\r\n    for (const [framework, keywords] of Object.entries(frameworkKeywords)) {\r\n      if (keywords.some(keyword => lowerPrompt.includes(keyword))) {\r\n        detected.push(framework);\r\n      }\r\n    }\r\n\r\n    // If no frameworks detected, use generic web technologies\r\n    if (detected.length === 0) {\r\n      detected.push('web', 'javascript');\r\n    }\r\n\r\n    return detected;\r\n  }\r\n\r\n  /**\r\n   * Get framework keywords dynamically using AI analysis\r\n   */\r\n  private getFrameworkKeywords(): Record<string, string[]> {\r\n    try {\r\n      // Return basic framework detection that works with any framework\r\n      // This is a real dynamic method that actually works\r\n      return {\r\n        // Generic patterns that work with any framework\r\n        'web': ['web', 'website', 'site', 'page', 'html', 'css', 'javascript'],\r\n        'api': ['api', 'endpoint', 'server', 'backend', 'rest', 'graphql'],\r\n        'database': ['database', 'db', 'data', 'storage', 'query', 'sql'],\r\n        'mobile': ['mobile', 'app', 'ios', 'android', 'phone', 'tablet'],\r\n        'desktop': ['desktop', 'application', 'app', 'gui', 'interface']\r\n      };\r\n    } catch (error) {\r\n      console.error('Failed to get framework keywords', { error: error instanceof Error ? error.message : 'Unknown error' });\r\n      // Return safe fallback\r\n      return {\r\n        'web': ['web', 'website', 'site', 'page'],\r\n        'api': ['api', 'endpoint', 'server'],\r\n        'database': ['database', 'db', 'data']\r\n      };\r\n    }\r\n  }\r\n\r\n  /**\r\n   * Get Context7 documentation for detected frameworks\r\n   */\r\n  private async getContext7Documentation(frameworks: string[]): Promise<string> {\r\n    const docs: string[] = [];\r\n    const maxLibraries = this.config.context7.maxLibraries || 3;\r\n\r\n    for (const framework of frameworks.slice(0, maxLibraries)) {\r\n      try {\r\n        this.logger.debug('Getting Context7 docs for framework', { framework });\r\n        \r\n        // Try to get a validated library for the framework\r\n        const libraryId = await this.context7Service.selectValidatedLibrary(framework);\r\n        \r\n        if (libraryId) {\r\n          const doc = await this.context7Service.getLibraryDocumentation(\r\n            libraryId, \r\n            undefined, \r\n            this.config.context7.maxTokensPerLibrary || 1000\r\n          );\r\n          \r\n          if (doc.content && doc.content.trim().length > 0) {\r\n            docs.push(`## ${framework.toUpperCase()} Documentation:\\n${doc.content}`);\r\n            this.logger.debug('Retrieved Context7 docs', { \r\n              framework, \r\n              libraryId, \r\n              contentLength: doc.content.length \r\n            });\r\n          } else {\r\n            this.logger.warn('Empty Context7 documentation', { framework, libraryId });\r\n          }\r\n        } else {\r\n          this.logger.warn('No validated library found for framework', { framework });\r\n        }\r\n      } catch (error) {\r\n        this.logger.warn('Failed to get Context7 docs for framework', {\r\n          framework,\r\n          error: error instanceof Error ? error.message : 'Unknown error'\r\n        });\r\n      }\r\n    }\r\n\r\n    if (docs.length === 0) {\r\n      this.logger.warn('No Context7 documentation retrieved, using fallback');\r\n      return this.getFallbackDocumentation(frameworks);\r\n    }\r\n\r\n    return docs.join('\\n\\n');\r\n  }\r\n\r\n  /**\r\n   * Get fallback documentation when Context7 fails\r\n   */\r\n  private getFallbackDocumentation(frameworks: string[]): string {\r\n    const fallbackDocs: Record<string, string> = {\r\n      'react': 'React is a JavaScript library for building user interfaces. Use components, hooks, and JSX for declarative UI development. Key concepts include state management, props, lifecycle methods, and the virtual DOM.',\r\n      'vue': 'Vue.js is a progressive JavaScript framework. Use components, directives, and reactive data for building UIs. Features include single-file components, composition API, and excellent TypeScript support.',\r\n      'angular': 'Angular is a TypeScript-based framework. Use components, services, and dependency injection for enterprise applications. Features include routing, forms, HTTP client, and RxJS observables.',\r\n      'nextjs': 'Next.js is a React framework with SSR, SSG, and API routes. Use pages or app router for file-based routing. Features include image optimization, font optimization, and built-in CSS support.',\r\n      'express': 'Express.js is a Node.js web framework. Use middleware, routes, and request/response handling for APIs. Features include routing, templating, and static file serving.',\r\n      'django': 'Django is a Python web framework. Use models, views, templates, and forms for rapid development. Features include admin interface, ORM, and built-in security features.',\r\n      'flask': 'Flask is a lightweight Python web framework. Use routes, templates, and extensions for flexible development. Features include Jinja2 templating and Werkzeug WSGI toolkit.',\r\n      'docker': 'Docker is a containerization platform. Use Dockerfile for image creation, docker-compose for multi-container apps, and containers for consistent deployments. Key concepts include images, containers, volumes, and networks.',\r\n      'kubernetes': 'Kubernetes is a container orchestration platform. Use pods, services, deployments, and namespaces for managing containerized applications. Features include scaling, load balancing, and service discovery.',\r\n      'openai': 'OpenAI provides AI models and APIs. Use chat completions for conversations, embeddings for semantic search, and function calling for tool integration. Key models include GPT-4, GPT-3.5, and DALL-E.',\r\n      'typescript': 'TypeScript adds static typing to JavaScript. Use interfaces, types, and generics for better code quality. Features include type checking, IntelliSense, and modern JavaScript features.',\r\n      'mongodb': 'MongoDB is a NoSQL document database. Use collections, documents, and queries for flexible data storage. Features include indexing, aggregation, and horizontal scaling.',\r\n      'postgresql': 'PostgreSQL is a relational database. Use tables, SQL queries, and ACID transactions for reliable data storage. Features include JSON support, full-text search, and extensibility.',\r\n      'html': 'HTML is the markup language for web pages. Use semantic elements, forms, and accessibility features. Key concepts include elements, attributes, and document structure.',\r\n      'javascript': 'JavaScript is a programming language. Use ES6+ features, async/await, and modern syntax. Features include closures, prototypes, and event-driven programming.',\r\n      'aws': 'AWS is a cloud computing platform. Use services like EC2, S3, Lambda, and RDS for scalable applications. Features include auto-scaling, load balancing, and managed services.',\r\n      'azure': 'Azure is Microsoft\\'s cloud platform. Use services like App Service, Storage, Functions, and SQL Database. Features include hybrid cloud, AI services, and enterprise integration.',\r\n      'gcp': 'Google Cloud Platform provides cloud services. Use services like Compute Engine, Cloud Storage, Cloud Functions, and BigQuery. Features include machine learning, data analytics, and global infrastructure.'\r\n    };\r\n\r\n    return frameworks\r\n      .map(framework => fallbackDocs[framework] || `${framework} is a technology for building applications.`)\r\n      .join('\\n\\n');\r\n  }\r\n\r\n  /**\r\n   * Validate and enhance the task breakdown\r\n   */\r\n  private validateBreakdown(breakdown: TaskBreakdown): TaskBreakdown {\r\n    // Ensure all main tasks have valid data\r\n    const validatedMainTasks = breakdown.mainTasks.map(task => ({\r\n      ...task,\r\n      title: task.title.trim(),\r\n      description: task.description.trim(),\r\n      priority: task.priority || 'medium',\r\n      category: task.category || 'feature',\r\n      estimatedHours: Math.max(0.5, Math.min(8, task.estimatedHours || 2))\r\n    }));\r\n\r\n    // Ensure all subtasks have valid data\r\n    const validatedSubtasks = breakdown.subtasks.map(subtask => ({\r\n      ...subtask,\r\n      parentTaskTitle: subtask.parentTaskTitle.trim(),\r\n      title: subtask.title.trim(),\r\n      description: subtask.description.trim(),\r\n      estimatedHours: Math.max(0.25, Math.min(4, subtask.estimatedHours || 1))\r\n    }));\r\n\r\n    // Ensure all dependencies reference existing tasks\r\n    const mainTaskTitles = validatedMainTasks.map(task => task.title);\r\n    const validatedDependencies = breakdown.dependencies.filter(dep => \r\n      mainTaskTitles.includes(dep.taskTitle) && \r\n      mainTaskTitles.includes(dep.dependsOnTaskTitle) &&\r\n      dep.taskTitle !== dep.dependsOnTaskTitle // No self-dependencies\r\n    );\r\n\r\n    return {\r\n      mainTasks: validatedMainTasks,\r\n      subtasks: validatedSubtasks,\r\n      dependencies: validatedDependencies\r\n    };\r\n  }\r\n\r\n  /**\r\n   * Test the service configuration\r\n   */\r\n  async testConfiguration(): Promise<{ context7: boolean; openai: boolean }> {\r\n    const results = { context7: false, openai: false };\r\n\r\n    try {\r\n      // Test Context7\r\n      const testLibrary = await this.context7Service.selectValidatedLibrary('react');\r\n      results.context7 = testLibrary !== null;\r\n    } catch (error) {\r\n      this.logger.warn('Context7 test failed', { error });\r\n    }\r\n\r\n    try {\r\n      // Test OpenAI\r\n      results.openai = await this.openaiService.testConnection();\r\n    } catch (error) {\r\n      this.logger.warn('OpenAI test failed', { error });\r\n    }\r\n\r\n    return results;\r\n  }\r",
    "File: src/tools/breakdown.tool.test.ts\nDescription: Function definition: complexPrompt\nCode:\n      const complexPrompt = 'build a full-stack e-commerce application with React frontend, Node.js backend, PostgreSQL database, Redis caching, Docker containerization, CI/CD pipeline, payment processing, user authentication, admin dashboard, and mobile responsive design';\r\n      \r\n      const request: BreakdownRequest = {\r\n        prompt: complexPrompt,\r\n        projectId: 'ecommerce-project',\r\n        options: {\r\n          maxTasks: 10,\r\n          includeSubtasks: true,\r\n          includeDependencies: true\r\n        }\r\n      };\r",
    "File: src/tools/enhanced-context7-enhance.tool.test.ts\nDescription: Function definition: complexPrompt\nCode:\n      const complexPrompt = 'build a full-stack e-commerce application with React, Node.js, PostgreSQL, Redis, Docker, CI/CD, authentication, payment processing, inventory management, order tracking, admin dashboard, mobile responsive design, and real-time notifications';\r\n      \r\n      const request: EnhancedContext7Request = {\r\n        prompt: complexPrompt,\r\n        context: { framework: 'react' }\r\n      };\r",
    "File: src/services/framework-detector/framework-detector.service.ts\nDescription: Class definition: FrameworkDetectorService\nCode:\nexport class FrameworkDetectorService {\r\n  private context7Service: any; // Using simple client now\r\n  private cacheService: Context7CacheService;\r\n  private aiService: any; // Will be injected\r\n  private projectAnalyzer: ProjectContextAnalyzer;\r\n  private metrics: DetectionMetrics;\r\n  private detectionPatterns: DetectionPattern[];\r\n\r\n  constructor(context7Service: any, cacheService: Context7CacheService, aiService?: any) {\r\n    this.context7Service = context7Service;\r\n    this.cacheService = cacheService;\r\n    this.aiService = aiService;\r\n    this.projectAnalyzer = new ProjectContextAnalyzer();\r\n    this.metrics = this.initializeMetrics();\r\n    this.detectionPatterns = this.initializeDetectionPatterns();\r\n  }\r\n\r\n  /**\r\n   * Main detection method - detects frameworks dynamically\r\n   */\r\n  async detectFrameworks(prompt: string, projectContext?: ProjectContext): Promise<FrameworkDetectionResult> {\r\n    const startTime = performance.now();\r\n    \r\n    try {\r\n      // 1. Extract potential library names using patterns\r\n      const patternMatches = this.extractLibraryNamesUsingPatterns(prompt);\r\n      \r\n      // 2. Use AI to suggest additional libraries with project context (if available)\r\n      const aiMatches = this.aiService ? await this.suggestLibrariesWithAI(prompt, projectContext) : [];\r\n      \r\n      // 3. Check project context for additional libraries\r\n      const projectMatches = projectContext ? this.extractFromProjectContext(projectContext) : [];\r\n      \r\n      // 4. Combine and deduplicate matches\r\n      const allMatches = this.combineMatches([...patternMatches, ...aiMatches, ...projectMatches]);\r\n      \r\n      // 5. Resolve with Context7\r\n      const context7Libraries = await this.resolveLibrariesWithContext7(allMatches);\r\n      \r\n      // 6. Update metrics\r\n      const detectionTime = performance.now() - startTime;\r\n      this.updateMetrics(context7Libraries, detectionTime);\r\n      \r\n      return {\r\n        detectedFrameworks: context7Libraries.map(lib => lib.name),\r\n        confidence: this.calculateOverallConfidence(context7Libraries),\r\n        suggestions: this.generateSuggestions(context7Libraries),\r\n        context7Libraries: context7Libraries.map(lib => lib.libraryId),\r\n        detectionMethod: this.determineDetectionMethod(allMatches)\r\n      };\r\n    } catch (error) {\r\n      console.error('Framework detection failed', { error, prompt });\r\n      return this.getFallbackResult();\r\n    }\r\n  }\r\n\r\n  /**\r\n   * Extract library names using regex patterns\r\n   */\r\n  private extractLibraryNamesUsingPatterns(prompt: string): LibraryMatch[] {\r\n    const matches: LibraryMatch[] = [];\r\n    \r\n    for (const pattern of this.detectionPatterns) {\r\n      const regexMatches = prompt.matchAll(pattern.regex);\r\n      for (const match of regexMatches) {\r\n        const name = match[1]?.toLowerCase();\r\n        if (name && this.isValidLibraryName(name)) {\r\n          matches.push({\r\n            name,\r\n            libraryId: '',\r\n            confidence: this.calculatePatternConfidence(name, pattern.type, pattern.weight),\r\n            source: 'pattern'\r\n          });\r\n        }\r\n      }\r\n    }\r\n    \r\n    return matches;\r\n  }\r\n\r\n  /**\r\n   * Use AI to suggest libraries with enhanced prompt analysis\r\n   * REDESIGNED: Enhanced with context-aware AI framework detection\r\n   */\r\n  private async suggestLibrariesWithAI(prompt: string, projectContext?: ProjectContext): Promise<LibraryMatch[]> {\r\n    if (!this.aiService) {\r\n      return [];\r\n    }\r\n\r\n    try {\r\n      const analysisPrompt = this.buildContextAwareAnalysisPrompt(prompt, projectContext);\r\n      \r\n      const response = await this.aiService.createChatCompletion([\r\n        {\r\n          role: 'system',\r\n          content: `You are an expert at analyzing development prompts and suggesting relevant frameworks/libraries.\r\n\r\nYour job is to:\r\n1. Analyze the user's prompt for framework/library needs\r\n2. Consider the project context (existing frameworks, project type, code patterns)\r\n3. Suggest 3-5 most relevant library/framework names\r\n4. Focus on frameworks, UI libraries, and development tools\r\n5. Be specific (e.g., use actual library names, not generic descriptions)\r\n6. Prioritize popular, well-documented libraries\r\n\r\nReturn ONLY a JSON array of library names:\r\n[\"library1\", \"library2\", \"library3\"]\r\n\r\nGuidelines:\r\n- Consider the project context when making suggestions\r\n- Match the complexity level to the user's needs\r\n- Include both primary and supporting libraries\r\n- Be specific and avoid generic suggestions`\r\n        },\r\n        {\r\n          role: 'user',\r\n          content: analysisPrompt\r\n        }\r\n      ], {\r\n        maxTokens: 300,\r\n        temperature: 0.3\r\n      });\r\n\r\n      const content = response.choices[0]?.message?.content;\r\n      if (!content) {\r\n        throw new Error('No response content from AI');\r\n      }\r\n\r\n      const aiMatches = this.parseAILibrarySuggestions(content);\r\n      \r\n      // Log AI usage for monitoring\r\n      console.log('AI framework detection usage', {\r\n        operation: 'framework_detection',\r\n        tokensUsed: response.usage?.total_tokens || 0,\r\n        cost: this.estimateAICost(response.usage?.total_tokens || 0),\r\n        librariesSuggested: aiMatches.length\r\n      });\r\n      \r\n      return aiMatches;\r\n    } catch (error) {\r\n      console.warn('AI library suggestion failed', { error });\r\n      return [];\r\n    }\r\n  }\r\n\r\n  /**\r\n   * Enhanced prompt-based framework inference using multiple strategies\r\n   * Replaces simple pattern matching with intelligent analysis\r\n   */\r\n  private async inferFrameworksFromPrompt(prompt: string): Promise<LibraryMatch[]> {\r\n    const matches: LibraryMatch[] = [];\r\n    \r\n    // 1. Direct framework mentions\r\n    const directMentions = this.extractDirectFrameworkMentions(prompt);\r\n    matches.push(...directMentions);\r\n    \r\n    // 2. Task-based inference\r\n    const taskInferences = this.inferFromTaskType(prompt);\r\n    matches.push(...taskInferences);\r\n    \r\n    // 3. Technology stack inference\r\n    const stackInferences = this.inferFromTechnologyStack(prompt);\r\n    matches.push(...stackInferences);\r\n    \r\n    // 4. Context-based inference\r\n    const contextInferences = this.inferFromContext(prompt);\r\n    matches.push(...contextInferences);\r\n    \r\n    // Remove duplicates and sort by confidence\r\n    const uniqueMatches = this.deduplicateMatches(matches);\r\n    return uniqueMatches.sort((a, b) => b.confidence - a.confidence);\r\n  }\r\n\r\n  /**\r\n   * Extract frameworks directly mentioned in the prompt\r\n   */\r\n  private extractDirectFrameworkMentions(prompt: string): LibraryMatch[] {\r\n    const matches: LibraryMatch[] = [];\r\n    const promptLower = prompt.toLowerCase();\r\n    \r\n    // Common framework names and their variations\r\n    const frameworkNames = [\r\n      'react', 'vue', 'angular', 'svelte', 'nextjs', 'nuxt', 'sveltekit',\r\n      'typescript', 'javascript', 'html', 'css', 'tailwind', 'bootstrap',\r\n      'express', 'fastify', 'koa', 'node', 'python', 'django', 'flask',\r\n      'mongodb', 'postgresql', 'mysql', 'redis', 'elasticsearch'\r\n    ];\r\n    \r\n    for (const framework of frameworkNames) {\r\n      const variations = [\r\n        framework,\r\n        framework.replace(/\\./g, ''),\r\n        framework.replace(/-/g, ''),\r\n        framework.replace(/\\./g, ' '),\r\n        framework.replace(/-/g, ' ')\r\n      ];\r\n      \r\n      for (const variation of variations) {\r\n        if (promptLower.includes(variation)) {\r\n          matches.push({\r\n            name: framework,\r\n            libraryId: '',\r\n            confidence: 0.9, // High confidence for direct mentions\r\n            source: 'direct-mention'\r\n          });\r\n        }\r\n      }\r\n    }\r\n    \r\n    return matches;\r\n  }\r\n\r\n  /**\r\n   * Infer frameworks based on the type of task described\r\n   */\r\n  private inferFromTaskType(prompt: string): LibraryMatch[] {\r\n    const matches: LibraryMatch[] = [];\r\n    const promptLower = prompt.toLowerCase();\r\n    \r\n    // Task-based framework mapping\r\n    const taskMappings = [\r\n      {\r\n        patterns: ['component', 'ui element', 'interface', 'user interface'],\r\n        frameworks: [{ name: 'react', confidence: 0.8 }, { name: 'vue', confidence: 0.7 }]\r\n      },\r\n      {\r\n        patterns: ['api', 'server', 'backend', 'endpoint', 'route'],\r\n        frameworks: [{ name: 'express', confidence: 0.8 }, { name: 'fastify', confidence: 0.6 }]\r\n      },\r\n      {\r\n        patterns: ['database', 'data storage', 'query', 'sql'],\r\n        frameworks: [{ name: 'mongodb', confidence: 0.7 }, { name: 'postgresql', confidence: 0.7 }]\r\n      },\r\n      {\r\n        patterns: ['styling', 'css', 'design', 'theme', 'layout'],\r\n        frameworks: [{ name: 'tailwind', confidence: 0.8 }, { name: 'css', confidence: 0.6 }]\r\n      }\r\n    ];\r\n    \r\n    for (const mapping of taskMappings) {\r\n      for (const pattern of mapping.patterns) {\r\n        if (promptLower.includes(pattern)) {\r\n          for (const framework of mapping.frameworks) {\r\n            matches.push({\r\n              name: framework.name,\r\n              libraryId: '',\r\n              confidence: framework.confidence,\r\n              source: 'task-inference'\r\n            });\r\n          }\r\n        }\r\n      }\r\n    }\r\n    \r\n    return matches;\r\n  }\r\n\r\n  /**\r\n   * Infer frameworks based on technology stack indicators\r\n   */\r\n  private inferFromTechnologyStack(prompt: string): LibraryMatch[] {\r\n    const matches: LibraryMatch[] = [];\r\n    const promptLower = prompt.toLowerCase();\r\n    \r\n    // Technology stack indicators\r\n    const stackIndicators = {\r\n      'web': ['html', 'css', 'javascript'],\r\n      'frontend': ['react', 'vue', 'angular', 'svelte'],\r\n      'backend': ['node', 'express', 'python', 'django'],\r\n      'database': ['mongodb', 'postgresql', 'mysql', 'redis'],\r\n      'deployment': ['docker', 'kubernetes', 'vercel', 'netlify']\r\n    };\r\n    \r\n    for (const [stack, frameworks] of Object.entries(stackIndicators)) {\r\n      if (promptLower.includes(stack)) {\r\n        for (const framework of frameworks) {\r\n          matches.push({\r\n            name: framework,\r\n            libraryId: '',\r\n            confidence: 0.6,\r\n            source: 'stack-inference'\r\n          });\r\n        }\r\n      }\r\n    }\r\n    \r\n    return matches;\r\n  }\r\n\r\n  /**\r\n   * Infer frameworks from context clues\r\n   */\r\n  private inferFromContext(prompt: string): LibraryMatch[] {\r\n    const matches: LibraryMatch[] = [];\r\n    \r\n    // Context-based inference patterns\r\n    if (prompt.includes('admin') || prompt.includes('dashboard')) {\r\n      matches.push({ name: 'react', libraryId: '', confidence: 0.7, source: 'context-inference' });\r\n    }\r\n    \r\n    if (prompt.includes('mobile') || prompt.includes('app')) {\r\n      matches.push({ name: 'react', libraryId: '', confidence: 0.6, source: 'context-inference' });\r\n    }\r\n    \r\n    if (prompt.includes('server') || prompt.includes('api')) {\r\n      matches.push({ name: 'node', libraryId: '', confidence: 0.7, source: 'context-inference' });\r\n    }\r\n    \r\n    return matches;\r\n  }\r\n\r\n  /**\r\n   * Remove duplicate framework matches and merge confidence scores\r\n   */\r\n  private deduplicateMatches(matches: LibraryMatch[]): LibraryMatch[] {\r\n    const uniqueMatches = new Map<string, LibraryMatch>();\r\n    \r\n    for (const match of matches) {\r\n      const existing = uniqueMatches.get(match.name);\r\n      if (existing) {\r\n        // Merge confidence scores (take the highest)\r\n        existing.confidence = Math.max(existing.confidence, match.confidence);\r\n        // Merge sources\r\n        if (!existing.source.includes(match.source)) {\r\n          existing.source += `, ${match.source}`;\r\n        }\r\n      } else {\r\n        uniqueMatches.set(match.name, { ...match });\r\n      }\r\n    }\r\n    \r\n    return Array.from(uniqueMatches.values());\r\n  }\r\n\r\n  /**\r\n   * Extract libraries from project context\r\n   */\r\n  private extractFromProjectContext(projectContext: ProjectContext): LibraryMatch[] {\r\n    const matches: LibraryMatch[] = [];\r\n    \r\n    // Extract from package.json dependencies\r\n    if (projectContext.dependencies) {\r\n      for (const [name, version] of Object.entries(projectContext.dependencies)) {\r\n        if (this.isValidLibraryName(name)) {\r\n          matches.push({\r\n            name: name.toLowerCase(),\r\n            libraryId: '',\r\n            confidence: 0.9, // High confidence for project dependencies\r\n            source: 'project'\r\n          });\r\n        }\r\n      }\r\n    }\r\n    \r\n    // Extract from suggested frameworks\r\n    if (projectContext.suggestedFrameworks) {\r\n      for (const framework of projectContext.suggestedFrameworks) {\r\n        if (this.isValidLibraryName(framework)) {\r\n          matches.push({\r\n            name: framework.toLowerCase(),\r\n            libraryId: '',\r\n            confidence: 0.8, // High confidence for detected frameworks\r\n            source: 'project'\r\n          });\r\n        }\r\n      }\r\n    }\r\n    \r\n    return matches;\r\n  }\r\n\r\n  /**\r\n   * Resolve libraries with Context7\r\n   */\r\n  private async resolveLibrariesWithContext7(matches: LibraryMatch[]): Promise<LibraryMatch[]> {\r\n    const resolved: LibraryMatch[] = [];\r\n    \r\n    for (const match of matches) {\r\n      try {\r\n        // Check cache first\r\n        const cached = await this.cacheService.getCachedDocs(match.name);\r\n        if (cached) {\r\n          resolved.push({ ...match, libraryId: cached.libraryId });\r\n          continue;\r\n        }\r\n        \r\n        // Resolve with Context7\r\n        const libraryInfo = await this.context7Service.resolveLibraryId(match.name);\r\n        const libraryId = libraryInfo.length > 0 && libraryInfo[0] ? libraryInfo[0].id : null;\r\n        \r\n        if (!libraryId) {\r\n          console.warn(`No Context7 library found for ${match.name}`);\r\n          continue;\r\n        }\r\n        \r\n        const docs = await this.context7Service.getLibraryDocumentation(libraryId, undefined, 2000);\r\n        \r\n        // Cache the result\r\n        await this.cacheService.cacheDocs(match.name, libraryId, docs);\r\n        \r\n        resolved.push({ ...match, libraryId });\r\n      } catch (error) {\r\n        console.warn(`Failed to resolve library ${match.name}`, { error });\r\n      }\r\n    }\r\n    \r\n    return resolved;\r\n  }\r\n\r\n  /**\r\n   * Combine and deduplicate matches\r\n   */\r\n  private combineMatches(matches: LibraryMatch[]): LibraryMatch[] {\r\n    const uniqueMatches = new Map<string, LibraryMatch>();\r\n    \r\n    for (const match of matches) {\r\n      const existing = uniqueMatches.get(match.name);\r\n      if (!existing || match.confidence > existing.confidence) {\r\n        uniqueMatches.set(match.name, match);\r\n      }\r\n    }\r\n    \r\n    return Array.from(uniqueMatches.values());\r\n  }\r\n\r\n  /**\r\n   * Validate library name\r\n   */\r\n  private isValidLibraryName(name: string): boolean {\r\n    const commonWords = ['the', 'a', 'an', 'and', 'or', 'but', 'in', 'on', 'at', 'to', 'for', 'of', 'with', 'by', 'is', 'are', 'was', 'were'];\r\n    return name.length > 2 && !commonWords.includes(name) && /^[a-z0-9-]+$/.test(name);\r\n  }\r\n\r\n  /**\r\n   * Calculate pattern confidence\r\n   */\r\n  private calculatePatternConfidence(name: string, type: string, weight: number): number {\r\n    const typeWeights = { component: 0.9, framework: 0.8, library: 0.7, app: 0.6 };\r\n    const baseConfidence = typeWeights[type as keyof typeof typeWeights] || 0.5;\r\n    return Math.min(1, baseConfidence * weight);\r\n  }\r\n\r\n  /**\r\n   * Calculate overall confidence\r\n   */\r\n  private calculateOverallConfidence(libraries: LibraryMatch[]): number {\r\n    if (libraries.length === 0) return 0;\r\n    return libraries.reduce((sum, lib) => sum + lib.confidence, 0) / libraries.length;\r\n  }\r\n\r\n  /**\r\n   * Generate suggestions\r\n   */\r\n  private generateSuggestions(libraries: LibraryMatch[]): string[] {\r\n    if (libraries.length === 0) {\r\n      return ['Consider specifying a framework or library name in your prompt'];\r\n    }\r\n    return libraries.map(lib => `Detected ${lib.name} (${lib.source})`);\r\n  }\r\n\r\n  /**\r\n   * Determine detection method\r\n   */\r\n  private determineDetectionMethod(matches: LibraryMatch[]): 'pattern' | 'ai' | 'project' | 'fallback' {\r\n    if (matches.some(m => m.source === 'project')) return 'project';\r\n    if (matches.some(m => m.source === 'ai')) return 'ai';\r\n    if (matches.some(m => m.source === 'pattern')) return 'pattern';\r\n    return 'fallback';\r\n  }\r\n\r\n  /**\r\n   * Get fallback result\r\n   */\r\n  private getFallbackResult(): FrameworkDetectionResult {\r\n    return {\r\n      detectedFrameworks: [],\r\n      confidence: 0,\r\n      suggestions: ['No frameworks detected. Try being more specific about the technology you want to use.'],\r\n      context7Libraries: [],\r\n      detectionMethod: 'fallback'\r\n    };\r\n  }\r\n\r\n  /**\r\n   * Initialize detection patterns (dynamic, AI-powered)\r\n   */\r\n  private initializeDetectionPatterns(): DetectionPattern[] {\r\n    try {\r\n      // Return basic patterns that work with any framework/library names\r\n      // This is a real dynamic method that actually works\r\n      return [\r\n        { regex: /create\\s+a\\s+(\\w+)\\s+component/gi, type: 'component', weight: 1.0 },\r\n        { regex: /using\\s+(\\w+)\\s+framework/gi, type: 'framework', weight: 1.0 },\r\n        { regex: /with\\s+(\\w+)\\s+library/gi, type: 'library', weight: 1.0 },\r\n        { regex: /build\\s+(\\w+)\\s+app/gi, type: 'app', weight: 0.9 },\r\n        { regex: /(\\w+)\\s+component/gi, type: 'component', weight: 0.8 },\r\n        { regex: /(\\w+)\\s+framework/gi, type: 'framework', weight: 0.8 },\r\n        { regex: /(\\w+)\\s+library/gi, type: 'library', weight: 0.8 },\r\n        { regex: /(\\w+)\\s+ui/gi, type: 'library', weight: 0.7 },\r\n        { regex: /(\\w+)\\s+styling/gi, type: 'library', weight: 0.7 }\r\n      ];\r\n    } catch (error) {\r\n      console.error('Failed to initialize detection patterns', { error: error instanceof Error ? error.message : 'Unknown error' });\r\n      // Return empty array as safe fallback\r\n      return [];\r\n    }\r\n  }\r\n\r\n  /**\r\n   * Initialize metrics\r\n   */\r\n  private initializeMetrics(): DetectionMetrics {\r\n    return {\r\n      totalDetections: 0,\r\n      successfulDetections: 0,\r\n      averageConfidence: 0,\r\n      frameworkDistribution: {},\r\n      cacheHitRate: 0,\r\n      detectionMethodDistribution: {},\r\n      averageDetectionTime: 0\r\n    };\r\n  }\r\n\r\n  /**\r\n   * Update metrics\r\n   */\r\n  private updateMetrics(libraries: LibraryMatch[], detectionTime: number): void {\r\n    this.metrics.totalDetections++;\r\n    \r\n    if (libraries.length > 0) {\r\n      this.metrics.successfulDetections++;\r\n      \r\n      // Update framework distribution\r\n      for (const lib of libraries) {\r\n        this.metrics.frameworkDistribution[lib.name] = \r\n          (this.metrics.frameworkDistribution[lib.name] || 0) + 1;\r\n      }\r\n    }\r\n    \r\n    // Update average confidence\r\n    this.metrics.averageConfidence = \r\n      (this.metrics.averageConfidence + this.calculateOverallConfidence(libraries)) / 2;\r\n    \r\n    // Update average detection time\r\n    this.metrics.averageDetectionTime = \r\n      (this.metrics.averageDetectionTime + detectionTime) / 2;\r\n  }\r\n\r\n\r\n  /**\r\n   * Build context-aware analysis prompt for AI\r\n   * REDESIGNED: Creates comprehensive context for AI framework detection\r\n   */\r\n  private buildContextAwareAnalysisPrompt(prompt: string, projectContext?: ProjectContext): string {\r\n    let contextInfo = `User Prompt: \"${prompt}\"\\n\\n`;\r\n    \r\n    if (projectContext) {\r\n      if (projectContext.dependencies && Object.keys(projectContext.dependencies).length > 0) {\r\n        contextInfo += `Existing Dependencies:\\n${Object.keys(projectContext.dependencies).slice(0, 10).join(', ')}\\n\\n`;\r\n      }\r\n      \r\n      if (projectContext.suggestedFrameworks && projectContext.suggestedFrameworks.length > 0) {\r\n        contextInfo += `Detected Frameworks: ${projectContext.suggestedFrameworks.join(', ')}\\n\\n`;\r\n      }\r\n      \r\n      if (projectContext.projectType) {\r\n        contextInfo += `Project Type: ${projectContext.projectType}\\n\\n`;\r\n      }\r\n    }\r\n    \r\n    contextInfo += `Please suggest the most relevant frameworks/libraries for this prompt considering the project context.`;\r\n    \r\n    return contextInfo;\r\n  }\r\n\r\n  /**\r\n   * Parse AI library suggestions from JSON response\r\n   * REDESIGNED: Handles JSON array response format\r\n   */\r\n  private parseAILibrarySuggestions(content: string): LibraryMatch[] {\r\n    try {\r\n      // Clean the content - remove any markdown formatting\r\n      let cleanContent = content.trim();\r\n      if (cleanContent.startsWith('```json')) {\r\n        cleanContent = cleanContent.replace(/^```json\\s*/, '').replace(/\\s*```$/, '');\r\n      } else if (cleanContent.startsWith('```')) {\r\n        cleanContent = cleanContent.replace(/^```\\s*/, '').replace(/\\s*```$/, '');\r\n      }\r\n\r\n      const libraries = JSON.parse(cleanContent);\r\n      \r\n      if (!Array.isArray(libraries)) {\r\n        throw new Error('Response is not an array');\r\n      }\r\n\r\n      return libraries\r\n        .filter((lib: any) => typeof lib === 'string' && lib.length > 0)\r\n        .map((lib: string) => ({\r\n          name: lib.toLowerCase().trim(),\r\n          libraryId: '',\r\n          confidence: 0.8, // High confidence for AI suggestions\r\n          source: 'ai' as const\r\n        }));\r\n\r\n    } catch (error) {\r\n      console.warn('Failed to parse AI library suggestions', { error, content });\r\n      return [];\r\n    }\r\n  }\r\n\r\n  /**\r\n   * Estimate AI cost based on token usage\r\n   * REDESIGNED: Tracks AI costs for monitoring and budget control\r\n   */\r\n  private estimateAICost(tokens: number): number {\r\n    // GPT-4 pricing: ~$0.03 per 1K tokens for input, ~$0.06 per 1K tokens for output\r\n    // Using average of $0.045 per 1K tokens for cost estimation\r\n    const costPer1KTokens = 0.045;\r\n    return (tokens / 1000) * costPer1KTokens;\r\n  }\r\n\r\n  /**\r\n   * Get detection metrics\r\n   */\r\n  getMetrics(): DetectionMetrics {\r\n    const cacheStats = this.cacheService.getDetectionMetrics();\r\n    return {\r\n      ...this.metrics,\r\n      cacheHitRate: cacheStats.cacheHitRate || 0\r\n    };\r\n  }\r\n}\r"
  ],
  "context7_docs": []
}
≡ƒÄ» Frameworks detected: nextjs
ΓÅ▒∩╕Å  Response time: 1103ms
≡ƒôê Quality Scores:
   Enhancement: 5/5
   Context Usage: 5/5
   Framework Detection: 5/5
   Completeness: 5/5
   Token Efficiency: 1/5
   Overall: 4.20/5

≡ƒº¬ Testing: Debug/Error Fix Task
≡ƒô¥ Original: Fix this TypeScript error: Property "data" does not exist on type "unknown" in my API response handler
≡ƒöº Context: {"framework":"typescript","file":"src/api/handler.ts"}
Γ£à Success: true
≡ƒôè Enhanced prompt length: 4050 chars
≡ƒöó Token count: 26 ΓåÆ 1013 (ratio: 38.96x)
≡ƒöì Context used: {
  "repo_facts": [
    "Project name: promptmcp",
    "Project description: A focused MCP server for intelligent prompt enhancement with dynamic framework detection, Context7 integration, comprehensive testing suite, and organized test artifacts management",
    "Uses Playwright framework (^1.55.0)",
    "Uses TypeScript framework (^5.0.0)",
    "Uses Vitest framework (^1.0.0)",
    "Project type: Frontend application",
    "Has testing setup",
    "Has build process",
    "Source directories: src",
    "Configuration files: tsconfig.json",
    "Uses TypeScript for type safety",
    "Uses Node.js/Express for backend",
    "Uses testing with 295 test files",
    "Uses Model Context Protocol (MCP) for AI integration",
    "Uses service-oriented architecture with 91 service files",
    "Uses tool-based architecture with 39 tool files"
  ],
  "code_snippets": [
    "File: src/tools/enhance/response-builder.service.ts\nDescription: Class definition: ResponseBuilderService\nCode:\nexport class ResponseBuilderService {\r\n  private logger: Logger;\r\n\r\n  constructor(logger: Logger) {\r\n    this.logger = logger;\r\n  }\r\n\r\n  /**\r\n   * Build enhanced prompt with all context\r\n   * Implements comprehensive prompt enhancement with complexity awareness\r\n   */\r\n  buildEnhancedPrompt(\r\n    originalPrompt: string,\r\n    context: PromptContext,\r\n    complexity?: PromptComplexity\r\n  ): string {\r\n    let enhanced = originalPrompt;\r\n    \r\n    // For simple prompts, provide minimal context\r\n    if (complexity?.level === 'simple') {\r\n      return this.buildSimplePrompt(enhanced, context);\r\n    }\r\n    \r\n    // For medium/complex prompts, add comprehensive context\r\n    return this.buildComplexPrompt(enhanced, context, complexity);\r\n  }\r\n\r\n  /**\r\n   * Build simple prompt with minimal context\r\n   * Optimized for simple questions and quick responses\r\n   */\r\n  private buildSimplePrompt(enhanced: string, context: PromptContext): string {\r\n    // For very simple prompts, keep it minimal - skip repository context entirely\r\n    \r\n    // Only add essential framework detection if relevant and not already mentioned\r\n    if (context.frameworkDetection && \r\n        context.frameworkDetection.detectedFrameworks.length > 0 &&\r\n        !enhanced.toLowerCase().includes(context.frameworkDetection.detectedFrameworks[0].toLowerCase())) {\r\n      enhanced += `\\n\\nFramework: ${context.frameworkDetection.detectedFrameworks[0]}`;\r\n    }\r\n    \r\n    // Add minimal Context7 docs for simple HTML/CSS questions (heavily truncated)\r\n    if (context.context7Docs && context.frameworkDetection?.detectedFrameworks.includes('html')) {\r\n      const truncatedDocs = this.smartTruncateContent(context.context7Docs, 100, enhanced);\r\n      enhanced += `\\n\\n${truncatedDocs}`;\r\n    }\r\n    \r\n    // Log token usage for monitoring\r\n    this.logTokenUsage('simple_prompt', enhanced, 200, enhanced);\r\n    \r\n    return enhanced;\r\n  }\r\n\r\n  /**\r\n   * Build complex prompt with comprehensive context\r\n   * Optimized for development tasks and complex requests\r\n   */\r\n  private buildComplexPrompt(\r\n    enhanced: string, \r\n    context: PromptContext, \r\n    complexity?: PromptComplexity\r\n  ): string {\r\n    // Add framework detection information\r\n    if (context.frameworkDetection && context.frameworkDetection.detectedFrameworks.length > 0) {\r\n      enhanced += `\\n\\n## Detected Frameworks/Libraries:\\n`;\r\n      enhanced += `- **Frameworks**: ${context.frameworkDetection.detectedFrameworks.join(', ')}\\n`;\r\n      enhanced += `- **Detection Method**: ${context.frameworkDetection.detectionMethod}\\n`;\r\n      enhanced += `- **Confidence**: ${(context.frameworkDetection.confidence * 100).toFixed(1)}%\\n`;\r\n      if (context.frameworkDetection.suggestions.length > 0) {\r\n        enhanced += `- **Suggestions**: ${context.frameworkDetection.suggestions.join(', ')}\\n`;\r\n      }\r\n    }\r\n    \r\n    // Add quality requirements if detected (skip for simple prompts)\r\n    if (complexity?.level !== 'simple' && context.qualityRequirements && context.qualityRequirements.length > 0) {\r\n      const qualityFormatted = this.formatQualityRequirements(context.qualityRequirements);\r\n      if (qualityFormatted) {\r\n        enhanced += `\\n\\n${qualityFormatted}`;\r\n      }\r\n    }\r\n    \r\n    // Add Context7 documentation if available (with smart truncation)\r\n    if (context.context7Docs) {\r\n      const maxTokens = complexity?.level === 'simple' ? 200 : \r\n                       complexity?.level === 'medium' ? 500 : 800;\r\n      const smartTruncatedDocs = this.smartTruncateContent(\r\n        context.context7Docs, \r\n        maxTokens, \r\n        enhanced\r\n      );\r\n      enhanced += `\\n\\n## Framework Best Practices:\\n${smartTruncatedDocs}`;\r\n    }\r\n    \r\n    // Add framework-specific documentation if available\r\n    if (context.frameworkDocs && context.frameworkDocs.length > 0) {\r\n      enhanced += `\\n\\n## Framework-Specific Best Practices:\\n${context.frameworkDocs.join('\\n')}`;\r\n    }\r\n    \r\n    // Add project documentation if available\r\n    if (context.projectDocs && context.projectDocs.length > 0) {\r\n      enhanced += `\\n\\n## Project Documentation:\\n${context.projectDocs.join('\\n')}`;\r\n    }\r\n    \r\n    // Add repository context\r\n    if (context.repoFacts.length > 0) {\r\n      enhanced += `\\n\\n## Repository Context:\\n${context.repoFacts.join('\\n')}`;\r\n    }\r\n    \r\n    // Add existing code patterns if available (with smart truncation)\r\n    if (context.codeSnippets.length > 0) {\r\n      const codeContent = context.codeSnippets.join('\\n\\n');\r\n      const maxTokens = complexity?.level === 'simple' ? 200 : \r\n                       complexity?.level === 'medium' ? 400 : 600;\r\n      const smartTruncatedCode = this.smartTruncateContent(\r\n        codeContent, \r\n        maxTokens, \r\n        enhanced\r\n      );\r\n      enhanced += `\\n\\n## Existing Code Patterns:\\n\\`\\`\\`typescript\\n${smartTruncatedCode}\\n\\`\\`\\``;\r\n    }\r\n    \r\n    // Add final instructions\r\n    enhanced += `\\n\\n## Instructions:\\nMake your response consistent with the project's existing patterns, best practices, and coding standards. Use the provided context to ensure your solution fits well with the existing codebase.`;\r\n    \r\n    return enhanced;\r\n  }\r\n\r\n  /**\r\n   * Smart content truncation with relevance scoring\r\n   * Implements intelligent content filtering and prioritization\r\n   */\r\n  smartTruncateContent(content: string, maxTokens: number, prompt: string): string {\r\n    if (!content || content.length === 0) return content;\r\n    \r\n    // Estimate tokens (rough approximation: 1 token Γëê 4 characters)\r\n    const estimatedTokens = this.countTokens(content);\r\n    \r\n    if (estimatedTokens <= maxTokens) {\r\n      this.logTokenUsage('smart_truncate', content, maxTokens, prompt);\r\n      return content;\r\n    }\r\n    \r\n    // Extract key sections based on prompt relevance\r\n    const promptKeywords = this.extractKeywords(prompt);\r\n    const sections = this.splitIntoSections(content);\r\n    const scoredSections = this.scoreSections(sections, promptKeywords);\r\n    \r\n    // Select highest scoring sections within token limit\r\n    const selectedSections = this.selectSectionsWithinLimit(scoredSections, maxTokens);\r\n    const result = selectedSections.join('\\n\\n');\r\n    \r\n    // Log token usage for monitoring\r\n    this.logTokenUsage('smart_truncate', result, maxTokens, prompt);\r\n    \r\n    return result;\r\n  }\r\n\r\n  /**\r\n   * Format quality requirements for display\r\n   * Implements user-friendly formatting with priority indicators\r\n   */\r\n  formatQualityRequirements(requirements: any[]): string {\r\n    try {\r\n      if (!requirements || requirements.length === 0) {\r\n        return '';\r\n      }\r\n      \r\n      let formatted = '## Quality Requirements\\n\\n';\r\n      \r\n      requirements.forEach((req, index) => {\r\n        const priority = req.priority || 'medium';\r\n        const type = req.type || 'general';\r\n        const description = req.description || '';\r\n        const priorityEmoji = this.getPriorityEmoji(priority);\r\n        \r\n        formatted += `${index + 1}. **${type}** ${priorityEmoji} (${priority} priority)\\n`;\r\n        if (description) {\r\n          formatted += `   - ${description}\\n`;\r\n        }\r\n      });\r\n      \r\n      return formatted;\r\n\r\n    } catch (error) {\r\n      this.logger.warn('Quality requirements formatting failed', {\r\n        error: error instanceof Error ? error.message : 'Unknown error',\r\n        requirementsCount: requirements?.length || 0\r\n      });\r\n      \r\n      // Return fallback formatting\r\n      return '';\r\n    }\r\n  }\r\n\r\n  /**\r\n   * Extract keywords from prompt for relevance scoring\r\n   * Used for content prioritization and smart truncation\r\n   */\r\n  private extractKeywords(prompt: string): string[] {\r\n    const words = prompt.toLowerCase()\r\n      .replace(/[^\\w\\s]/g, ' ')\r\n      .split(/\\s+/)\r\n      .filter(word => word.length > 2)\r\n      .filter(word => !this.isStopWord(word));\r\n    \r\n    // Remove duplicates and return\r\n    return [...new Set(words)];\r\n  }\r\n\r\n  /**\r\n   * Check if a word is a stop word (common words that don't add meaning)\r\n   */\r\n  private isStopWord(word: string): boolean {\r\n    const stopWords = new Set([\r\n      'the', 'and', 'or', 'but', 'for', 'with', 'from', 'this', 'that', 'these', 'those',\r\n      'is', 'are', 'was', 'were', 'be', 'been', 'being', 'have', 'has', 'had', 'do', 'does',\r\n      'did', 'will', 'would', 'could', 'should', 'may', 'might', 'must', 'can', 'i', 'you',\r\n      'he', 'she', 'it', 'we', 'they', 'me', 'him', 'her', 'us', 'them'\r\n    ]);\r\n    \r\n    return stopWords.has(word);\r\n  }\r\n\r\n  /**\r\n   * Split content into logical sections for processing\r\n   * Implements intelligent content segmentation\r\n   */\r\n  private splitIntoSections(content: string): string[] {\r\n    // Split by common section markers\r\n    const sectionMarkers = [\r\n      /\\n## /g,\r\n      /\\n### /g,\r\n      /\\n#### /g,\r\n      /\\n- /g,\r\n      /\\n\\* /g,\r\n      /\\n\\d+\\. /g\r\n    ];\r\n    \r\n    let sections = [content];\r\n    \r\n    for (const marker of sectionMarkers) {\r\n      const newSections: string[] = [];\r\n      for (const section of sections) {\r\n        const parts = section.split(marker);\r\n        if (parts.length > 1) {\r\n          newSections.push(...parts.filter(part => part.trim().length > 0));\r\n        } else {\r\n          newSections.push(section);\r\n        }\r\n      }\r\n      sections = newSections;\r\n    }\r\n    \r\n    return sections.filter(section => section.trim().length > 0);\r\n  }\r\n\r\n  /**\r\n   * Score sections based on keyword relevance\r\n   * Implements intelligent content scoring for prioritization\r\n   */\r\n  private scoreSections(sections: string[], keywords: string[]): Array<{ content: string; score: number; tokens: number }> {\r\n    return sections.map(section => {\r\n      const sectionLower = section.toLowerCase();\r\n      let score = 0;\r\n      \r\n      // Score based on keyword matches\r\n      for (const keyword of keywords) {\r\n        const matches = (sectionLower.match(new RegExp(keyword, 'g')) || []).length;\r\n        score += matches * 2; // Weight keyword matches\r\n      }\r\n      \r\n      // Boost score for code examples and practical content\r\n      if (section.includes('```') || section.includes('example') || section.includes('usage')) {\r\n        score += 5;\r\n      }\r\n      \r\n      // Boost score for API references and methods\r\n      if (section.includes('function') || section.includes('method') || section.includes('API')) {\r\n        score += 3;\r\n      }\r\n      \r\n      // Boost score for configuration and setup\r\n      if (section.includes('config') || section.includes('setup') || section.includes('install')) {\r\n        score += 2;\r\n      }\r\n      \r\n      // Boost score for troubleshooting and common issues\r\n      if (section.includes('error') || section.includes('issue') || section.includes('problem')) {\r\n        score += 2;\r\n      }\r\n      \r\n      // Calculate token count for this section\r\n      const tokens = this.countTokens(section);\r\n      \r\n      return { content: section, score, tokens };\r\n    });\r\n  }\r",
    "File: src/services/analysis/project-analyzer.service.ts\nDescription: Class definition: ProjectAnalyzerService\nCode:\nexport class ProjectAnalyzerService {\r\n  private logger: Logger;\r\n  private projectRoot: string;\r\n\r\n  constructor(logger: Logger, projectRoot: string = process.cwd()) {\r\n    this.logger = logger;\r\n    this.projectRoot = projectRoot;\r\n  }\r\n\r\n  /**\r\n   * Analyze the project and return comprehensive facts and snippets\r\n   */\r\n  async analyzeProject(): Promise<RepoFact[]> {\r\n    try {\r\n      console.log('≡ƒöì [ProjectAnalyzer] Starting comprehensive project analysis', { projectRoot: this.projectRoot });\r\n      this.logger.info('Starting comprehensive project analysis', { projectRoot: this.projectRoot });\r\n\r\n      const repoFacts: RepoFact[] = [];\r\n\r\n      // 1. Analyze package.json for dependencies and project info\r\n      console.log('≡ƒöì [ProjectAnalyzer] Analyzing package.json...');\r\n      const packageFacts = await this.analyzePackageJson();\r\n      console.log('≡ƒöì [ProjectAnalyzer] Package facts found:', packageFacts.length);\r\n      repoFacts.push(...packageFacts);\r\n\r\n      // 2. Analyze project structure\r\n      console.log('≡ƒöì [ProjectAnalyzer] Analyzing project structure...');\r\n      const structureFacts = await this.analyzeProjectStructure();\r\n      console.log('≡ƒöì [ProjectAnalyzer] Structure facts found:', structureFacts.length);\r\n      repoFacts.push(...structureFacts);\r\n\r\n      // 3. Analyze framework usage\r\n      console.log('≡ƒöì [ProjectAnalyzer] Analyzing framework usage...');\r\n      const frameworkFacts = await this.analyzeFrameworkUsage();\r\n      console.log('≡ƒöì [ProjectAnalyzer] Framework facts found:', frameworkFacts.length);\r\n      repoFacts.push(...frameworkFacts);\r\n\r\n      // 4. Analyze architecture patterns\r\n      console.log('≡ƒöì [ProjectAnalyzer] Analyzing architecture patterns...');\r\n      const architectureFacts = await this.analyzeArchitecturePatterns();\r\n      console.log('≡ƒöì [ProjectAnalyzer] Architecture facts found:', architectureFacts.length);\r\n      repoFacts.push(...architectureFacts);\r\n\r\n      console.log('Γ£à [ProjectAnalyzer] Project analysis completed', { \r\n        factsCount: repoFacts.length,\r\n        factTypes: [...new Set(repoFacts.map(f => f.type))]\r\n      });\r\n\r\n      this.logger.info('Project analysis completed', { \r\n        factsCount: repoFacts.length,\r\n        factTypes: [...new Set(repoFacts.map(f => f.type))]\r\n      });\r\n\r\n      return repoFacts;\r\n\r\n    } catch (error) {\r\n      console.error('Γ¥î [ProjectAnalyzer] Project analysis failed', error);\r\n      this.logger.error('Project analysis failed', { \r\n        error: error instanceof Error ? error.message : 'Unknown error' \r\n      });\r\n      return [];\r\n    }\r\n  }\r\n\r\n  /**\r\n   * Find relevant code snippets based on prompt\r\n   */\r\n  async findRelevantCodeSnippets(prompt: string, targetFile?: string): Promise<CodeSnippet[]> {\r\n    try {\r\n      console.log('≡ƒöì [ProjectAnalyzer] Finding relevant code snippets', { prompt: prompt.substring(0, 100) + '...', targetFile });\r\n      this.logger.info('Finding relevant code snippets', { prompt: prompt.substring(0, 100) + '...', targetFile });\r\n\r\n      const snippets: CodeSnippet[] = [];\r\n\r\n      // If target file is specified, analyze that file\r\n      if (targetFile) {\r\n        console.log('≡ƒöì [ProjectAnalyzer] Analyzing target file:', targetFile);\r\n        const fileSnippets = await this.analyzeFileForSnippets(targetFile, prompt);\r\n        console.log('≡ƒöì [ProjectAnalyzer] Target file snippets found:', fileSnippets.length);\r\n        snippets.push(...fileSnippets);\r\n      }\r\n\r\n      // Analyze common source directories\r\n      const sourceDirs = ['src', 'lib', 'app', 'components', 'pages', 'utils'];\r\n      console.log('≡ƒöì [ProjectAnalyzer] Analyzing source directories:', sourceDirs);\r\n      for (const dir of sourceDirs) {\r\n        const dirPath = path.join(this.projectRoot, dir);\r\n        if (await this.directoryExists(dirPath)) {\r\n          console.log('≡ƒöì [ProjectAnalyzer] Analyzing directory:', dirPath);\r\n          const dirSnippets = await this.analyzeDirectoryForSnippets(dirPath, prompt);\r\n          console.log('≡ƒöì [ProjectAnalyzer] Directory snippets found:', dirSnippets.length);\r\n          snippets.push(...dirSnippets);\r\n        } else {\r\n          console.log('≡ƒöì [ProjectAnalyzer] Directory does not exist:', dirPath);\r\n        }\r\n      }\r\n\r\n      // Sort by relevance and return top snippets\r\n      const sortedSnippets = snippets\r\n        .sort((a, b) => b.relevance - a.relevance)\r\n        .slice(0, 10); // Limit to top 10 snippets\r\n\r\n      console.log('Γ£à [ProjectAnalyzer] Code snippet analysis completed', { \r\n        totalSnippets: snippets.length,\r\n        returnedSnippets: sortedSnippets.length\r\n      });\r\n\r\n      this.logger.info('Code snippet analysis completed', { \r\n        totalSnippets: snippets.length,\r\n        returnedSnippets: sortedSnippets.length\r\n      });\r\n\r\n      return sortedSnippets;\r\n\r\n    } catch (error) {\r\n      console.error('Γ¥î [ProjectAnalyzer] Code snippet analysis failed', error);\r\n      this.logger.error('Code snippet analysis failed', { \r\n        error: error instanceof Error ? error.message : 'Unknown error' \r\n      });\r\n      return [];\r\n    }\r\n  }\r\n\r\n  /**\r\n   * Analyze package.json for project facts\r\n   */\r\n  private async analyzePackageJson(): Promise<RepoFact[]> {\r\n    const facts: RepoFact[] = [];\r\n\r\n    try {\r\n      const packagePath = path.join(this.projectRoot, 'package.json');\r\n      const packageContent = await fs.readFile(packagePath, 'utf-8');\r\n      const packageJson = JSON.parse(packageContent);\r\n\r\n      // Project name and description\r\n      if (packageJson.name) {\r\n        facts.push({\r\n          type: 'structure',\r\n          fact: `Project name: ${packageJson.name}`,\r\n          confidence: 1.0,\r\n          source: 'package.json'\r\n        });\r\n      }\r\n\r\n      if (packageJson.description) {\r\n        facts.push({\r\n          type: 'structure',\r\n          fact: `Project description: ${packageJson.description}`,\r\n          confidence: 1.0,\r\n          source: 'package.json'\r\n        });\r\n      }\r\n\r\n      // Main dependencies\r\n      const dependencies = packageJson.dependencies || {};\r\n      const devDependencies = packageJson.devDependencies || {};\r\n      const allDeps = { ...dependencies, ...devDependencies };\r\n\r\n      // Framework detection\r\n      const frameworks = this.detectFrameworksFromDependencies(allDeps);\r\n      for (const framework of frameworks) {\r\n        facts.push({\r\n          type: 'framework',\r\n          fact: `Uses ${framework.name} framework (${framework.version})`,\r\n          confidence: framework.confidence,\r\n          source: 'package.json'\r\n        });\r\n      }\r\n\r\n      // Project type detection\r\n      const projectType = this.detectProjectType(packageJson);\r\n      if (projectType) {\r\n        facts.push({\r\n          type: 'architecture',\r\n          fact: `Project type: ${projectType}`,\r\n          confidence: 0.9,\r\n          source: 'package.json'\r\n        });\r\n      }\r\n\r\n      // Scripts analysis\r\n      if (packageJson.scripts) {\r\n        const scriptFacts = this.analyzeScripts(packageJson.scripts);\r\n        facts.push(...scriptFacts);\r\n      }\r\n\r\n    } catch (error) {\r\n      this.logger.warn('Failed to analyze package.json', { error });\r\n    }\r\n\r\n    return facts;\r\n  }\r\n\r\n  /**\r\n   * Analyze project structure\r\n   */\r\n  private async analyzeProjectStructure(): Promise<RepoFact[]> {\r\n    const facts: RepoFact[] = [];\r\n\r\n    try {\r\n      const entries = await fs.readdir(this.projectRoot, { withFileTypes: true });\r\n\r\n      // Check for common project files\r\n      const commonFiles = ['README.md', 'LICENSE', 'Dockerfile', 'docker-compose.yml', '.gitignore'];\r\n      for (const file of commonFiles) {\r\n        if (entries.some(entry => entry.name === file)) {\r\n          facts.push({\r\n            type: 'structure',\r\n            fact: `Contains ${file}`,\r\n            confidence: 1.0,\r\n            source: 'file-system'\r\n          });\r\n        }\r\n      }\r\n\r\n      // Check for source directories\r\n      const sourceDirs = ['src', 'lib', 'app', 'components', 'pages', 'utils', 'services'];\r\n      const foundDirs = entries\r\n        .filter(entry => entry.isDirectory() && sourceDirs.includes(entry.name))\r\n        .map(entry => entry.name);\r\n\r\n      if (foundDirs.length > 0) {\r\n        facts.push({\r\n          type: 'structure',\r\n          fact: `Source directories: ${foundDirs.join(', ')}`,\r\n          confidence: 0.9,\r\n          source: 'file-system'\r\n        });\r\n      }\r\n\r\n      // Check for config files\r\n      const configFiles = ['tsconfig.json', 'jest.config.js', 'webpack.config.js', 'vite.config.js', 'next.config.js'];\r\n      const foundConfigs = entries\r\n        .filter(entry => entry.isFile() && configFiles.includes(entry.name))\r\n        .map(entry => entry.name);\r\n\r\n      if (foundConfigs.length > 0) {\r\n        facts.push({\r\n          type: 'structure',\r\n          fact: `Configuration files: ${foundConfigs.join(', ')}`,\r\n          confidence: 0.8,\r\n          source: 'file-system'\r\n        });\r\n      }\r\n\r\n    } catch (error) {\r\n      this.logger.warn('Failed to analyze project structure', { error });\r\n    }\r\n\r\n    return facts;\r\n  }\r\n\r\n  /**\r\n   * Analyze framework usage patterns\r\n   */\r\n  private async analyzeFrameworkUsage(): Promise<RepoFact[]> {\r\n    const facts: RepoFact[] = [];\r\n\r\n    try {\r\n      // Check for TypeScript usage\r\n      const tsConfigPath = path.join(this.projectRoot, 'tsconfig.json');\r\n      if (await this.fileExists(tsConfigPath)) {\r\n        facts.push({\r\n          type: 'framework',\r\n          fact: 'Uses TypeScript for type safety',\r\n          confidence: 1.0,\r\n          source: 'tsconfig.json'\r\n        });\r\n      }\r\n\r\n      // Check for React usage\r\n      const reactFiles = await this.findFilesByPattern('**/*.{tsx,jsx}');\r\n      if (reactFiles.length > 0) {\r\n        facts.push({\r\n          type: 'framework',\r\n          fact: `Uses React with ${reactFiles.length} component files`,\r\n          confidence: 0.9,\r\n          source: 'file-analysis'\r\n        });\r\n      }\r\n\r\n      // Check for Node.js/Express usage\r\n      const serverFiles = await this.findFilesByPattern('**/server.{js,ts}');\r\n      const appFiles = await this.findFilesByPattern('**/app.{js,ts}');\r\n      if (serverFiles.length > 0 || appFiles.length > 0) {\r\n        facts.push({\r\n          type: 'framework',\r\n          fact: 'Uses Node.js/Express for backend',\r\n          confidence: 0.8,\r\n          source: 'file-analysis'\r\n        });\r\n      }\r\n\r\n      // Check for testing setup\r\n      const testFiles = await this.findFilesByPattern('**/*.{test,spec}.{js,ts,tsx}');\r\n      if (testFiles.length > 0) {\r\n        facts.push({\r\n          type: 'pattern',\r\n          fact: `Uses testing with ${testFiles.length} test files`,\r\n          confidence: 0.9,\r\n          source: 'file-analysis'\r\n        });\r\n      }\r\n\r\n    } catch (error) {\r\n      this.logger.warn('Failed to analyze framework usage', { error });\r\n    }\r\n\r\n    return facts;\r\n  }\r\n\r\n  /**\r\n   * Analyze architecture patterns\r\n   */\r\n  private async analyzeArchitecturePatterns(): Promise<RepoFact[]> {\r\n    const facts: RepoFact[] = [];\r\n\r\n    try {\r\n      // Check for MCP (Model Context Protocol) usage\r\n      const mcpFiles = await this.findFilesByPattern('**/*mcp*');\r\n      if (mcpFiles.length > 0) {\r\n        facts.push({\r\n          type: 'architecture',\r\n          fact: 'Uses Model Context Protocol (MCP) for AI integration',\r\n          confidence: 0.9,\r\n          source: 'file-analysis'\r\n        });\r\n      }\r\n\r\n      // Check for service-oriented architecture\r\n      const serviceFiles = await this.findFilesByPattern('**/services/**/*.{js,ts}');\r\n      if (serviceFiles.length > 0) {\r\n        facts.push({\r\n          type: 'architecture',\r\n          fact: `Uses service-oriented architecture with ${serviceFiles.length} service files`,\r\n          confidence: 0.8,\r\n          source: 'file-analysis'\r\n        });\r\n      }\r\n\r\n      // Check for tool-based architecture\r\n      const toolFiles = await this.findFilesByPattern('**/tools/**/*.{js,ts}');\r\n      if (toolFiles.length > 0) {\r\n        facts.push({\r\n          type: 'architecture',\r\n          fact: `Uses tool-based architecture with ${toolFiles.length} tool files`,\r\n          confidence: 0.8,\r\n          source: 'file-analysis'\r\n        });\r\n      }\r\n\r\n      // Check for Docker usage\r\n      const dockerFiles = await this.findFilesByPattern('**/Dockerfile*');\r\n      if (dockerFiles.length > 0) {\r\n        facts.push({\r\n          type: 'architecture',\r\n          fact: 'Uses Docker for containerization',\r\n          confidence: 1.0,\r\n          source: 'file-analysis'\r\n        });\r\n      }\r\n\r\n    } catch (error) {\r\n      this.logger.warn('Failed to analyze architecture patterns', { error });\r\n    }\r\n\r\n    return facts;\r\n  }\r\n\r\n  /**\r\n   * Analyze a specific file for code snippets\r\n   */\r\n  private async analyzeFileForSnippets(filePath: string, prompt: string): Promise<CodeSnippet[]> {\r\n    const snippets: CodeSnippet[] = [];\r\n\r\n    try {\r\n      const content = await fs.readFile(filePath, 'utf-8');\r\n      const language = this.detectLanguage(filePath);\r\n      \r\n      // Extract relevant code blocks\r\n      const codeBlocks = this.extractCodeBlocks(content, prompt);\r\n      \r\n      for (const block of codeBlocks) {\r\n        snippets.push({\r\n          file: path.relative(this.projectRoot, filePath),\r\n          content: block.content,\r\n          language,\r\n          relevance: block.relevance,\r\n          description: block.description\r\n        });\r\n      }\r\n\r\n    } catch (error) {\r\n      this.logger.warn('Failed to analyze file for snippets', { filePath, error });\r\n    }\r\n\r\n    return snippets;\r\n  }\r\n\r\n  /**\r\n   * Analyze directory for code snippets\r\n   */\r\n  private async analyzeDirectoryForSnippets(dirPath: string, prompt: string): Promise<CodeSnippet[]> {\r\n    const snippets: CodeSnippet[] = [];\r\n\r\n    try {\r\n      const entries = await fs.readdir(dirPath, { withFileTypes: true });\r\n      \r\n      for (const entry of entries) {\r\n        const fullPath = path.join(dirPath, entry.name);\r\n        \r\n        if (entry.isDirectory()) {\r\n          // Recursively analyze subdirectories (limit depth)\r\n          const subSnippets = await this.analyzeDirectoryForSnippets(fullPath, prompt);\r\n          snippets.push(...subSnippets);\r\n        } else if (this.isCodeFile(entry.name)) {\r\n          const fileSnippets = await this.analyzeFileForSnippets(fullPath, prompt);\r\n          snippets.push(...fileSnippets);\r\n        }\r\n      }\r\n\r\n    } catch (error) {\r\n      this.logger.warn('Failed to analyze directory for snippets', { dirPath, error });\r\n    }\r\n\r\n    return snippets;\r\n  }\r\n\r\n  /**\r\n   * Extract code blocks from content based on prompt relevance\r\n   */\r\n  private extractCodeBlocks(content: string, prompt: string): Array<{ content: string; relevance: number; description: string }> {\r\n    const blocks: Array<{ content: string; relevance: number; description: string }> = [];\r\n    const lines = content.split('\\n');\r\n    \r\n    // Extract function definitions\r\n    const functionRegex = /(?:function|const|let|var)\\s+\\w+\\s*[=\\(]/g;\r\n    let match;\r\n    while ((match = functionRegex.exec(content)) !== null) {\r\n      const startLine = content.substring(0, match.index).split('\\n').length - 1;\r\n      const endLine = this.findFunctionEnd(lines, startLine);\r\n      \r\n      if (endLine > startLine) {\r\n        const functionContent = lines.slice(startLine, endLine + 1).join('\\n');\r\n        const relevance = this.calculateRelevance(functionContent, prompt);\r\n        \r\n        if (relevance > 0.3) {\r\n          blocks.push({\r\n            content: functionContent,\r\n            relevance,\r\n            description: `Function definition: ${this.extractFunctionName(functionContent)}`\r\n          });\r\n        }\r\n      }\r\n    }\r\n\r\n    // Extract class definitions\r\n    const classRegex = /class\\s+\\w+/g;\r\n    while ((match = classRegex.exec(content)) !== null) {\r\n      const startLine = content.substring(0, match.index).split('\\n').length - 1;\r\n      const endLine = this.findClassEnd(lines, startLine);\r\n      \r\n      if (endLine > startLine) {\r\n        const classContent = lines.slice(startLine, endLine + 1).join('\\n');\r\n        const relevance = this.calculateRelevance(classContent, prompt);\r\n        \r\n        if (relevance > 0.3) {\r\n          blocks.push({\r\n            content: classContent,\r\n            relevance,\r\n            description: `Class definition: ${this.extractClassName(classContent)}`\r\n          });\r\n        }\r\n      }\r\n    }\r\n\r\n    return blocks;\r\n  }\r",
    "File: src/services/framework-detector/framework-detector.service.ts\nDescription: Class definition: FrameworkDetectorService\nCode:\nexport class FrameworkDetectorService {\r\n  private context7Service: any; // Using simple client now\r\n  private cacheService: Context7CacheService;\r\n  private aiService: any; // Will be injected\r\n  private projectAnalyzer: ProjectContextAnalyzer;\r\n  private metrics: DetectionMetrics;\r\n  private detectionPatterns: DetectionPattern[];\r\n\r\n  constructor(context7Service: any, cacheService: Context7CacheService, aiService?: any) {\r\n    this.context7Service = context7Service;\r\n    this.cacheService = cacheService;\r\n    this.aiService = aiService;\r\n    this.projectAnalyzer = new ProjectContextAnalyzer();\r\n    this.metrics = this.initializeMetrics();\r\n    this.detectionPatterns = this.initializeDetectionPatterns();\r\n  }\r\n\r\n  /**\r\n   * Main detection method - detects frameworks dynamically\r\n   */\r\n  async detectFrameworks(prompt: string, projectContext?: ProjectContext): Promise<FrameworkDetectionResult> {\r\n    const startTime = performance.now();\r\n    \r\n    try {\r\n      // 1. Extract potential library names using patterns\r\n      const patternMatches = this.extractLibraryNamesUsingPatterns(prompt);\r\n      \r\n      // 2. Use AI to suggest additional libraries with project context (if available)\r\n      const aiMatches = this.aiService ? await this.suggestLibrariesWithAI(prompt, projectContext) : [];\r\n      \r\n      // 3. Check project context for additional libraries\r\n      const projectMatches = projectContext ? this.extractFromProjectContext(projectContext) : [];\r\n      \r\n      // 4. Combine and deduplicate matches\r\n      const allMatches = this.combineMatches([...patternMatches, ...aiMatches, ...projectMatches]);\r\n      \r\n      // 5. Resolve with Context7\r\n      const context7Libraries = await this.resolveLibrariesWithContext7(allMatches);\r\n      \r\n      // 6. Update metrics\r\n      const detectionTime = performance.now() - startTime;\r\n      this.updateMetrics(context7Libraries, detectionTime);\r\n      \r\n      return {\r\n        detectedFrameworks: context7Libraries.map(lib => lib.name),\r\n        confidence: this.calculateOverallConfidence(context7Libraries),\r\n        suggestions: this.generateSuggestions(context7Libraries),\r\n        context7Libraries: context7Libraries.map(lib => lib.libraryId),\r\n        detectionMethod: this.determineDetectionMethod(allMatches)\r\n      };\r\n    } catch (error) {\r\n      console.error('Framework detection failed', { error, prompt });\r\n      return this.getFallbackResult();\r\n    }\r\n  }\r\n\r\n  /**\r\n   * Extract library names using regex patterns\r\n   */\r\n  private extractLibraryNamesUsingPatterns(prompt: string): LibraryMatch[] {\r\n    const matches: LibraryMatch[] = [];\r\n    \r\n    for (const pattern of this.detectionPatterns) {\r\n      const regexMatches = prompt.matchAll(pattern.regex);\r\n      for (const match of regexMatches) {\r\n        const name = match[1]?.toLowerCase();\r\n        if (name && this.isValidLibraryName(name)) {\r\n          matches.push({\r\n            name,\r\n            libraryId: '',\r\n            confidence: this.calculatePatternConfidence(name, pattern.type, pattern.weight),\r\n            source: 'pattern'\r\n          });\r\n        }\r\n      }\r\n    }\r\n    \r\n    return matches;\r\n  }\r\n\r\n  /**\r\n   * Use AI to suggest libraries with enhanced prompt analysis\r\n   * REDESIGNED: Enhanced with context-aware AI framework detection\r\n   */\r\n  private async suggestLibrariesWithAI(prompt: string, projectContext?: ProjectContext): Promise<LibraryMatch[]> {\r\n    if (!this.aiService) {\r\n      return [];\r\n    }\r\n\r\n    try {\r\n      const analysisPrompt = this.buildContextAwareAnalysisPrompt(prompt, projectContext);\r\n      \r\n      const response = await this.aiService.createChatCompletion([\r\n        {\r\n          role: 'system',\r\n          content: `You are an expert at analyzing development prompts and suggesting relevant frameworks/libraries.\r\n\r\nYour job is to:\r\n1. Analyze the user's prompt for framework/library needs\r\n2. Consider the project context (existing frameworks, project type, code patterns)\r\n3. Suggest 3-5 most relevant library/framework names\r\n4. Focus on frameworks, UI libraries, and development tools\r\n5. Be specific (e.g., use actual library names, not generic descriptions)\r\n6. Prioritize popular, well-documented libraries\r\n\r\nReturn ONLY a JSON array of library names:\r\n[\"library1\", \"library2\", \"library3\"]\r\n\r\nGuidelines:\r\n- Consider the project context when making suggestions\r\n- Match the complexity level to the user's needs\r\n- Include both primary and supporting libraries\r\n- Be specific and avoid generic suggestions`\r\n        },\r\n        {\r\n          role: 'user',\r\n          content: analysisPrompt\r\n        }\r\n      ], {\r\n        maxTokens: 300,\r\n        temperature: 0.3\r\n      });\r\n\r\n      const content = response.choices[0]?.message?.content;\r\n      if (!content) {\r\n        throw new Error('No response content from AI');\r\n      }\r\n\r\n      const aiMatches = this.parseAILibrarySuggestions(content);\r\n      \r\n      // Log AI usage for monitoring\r\n      console.log('AI framework detection usage', {\r\n        operation: 'framework_detection',\r\n        tokensUsed: response.usage?.total_tokens || 0,\r\n        cost: this.estimateAICost(response.usage?.total_tokens || 0),\r\n        librariesSuggested: aiMatches.length\r\n      });\r\n      \r\n      return aiMatches;\r\n    } catch (error) {\r\n      console.warn('AI library suggestion failed', { error });\r\n      return [];\r\n    }\r\n  }\r\n\r\n  /**\r\n   * Enhanced prompt-based framework inference using multiple strategies\r\n   * Replaces simple pattern matching with intelligent analysis\r\n   */\r\n  private async inferFrameworksFromPrompt(prompt: string): Promise<LibraryMatch[]> {\r\n    const matches: LibraryMatch[] = [];\r\n    \r\n    // 1. Direct framework mentions\r\n    const directMentions = this.extractDirectFrameworkMentions(prompt);\r\n    matches.push(...directMentions);\r\n    \r\n    // 2. Task-based inference\r\n    const taskInferences = this.inferFromTaskType(prompt);\r\n    matches.push(...taskInferences);\r\n    \r\n    // 3. Technology stack inference\r\n    const stackInferences = this.inferFromTechnologyStack(prompt);\r\n    matches.push(...stackInferences);\r\n    \r\n    // 4. Context-based inference\r\n    const contextInferences = this.inferFromContext(prompt);\r\n    matches.push(...contextInferences);\r\n    \r\n    // Remove duplicates and sort by confidence\r\n    const uniqueMatches = this.deduplicateMatches(matches);\r\n    return uniqueMatches.sort((a, b) => b.confidence - a.confidence);\r\n  }\r\n\r\n  /**\r\n   * Extract frameworks directly mentioned in the prompt\r\n   */\r\n  private extractDirectFrameworkMentions(prompt: string): LibraryMatch[] {\r\n    const matches: LibraryMatch[] = [];\r\n    const promptLower = prompt.toLowerCase();\r\n    \r\n    // Common framework names and their variations\r\n    const frameworkNames = [\r\n      'react', 'vue', 'angular', 'svelte', 'nextjs', 'nuxt', 'sveltekit',\r\n      'typescript', 'javascript', 'html', 'css', 'tailwind', 'bootstrap',\r\n      'express', 'fastify', 'koa', 'node', 'python', 'django', 'flask',\r\n      'mongodb', 'postgresql', 'mysql', 'redis', 'elasticsearch'\r\n    ];\r\n    \r\n    for (const framework of frameworkNames) {\r\n      const variations = [\r\n        framework,\r\n        framework.replace(/\\./g, ''),\r\n        framework.replace(/-/g, ''),\r\n        framework.replace(/\\./g, ' '),\r\n        framework.replace(/-/g, ' ')\r\n      ];\r\n      \r\n      for (const variation of variations) {\r\n        if (promptLower.includes(variation)) {\r\n          matches.push({\r\n            name: framework,\r\n            libraryId: '',\r\n            confidence: 0.9, // High confidence for direct mentions\r\n            source: 'direct-mention'\r\n          });\r\n        }\r\n      }\r\n    }\r\n    \r\n    return matches;\r\n  }\r\n\r\n  /**\r\n   * Infer frameworks based on the type of task described\r\n   */\r\n  private inferFromTaskType(prompt: string): LibraryMatch[] {\r\n    const matches: LibraryMatch[] = [];\r\n    const promptLower = prompt.toLowerCase();\r\n    \r\n    // Task-based framework mapping\r\n    const taskMappings = [\r\n      {\r\n        patterns: ['component', 'ui element', 'interface', 'user interface'],\r\n        frameworks: [{ name: 'react', confidence: 0.8 }, { name: 'vue', confidence: 0.7 }]\r\n      },\r\n      {\r\n        patterns: ['api', 'server', 'backend', 'endpoint', 'route'],\r\n        frameworks: [{ name: 'express', confidence: 0.8 }, { name: 'fastify', confidence: 0.6 }]\r\n      },\r\n      {\r\n        patterns: ['database', 'data storage', 'query', 'sql'],\r\n        frameworks: [{ name: 'mongodb', confidence: 0.7 }, { name: 'postgresql', confidence: 0.7 }]\r\n      },\r\n      {\r\n        patterns: ['styling', 'css', 'design', 'theme', 'layout'],\r\n        frameworks: [{ name: 'tailwind', confidence: 0.8 }, { name: 'css', confidence: 0.6 }]\r\n      }\r\n    ];\r\n    \r\n    for (const mapping of taskMappings) {\r\n      for (const pattern of mapping.patterns) {\r\n        if (promptLower.includes(pattern)) {\r\n          for (const framework of mapping.frameworks) {\r\n            matches.push({\r\n              name: framework.name,\r\n              libraryId: '',\r\n              confidence: framework.confidence,\r\n              source: 'task-inference'\r\n            });\r\n          }\r\n        }\r\n      }\r\n    }\r\n    \r\n    return matches;\r\n  }\r\n\r\n  /**\r\n   * Infer frameworks based on technology stack indicators\r\n   */\r\n  private inferFromTechnologyStack(prompt: string): LibraryMatch[] {\r\n    const matches: LibraryMatch[] = [];\r\n    const promptLower = prompt.toLowerCase();\r\n    \r\n    // Technology stack indicators\r\n    const stackIndicators = {\r\n      'web': ['html', 'css', 'javascript'],\r\n      'frontend': ['react', 'vue', 'angular', 'svelte'],\r\n      'backend': ['node', 'express', 'python', 'django'],\r\n      'database': ['mongodb', 'postgresql', 'mysql', 'redis'],\r\n      'deployment': ['docker', 'kubernetes', 'vercel', 'netlify']\r\n    };\r\n    \r\n    for (const [stack, frameworks] of Object.entries(stackIndicators)) {\r\n      if (promptLower.includes(stack)) {\r\n        for (const framework of frameworks) {\r\n          matches.push({\r\n            name: framework,\r\n            libraryId: '',\r\n            confidence: 0.6,\r\n            source: 'stack-inference'\r\n          });\r\n        }\r\n      }\r\n    }\r\n    \r\n    return matches;\r\n  }\r\n\r\n  /**\r\n   * Infer frameworks from context clues\r\n   */\r\n  private inferFromContext(prompt: string): LibraryMatch[] {\r\n    const matches: LibraryMatch[] = [];\r\n    \r\n    // Context-based inference patterns\r\n    if (prompt.includes('admin') || prompt.includes('dashboard')) {\r\n      matches.push({ name: 'react', libraryId: '', confidence: 0.7, source: 'context-inference' });\r\n    }\r\n    \r\n    if (prompt.includes('mobile') || prompt.includes('app')) {\r\n      matches.push({ name: 'react', libraryId: '', confidence: 0.6, source: 'context-inference' });\r\n    }\r\n    \r\n    if (prompt.includes('server') || prompt.includes('api')) {\r\n      matches.push({ name: 'node', libraryId: '', confidence: 0.7, source: 'context-inference' });\r\n    }\r\n    \r\n    return matches;\r\n  }\r\n\r\n  /**\r\n   * Remove duplicate framework matches and merge confidence scores\r\n   */\r\n  private deduplicateMatches(matches: LibraryMatch[]): LibraryMatch[] {\r\n    const uniqueMatches = new Map<string, LibraryMatch>();\r\n    \r\n    for (const match of matches) {\r\n      const existing = uniqueMatches.get(match.name);\r\n      if (existing) {\r\n        // Merge confidence scores (take the highest)\r\n        existing.confidence = Math.max(existing.confidence, match.confidence);\r\n        // Merge sources\r\n        if (!existing.source.includes(match.source)) {\r\n          existing.source += `, ${match.source}`;\r\n        }\r\n      } else {\r\n        uniqueMatches.set(match.name, { ...match });\r\n      }\r\n    }\r\n    \r\n    return Array.from(uniqueMatches.values());\r\n  }\r\n\r\n  /**\r\n   * Extract libraries from project context\r\n   */\r\n  private extractFromProjectContext(projectContext: ProjectContext): LibraryMatch[] {\r\n    const matches: LibraryMatch[] = [];\r\n    \r\n    // Extract from package.json dependencies\r\n    if (projectContext.dependencies) {\r\n      for (const [name, version] of Object.entries(projectContext.dependencies)) {\r\n        if (this.isValidLibraryName(name)) {\r\n          matches.push({\r\n            name: name.toLowerCase(),\r\n            libraryId: '',\r\n            confidence: 0.9, // High confidence for project dependencies\r\n            source: 'project'\r\n          });\r\n        }\r\n      }\r\n    }\r\n    \r\n    // Extract from suggested frameworks\r\n    if (projectContext.suggestedFrameworks) {\r\n      for (const framework of projectContext.suggestedFrameworks) {\r\n        if (this.isValidLibraryName(framework)) {\r\n          matches.push({\r\n            name: framework.toLowerCase(),\r\n            libraryId: '',\r\n            confidence: 0.8, // High confidence for detected frameworks\r\n            source: 'project'\r\n          });\r\n        }\r\n      }\r\n    }\r\n    \r\n    return matches;\r\n  }\r\n\r\n  /**\r\n   * Resolve libraries with Context7\r\n   */\r\n  private async resolveLibrariesWithContext7(matches: LibraryMatch[]): Promise<LibraryMatch[]> {\r\n    const resolved: LibraryMatch[] = [];\r\n    \r\n    for (const match of matches) {\r\n      try {\r\n        // Check cache first\r\n        const cached = await this.cacheService.getCachedDocs(match.name);\r\n        if (cached) {\r\n          resolved.push({ ...match, libraryId: cached.libraryId });\r\n          continue;\r\n        }\r\n        \r\n        // Resolve with Context7\r\n        const libraryInfo = await this.context7Service.resolveLibraryId(match.name);\r\n        const libraryId = libraryInfo.length > 0 && libraryInfo[0] ? libraryInfo[0].id : null;\r\n        \r\n        if (!libraryId) {\r\n          console.warn(`No Context7 library found for ${match.name}`);\r\n          continue;\r\n        }\r\n        \r\n        const docs = await this.context7Service.getLibraryDocumentation(libraryId, undefined, 2000);\r\n        \r\n        // Cache the result\r\n        await this.cacheService.cacheDocs(match.name, libraryId, docs);\r\n        \r\n        resolved.push({ ...match, libraryId });\r\n      } catch (error) {\r\n        console.warn(`Failed to resolve library ${match.name}`, { error });\r\n      }\r\n    }\r\n    \r\n    return resolved;\r\n  }\r\n\r\n  /**\r\n   * Combine and deduplicate matches\r\n   */\r\n  private combineMatches(matches: LibraryMatch[]): LibraryMatch[] {\r\n    const uniqueMatches = new Map<string, LibraryMatch>();\r\n    \r\n    for (const match of matches) {\r\n      const existing = uniqueMatches.get(match.name);\r\n      if (!existing || match.confidence > existing.confidence) {\r\n        uniqueMatches.set(match.name, match);\r\n      }\r\n    }\r\n    \r\n    return Array.from(uniqueMatches.values());\r\n  }\r\n\r\n  /**\r\n   * Validate library name\r\n   */\r\n  private isValidLibraryName(name: string): boolean {\r\n    const commonWords = ['the', 'a', 'an', 'and', 'or', 'but', 'in', 'on', 'at', 'to', 'for', 'of', 'with', 'by', 'is', 'are', 'was', 'were'];\r\n    return name.length > 2 && !commonWords.includes(name) && /^[a-z0-9-]+$/.test(name);\r\n  }\r\n\r\n  /**\r\n   * Calculate pattern confidence\r\n   */\r\n  private calculatePatternConfidence(name: string, type: string, weight: number): number {\r\n    const typeWeights = { component: 0.9, framework: 0.8, library: 0.7, app: 0.6 };\r\n    const baseConfidence = typeWeights[type as keyof typeof typeWeights] || 0.5;\r\n    return Math.min(1, baseConfidence * weight);\r\n  }\r\n\r\n  /**\r\n   * Calculate overall confidence\r\n   */\r\n  private calculateOverallConfidence(libraries: LibraryMatch[]): number {\r\n    if (libraries.length === 0) return 0;\r\n    return libraries.reduce((sum, lib) => sum + lib.confidence, 0) / libraries.length;\r\n  }\r\n\r\n  /**\r\n   * Generate suggestions\r\n   */\r\n  private generateSuggestions(libraries: LibraryMatch[]): string[] {\r\n    if (libraries.length === 0) {\r\n      return ['Consider specifying a framework or library name in your prompt'];\r\n    }\r\n    return libraries.map(lib => `Detected ${lib.name} (${lib.source})`);\r\n  }\r\n\r\n  /**\r\n   * Determine detection method\r\n   */\r\n  private determineDetectionMethod(matches: LibraryMatch[]): 'pattern' | 'ai' | 'project' | 'fallback' {\r\n    if (matches.some(m => m.source === 'project')) return 'project';\r\n    if (matches.some(m => m.source === 'ai')) return 'ai';\r\n    if (matches.some(m => m.source === 'pattern')) return 'pattern';\r\n    return 'fallback';\r\n  }\r\n\r\n  /**\r\n   * Get fallback result\r\n   */\r\n  private getFallbackResult(): FrameworkDetectionResult {\r\n    return {\r\n      detectedFrameworks: [],\r\n      confidence: 0,\r\n      suggestions: ['No frameworks detected. Try being more specific about the technology you want to use.'],\r\n      context7Libraries: [],\r\n      detectionMethod: 'fallback'\r\n    };\r\n  }\r\n\r\n  /**\r\n   * Initialize detection patterns (dynamic, AI-powered)\r\n   */\r\n  private initializeDetectionPatterns(): DetectionPattern[] {\r\n    try {\r\n      // Return basic patterns that work with any framework/library names\r\n      // This is a real dynamic method that actually works\r\n      return [\r\n        { regex: /create\\s+a\\s+(\\w+)\\s+component/gi, type: 'component', weight: 1.0 },\r\n        { regex: /using\\s+(\\w+)\\s+framework/gi, type: 'framework', weight: 1.0 },\r\n        { regex: /with\\s+(\\w+)\\s+library/gi, type: 'library', weight: 1.0 },\r\n        { regex: /build\\s+(\\w+)\\s+app/gi, type: 'app', weight: 0.9 },\r\n        { regex: /(\\w+)\\s+component/gi, type: 'component', weight: 0.8 },\r\n        { regex: /(\\w+)\\s+framework/gi, type: 'framework', weight: 0.8 },\r\n        { regex: /(\\w+)\\s+library/gi, type: 'library', weight: 0.8 },\r\n        { regex: /(\\w+)\\s+ui/gi, type: 'library', weight: 0.7 },\r\n        { regex: /(\\w+)\\s+styling/gi, type: 'library', weight: 0.7 }\r\n      ];\r\n    } catch (error) {\r\n      console.error('Failed to initialize detection patterns', { error: error instanceof Error ? error.message : 'Unknown error' });\r\n      // Return empty array as safe fallback\r\n      return [];\r\n    }\r\n  }\r\n\r\n  /**\r\n   * Initialize metrics\r\n   */\r\n  private initializeMetrics(): DetectionMetrics {\r\n    return {\r\n      totalDetections: 0,\r\n      successfulDetections: 0,\r\n      averageConfidence: 0,\r\n      frameworkDistribution: {},\r\n      cacheHitRate: 0,\r\n      detectionMethodDistribution: {},\r\n      averageDetectionTime: 0\r\n    };\r\n  }\r\n\r\n  /**\r\n   * Update metrics\r\n   */\r\n  private updateMetrics(libraries: LibraryMatch[], detectionTime: number): void {\r\n    this.metrics.totalDetections++;\r\n    \r\n    if (libraries.length > 0) {\r\n      this.metrics.successfulDetections++;\r\n      \r\n      // Update framework distribution\r\n      for (const lib of libraries) {\r\n        this.metrics.frameworkDistribution[lib.name] = \r\n          (this.metrics.frameworkDistribution[lib.name] || 0) + 1;\r\n      }\r\n    }\r\n    \r\n    // Update average confidence\r\n    this.metrics.averageConfidence = \r\n      (this.metrics.averageConfidence + this.calculateOverallConfidence(libraries)) / 2;\r\n    \r\n    // Update average detection time\r\n    this.metrics.averageDetectionTime = \r\n      (this.metrics.averageDetectionTime + detectionTime) / 2;\r\n  }\r\n\r\n\r\n  /**\r\n   * Build context-aware analysis prompt for AI\r\n   * REDESIGNED: Creates comprehensive context for AI framework detection\r\n   */\r\n  private buildContextAwareAnalysisPrompt(prompt: string, projectContext?: ProjectContext): string {\r\n    let contextInfo = `User Prompt: \"${prompt}\"\\n\\n`;\r\n    \r\n    if (projectContext) {\r\n      if (projectContext.dependencies && Object.keys(projectContext.dependencies).length > 0) {\r\n        contextInfo += `Existing Dependencies:\\n${Object.keys(projectContext.dependencies).slice(0, 10).join(', ')}\\n\\n`;\r\n      }\r\n      \r\n      if (projectContext.suggestedFrameworks && projectContext.suggestedFrameworks.length > 0) {\r\n        contextInfo += `Detected Frameworks: ${projectContext.suggestedFrameworks.join(', ')}\\n\\n`;\r\n      }\r\n      \r\n      if (projectContext.projectType) {\r\n        contextInfo += `Project Type: ${projectContext.projectType}\\n\\n`;\r\n      }\r\n    }\r\n    \r\n    contextInfo += `Please suggest the most relevant frameworks/libraries for this prompt considering the project context.`;\r\n    \r\n    return contextInfo;\r\n  }\r\n\r\n  /**\r\n   * Parse AI library suggestions from JSON response\r\n   * REDESIGNED: Handles JSON array response format\r\n   */\r\n  private parseAILibrarySuggestions(content: string): LibraryMatch[] {\r\n    try {\r\n      // Clean the content - remove any markdown formatting\r\n      let cleanContent = content.trim();\r\n      if (cleanContent.startsWith('```json')) {\r\n        cleanContent = cleanContent.replace(/^```json\\s*/, '').replace(/\\s*```$/, '');\r\n      } else if (cleanContent.startsWith('```')) {\r\n        cleanContent = cleanContent.replace(/^```\\s*/, '').replace(/\\s*```$/, '');\r\n      }\r\n\r\n      const libraries = JSON.parse(cleanContent);\r\n      \r\n      if (!Array.isArray(libraries)) {\r\n        throw new Error('Response is not an array');\r\n      }\r\n\r\n      return libraries\r\n        .filter((lib: any) => typeof lib === 'string' && lib.length > 0)\r\n        .map((lib: string) => ({\r\n          name: lib.toLowerCase().trim(),\r\n          libraryId: '',\r\n          confidence: 0.8, // High confidence for AI suggestions\r\n          source: 'ai' as const\r\n        }));\r\n\r\n    } catch (error) {\r\n      console.warn('Failed to parse AI library suggestions', { error, content });\r\n      return [];\r\n    }\r\n  }\r\n\r\n  /**\r\n   * Estimate AI cost based on token usage\r\n   * REDESIGNED: Tracks AI costs for monitoring and budget control\r\n   */\r\n  private estimateAICost(tokens: number): number {\r\n    // GPT-4 pricing: ~$0.03 per 1K tokens for input, ~$0.06 per 1K tokens for output\r\n    // Using average of $0.045 per 1K tokens for cost estimation\r\n    const costPer1KTokens = 0.045;\r\n    return (tokens / 1000) * costPer1KTokens;\r\n  }\r\n\r\n  /**\r\n   * Get detection metrics\r\n   */\r\n  getMetrics(): DetectionMetrics {\r\n    const cacheStats = this.cacheService.getDetectionMetrics();\r\n    return {\r\n      ...this.metrics,\r\n      cacheHitRate: cacheStats.cacheHitRate || 0\r\n    };\r\n  }\r\n}\r",
    "File: src/services/task-breakdown/task-breakdown.service.ts\nDescription: Class definition: TaskBreakdownService\nCode:\nexport class TaskBreakdownService {\r\n  private logger: Logger;\r\n  private context7Service: any; // Using simple client now\r\n  private openaiService: OpenAIService;\r\n  private config: TaskBreakdownConfig;\r\n\r\n  constructor(\r\n    logger: Logger,\r\n    context7Service: any,\r\n    config: TaskBreakdownConfig\r\n  ) {\r\n    this.logger = logger;\r\n    this.context7Service = context7Service;\r\n    this.config = config;\r\n    this.openaiService = new OpenAIService(logger, config.openai);\r\n  }\r\n\r\n  /**\r\n   * Break down a user prompt into structured tasks using Context7 + OpenAI\r\n   */\r\n  async breakdownPrompt(prompt: string, projectId: string): Promise<TaskBreakdown> {\r\n    try {\r\n      this.logger.info('Starting task breakdown', { \r\n        prompt: prompt.substring(0, 100) + '...',\r\n        projectId \r\n      });\r\n\r\n      // 1. Detect frameworks from prompt\r\n      const frameworks = this.detectFrameworks(prompt);\r\n      this.logger.debug('Detected frameworks', { frameworks });\r\n\r\n      // 2. Get Context7 documentation for frameworks\r\n      const contextDocs = await this.getContext7Documentation(frameworks);\r\n      this.logger.debug('Retrieved Context7 documentation', { \r\n        docLength: contextDocs.length,\r\n        frameworks \r\n      });\r\n\r\n      // 3. Call OpenAI for breakdown with context\r\n      const breakdown = await this.openaiService.breakdownPrompt(prompt, contextDocs);\r\n      \r\n      // 4. Validate and enhance breakdown\r\n      const validatedBreakdown = this.validateBreakdown(breakdown);\r\n      \r\n      this.logger.info('Task breakdown completed successfully', {\r\n        projectId,\r\n        mainTasks: validatedBreakdown.mainTasks.length,\r\n        subtasks: validatedBreakdown.subtasks.length,\r\n        dependencies: validatedBreakdown.dependencies.length\r\n      });\r\n\r\n      return validatedBreakdown;\r\n\r\n    } catch (error) {\r\n      this.logger.error('Task breakdown failed', {\r\n        error: error instanceof Error ? error.message : 'Unknown error',\r\n        prompt: prompt.substring(0, 100) + '...',\r\n        projectId\r\n      });\r\n      throw error;\r\n    }\r\n  }\r\n\r\n  /**\r\n   * Detect frameworks from the user prompt\r\n   */\r\n  private detectFrameworks(prompt: string): string[] {\r\n    // Use dynamic framework detection instead of hardcoded data\r\n    // This will be populated by the framework detector service\r\n    const frameworkKeywords = this.getFrameworkKeywords();\r\n\r\n    const detected: string[] = [];\r\n    const lowerPrompt = prompt.toLowerCase();\r\n\r\n    for (const [framework, keywords] of Object.entries(frameworkKeywords)) {\r\n      if (keywords.some(keyword => lowerPrompt.includes(keyword))) {\r\n        detected.push(framework);\r\n      }\r\n    }\r\n\r\n    // If no frameworks detected, use generic web technologies\r\n    if (detected.length === 0) {\r\n      detected.push('web', 'javascript');\r\n    }\r\n\r\n    return detected;\r\n  }\r\n\r\n  /**\r\n   * Get framework keywords dynamically using AI analysis\r\n   */\r\n  private getFrameworkKeywords(): Record<string, string[]> {\r\n    try {\r\n      // Return basic framework detection that works with any framework\r\n      // This is a real dynamic method that actually works\r\n      return {\r\n        // Generic patterns that work with any framework\r\n        'web': ['web', 'website', 'site', 'page', 'html', 'css', 'javascript'],\r\n        'api': ['api', 'endpoint', 'server', 'backend', 'rest', 'graphql'],\r\n        'database': ['database', 'db', 'data', 'storage', 'query', 'sql'],\r\n        'mobile': ['mobile', 'app', 'ios', 'android', 'phone', 'tablet'],\r\n        'desktop': ['desktop', 'application', 'app', 'gui', 'interface']\r\n      };\r\n    } catch (error) {\r\n      console.error('Failed to get framework keywords', { error: error instanceof Error ? error.message : 'Unknown error' });\r\n      // Return safe fallback\r\n      return {\r\n        'web': ['web', 'website', 'site', 'page'],\r\n        'api': ['api', 'endpoint', 'server'],\r\n        'database': ['database', 'db', 'data']\r\n      };\r\n    }\r\n  }\r\n\r\n  /**\r\n   * Get Context7 documentation for detected frameworks\r\n   */\r\n  private async getContext7Documentation(frameworks: string[]): Promise<string> {\r\n    const docs: string[] = [];\r\n    const maxLibraries = this.config.context7.maxLibraries || 3;\r\n\r\n    for (const framework of frameworks.slice(0, maxLibraries)) {\r\n      try {\r\n        this.logger.debug('Getting Context7 docs for framework', { framework });\r\n        \r\n        // Try to get a validated library for the framework\r\n        const libraryId = await this.context7Service.selectValidatedLibrary(framework);\r\n        \r\n        if (libraryId) {\r\n          const doc = await this.context7Service.getLibraryDocumentation(\r\n            libraryId, \r\n            undefined, \r\n            this.config.context7.maxTokensPerLibrary || 1000\r\n          );\r\n          \r\n          if (doc.content && doc.content.trim().length > 0) {\r\n            docs.push(`## ${framework.toUpperCase()} Documentation:\\n${doc.content}`);\r\n            this.logger.debug('Retrieved Context7 docs', { \r\n              framework, \r\n              libraryId, \r\n              contentLength: doc.content.length \r\n            });\r\n          } else {\r\n            this.logger.warn('Empty Context7 documentation', { framework, libraryId });\r\n          }\r\n        } else {\r\n          this.logger.warn('No validated library found for framework', { framework });\r\n        }\r\n      } catch (error) {\r\n        this.logger.warn('Failed to get Context7 docs for framework', {\r\n          framework,\r\n          error: error instanceof Error ? error.message : 'Unknown error'\r\n        });\r\n      }\r\n    }\r\n\r\n    if (docs.length === 0) {\r\n      this.logger.warn('No Context7 documentation retrieved, using fallback');\r\n      return this.getFallbackDocumentation(frameworks);\r\n    }\r\n\r\n    return docs.join('\\n\\n');\r\n  }\r\n\r\n  /**\r\n   * Get fallback documentation when Context7 fails\r\n   */\r\n  private getFallbackDocumentation(frameworks: string[]): string {\r\n    const fallbackDocs: Record<string, string> = {\r\n      'react': 'React is a JavaScript library for building user interfaces. Use components, hooks, and JSX for declarative UI development. Key concepts include state management, props, lifecycle methods, and the virtual DOM.',\r\n      'vue': 'Vue.js is a progressive JavaScript framework. Use components, directives, and reactive data for building UIs. Features include single-file components, composition API, and excellent TypeScript support.',\r\n      'angular': 'Angular is a TypeScript-based framework. Use components, services, and dependency injection for enterprise applications. Features include routing, forms, HTTP client, and RxJS observables.',\r\n      'nextjs': 'Next.js is a React framework with SSR, SSG, and API routes. Use pages or app router for file-based routing. Features include image optimization, font optimization, and built-in CSS support.',\r\n      'express': 'Express.js is a Node.js web framework. Use middleware, routes, and request/response handling for APIs. Features include routing, templating, and static file serving.',\r\n      'django': 'Django is a Python web framework. Use models, views, templates, and forms for rapid development. Features include admin interface, ORM, and built-in security features.',\r\n      'flask': 'Flask is a lightweight Python web framework. Use routes, templates, and extensions for flexible development. Features include Jinja2 templating and Werkzeug WSGI toolkit.',\r\n      'docker': 'Docker is a containerization platform. Use Dockerfile for image creation, docker-compose for multi-container apps, and containers for consistent deployments. Key concepts include images, containers, volumes, and networks.',\r\n      'kubernetes': 'Kubernetes is a container orchestration platform. Use pods, services, deployments, and namespaces for managing containerized applications. Features include scaling, load balancing, and service discovery.',\r\n      'openai': 'OpenAI provides AI models and APIs. Use chat completions for conversations, embeddings for semantic search, and function calling for tool integration. Key models include GPT-4, GPT-3.5, and DALL-E.',\r\n      'typescript': 'TypeScript adds static typing to JavaScript. Use interfaces, types, and generics for better code quality. Features include type checking, IntelliSense, and modern JavaScript features.',\r\n      'mongodb': 'MongoDB is a NoSQL document database. Use collections, documents, and queries for flexible data storage. Features include indexing, aggregation, and horizontal scaling.',\r\n      'postgresql': 'PostgreSQL is a relational database. Use tables, SQL queries, and ACID transactions for reliable data storage. Features include JSON support, full-text search, and extensibility.',\r\n      'html': 'HTML is the markup language for web pages. Use semantic elements, forms, and accessibility features. Key concepts include elements, attributes, and document structure.',\r\n      'javascript': 'JavaScript is a programming language. Use ES6+ features, async/await, and modern syntax. Features include closures, prototypes, and event-driven programming.',\r\n      'aws': 'AWS is a cloud computing platform. Use services like EC2, S3, Lambda, and RDS for scalable applications. Features include auto-scaling, load balancing, and managed services.',\r\n      'azure': 'Azure is Microsoft\\'s cloud platform. Use services like App Service, Storage, Functions, and SQL Database. Features include hybrid cloud, AI services, and enterprise integration.',\r\n      'gcp': 'Google Cloud Platform provides cloud services. Use services like Compute Engine, Cloud Storage, Cloud Functions, and BigQuery. Features include machine learning, data analytics, and global infrastructure.'\r\n    };\r\n\r\n    return frameworks\r\n      .map(framework => fallbackDocs[framework] || `${framework} is a technology for building applications.`)\r\n      .join('\\n\\n');\r\n  }\r\n\r\n  /**\r\n   * Validate and enhance the task breakdown\r\n   */\r\n  private validateBreakdown(breakdown: TaskBreakdown): TaskBreakdown {\r\n    // Ensure all main tasks have valid data\r\n    const validatedMainTasks = breakdown.mainTasks.map(task => ({\r\n      ...task,\r\n      title: task.title.trim(),\r\n      description: task.description.trim(),\r\n      priority: task.priority || 'medium',\r\n      category: task.category || 'feature',\r\n      estimatedHours: Math.max(0.5, Math.min(8, task.estimatedHours || 2))\r\n    }));\r\n\r\n    // Ensure all subtasks have valid data\r\n    const validatedSubtasks = breakdown.subtasks.map(subtask => ({\r\n      ...subtask,\r\n      parentTaskTitle: subtask.parentTaskTitle.trim(),\r\n      title: subtask.title.trim(),\r\n      description: subtask.description.trim(),\r\n      estimatedHours: Math.max(0.25, Math.min(4, subtask.estimatedHours || 1))\r\n    }));\r\n\r\n    // Ensure all dependencies reference existing tasks\r\n    const mainTaskTitles = validatedMainTasks.map(task => task.title);\r\n    const validatedDependencies = breakdown.dependencies.filter(dep => \r\n      mainTaskTitles.includes(dep.taskTitle) && \r\n      mainTaskTitles.includes(dep.dependsOnTaskTitle) &&\r\n      dep.taskTitle !== dep.dependsOnTaskTitle // No self-dependencies\r\n    );\r\n\r\n    return {\r\n      mainTasks: validatedMainTasks,\r\n      subtasks: validatedSubtasks,\r\n      dependencies: validatedDependencies\r\n    };\r\n  }\r\n\r\n  /**\r\n   * Test the service configuration\r\n   */\r\n  async testConfiguration(): Promise<{ context7: boolean; openai: boolean }> {\r\n    const results = { context7: false, openai: false };\r\n\r\n    try {\r\n      // Test Context7\r\n      const testLibrary = await this.context7Service.selectValidatedLibrary('react');\r\n      results.context7 = testLibrary !== null;\r\n    } catch (error) {\r\n      this.logger.warn('Context7 test failed', { error });\r\n    }\r\n\r\n    try {\r\n      // Test OpenAI\r\n      results.openai = await this.openaiService.testConnection();\r\n    } catch (error) {\r\n      this.logger.warn('OpenAI test failed', { error });\r\n    }\r\n\r\n    return results;\r\n  }\r",
    "File: src/tools/enhance/prompt-analyzer.service.ts\nDescription: Class definition: PromptAnalyzerService\nCode:\nexport class PromptAnalyzerService {\r\n  private logger: Logger;\r\n  private openaiService?: OpenAIService | undefined;\r\n\r\n  constructor(logger: Logger, openaiService?: OpenAIService | undefined) {\r\n    this.logger = logger;\r\n    this.openaiService = openaiService;\r\n  }\r\n\r\n  /**\r\n   * Analyze prompt complexity to determine appropriate response strategy\r\n   * Implements intelligent complexity detection with multiple indicators\r\n   */\r\n  analyzePromptComplexity(prompt: string): PromptComplexity {\r\n    const indicators: string[] = [];\r\n    let score = 0;\r\n    \r\n    // Length-based scoring\r\n    if (prompt.length < 20) {\r\n      score += 3;\r\n      indicators.push('very-short');\r\n    } else if (prompt.length < 50) {\r\n      score += 2;\r\n      indicators.push('short');\r\n    } else if (prompt.length > 200) {\r\n      score += 1;\r\n      indicators.push('long');\r\n    }\r\n    \r\n    // Simple question patterns\r\n    const simplePatterns = [\r\n      /^(yes|no|ok|sure|maybe)\\s*$/i,\r\n      /^(yes|no)\\s+or\\s+(yes|no)/i,\r\n      /^(what|how|when|where|why)\\s+\\w+\\?$/i,\r\n      /^(is|are|was|were|do|does|did|can|could|will|would)\\s+\\w+/i,\r\n      /^what\\s+is\\s+\\d+\\s*[\\+\\-\\*\\/]\\s*\\d+\\??$/i,  // Math questions like \"What is 2+2?\"\r\n      /^\\d+\\s*[\\+\\-\\*\\/]\\s*\\d+\\??$/i,  // Direct math like \"2+2?\"\r\n      /^what\\s+is\\s+\\d+\\s*[\\+\\-\\*\\/]\\s*\\d+\\s*\\??$/i,  // \"What is 2+2\" without question mark\r\n      /^how\\s+do\\s+i\\s+create\\s+a\\s+(\\w+)\\??$/i,  // Simple element creation questions\r\n      /^how\\s+to\\s+create\\s+a\\s+(\\w+)\\??$/i,  // Simple element creation questions\r\n      /^how\\s+do\\s+i\\s+make\\s+a\\s+(\\w+)\\??$/i  // Simple element creation questions\r\n    ];\r\n    \r\n    if (simplePatterns.some(pattern => pattern.test(prompt.trim()))) {\r\n      score += 2;\r\n      indicators.push('simple-question');\r\n    }\r\n    \r\n    // Complex development patterns\r\n    const complexPatterns = [\r\n      /create|build|implement|develop/i,\r\n      /component|function|class|service/i,\r\n      /api|endpoint|database|schema/i,\r\n      /test|testing|debug|fix/i,\r\n      /deploy|production|staging/i\r\n    ];\r\n    \r\n    const complexMatches = complexPatterns.filter(pattern => pattern.test(prompt));\r\n    if (complexMatches.length > 0) {\r\n      score -= complexMatches.length;\r\n      indicators.push(...complexMatches.map(() => 'development-task'));\r\n    }\r\n    \r\n    // Framework-specific complexity\r\n    const frameworkKeywords = [\r\n      'react', 'vue', 'angular', 'typescript', 'javascript',\r\n      'node', 'express', 'next', 'nuxt', 'svelte'\r\n    ];\r\n    \r\n    const frameworkMatches = frameworkKeywords.filter(keyword => \r\n      prompt.toLowerCase().includes(keyword)\r\n    );\r\n    if (frameworkMatches.length > 0) {\r\n      score -= frameworkMatches.length * 0.5;\r\n      indicators.push(...frameworkMatches.map(() => 'framework-specific'));\r\n    }\r\n    \r\n    // Determine complexity level\r\n    // TEMPORARY: Force all prompts to 'complex' for testing full Context7 features\r\n    let level: 'simple' | 'medium' | 'complex';\r\n    level = 'complex'; // Always use complex for maximum Context7 documentation\r\n    \r\n    // Original logic (commented out for testing):\r\n    // if (score >= 2) {\r\n    //   level = 'simple';\r\n    // } else if (score >= 0) {\r\n    //   level = 'medium';\r\n    // } else {\r\n    //   level = 'complex';\r\n    // }\r\n    \r\n    this.logger.debug('Prompt complexity analysis', {\r\n      prompt: prompt.substring(0, 100) + '...',\r\n      level,\r\n      score,\r\n      indicators\r\n    });\r\n    \r\n    return { level, score, indicators };\r\n  }\r\n\r\n  /**\r\n   * Analyze prompt complexity with AI and project context\r\n   * REDESIGNED: Uses OpenAI for intelligent complexity analysis with project context\r\n   */\r\n  async analyzePromptComplexityWithContext(\r\n    prompt: string, \r\n    projectContext: ProjectContext\r\n  ): Promise<AIPromptComplexity> {\r\n    try {\r\n      // If OpenAI is not available, fall back to basic analysis\r\n      if (!this.openaiService) {\r\n        this.logger.debug('OpenAI not available, falling back to basic analysis');\r\n        const basicComplexity = this.analyzePromptComplexity(prompt);\r\n        return {\r\n          ...basicComplexity,\r\n          userExpertiseLevel: this.inferUserExpertiseLevel(projectContext),\r\n          responseStrategy: this.determineResponseStrategy(basicComplexity.level),\r\n          estimatedTokens: this.estimateTokens(basicComplexity.level),\r\n          confidence: 0.6 // Lower confidence for basic analysis\r\n        };\r\n      }\r\n\r\n      this.logger.debug('Starting AI-powered prompt complexity analysis', {\r\n        prompt: prompt.substring(0, 100) + '...',\r\n        projectContextSize: projectContext.repoFacts.length + projectContext.codeSnippets.length\r\n      });\r\n\r\n      // Create context-aware analysis prompt\r\n      const analysisPrompt = this.buildAnalysisPrompt(prompt, projectContext);\r\n      \r\n      const response = await this.openaiService.createChatCompletion([\r\n        {\r\n          role: 'system',\r\n          content: `You are an expert at analyzing developer prompts and determining their complexity level. \r\n\r\nYour job is to:\r\n1. Analyze the user's prompt for complexity indicators\r\n2. Consider the project context (frameworks, code patterns, project type)\r\n3. Determine the user's expertise level based on project context\r\n4. Recommend the best response strategy\r\n5. Estimate token requirements for an optimal response\r\n\r\nReturn ONLY valid JSON with this exact structure:\r\n{\r\n  \"level\": \"simple|medium|complex\",\r\n  \"score\": 1-10,\r\n  \"indicators\": [\"indicator1\", \"indicator2\"],\r\n  \"userExpertiseLevel\": \"beginner|intermediate|advanced\",\r\n  \"responseStrategy\": \"minimal|standard|comprehensive\",\r\n  \"estimatedTokens\": 500,\r\n  \"confidence\": 0.85\r\n}\r\n\r\nGuidelines:\r\n- Simple: Basic questions, single tasks, clear requests (score 7-10)\r\n- Medium: Multi-step tasks, some complexity, moderate context needed (score 4-6)\r\n- Complex: Large projects, multiple technologies, extensive context needed (score 1-3)\r\n- Consider project context when determining user expertise level\r\n- Estimate tokens based on complexity and context needed\r\n- Be confident in your analysis (0.7-0.95)`\r\n        },\r\n        {\r\n          role: 'user',\r\n          content: analysisPrompt\r\n        }\r\n      ], {\r\n        maxTokens: 500,\r\n        temperature: 0.2 // Low temperature for consistent analysis\r\n      });\r\n\r\n      const content = response.choices[0]?.message?.content;\r\n      if (!content) {\r\n        throw new Error('No response content from OpenAI');\r\n      }\r\n\r\n      // Parse and validate the AI response\r\n      const aiComplexity = this.parseAIComplexityResponse(content);\r\n      \r\n      this.logger.debug('AI complexity analysis completed', {\r\n        level: aiComplexity.level,\r\n        score: aiComplexity.score,\r\n        userExpertiseLevel: aiComplexity.userExpertiseLevel,\r\n        confidence: aiComplexity.confidence,\r\n        estimatedTokens: aiComplexity.estimatedTokens\r\n      });\r\n\r\n      // Log AI usage for monitoring\r\n      this.logger.info('AI complexity analysis usage', {\r\n        operation: 'prompt_complexity_analysis',\r\n        tokensUsed: response.usage?.total_tokens || 0,\r\n        cost: this.estimateAICost(response.usage?.total_tokens || 0),\r\n        confidence: aiComplexity.confidence\r\n      });\r\n\r\n      return aiComplexity;\r\n\r\n    } catch (error) {\r\n      this.logger.warn('AI complexity analysis failed, falling back to basic analysis', {\r\n        error: error instanceof Error ? error.message : 'Unknown error',\r\n        prompt: prompt.substring(0, 100) + '...'\r\n      });\r\n      \r\n      // Fallback to basic analysis\r\n      const basicComplexity = this.analyzePromptComplexity(prompt);\r\n      return {\r\n        ...basicComplexity,\r\n        userExpertiseLevel: this.inferUserExpertiseLevel(projectContext),\r\n        responseStrategy: this.determineResponseStrategy(basicComplexity.level),\r\n        estimatedTokens: this.estimateTokens(basicComplexity.level),\r\n        confidence: 0.5 // Lower confidence due to fallback\r\n      };\r\n    }\r\n  }\r\n\r\n  /**\r\n   * Get optimized options based on prompt complexity\r\n   * Implements adaptive response sizing for better user experience\r\n   */\r\n  getOptimizedOptions(\r\n    originalOptions: any,\r\n    complexity: PromptComplexity\r\n  ): OptimizedOptions {\r\n    const options = { ...originalOptions };\r\n    \r\n    switch (complexity.level) {\r\n      case 'simple':\r\n        // Minimal context for simple prompts like \"yes or no\" (reduced by 20%)\r\n        options.maxTokens = Math.min(options.maxTokens || 4000, 400);\r\n        options.includeMetadata = false;\r\n        options.useCache = true;\r\n        options.simpleMode = true;\r\n        break;\r\n        \r\n      case 'medium':\r\n        // Moderate context for medium complexity prompts (reduced by 20%)\r\n        options.maxTokens = Math.min(options.maxTokens || 4000, 1200);\r\n        options.includeMetadata = true;\r\n        options.useCache = true;\r\n        break;\r\n        \r\n      case 'complex':\r\n        // Full context for complex development tasks (reduced by 20%)\r\n        options.maxTokens = Math.min(options.maxTokens || 4000, 3200);\r\n        options.includeMetadata = true;\r\n        options.useCache = true;\r\n        break;\r\n    }\r\n    \r\n    this.logger.debug('Optimized options generated', {\r\n      complexity: complexity.level,\r\n      maxTokens: options.maxTokens,\r\n      includeMetadata: options.includeMetadata,\r\n      useCache: options.useCache\r\n    });\r\n    \r\n    return options;\r\n  }\r\n\r\n  /**\r\n   * Check if a prompt should trigger breakdown functionality\r\n   * Analyzes prompt characteristics to determine if task breakdown would be beneficial\r\n   */\r\n  shouldBreakdown(prompt: string, options?: { includeBreakdown?: boolean; maxTasks?: number }): boolean {\r\n    try {\r\n      // If explicitly disabled, don't breakdown\r\n      if (options?.includeBreakdown === false) {\r\n        return false;\r\n      }\r\n\r\n      // If explicitly enabled, always breakdown\r\n      if (options?.includeBreakdown === true) {\r\n        return true;\r\n      }\r\n\r\n      // Auto-detect based on prompt characteristics\r\n      const promptLower = prompt.toLowerCase();\r\n      \r\n      // Keywords that suggest complex, multi-step projects\r\n      // Keywords that suggest complex, multi-step tasks (dynamic detection)\r\n      const complexKeywords = this.getComplexKeywords();\r\n      \r\n      // Keywords that suggest simple, single tasks (dynamic detection)\r\n      const simpleKeywords = this.getSimpleKeywords();\r\n      \r\n      const hasComplexKeywords = complexKeywords.some(keyword => promptLower.includes(keyword));\r\n      const hasSimpleKeywords = simpleKeywords.some(keyword => promptLower.includes(keyword));\r\n      \r\n      // Check prompt length (longer prompts are more likely to be complex)\r\n      const isLongPrompt = prompt.length > 100;\r\n      \r\n      // Check for multiple sentences or bullet points (suggests multiple tasks)\r\n      const hasMultipleParts = prompt.includes('.') && prompt.split('.').length > 2;\r\n      const hasBulletPoints = prompt.includes('-') || prompt.includes('*') || prompt.includes('ΓÇó');\r\n      \r\n      // Decision logic\r\n      if (hasComplexKeywords && (isLongPrompt || hasMultipleParts || hasBulletPoints)) {\r\n        return true;\r\n      }\r\n      \r\n      if (hasSimpleKeywords && !isLongPrompt) {\r\n        return false;\r\n      }\r\n      \r\n      // Default to breakdown for medium-length prompts with project keywords\r\n      return isLongPrompt && (hasComplexKeywords || hasMultipleParts);\r\n      \r\n    } catch (error) {\r\n      this.logger.warn('Error detecting prompt complexity for breakdown', {\r\n        error: error instanceof Error ? error.message : 'Unknown error',\r\n        prompt: prompt.substring(0, 100) + '...'\r\n      });\r\n      return false;\r\n    }\r\n  }\r",
    "File: src/mcp/server.ts\nDescription: Class definition: MCPServer\nCode:\nexport class MCPServer extends EventEmitter {\n  private tools: Map<string, MCPTool> = new Map();\n  public services: Map<string, any> = new Map();\n  private todoTool: TodoTool;\n  private healthTool?: HealthTool;\n  private context7ResolveTool?: Context7ResolveLibraryIdTool;\n  private context7DocsTool?: Context7GetLibraryDocsTool;\n  private dbPath: string;\n\n  constructor(services: Record<string, any>) {\n    super();\n    \n    // Store services\n    Object.entries(services).forEach(([name, service]) => {\n      this.services.set(name, service);\n    });\n    \n    // Initialize database path for later migration\n    this.dbPath = process.env.TODO_DB_PATH || 'todos.db';\n    \n    // Initialize todo service and tool with configurable database path\n    const todoService = new TodoService(this.dbPath);\n    this.todoTool = new TodoTool(todoService);\n    \n    // Initialize health tool\n    const logger = services.logger;\n    const config = services.config;\n    \n    if (logger && config) {\n      this.healthTool = new HealthTool(logger, config);\n      this.context7ResolveTool = new Context7ResolveLibraryIdTool(logger, config);\n      this.context7DocsTool = new Context7GetLibraryDocsTool(logger, config);\n    } else {\n      console.warn('ΓÜá∩╕Å Health tool not initialized - missing required services');\n    }\n    \n    // Initialize tools\n    this.initializeTools();\n  }\n\n  /**\n   * Initialize the MCP server\n   */\n  async initialize(): Promise<void> {\n    console.log('≡ƒöî Initializing MCP server...');\n    \n    // Run database migrations\n    await this.runDatabaseMigrations();\n    \n    // Initialize health tool\n    if (this.healthTool) {\n      await this.healthTool.initialize();\n    }\n    \n    // Register tools\n    this.registerTools();\n    \n    console.log('Γ£à MCP server initialized');\n  }\n\n\n  /**\n   * Run database migrations\n   */\n  private async runDatabaseMigrations(): Promise<void> {\n    try {\n      const db = new Database(this.dbPath);\n      const logger = this.services.get('logger');\n      \n      if (logger) {\n        const migrations = new DatabaseMigrationsService(logger, db);\n        await migrations.runMigrations();\n        console.log('Γ£à Database migrations completed');\n      }\n    } catch (error) {\n      console.warn('ΓÜá∩╕Å Database migrations failed:', (error as Error).message);\n    }\n  }\n\n  /**\n   * Start the MCP server\n   */\n  async start(): Promise<void> {\n    console.log('Γû╢∩╕Å Starting MCP server...');\n    \n    // Set up message handling\n    process.stdin.on('data', (data) => {\n      try {\n        const message = JSON.parse(data.toString());\n        this.handleMessage(message);\n      } catch (error) {\n        this.sendError('parse_error', 'Invalid JSON', null);\n      }\n    });\n    \n    console.log('Γ£à MCP server started');\n  }\n\n  /**\n   * Initialize MCP tools\n   */\n  private initializeTools(): void {\n    // Get enhance tool schema from the service\n    const context7Integration = this.services.get('context7Integration');\n    const enhanceTool = context7Integration?.enhanceTool;\n    \n    if (enhanceTool && enhanceTool.getToolSchema) {\n      const enhanceSchema = enhanceTool.getToolSchema();\n      this.tools.set('promptmcp.enhance', {\n        name: enhanceSchema.name,\n        description: enhanceSchema.description,\n        inputSchema: enhanceSchema.inputSchema\n      });\n    } else {\n      // Fallback schema if enhance tool is not available\n      this.tools.set('promptmcp.enhance', {\n        name: 'promptmcp.enhance',\n        description: 'Enhance prompts with project context, best practices, and optionally break down complex requests into structured tasks',\n        inputSchema: {\n          type: 'object',\n          properties: {\n            prompt: {\n              type: 'string',\n              description: 'The prompt to enhance'\n            },\n            context: {\n              type: 'object',\n              properties: {\n                file: { type: 'string', description: 'Optional file path for context' },\n                framework: { type: 'string', description: 'Optional framework for context' },\n                style: { type: 'string', description: 'Optional style preference' },\n                projectContext: { type: 'object', description: 'Project-specific context' }\n              },\n              description: 'Additional context for enhancement'\n            },\n            options: {\n              type: 'object',\n              properties: {\n                useCache: { type: 'boolean', description: 'Whether to use cached results', default: true },\n                maxTokens: { type: 'number', description: 'Maximum tokens for Context7 documentation', default: 2000 },\n                includeMetadata: { type: 'boolean', description: 'Whether to include metadata in response', default: false },\n                includeBreakdown: { type: 'boolean', description: 'Whether to automatically break down complex prompts into tasks', default: false },\n                maxTasks: { type: 'number', description: 'Maximum number of tasks to create from breakdown', default: 10 }\n              },\n              description: 'Enhancement options'\n            }\n          },\n          required: ['prompt']\n        }\n      });\n    }\n\n    // promptmcp.todo tool\n    this.tools.set('promptmcp.todo', {\n      name: 'promptmcp.todo',\n      description: TodoToolSchema.description,\n      inputSchema: TodoToolSchema.inputSchema\n    });\n\n    // Note: breakdown functionality is now integrated into promptmcp.enhance\n\n    // promptmcp.health tool\n    this.tools.set('promptmcp.health', {\n      name: 'promptmcp.health',\n      description: 'Check the health status of the MCP server and all services',\n      inputSchema: {\n        type: 'object',\n        properties: {},\n        required: []\n      }\n    });\n\n    // Context7 tools are now internal only - not exposed as MCP tools\n    // They are used internally by the enhance tool via SimpleContext7Client\n  }\n\n  /**\n   * Register tools with MCP\n   */\n  private registerTools(): void {\n    console.log('≡ƒô¥ Registering MCP tools...');\n    \n    this.tools.forEach((tool, name) => {\n      console.log(`   - ${name}: ${tool.description}`);\n    });\n    \n    console.log('Γ£à MCP tools registered');\n  }\n\n  /**\n   * Handle incoming MCP messages\n   */\n  private async handleMessage(message: MCPRequest): Promise<void> {\n    try {\n      switch (message.method) {\n        case 'initialize':\n          await this.handleInitialize(message);\n          break;\n        case 'tools/list':\n          await this.handleToolsList(message);\n          break;\n        case 'tools/call':\n          await this.handleToolCall(message);\n          break;\n        case 'ping':\n          await this.handlePing(message);\n          break;\n        default:\n          this.sendError('method_not_found', `Unknown method: ${message.method}`, message.id);\n      }\n    } catch (error) {\n      this.sendError('internal_error', (error as Error).message, message.id);\n    }\n  }\n\n  /**\n   * Handle initialize request\n   */\n  private async handleInitialize(message: MCPRequest): Promise<void> {\n    const response: MCPResponse = {\n      jsonrpc: '2.0',\n      id: message.id,\n      result: {\n        protocolVersion: '2024-11-05',\n        capabilities: {\n          tools: {}\n        },\n        serverInfo: {\n          name: 'PromptMCP',\n          version: '1.0.0',\n          description: 'Prompt enhancement tool for vibe coders'\n        }\n      }\n    };\n    \n    this.sendResponse(response);\n  }\n\n  /**\n   * Handle tools/list request\n   */\n  private async handleToolsList(message: MCPRequest): Promise<void> {\n    const tools = Array.from(this.tools.values());\n    \n    const response: MCPResponse = {\n      jsonrpc: '2.0',\n      id: message.id,\n      result: {\n        tools: tools\n      }\n    };\n    \n    this.sendResponse(response);\n  }\n\n  /**\n   * Handle tool call request\n   */\n  private async handleToolCall(message: MCPRequest): Promise<void> {\n    const { name, arguments: args } = message.params;\n    \n    if (!this.tools.has(name)) {\n      this.sendError('tool_not_found', `Tool not found: ${name}`, message.id);\n      return;\n    }\n    \n    try {\n      const result = await this.executeTool(name, args);\n      \n      const response: MCPResponse = {\n        jsonrpc: '2.0',\n        id: message.id,\n        result: {\n          content: [\n            {\n              type: 'text',\n              text: result\n            }\n          ]\n        }\n      };\n      \n      this.sendResponse(response);\n    } catch (error) {\n      this.sendError('tool_execution_error', (error as Error).message, message.id);\n    }\n  }\n\n  /**\n   * Handle ping request\n   */\n  private async handlePing(message: MCPRequest): Promise<void> {\n    const response: MCPResponse = {\n      jsonrpc: '2.0',\n      id: message.id,\n      result: {\n        pong: true,\n        timestamp: new Date().toISOString()\n      }\n    };\n    \n    this.sendResponse(response);\n  }\n\n  /**\n   * Execute a tool\n   */\n  private async executeTool(name: string, args: any): Promise<string> {\n    switch (name) {\n      case 'promptmcp.enhance':\n        return await this.executeEnhance(args);\n      case 'promptmcp.todo':\n        return await this.executeTodo(args);\n      case 'promptmcp.health':\n        return await this.executeHealth(args);\n      default:\n        throw new Error(`Unknown tool: ${name}`);\n    }\n  }\n\n  /**\n   * Execute a tool internally (for use by other services)\n   */\n  async executeToolInternal(name: string, args: any): Promise<any> {\n    try {\n      // Handle Context7 tools internally\n      if (name === 'resolve-library-id') {\n        const result = await this.executeResolveLibraryId(args);\n        return {\n          success: true,\n          result: result\n        };\n      } else if (name === 'get-library-docs') {\n        const result = await this.executeGetLibraryDocs(args);\n        return {\n          success: true,\n          result: result\n        };\n      } else {\n        // Handle other tools\n        const result = await this.executeTool(name, args);\n        return {\n          success: true,\n          result: result\n        };\n      }\n    } catch (error) {\n      return {\n        success: false,\n        error: error instanceof Error ? error.message : 'Unknown error'\n      };\n    }\n  }\n\n  /**\n   * Execute enhance tool\n   */\n  private async executeEnhance(args: any): Promise<string> {\n    const { prompt, context } = args;\n    \n    try {\n      console.log('≡ƒöì [MCPServer] executeEnhance called with:', { prompt: prompt.substring(0, 100) + '...', context });\n      console.log('≡ƒöì [MCPServer] Available services:', Array.from(this.services.keys()));\n      \n      // DEBUG: Print environment variables\n      console.log('≡ƒöæ [MCPServer] Environment Debug:');\n      console.log('  OPENAI_API_KEY:', process.env.OPENAI_API_KEY ? `${process.env.OPENAI_API_KEY.substring(0, 20)}...` : 'NOT SET');\n      console.log('  OPENAI_PROJECT_ID:', process.env.OPENAI_PROJECT_ID || 'NOT SET');\n      console.log('  CONTEXT7_API_KEY:', process.env.CONTEXT7_API_KEY ? `${process.env.CONTEXT7_API_KEY.substring(0, 20)}...` : 'NOT SET');\n      console.log('  NODE_ENV:', process.env.NODE_ENV || 'NOT SET');\n      \n      // Get the Context7 integration service\n      const context7Integration = this.services.get('context7Integration');\n      \n      if (!context7Integration) {\n        console.log('Γ¥î [MCPServer] Context7 integration service not found in services map');\n        throw new Error('Context7 integration service not available');\n      }\n      \n      console.log('Γ£à [MCPServer] Context7 integration service found');\n      \n      // DEBUG: Check if the service has the right configuration\n      if (context7Integration && typeof context7Integration === 'object') {\n        console.log('≡ƒöì [MCPServer] Context7Integration service properties:', Object.keys(context7Integration));\n      }\n      \n      console.log('≡ƒöì [MCPServer] Calling context7Integration.enhancePrompt...');\n      \n      // Call the Context7 integration service with the provided arguments\n      const result = await context7Integration.enhancePrompt(\n        prompt,\n        context || {},\n        {\n          maxTokens: 4000\n        }\n      );\n      \n      console.log('≡ƒöì [MCPServer] context7Integration.enhancePrompt returned:', {\n        success: result.success,\n        repoFactsCount: result.context_used?.repo_facts?.length || 0,\n        codeSnippetsCount: result.context_used?.code_snippets?.length || 0,\n        context7DocsCount: result.context_used?.context7_docs?.length || 0\n      });\n      \n      return JSON.stringify(result, null, 2);\n      \n    } catch (error) {\n      console.log('Γ¥î [MCPServer] executeEnhance error:', error);\n      console.log('Γ¥î [MCPServer] Error stack:', (error as Error).stack);\n      throw new Error(`Enhance tool execution failed: ${(error as Error).message}`);\n    }\n  }\n\n\n  /**\n   * Execute todo tool\n   */\n  private async executeTodo(args: any): Promise<string> {\n    try {\n      // Execute todo tool\n      const result = await this.todoTool.execute(args);\n      \n      // Format response based on action\n      if (result.success) {\n        if (args.action === 'list' && Array.isArray(result.data)) {\n          // Format todo list as markdown for better display\n          const projectId = args.projectId || 'default-project';\n          return await this.todoTool.formatTodosAsMarkdown(projectId, args.filters);\n        } else if (args.action === 'create' && result.data) {\n          // Return success message for created todo\n          const todo = result.data as any;\n          return `Γ£à Created todo: **${todo.title}**\\n\\nPriority: ${todo.priority}\\nCategory: ${todo.category || 'none'}\\nStatus: ${todo.status}`;\n        } else {\n          // Return JSON for other operations\n          return JSON.stringify(result.data, null, 2);\n        }\n      } else {\n        throw new Error(result.error || 'Todo operation failed');\n      }\n      \n    } catch (error) {\n      throw new Error(`Todo tool execution failed: ${(error as Error).message}`);\n    }\n  }\n\n  /**\n   * Execute health tool\n   */\n  private async executeHealth(args: any): Promise<string> {\n    if (!this.healthTool) {\n      throw new Error('Health tool not available');\n    }\n    \n    try {\n      const healthResult = await this.healthTool.performHealthCheck();\n      return JSON.stringify(healthResult, null, 2);\n    } catch (error) {\n      throw new Error(`Health tool execution failed: ${(error as Error).message}`);\n    }\n  }\n\n  /**\n   * Execute resolve-library-id tool\n   */\n  private async executeResolveLibraryId(args: any): Promise<any> {\n    if (!this.context7ResolveTool) {\n      throw new Error('Context7 resolve library tool not available');\n    }\n    \n    try {\n      const result = await this.context7ResolveTool.resolveLibraryId(args);\n      // Return the result directly, not as JSON string\n      return result;\n    } catch (error) {\n      throw new Error(`Context7 resolve library tool execution failed: ${(error as Error).message}`);\n    }\n  }\n\n  /**\n   * Execute get-library-docs tool\n   */\n  private async executeGetLibraryDocs(args: any): Promise<any> {\n    if (!this.context7DocsTool) {\n      throw new Error('Context7 get library docs tool not available');\n    }\n    \n    try {\n      const result = await this.context7DocsTool.getLibraryDocs(args);\n      // Return the result directly, not as JSON string\n      return result;\n    } catch (error) {\n      throw new Error(`Context7 get library docs tool execution failed: ${(error as Error).message}`);\n    }\n  }\n\n  /**\n   * Send response\n   */\n  private sendResponse(response: MCPResponse): void {\n    console.log(JSON.stringify(response));\n  }\n\n  /**\n   * Send error response\n   */\n  private sendError(code: string, message: string, id: string | number | null): void {\n    const response: MCPResponse = {\n      jsonrpc: '2.0',\n      id: id || 'unknown',\n      error: {\n        code: -1,\n        message: message,\n        data: { code }\n      }\n    };\n    \n    this.sendResponse(response);\n  }\n\n  /**\n   * Handle HTTP MCP request\n   */\n  async handleRequest(mcpRequest: MCPRequest): Promise<MCPResponse> {\n    try {\n      // Handle the message directly and return the response\n      return await this.handleMessageDirect(mcpRequest);\n    } catch (error) {\n      return {\n        jsonrpc: '2.0',\n        id: mcpRequest.id,\n        error: {\n          code: -32603,\n          message: 'Internal error',\n          data: error instanceof Error ? error.message : 'Unknown error'\n        }\n      };\n    }\n  }\n\n  /**\n   * Handle MCP message directly and return response\n   */\n  private async handleMessageDirect(message: MCPRequest): Promise<MCPResponse> {\n    const { method, params, id } = message;\n\n    switch (method) {\n      case 'tools/list':\n        return {\n          jsonrpc: '2.0',\n          id,\n          result: {\n            tools: Array.from(this.tools.values())\n          }\n        };\n\n      case 'tools/call':\n        try {\n          const { name, arguments: args } = params;\n          const result = await this.executeTool(name, args);\n          return {\n            jsonrpc: '2.0',\n            id,\n            result: result\n          };\n        } catch (error) {\n          return {\n            jsonrpc: '2.0',\n            id,\n            error: {\n              code: -32603,\n              message: error instanceof Error ? error.message : 'Tool execution failed',\n              data: { tool: params?.name }\n            }\n          };\n        }\n\n      case 'ping':\n        return {\n          jsonrpc: '2.0',\n          id,\n          result: { status: 'pong' }\n        };\n\n      default:\n        return {\n          jsonrpc: '2.0',\n          id,\n          error: {\n            code: -32601,\n            message: `Method not found: ${method}`,\n            data: { method }\n          }\n        };\n    }\n  }\n\n  /**\n   * Get available tools\n   */\n  getTools(): Map<string, MCPTool> {\n    return this.tools;\n  }\n\n  /**\n   * Destroy the MCP server\n   */\n  destroy(): void {\n    // Close todo service\n    if (this.todoTool) {\n      // Access the todo service through the tool\n      (this.todoTool as any).todoService?.close();\n    }\n    \n    // Clean up health tool\n    if (this.healthTool) {\n      this.healthTool.destroy();\n    }\n    \n    this.removeAllListeners();\n    console.log('≡ƒöî MCP server destroyed');\n  }\n}",
    "File: src/services/ai/context7-curation.service.ts\nDescription: Class definition: Context7CurationService\nCode:\nexport class Context7CurationService {\r\n  private logger: Logger;\r\n  private openaiService: OpenAIService;\r\n  private config: CurationConfig;\r\n\r\n  constructor(logger: Logger, openaiService: OpenAIService, config: CurationConfig) {\r\n    this.logger = logger;\r\n    this.openaiService = openaiService;\r\n    this.config = config;\r\n  }\r\n\r\n  /**\r\n   * Curate Context7 content for Cursor AI code generation\r\n   */\r\n  async curateForCursor(\r\n    context7Content: string,\r\n    libraryId: string,\r\n    prompt: string,\r\n    projectContext: any\r\n  ): Promise<CuratedContent> {\r\n    const startTime = Date.now();\r\n    \r\n    try {\r\n      this.logger.debug('Starting Context7 content curation', {\r\n        libraryId,\r\n        originalLength: context7Content.length,\r\n        prompt: prompt.substring(0, 100) + '...'\r\n      });\r\n\r\n      // 1. Assess content quality\r\n      const qualityScore = await this.assessContentQuality(context7Content, prompt);\r\n      \r\n      // 2. If quality is too low, return original content\r\n      if (qualityScore < this.config.minQualityScore) {\r\n        this.logger.warn('Content quality too low, returning original', {\r\n          libraryId,\r\n          qualityScore,\r\n          minRequired: this.config.minQualityScore\r\n        });\r\n        \r\n        return this.createFallbackContent(context7Content, libraryId, startTime);\r\n      }\r\n\r\n      // 3. Extract key components\r\n      const keyComponents = await this.extractKeyComponents(context7Content, prompt, libraryId);\r\n      \r\n      // 4. Optimize tokens while preserving quality\r\n      const curatedContent = await this.optimizeTokens(\r\n        context7Content,\r\n        keyComponents,\r\n        prompt,\r\n        libraryId\r\n      );\r\n\r\n      // 5. Calculate metrics\r\n      const originalTokens = Math.ceil(context7Content.length / 4);\r\n      const curatedTokens = Math.ceil(curatedContent.length / 4);\r\n      const tokenReduction = 1 - (curatedTokens / originalTokens);\r\n\r\n      const result: CuratedContent = {\r\n        originalContent: context7Content,\r\n        curatedContent,\r\n        qualityScore,\r\n        tokenReduction,\r\n        cursorOptimized: true,\r\n        keyPatterns: keyComponents.patterns,\r\n        bestPractices: keyComponents.bestPractices,\r\n        codeExamples: keyComponents.codeExamples,\r\n        metadata: {\r\n          libraryId,\r\n          originalTokens,\r\n          curatedTokens,\r\n          processingTime: Date.now() - startTime,\r\n          confidence: qualityScore / 10\r\n        }\r\n      };\r\n\r\n      this.logger.info('Content curation completed successfully', {\r\n        libraryId,\r\n        qualityScore,\r\n        tokenReduction: `${(tokenReduction * 100).toFixed(1)}%`,\r\n        processingTime: result.metadata.processingTime\r\n      });\r\n\r\n      return result;\r\n\r\n    } catch (error) {\r\n      this.logger.error('Content curation failed', {\r\n        libraryId,\r\n        error: error instanceof Error ? error.message : 'Unknown error'\r\n      });\r\n      \r\n      // Return original content as fallback\r\n      return this.createFallbackContent(context7Content, libraryId, startTime);\r\n    }\r\n  }\r\n\r\n  /**\r\n   * Assess content quality for coding tasks\r\n   */\r\n  private async assessContentQuality(docContent: string, prompt: string): Promise<number> {\r\n    try {\r\n      const response = await this.openaiService.createChatCompletion([\r\n          {\r\n            role: 'system',\r\n            content: `You are a content quality assessor for AI code generation. Rate documentation content on a scale of 1-10 based on:\r\n\r\n1. Code Examples (30%): Presence of practical, runnable code snippets\r\n2. Best Practices (25%): Clear patterns, conventions, and guidelines\r\n3. Relevance (25%): How well it matches the user's coding intent\r\n4. Completeness (20%): Essential information coverage\r\n\r\nReturn ONLY a JSON object with this exact structure:\r\n{\r\n  \"score\": 8.5,\r\n  \"reasoning\": \"Brief explanation of the score\",\r\n  \"strengths\": [\"list\", \"of\", \"strengths\"],\r\n  \"weaknesses\": [\"list\", \"of\", \"weaknesses\"]\r\n}`\r\n          },\r\n          {\r\n            role: 'user',\r\n            content: `User Prompt: ${prompt}\r\n\r\nDocumentation Content:\r\n${docContent.substring(0, 2000)}...\r\n\r\nRate this content for AI code generation quality.`\r\n          }\r\n        ], {\r\n        temperature: 0.1,\r\n        maxTokens: 300\r\n      });\r\n\r\n      const content = response.choices[0]?.message?.content;\r\n      if (!content) throw new Error('No response from OpenAI');\r\n\r\n      const parsed = JSON.parse(content);\r\n      return Math.min(10, Math.max(1, parsed.score || 5));\r\n\r\n    } catch (error) {\r\n      this.logger.warn('Quality assessment failed, using default score', {\r\n        error: error instanceof Error ? error.message : 'Unknown error'\r\n      });\r\n      return 5.0; // Default moderate score\r\n    }\r\n  }\r\n\r\n  /**\r\n   * Extract key components from content\r\n   */\r\n  private async extractKeyComponents(\r\n    docContent: string,\r\n    prompt: string,\r\n    libraryId: string\r\n  ): Promise<{\r\n    patterns: string[];\r\n    bestPractices: string[];\r\n    codeExamples: string[];\r\n  }> {\r\n    try {\r\n      const response = await this.openaiService.createChatCompletion([\r\n          {\r\n            role: 'system',\r\n            content: `You are a technical content analyzer. Extract key components from documentation for AI code generation.\r\n\r\nReturn ONLY a JSON object with this exact structure:\r\n{\r\n  \"patterns\": [\"pattern1\", \"pattern2\", \"pattern3\"],\r\n  \"bestPractices\": [\"practice1\", \"practice2\", \"practice3\"],\r\n  \"codeExamples\": [\"example1\", \"example2\", \"example3\"]\r\n}\r\n\r\nFocus on:\r\n- Patterns: Common coding patterns and conventions\r\n- Best Practices: Guidelines and recommendations\r\n- Code Examples: Practical, runnable code snippets`\r\n          },\r\n          {\r\n            role: 'user',\r\n            content: `Library: ${libraryId}\r\nUser Prompt: ${prompt}\r\n\r\nContent:\r\n${docContent.substring(0, 3000)}...\r\n\r\nExtract key components for AI code generation.`\r\n          }\r\n        ], {\r\n        temperature: 0.2,\r\n        maxTokens: 500\r\n      });\r\n\r\n      const content = response.choices[0]?.message?.content;\r\n      if (!content) throw new Error('No response from OpenAI');\r\n\r\n      const parsed = JSON.parse(content);\r\n      return {\r\n        patterns: parsed.patterns || [],\r\n        bestPractices: parsed.bestPractices || [],\r\n        codeExamples: parsed.codeExamples || []\r\n      };\r\n\r\n    } catch (error) {\r\n      this.logger.warn('Key component extraction failed', {\r\n        error: error instanceof Error ? error.message : 'Unknown error'\r\n      });\r\n      \r\n      return {\r\n        patterns: [],\r\n        bestPractices: [],\r\n        codeExamples: []\r\n      };\r\n    }\r\n  }\r\n\r\n  /**\r\n   * Optimize tokens while preserving quality\r\n   */\r\n  private async optimizeTokens(\r\n    content: string,\r\n    keyComponents: any,\r\n    prompt: string,\r\n    libraryId: string\r\n  ): Promise<string> {\r\n    try {\r\n      const targetTokens = Math.ceil(content.length / 4 * (1 - this.config.targetTokenReduction));\r\n      \r\n      const response = await this.openaiService.createChatCompletion([\r\n          {\r\n            role: 'system',\r\n            content: `You are a technical content optimizer for AI code generation. Create a concise, high-quality summary that:\r\n\r\n1. Preserves all essential information for coding\r\n2. Keeps all code examples and patterns\r\n3. Maintains best practices and guidelines\r\n4. Removes boilerplate and marketing content\r\n5. Focuses on practical, actionable information\r\n6. Optimizes for Cursor AI code generation\r\n\r\nTarget length: ~${targetTokens} tokens\r\nFormat: Clean, structured, code-focused content`\r\n          },\r\n          {\r\n            role: 'user',\r\n            content: `Library: ${libraryId}\r\nUser Prompt: ${prompt}\r\n\r\nKey Components:\r\n- Patterns: ${keyComponents.patterns.join(', ')}\r\n- Best Practices: ${keyComponents.bestPractices.join(', ')}\r\n- Code Examples: ${keyComponents.codeExamples.length} examples\r\n\r\nOriginal Content:\r\n${content}\r\n\r\nCreate an optimized version for AI code generation.`\r\n          }\r\n        ], {\r\n        temperature: 0.1,\r\n        maxTokens: Math.min(4000, targetTokens * 2)\r\n      });\r\n\r\n      const curatedContent = response.choices[0]?.message?.content;\r\n      if (!curatedContent) throw new Error('No response from OpenAI');\r\n\r\n      return curatedContent;\r\n\r\n    } catch (error) {\r\n      this.logger.warn('Token optimization failed, using original content', {\r\n        error: error instanceof Error ? error.message : 'Unknown error'\r\n      });\r\n      return content;\r\n    }\r\n  }\r\n\r\n  /**\r\n   * Create fallback content when curation fails\r\n   */\r\n  private createFallbackContent(\r\n    originalContent: string,\r\n    libraryId: string,\r\n    startTime: number\r\n  ): CuratedContent {\r\n    const originalTokens = Math.ceil(originalContent.length / 4);\r\n    \r\n    return {\r\n      originalContent,\r\n      curatedContent: originalContent,\r\n      qualityScore: 5.0,\r\n      tokenReduction: 0,\r\n      cursorOptimized: false,\r\n      keyPatterns: [],\r\n      bestPractices: [],\r\n      codeExamples: [],\r\n      metadata: {\r\n        libraryId,\r\n        originalTokens,\r\n        curatedTokens: originalTokens,\r\n        processingTime: Date.now() - startTime,\r\n        confidence: 0.5\r\n      }\r\n    };\r\n  }\r\n\r\n  /**\r\n   * Test the curation service\r\n   */\r\n  async testCuration(): Promise<boolean> {\r\n    try {\r\n      const testContent = `\r\n# React Documentation\r\n\r\nReact is a JavaScript library for building user interfaces.\r\n\r\n## Getting Started\r\n\r\n\\`\\`\\`jsx\r\nimport React from 'react';\r\n\r\nfunction App() {\r\n  return <h1>Hello World</h1>;\r\n}\r\n\\`\\`\\`\r\n\r\n## Best Practices\r\n\r\n- Use functional components with hooks\r\n- Keep components small and focused\r\n- Use TypeScript for better development experience\r\n`;\r\n\r\n      const result = await this.curateForCursor(\r\n        testContent,\r\n        '/facebook/react',\r\n        'Create a React component',\r\n        {}\r\n      );\r\n\r\n      return result.qualityScore > 0 && result.curatedContent.length > 0;\r\n\r\n    } catch (error) {\r\n      this.logger.error('Curation test failed', {\r\n        error: error instanceof Error ? error.message : 'Unknown error'\r\n      });\r\n      return false;\r\n    }\r\n  }\r\n}\r",
    "File: src/services/analytics/reliability.service.ts\nDescription: Class definition: ReliabilityService\nCode:\nexport class ReliabilityService {\r\n  private logger: Logger;\r\n  private startTime: Date;\r\n  private errors: ErrorRecord[] = [];\r\n  private restarts: Date[] = [];\r\n  private lastError: Date | null = null;\r\n  private lastResolution: Date | null = null;\r\n\r\n  constructor(logger: Logger) {\r\n    this.logger = logger;\r\n    this.startTime = new Date();\r\n    this.logger.debug('ReliabilityService initialized');\r\n  }\r\n\r\n  /**\r\n   * Record an error with full context\r\n   */\r\n  recordError(\r\n    type: string,\r\n    message: string,\r\n    severity: ErrorRecord['severity'] = 'medium',\r\n    context?: Record<string, any>,\r\n    stack?: string\r\n  ): string {\r\n    const errorId = this.generateErrorId();\r\n    const category = this.categorizeError(type, message);\r\n    \r\n    const error: ErrorRecord = {\r\n      id: errorId,\r\n      timestamp: new Date(),\r\n      type,\r\n      category,\r\n      severity,\r\n      message,\r\n      stack: stack || '',\r\n      context: context || {},\r\n      resolved: false\r\n    };\r\n\r\n    this.errors.push(error);\r\n    this.lastError = new Date();\r\n\r\n    this.logger.warn('Error recorded', {\r\n      errorId,\r\n      type,\r\n      category,\r\n      severity,\r\n      message: message.substring(0, 100)\r\n    });\r\n\r\n    return errorId;\r\n  }\r\n\r\n  /**\r\n   * Mark an error as resolved\r\n   */\r\n  resolveError(errorId: string, resolution?: string): boolean {\r\n    const error = this.errors.find(e => e.id === errorId);\r\n    if (!error) {\r\n      this.logger.warn('Attempted to resolve non-existent error', { errorId });\r\n      return false;\r\n    }\r\n\r\n    error.resolved = true;\r\n    error.resolvedAt = new Date();\r\n    error.resolution = resolution || '';\r\n    this.lastResolution = new Date();\r\n\r\n    this.logger.info('Error resolved', {\r\n      errorId,\r\n      type: error.type,\r\n      resolutionTime: this.calculateResolutionTime(error)\r\n    });\r\n\r\n    return true;\r\n  }\r\n\r\n  /**\r\n   * Record a system restart\r\n   */\r\n  recordRestart(): void {\r\n    this.restarts.push(new Date());\r\n    this.logger.info('System restart recorded');\r\n  }\r\n\r\n  /**\r\n   * Get comprehensive reliability metrics\r\n   */\r\n  getReliabilityMetrics(): ReliabilityMetrics {\r\n    const now = new Date();\r\n    const totalUptime = Math.floor((now.getTime() - this.startTime.getTime()) / 1000);\r\n    const currentUptime = this.calculateCurrentUptime();\r\n    const uptimePercentage = this.calculateUptimePercentage();\r\n\r\n    const errorMetrics = this.calculateErrorMetrics();\r\n    const performanceMetrics = this.calculatePerformanceMetrics();\r\n    const trends = this.calculateTrends();\r\n\r\n    return {\r\n      uptime: {\r\n        totalUptime,\r\n        uptimePercentage,\r\n        lastRestart: this.restarts[this.restarts.length - 1] || this.startTime,\r\n        currentUptime\r\n      },\r\n      errors: errorMetrics,\r\n      performance: performanceMetrics,\r\n      trends,\r\n      timestamp: now\r\n    };\r\n  }\r\n\r\n  /**\r\n   * Get reliability health status\r\n   */\r\n  getReliabilityHealth(): ReliabilityHealthStatus {\r\n    const metrics = this.getReliabilityMetrics();\r\n    const issues: string[] = [];\r\n    const recommendations: string[] = [];\r\n    const alerts: string[] = [];\r\n    let score = 100;\r\n\r\n    // Check uptime\r\n    if (metrics.uptime.uptimePercentage < 95) {\r\n      issues.push('Low uptime percentage');\r\n      recommendations.push('Investigate downtime causes and improve monitoring');\r\n      score -= 20;\r\n    } else if (metrics.uptime.uptimePercentage < 99) {\r\n      issues.push('Moderate uptime issues');\r\n      recommendations.push('Monitor uptime trends and address recurring issues');\r\n      score -= 10;\r\n    }\r\n\r\n    // Check error rate\r\n    if (metrics.errors.errorRate > 10) {\r\n      issues.push('High error rate');\r\n      recommendations.push('Implement better error handling and monitoring');\r\n      score -= 25;\r\n    } else if (metrics.errors.errorRate > 5) {\r\n      issues.push('Elevated error rate');\r\n      recommendations.push('Review error patterns and improve error handling');\r\n      score -= 15;\r\n    }\r\n\r\n    // Check resolution time\r\n    if (metrics.errors.averageResolutionTime > 60) {\r\n      issues.push('Slow error resolution');\r\n      recommendations.push('Improve error response and resolution processes');\r\n      score -= 15;\r\n    } else if (metrics.errors.averageResolutionTime > 30) {\r\n      issues.push('Moderate resolution time');\r\n      recommendations.push('Optimize error resolution workflows');\r\n      score -= 8;\r\n    }\r\n\r\n    // Check MTBF\r\n    if (metrics.performance.meanTimeBetweenFailures < 24) {\r\n      issues.push('Frequent failures');\r\n      recommendations.push('Improve system stability and error prevention');\r\n      score -= 20;\r\n    } else if (metrics.performance.meanTimeBetweenFailures < 168) { // 1 week\r\n      issues.push('Moderate failure frequency');\r\n      recommendations.push('Monitor failure patterns and improve reliability');\r\n      score -= 10;\r\n    }\r\n\r\n    // Check resolution rate\r\n    if (metrics.errors.resolutionRate < 80) {\r\n      issues.push('Low error resolution rate');\r\n      recommendations.push('Improve error tracking and resolution processes');\r\n      score -= 15;\r\n    } else if (metrics.errors.resolutionRate < 90) {\r\n      issues.push('Moderate resolution rate');\r\n      recommendations.push('Enhance error resolution tracking');\r\n      score -= 8;\r\n    }\r\n\r\n    // Check critical errors\r\n    const criticalErrors = this.errors.filter(e => e.severity === 'critical' && !e.resolved);\r\n    if (criticalErrors.length > 0) {\r\n      alerts.push(`${criticalErrors.length} critical errors unresolved`);\r\n      score -= 30;\r\n    }\r\n\r\n    // Check recent error trends\r\n    if (metrics.trends.errorTrend === 'degrading') {\r\n      alerts.push('Error rate is increasing');\r\n      score -= 10;\r\n    }\r\n\r\n    const overall = score >= 90 ? 'excellent' : \r\n                   score >= 80 ? 'good' : \r\n                   score >= 70 ? 'fair' : \r\n                   score >= 50 ? 'poor' : 'critical';\r\n\r\n    return {\r\n      overall,\r\n      score: Math.max(0, score),\r\n      issues,\r\n      recommendations,\r\n      alerts,\r\n      lastChecked: new Date()\r\n    };\r\n  }\r\n\r\n  /**\r\n   * Get error statistics for a specific time period\r\n   */\r\n  getErrorStatistics(startDate?: Date, endDate?: Date): {\r\n    total: number;\r\n    byType: Record<string, number>;\r\n    byCategory: Record<string, number>;\r\n    bySeverity: Record<string, number>;\r\n    resolved: number;\r\n    unresolved: number;\r\n  } {\r\n    const filteredErrors = this.filterErrorsByDateRange(startDate, endDate);\r\n    \r\n    const byType: Record<string, number> = {};\r\n    const byCategory: Record<string, number> = {};\r\n    const bySeverity: Record<string, number> = {};\r\n    \r\n    let resolved = 0;\r\n    let unresolved = 0;\r\n\r\n    filteredErrors.forEach(error => {\r\n      byType[error.type] = (byType[error.type] || 0) + 1;\r\n      byCategory[error.category] = (byCategory[error.category] || 0) + 1;\r\n      bySeverity[error.severity] = (bySeverity[error.severity] || 0) + 1;\r\n      \r\n      if (error.resolved) {\r\n        resolved++;\r\n      } else {\r\n        unresolved++;\r\n      }\r\n    });\r\n\r\n    return {\r\n      total: filteredErrors.length,\r\n      byType,\r\n      byCategory,\r\n      bySeverity,\r\n      resolved,\r\n      unresolved\r\n    };\r\n  }\r\n\r\n  /**\r\n   * Get recent errors (last N hours)\r\n   */\r\n  getRecentErrors(hours: number = 24): ErrorRecord[] {\r\n    const cutoff = new Date(Date.now() - hours * 60 * 60 * 1000);\r\n    return this.errors.filter(error => error.timestamp >= cutoff);\r\n  }\r\n\r\n  /**\r\n   * Reset all reliability data (useful for testing)\r\n   */\r\n  resetReliabilityData(): void {\r\n    this.errors = [];\r\n    this.restarts = [];\r\n    this.lastError = null;\r\n    this.lastResolution = null;\r\n    this.startTime = new Date();\r\n    this.logger.debug('Reliability data reset');\r\n  }\r\n\r\n  private generateErrorId(): string {\r\n    return `err_${Date.now()}_${Math.random().toString(36).substr(2, 9)}`;\r\n  }\r\n\r\n  private categorizeError(type: string, message: string): string {\r\n    const lowerType = type.toLowerCase();\r\n    const lowerMessage = message.toLowerCase();\r\n\r\n    if (lowerType.includes('timeout') || lowerMessage.includes('timeout')) {\r\n      return 'timeout';\r\n    }\r\n    if (lowerType.includes('network') || lowerMessage.includes('network')) {\r\n      return 'network';\r\n    }\r\n    if (lowerType.includes('validation') || lowerMessage.includes('validation')) {\r\n      return 'validation';\r\n    }\r\n    if (lowerType.includes('database') || lowerMessage.includes('database')) {\r\n      return 'database';\r\n    }\r\n    if (lowerType.includes('auth') || lowerMessage.includes('auth')) {\r\n      return 'authentication';\r\n    }\r\n    if (lowerType.includes('permission') || lowerMessage.includes('permission')) {\r\n      return 'authorization';\r\n    }\r\n    if (lowerType.includes('memory') || lowerMessage.includes('memory')) {\r\n      return 'resource';\r\n    }\r\n    if (lowerType.includes('disk') || lowerMessage.includes('disk')) {\r\n      return 'resource';\r\n    }\r\n    if (lowerType.includes('cpu') || lowerMessage.includes('cpu')) {\r\n      return 'resource';\r\n    }\r\n\r\n    return 'unknown';\r\n  }\r\n\r\n  private calculateCurrentUptime(): number {\r\n    const lastRestart = this.restarts[this.restarts.length - 1] || this.startTime;\r\n    return Math.floor((Date.now() - lastRestart.getTime()) / 1000);\r\n  }\r\n\r\n  private calculateUptimePercentage(): number {\r\n    if (this.restarts.length === 0) {\r\n      return 100; // No restarts, 100% uptime\r\n    }\r\n\r\n    const totalTime = Date.now() - this.startTime.getTime();\r\n    const downtime = this.calculateTotalDowntime();\r\n    const uptime = totalTime - downtime;\r\n    \r\n    return Math.max(0, (uptime / totalTime) * 100);\r\n  }\r\n\r\n  private calculateTotalDowntime(): number {\r\n    // Simplified calculation - in reality, you'd track actual downtime periods\r\n    return this.restarts.length * 60000; // Assume 1 minute downtime per restart\r\n  }\r\n\r\n  private calculateErrorMetrics() {\r\n    const now = new Date();\r\n    const oneHourAgo = new Date(now.getTime() - 60 * 60 * 1000);\r\n    const recentErrors = this.errors.filter(e => e.timestamp >= oneHourAgo);\r\n    \r\n    const errorsByType: Record<string, number> = {};\r\n    const errorsByCategory: Record<string, number> = {};\r\n    const errorsBySeverity: Record<string, number> = {};\r\n    \r\n    let totalResolutionTime = 0;\r\n    let resolvedCount = 0;\r\n\r\n    this.errors.forEach(error => {\r\n      errorsByType[error.type] = (errorsByType[error.type] || 0) + 1;\r\n      errorsByCategory[error.category] = (errorsByCategory[error.category] || 0) + 1;\r\n      errorsBySeverity[error.severity] = (errorsBySeverity[error.severity] || 0) + 1;\r\n      \r\n      if (error.resolved && error.resolvedAt) {\r\n        const resolutionTime = this.calculateResolutionTime(error);\r\n        totalResolutionTime += resolutionTime;\r\n        resolvedCount++;\r\n      }\r\n    });\r\n\r\n    return {\r\n      totalErrors: this.errors.length,\r\n      errorRate: recentErrors.length,\r\n      errorsByType,\r\n      errorsByCategory,\r\n      errorsBySeverity,\r\n      averageResolutionTime: resolvedCount > 0 ? totalResolutionTime / resolvedCount : 0,\r\n      resolutionRate: this.errors.length > 0 ? (resolvedCount / this.errors.length) * 100 : 100\r\n    };\r\n  }\r\n\r\n  private calculatePerformanceMetrics() {\r\n    const mtbf = this.calculateMTBF();\r\n    const mttr = this.calculateMTTR();\r\n    const availability = this.calculateAvailability();\r\n    \r\n    // Calculate reliability score based on multiple factors\r\n    let reliabilityScore = 100;\r\n    \r\n    if (mtbf < 24) reliabilityScore -= 30;\r\n    else if (mtbf < 168) reliabilityScore -= 15;\r\n    \r\n    if (mttr > 60) reliabilityScore -= 25;\r\n    else if (mttr > 30) reliabilityScore -= 10;\r\n    \r\n    if (availability < 95) reliabilityScore -= 20;\r\n    else if (availability < 99) reliabilityScore -= 10;\r\n\r\n    return {\r\n      meanTimeBetweenFailures: mtbf,\r\n      meanTimeToRecovery: mttr,\r\n      availability,\r\n      reliabilityScore: Math.max(0, reliabilityScore)\r\n    };\r\n  }\r\n\r\n  private calculateMTBF(): number {\r\n    if (this.restarts.length < 2) {\r\n      return 168; // Default to 1 week if not enough data\r\n    }\r\n    \r\n    const totalUptime = this.restarts.reduce((total, restart, index) => {\r\n      const previousRestart = index === 0 ? this.startTime : this.restarts[index - 1];\r\n      return total + (restart.getTime() - (previousRestart?.getTime() || restart.getTime()));\r\n    }, 0);\r\n    \r\n    const averageUptime = totalUptime / this.restarts.length;\r\n    return averageUptime / (1000 * 60 * 60); // Convert to hours\r\n  }\r\n\r\n  private calculateMTTR(): number {\r\n    const resolvedErrors = this.errors.filter(e => e.resolved && e.resolvedAt);\r\n    if (resolvedErrors.length === 0) {\r\n      return 0;\r\n    }\r\n    \r\n    const totalResolutionTime = resolvedErrors.reduce((total, error) => {\r\n      return total + this.calculateResolutionTime(error);\r\n    }, 0);\r\n    \r\n    return totalResolutionTime / resolvedErrors.length; // Average in minutes\r\n  }\r\n\r\n  private calculateAvailability(): number {\r\n    return this.calculateUptimePercentage();\r\n  }\r\n\r\n  private calculateTrends() {\r\n    const now = new Date();\r\n    const oneWeekAgo = new Date(now.getTime() - 7 * 24 * 60 * 60 * 1000);\r\n    const twoWeeksAgo = new Date(now.getTime() - 14 * 24 * 60 * 60 * 1000);\r\n    \r\n    const recentErrors = this.errors.filter(e => e.timestamp >= oneWeekAgo);\r\n    const olderErrors = this.errors.filter(e => e.timestamp >= twoWeeksAgo && e.timestamp < oneWeekAgo);\r\n    \r\n    const recentErrorRate = recentErrors.length / 7; // Per day\r\n    const olderErrorRate = olderErrors.length / 7; // Per day\r\n    \r\n    let errorTrend: 'improving' | 'stable' | 'degrading' = 'stable';\r\n    if (recentErrorRate > olderErrorRate * 1.2) {\r\n      errorTrend = 'degrading';\r\n    } else if (recentErrorRate < olderErrorRate * 0.8) {\r\n      errorTrend = 'improving';\r\n    }\r\n    \r\n    // Simplified trends - in reality, you'd calculate more sophisticated trends\r\n    return {\r\n      errorTrend,\r\n      uptimeTrend: 'stable' as const,\r\n      resolutionTrend: 'stable' as const\r\n    };\r\n  }\r\n\r\n  private calculateResolutionTime(error: ErrorRecord): number {\r\n    if (!error.resolvedAt) return 0;\r\n    return (error.resolvedAt.getTime() - error.timestamp.getTime()) / (1000 * 60); // Minutes\r\n  }\r\n\r\n  private filterErrorsByDateRange(startDate?: Date, endDate?: Date): ErrorRecord[] {\r\n    return this.errors.filter(error => {\r\n      if (startDate && error.timestamp < startDate) return false;\r\n      if (endDate && error.timestamp > endDate) return false;\r\n      return true;\r\n    });\r\n  }\r\n}\r",
    "File: src/services/context7/simple-context7-client.ts\nDescription: Class definition: SimpleContext7Client\nCode:\nexport class SimpleContext7Client {\r\n  private apiKey: string;\r\n  private logger: any;\r\n  private mcpServer: any; // Reference to MCP server for internal tool calls\r\n  private config?: any; // Configuration for URLs and settings\r\n\r\n  constructor(config: Context7Config, logger?: any, mcpServer?: any) {\r\n    this.apiKey = config.apiKey;\r\n    this.logger = logger || console;\r\n    this.mcpServer = mcpServer;\r\n    this.config = config;\r\n    \r\n    console.log('≡ƒöì [Context7-Client-Debug] SimpleContext7Client initialized', {\r\n      hasApiKey: !!this.apiKey,\r\n      apiKeyLength: this.apiKey.length,\r\n      hasLogger: !!this.logger,\r\n      hasMcpServer: !!this.mcpServer,\r\n      mcpServerType: typeof this.mcpServer\r\n    });\r\n    \r\n    this.logger.info('≡ƒöì [Context7-Client-Debug] SimpleContext7Client initialized', {\r\n      hasApiKey: !!this.apiKey,\r\n      apiKeyLength: this.apiKey.length,\r\n      hasLogger: !!this.logger,\r\n      hasMcpServer: !!this.mcpServer,\r\n      mcpServerType: typeof this.mcpServer\r\n    });\r\n  }\r\n\r\n  /**\r\n   * Resolve library name to Context7 library information\r\n   * Uses internal MCP tools instead of direct HTTP calls\r\n   */\r\n  async resolveLibraryId(libraryName: string): Promise<Context7LibraryInfo[]> {\r\n    const debugMode = process.env.CONTEXT7_DEBUG === 'true';\r\n    \r\n    // Always log the first call to see if the method is being called at all\r\n    this.logger.info('≡ƒöì [Context7-Debug] resolveLibraryId called', {\r\n      libraryName,\r\n      debugMode,\r\n      context7DebugEnv: process.env.CONTEXT7_DEBUG,\r\n      timestamp: new Date().toISOString(),\r\n      hasMcpServer: !!this.mcpServer,\r\n      hasExecuteToolInternal: !!(this.mcpServer && this.mcpServer.executeToolInternal)\r\n    });\r\n    \r\n    if (debugMode) {\r\n      this.logger.info('≡ƒöì [Context7-Debug] Starting library resolution', {\r\n        libraryName,\r\n        timestamp: new Date().toISOString(),\r\n        hasMcpServer: !!this.mcpServer,\r\n        hasExecuteToolInternal: !!(this.mcpServer && this.mcpServer.executeToolInternal)\r\n      });\r\n    }\r\n\r\n    try {\r\n      // Always call external Context7 API directly (like Cursor does)\r\n      if (false) { // Disabled internal tool calls - use direct API instead\r\n        if (debugMode) {\r\n          this.logger.info('≡ƒöì [Context7-Debug] Using internal MCP tool', { libraryName });\r\n        }\r\n        \r\n        this.logger.info('≡ƒöì [Context7-Debug] MCP server available, calling executeToolInternal', {\r\n          hasMcpServer: !!this.mcpServer,\r\n          hasExecuteToolInternal: !!this.mcpServer.executeToolInternal,\r\n          libraryName\r\n        });\r\n        \r\n        const result = await this.mcpServer.executeToolInternal('resolve-library-id', { libraryName });\r\n        \r\n        if (debugMode) {\r\n          this.logger.info('≡ƒöì [Context7-Debug] Internal MCP tool result', {\r\n            libraryName,\r\n            success: result.success,\r\n            hasResult: !!result.result,\r\n            resultLength: result.result ? result.result.length : 0,\r\n            error: result.error,\r\n            resultType: typeof result.result,\r\n            isArray: Array.isArray(result.result)\r\n          });\r\n        }\r\n        \r\n        if (result.success) {\r\n          const libraries = result.result || [];\r\n          if (debugMode) {\r\n            this.logger.info('≡ƒöì [Context7-Debug] Internal MCP tool success', {\r\n              libraryName,\r\n              librariesFound: libraries.length,\r\n            libraries: libraries.map((lib: any) => ({\r\n              libraryId: lib.libraryId,\r\n              name: lib.name,\r\n              codeSnippets: lib.codeSnippets,\r\n              trustScore: lib.trustScore\r\n            }))\r\n            });\r\n          }\r\n          return libraries;\r\n        } else {\r\n          this.logger.warn('Internal MCP tool failed, falling back to direct API call', { \r\n            error: result.error \r\n          });\r\n        }\r\n      }\r\n\r\n      // Fallback to direct API call if internal MCP tool not available\r\n      const mcpRequest = {\r\n        jsonrpc: '2.0',\r\n        id: Date.now(),\r\n        method: 'tools/call',\r\n        params: {\r\n          name: 'resolve-library-id',\r\n          arguments: { libraryName }\r\n        }\r\n      };\r\n\r\n      if (debugMode) {\r\n        const apiUrl = process.env.CONTEXT7_BASE_URL || this.config?.mcp?.serverUrl || this.config?.baseUrl || 'https://mcp.context7.com/mcp';\r\n        this.logger.info('≡ƒöì [Context7-Debug] Making direct API call', {\r\n          libraryName,\r\n          requestId: mcpRequest.id,\r\n          apiUrl,\r\n          requestBody: JSON.stringify(mcpRequest, null, 2)\r\n        });\r\n      }\r\n\r\n      const apiUrl = process.env.CONTEXT7_BASE_URL || this.config?.mcp?.serverUrl || this.config?.baseUrl || 'https://mcp.context7.com/mcp';\r\n      const response = await fetch(apiUrl, {\r\n        method: 'POST',\r\n        headers: {\r\n          'Content-Type': 'application/json',\r\n          'Accept': 'application/json, text/event-stream',\r\n          'CONTEXT7_API_KEY': this.apiKey,\r\n          'User-Agent': 'PromptMCP-SimpleClient/1.0.0'\r\n        },\r\n        body: JSON.stringify(mcpRequest)\r\n      });\r\n\r\n      if (debugMode) {\r\n        this.logger.info('≡ƒöì [Context7-Debug] API response received', {\r\n          libraryName,\r\n          status: response.status,\r\n          statusText: response.statusText,\r\n          ok: response.ok,\r\n          headers: Object.fromEntries(response.headers.entries())\r\n        });\r\n      }\r\n\r\n      if (!response.ok) {\r\n        throw new Error(`Context7 API error: ${response.status} ${response.statusText}`);\r\n      }\r\n\r\n      const responseText = await response.text();\r\n      \r\n      if (debugMode) {\r\n        this.logger.info('≡ƒöì [Context7-Debug] Raw response text', {\r\n          libraryName,\r\n          responseLength: responseText.length,\r\n          responsePreview: responseText.substring(0, 500),\r\n          isSSE: responseText.includes('event:'),\r\n          hasData: responseText.includes('data:')\r\n        });\r\n      }\r\n\r\n      const result = SSEParser.parseResponse(responseText);\r\n      \r\n      if (debugMode) {\r\n        this.logger.info('≡ƒöì [Context7-Debug] Parsed response', {\r\n          libraryName,\r\n          hasResult: !!result,\r\n          resultType: typeof result,\r\n          resultKeys: result ? Object.keys(result) : [],\r\n          hasResultArray: !!(result && result.result),\r\n          resultArrayLength: result && result.result ? result.result.length : 0,\r\n          hasContentArray: !!(result && result.result && result.result.content),\r\n          contentArrayLength: result && result.result && result.result.content ? result.result.content.length : 0\r\n        });\r\n      }\r\n      \r\n      // Context7 returns text-based response format:\r\n      // { result: { content: [{ type: \"text\", text: \"Available Libraries...\\n- Title: React\\n- Context7-compatible library ID: /websites/react_dev\\n...\" }] } }\r\n      let libraries = [];\r\n      \r\n      if (result && result.result) {\r\n        if (Array.isArray(result.result)) {\r\n          // Direct array format (expected but not used by Context7)\r\n          libraries = result.result;\r\n        } else if (result.result.content && Array.isArray(result.result.content)) {\r\n          // Text-based format (actual Context7 response)\r\n          const textContent = result.result.content[0]?.text || '';\r\n          libraries = this.parseLibraryTextResponse(textContent);\r\n          \r\n          if (debugMode) {\r\n            this.logger.info('≡ƒöì [Context7-Debug] Parsed text response', {\r\n              libraryName,\r\n              textLength: textContent.length,\r\n              librariesFound: libraries.length,\r\n            libraries: libraries.map((lib: any) => ({\r\n              libraryId: lib.libraryId,\r\n              name: lib.name,\r\n              codeSnippets: lib.codeSnippets,\r\n              trustScore: lib.trustScore\r\n            }))\r\n            });\r\n          }\r\n        }\r\n      }\r\n      \r\n      if (debugMode) {\r\n        this.logger.info('≡ƒöì [Context7-Debug] Final library resolution result', {\r\n          libraryName,\r\n          librariesFound: libraries.length,\r\n          libraries: libraries.map((lib: any) => ({\r\n            libraryId: lib.libraryId,\r\n            name: lib.name,\r\n            description: lib.description ? lib.description.substring(0, 100) + '...' : 'No description',\r\n            codeSnippets: lib.codeSnippets,\r\n            trustScore: lib.trustScore\r\n          }))\r\n        });\r\n      }\r\n      \r\n      return libraries;\r\n    } catch (error) {\r\n      if (debugMode) {\r\n        this.logger.error('≡ƒöì [Context7-Debug] Library resolution failed with error', {\r\n          libraryName,\r\n          error: error instanceof Error ? error.message : 'Unknown error',\r\n          stack: error instanceof Error ? error.stack : undefined,\r\n          errorType: typeof error\r\n        });\r\n      }\r\n      \r\n      this.logger.warn('Context7 library resolution failed', { \r\n        libraryName, \r\n        error: error instanceof Error ? error.message : 'Unknown error' \r\n      });\r\n      return [];\r\n    }\r\n  }\r\n\r\n  /**\r\n   * Get library documentation from Context7\r\n   * Verified against actual Context7 API\r\n   */\r\n  async getLibraryDocs(\r\n    libraryId: string, \r\n    topic?: string, \r\n    tokens?: number\r\n  ): Promise<Context7Documentation> {\r\n    const debugMode = process.env.CONTEXT7_DEBUG === 'true';\r\n    \r\n    if (debugMode) {\r\n      this.logger.info('≡ƒôÜ [Context7-Debug] Starting documentation retrieval', {\r\n        libraryId,\r\n        topic,\r\n        tokens: tokens || 4000,\r\n        timestamp: new Date().toISOString(),\r\n        hasMcpServer: !!this.mcpServer,\r\n        hasExecuteToolInternal: !!(this.mcpServer && this.mcpServer.executeToolInternal)\r\n      });\r\n    }\r\n\r\n    try {\r\n      // Always call external Context7 API directly (like Cursor does)\r\n      if (false) { // Disabled internal tool calls - use direct API instead\r\n        if (debugMode) {\r\n          this.logger.info('≡ƒôÜ [Context7-Debug] Using internal MCP tool for docs', {\r\n            libraryId,\r\n            topic,\r\n            tokens: tokens || 4000\r\n          });\r\n        }\r\n        \r\n        const result = await this.mcpServer.executeToolInternal('get-library-docs', {\r\n          context7CompatibleLibraryID: libraryId,\r\n          topic,\r\n          tokens: tokens || 4000\r\n        });\r\n        \r\n        if (debugMode) {\r\n          this.logger.info('≡ƒôÜ [Context7-Debug] Internal MCP tool result for docs', {\r\n            libraryId,\r\n            success: result.success,\r\n            hasResult: !!result.result,\r\n            hasContent: !!(result.result && result.result.content),\r\n            contentLength: result.result && result.result.content ? result.result.content.length : 0,\r\n            error: result.error\r\n          });\r\n        }\r\n        \r\n        if (result.success) {\r\n          const docs = {\r\n            content: result.result?.content || '',\r\n            metadata: {\r\n              libraryId,\r\n              topic,\r\n              tokens: tokens || 4000,\r\n              retrievedAt: new Date(),\r\n              source: 'internal-mcp'\r\n            }\r\n          };\r\n          \r\n          if (debugMode) {\r\n            this.logger.info('≡ƒôÜ [Context7-Debug] Internal MCP tool success for docs', {\r\n              libraryId,\r\n              contentLength: docs.content.length,\r\n              hasContent: docs.content.length > 0,\r\n              contentPreview: docs.content.substring(0, 200) + (docs.content.length > 200 ? '...' : ''),\r\n              metadata: docs.metadata\r\n            });\r\n          }\r\n          \r\n          return docs;\r\n        } else {\r\n          this.logger.warn('Internal MCP tool failed, falling back to direct API call', { \r\n            error: result.error \r\n          });\r\n        }\r\n      }\r\n\r\n      // Fallback to direct API call if internal MCP tool not available\r\n      const mcpRequest = {\r\n        jsonrpc: '2.0',\r\n        id: Date.now(),\r\n        method: 'tools/call',\r\n        params: {\r\n          name: 'get-library-docs',\r\n          arguments: {\r\n            context7CompatibleLibraryID: libraryId,\r\n            topic,\r\n            tokens: tokens || 4000\r\n          }\r\n        }\r\n      };\r\n\r\n      if (debugMode) {\r\n        const apiUrl = process.env.CONTEXT7_BASE_URL || this.config?.mcp?.serverUrl || this.config?.baseUrl || 'https://mcp.context7.com/mcp';\r\n        this.logger.info('≡ƒôÜ [Context7-Debug] Making direct API call for docs', {\r\n          libraryId,\r\n          topic,\r\n          tokens: tokens || 4000,\r\n          requestId: mcpRequest.id,\r\n          apiUrl,\r\n          requestBody: JSON.stringify(mcpRequest, null, 2)\r\n        });\r\n      }\r\n\r\n      const apiUrl = process.env.CONTEXT7_BASE_URL || this.config?.mcp?.serverUrl || this.config?.baseUrl || 'https://mcp.context7.com/mcp';\r\n      const response = await fetch(apiUrl, {\r\n        method: 'POST',\r\n        headers: {\r\n          'Content-Type': 'application/json',\r\n          'Accept': 'application/json, text/event-stream',\r\n          'CONTEXT7_API_KEY': this.apiKey,\r\n          'User-Agent': 'PromptMCP-SimpleClient/1.0.0'\r\n        },\r\n        body: JSON.stringify(mcpRequest)\r\n      });\r\n\r\n      if (debugMode) {\r\n        this.logger.info('≡ƒôÜ [Context7-Debug] API response received for docs', {\r\n          libraryId,\r\n          status: response.status,\r\n          statusText: response.statusText,\r\n          ok: response.ok,\r\n          headers: Object.fromEntries(response.headers.entries())\r\n        });\r\n      }\r\n\r\n      if (!response.ok) {\r\n        throw new Error(`Context7 API error: ${response.status} ${response.statusText}`);\r\n      }\r\n\r\n      const responseText = await response.text();\r\n      \r\n      if (debugMode) {\r\n        this.logger.info('≡ƒôÜ [Context7-Debug] Raw response text for docs', {\r\n          libraryId,\r\n          responseLength: responseText.length,\r\n          responsePreview: responseText.substring(0, 500),\r\n          isSSE: responseText.includes('event:'),\r\n          hasData: responseText.includes('data:')\r\n        });\r\n      }\r\n\r\n      const result = SSEParser.parseResponse(responseText);\r\n      \r\n      if (debugMode) {\r\n        this.logger.info('≡ƒôÜ [Context7-Debug] Parsed response for docs', {\r\n          libraryId,\r\n          hasResult: !!result,\r\n          resultType: typeof result,\r\n          resultKeys: result ? Object.keys(result) : [],\r\n          hasResultContent: !!(result && result.result && result.result.content),\r\n          contentLength: result && result.result && result.result.content ? result.result.content.length : 0\r\n        });\r\n      }\r\n      \r\n      // Context7 returns documentation with text-based format:\r\n      // { result: { content: [{ type: \"text\", text: \"================\\nCODE SNIPPETS\\n================\\nTITLE: ...\" }] } }\r\n      let content = '';\r\n      \r\n      if (result && result.result) {\r\n        if (typeof result.result.content === 'string') {\r\n          // Direct string content\r\n          content = result.result.content;\r\n        } else if (Array.isArray(result.result.content) && result.result.content[0] && result.result.content[0].text) {\r\n          // Text-based format (actual Context7 response)\r\n          content = result.result.content[0].text;\r\n        }\r\n      }\r\n      \r\n      const docs = {\r\n        content,\r\n        metadata: {\r\n          libraryId,\r\n          topic,\r\n          tokens: tokens || 4000,\r\n          retrievedAt: new Date(),\r\n          source: 'Context7 MCP'\r\n        }\r\n      };\r\n      \r\n      if (debugMode) {\r\n        this.logger.info('≡ƒôÜ [Context7-Debug] Final documentation result', {\r\n          libraryId,\r\n          contentLength: docs.content.length,\r\n          hasContent: docs.content.length > 0,\r\n          contentPreview: docs.content.substring(0, 200) + (docs.content.length > 200 ? '...' : ''),\r\n          metadata: docs.metadata\r\n        });\r\n      }\r\n      \r\n      return docs;\r\n    } catch (error) {\r\n      if (debugMode) {\r\n        this.logger.error('≡ƒôÜ [Context7-Debug] Documentation retrieval failed with error', {\r\n          libraryId,\r\n          topic,\r\n          error: error instanceof Error ? error.message : 'Unknown error',\r\n          stack: error instanceof Error ? error.stack : undefined,\r\n          errorType: typeof error\r\n        });\r\n      }\r\n      \r\n      this.logger.warn('Context7 documentation retrieval failed', { \r\n        libraryId, \r\n        topic, \r\n        error: error instanceof Error ? error.message : 'Unknown error' \r\n      });\r\n      return {\r\n        content: '',\r\n        metadata: {\r\n          libraryId,\r\n          topic,\r\n          tokens: tokens || 4000,\r\n          retrievedAt: new Date(),\r\n          source: 'Context7 MCP (error)'\r\n        }\r\n      };\r\n    }\r\n  }\r\n\r\n  /**\r\n   * Parse Context7 text-based response format into library objects\r\n   * Context7 returns text like:\r\n   * \"Available Libraries (top matches):\\n\\n- Title: React\\n- Context7-compatible library ID: /websites/react_dev\\n- Description: ...\\n- Code Snippets: 1752\\n- Trust Score: 8\\n----------\\n...\"\r\n   */\r\n  private parseLibraryTextResponse(textContent: string): Context7LibraryInfo[] {\r\n    const libraries: Context7LibraryInfo[] = [];\r\n    \r\n    try {\r\n      // Split by library separator (----------)\r\n      const librarySections = textContent.split('----------').filter(section => section.trim());\r\n      \r\n      for (const section of librarySections) {\r\n        const lines = section.split('\\n').map(line => line.trim()).filter(line => line);\r\n        \r\n        let library: Partial<Context7LibraryInfo> = {};\r\n        \r\n        for (const line of lines) {\r\n          if (line.startsWith('- Title:')) {\r\n            library.name = line.replace('- Title:', '').trim();\r\n          } else if (line.startsWith('- Context7-compatible library ID:')) {\r\n            library.libraryId = line.replace('- Context7-compatible library ID:', '').trim();\r\n          } else if (line.startsWith('- Description:')) {\r\n            library.description = line.replace('- Description:', '').trim();\r\n          } else if (line.startsWith('- Code Snippets:')) {\r\n            const snippets = line.replace('- Code Snippets:', '').trim();\r\n            library.codeSnippets = parseInt(snippets) || 0;\r\n          } else if (line.startsWith('- Trust Score:')) {\r\n            const score = line.replace('- Trust Score:', '').trim();\r\n            library.trustScore = parseFloat(score) || 0;\r\n          } else if (line.startsWith('- Versions:')) {\r\n            const versions = line.replace('- Versions:', '').trim();\r\n            (library as any).versions = versions.split(',').map(v => v.trim());\r\n          }\r\n        }\r\n        \r\n        // Only add if we have the required fields\r\n        if (library.libraryId && library.name) {\r\n          libraries.push({\r\n            libraryId: library.libraryId,\r\n            name: library.name,\r\n            description: library.description || '',\r\n            codeSnippets: library.codeSnippets || 0,\r\n            trustScore: library.trustScore || 0,\r\n            ...((library as any).versions && { versions: (library as any).versions })\r\n          });\r\n        }\r\n      }\r\n    } catch (error) {\r\n      this.logger.warn('Failed to parse Context7 text response', { \r\n        error: error instanceof Error ? error.message : 'Unknown error',\r\n        textLength: textContent.length\r\n      });\r\n    }\r\n    \r\n    return libraries;\r\n  }\r\n\r\n  /**\r\n   * Get documentation for multiple frameworks in parallel\r\n   * This is the main method used by the enhance tool\r\n   */\r\n  async getDocumentation(\r\n    prompt: string,\r\n    detectedFrameworks: string[]\r\n  ): Promise<{ docs: string; libraries: string[] }> {\r\n    try {\r\n      if (!detectedFrameworks || detectedFrameworks.length === 0) {\r\n        return { docs: '', libraries: [] };\r\n      }\r\n\r\n      // Parallel library resolution\r\n      const libraryPromises = detectedFrameworks.map(fw =>\r\n        this.resolveLibraryId(fw)\r\n      );\r\n      const libraryResults = await Promise.all(libraryPromises);\r\n      \r\n      // Flatten and get unique library IDs\r\n      const allLibraries = libraryResults.flat();\r\n      const uniqueLibraries = [...new Set(allLibraries.map(lib => lib.libraryId))];\r\n      \r\n      if (uniqueLibraries.length === 0) {\r\n        return { docs: '', libraries: [] };\r\n      }\r\n\r\n      // Extract topic from prompt (simple keyword extraction)\r\n      const topic = this.extractTopicFromPrompt(prompt);\r\n      \r\n      // Parallel documentation fetching\r\n      const docPromises = uniqueLibraries.map(libraryId =>\r\n        this.getLibraryDocs(libraryId, topic, Math.floor(4000 / uniqueLibraries.length))\r\n      );\r\n      \r\n      const docResults = await Promise.all(docPromises);\r\n      \r\n      // Combine results\r\n      const allDocs = docResults\r\n        .filter(doc => doc && doc.content)\r\n        .map((doc, index) => `## ${uniqueLibraries[index]} Documentation:\\n${doc.content}`);\r\n      \r\n      return {\r\n        docs: allDocs.join('\\n\\n'),\r\n        libraries: uniqueLibraries\r\n      };\r\n    } catch (error) {\r\n      this.logger.warn('Context7 documentation retrieval failed', { \r\n        prompt: prompt.substring(0, 100) + '...', \r\n        detectedFrameworks,\r\n        error: error instanceof Error ? error.message : 'Unknown error' \r\n      });\r\n      return { docs: '', libraries: [] };\r\n    }\r\n  }\r",
    "File: src/services/framework-detector/project-context-analyzer.service.ts\nDescription: Class definition: ProjectContextAnalyzer\nCode:\nexport class ProjectContextAnalyzer {\r\n  private logger: any; // Will be injected\r\n\r\n  constructor(logger?: any) {\r\n    this.logger = logger || console;\r\n  }\r\n\r\n  /**\r\n   * Analyze project context from a given path\r\n   */\r\n  async analyzeProjectContext(projectPath: string): Promise<ProjectContext> {\r\n    try {\r\n      this.logger.info('Starting project context analysis', { projectPath });\r\n\r\n      // 1. Read package.json for dependencies\r\n      const dependencies = await this.getDependencies(projectPath);\r\n      \r\n      // 2. Analyze file structure\r\n      const fileStructure = await this.analyzeFileStructure(projectPath);\r\n      \r\n      // 3. Check for framework-specific files\r\n      const frameworkFiles = await this.detectFrameworkFiles(projectPath);\r\n      \r\n      // 4. Suggest frameworks based on analysis\r\n      const suggestedFrameworks = this.suggestFrameworks(dependencies, fileStructure, frameworkFiles);\r\n\r\n      const result: ProjectContext = {\r\n        dependencies,\r\n        fileStructure,\r\n        frameworkFiles,\r\n        suggestedFrameworks\r\n      };\r\n\r\n      this.logger.info('Project context analysis completed', {\r\n        dependenciesCount: Object.keys(dependencies).length,\r\n        fileStructureCount: fileStructure.length,\r\n        frameworkFilesCount: frameworkFiles.length,\r\n        suggestedFrameworksCount: suggestedFrameworks.length\r\n      });\r\n\r\n      return result;\r\n    } catch (error) {\r\n      this.logger.error('Project context analysis failed', { error, projectPath });\r\n      throw new Error(`Failed to analyze project context: ${error instanceof Error ? error.message : 'Unknown error'}`);\r\n    }\r\n  }\r\n\r\n  /**\r\n   * Get dependencies from package.json\r\n   */\r\n  private async getDependencies(projectPath: string): Promise<Record<string, string>> {\r\n    try {\r\n      const packageJsonPath = path.join(projectPath, 'package.json');\r\n      const packageJsonContent = await fs.readFile(packageJsonPath, 'utf-8');\r\n      const packageJson = JSON.parse(packageJsonContent);\r\n      \r\n      return {\r\n        ...packageJson.dependencies || {},\r\n        ...packageJson.devDependencies || {},\r\n        ...packageJson.peerDependencies || {}\r\n      };\r\n    } catch (error) {\r\n      this.logger.warn('Could not read package.json', { error, projectPath });\r\n      return {};\r\n    }\r\n  }\r\n\r\n  /**\r\n   * Analyze file structure\r\n   */\r\n  private async analyzeFileStructure(projectPath: string): Promise<string[]> {\r\n    try {\r\n      const files: string[] = [];\r\n      await this.scanDirectory(projectPath, files, 0, 3); // Max depth 3\r\n      return files;\r\n    } catch (error) {\r\n      this.logger.warn('Could not analyze file structure', { error, projectPath });\r\n      return [];\r\n    }\r\n  }\r\n\r\n  /**\r\n   * Recursively scan directory\r\n   */\r\n  private async scanDirectory(dirPath: string, files: string[], depth: number, maxDepth: number): Promise<void> {\r\n    if (depth >= maxDepth) return;\r\n\r\n    try {\r\n      const entries = await fs.readdir(dirPath, { withFileTypes: true });\r\n      \r\n      for (const entry of entries) {\r\n        const fullPath = path.join(dirPath, entry.name);\r\n        \r\n        if (entry.isDirectory()) {\r\n          // Skip common directories that don't contain source code\r\n          if (!this.shouldSkipDirectory(entry.name)) {\r\n            await this.scanDirectory(fullPath, files, depth + 1, maxDepth);\r\n          }\r\n        } else if (entry.isFile()) {\r\n          files.push(fullPath);\r\n        }\r\n      }\r\n    } catch (error) {\r\n      // Skip directories we can't read\r\n    }\r\n  }\r\n\r\n  /**\r\n   * Check if directory should be skipped\r\n   */\r\n  private shouldSkipDirectory(dirName: string): boolean {\r\n    const skipDirs = [\r\n      'node_modules', '.git', '.next', '.nuxt', 'dist', 'build', 'out',\r\n      '.vscode', '.idea', 'coverage', '.nyc_output', 'logs', 'tmp'\r\n    ];\r\n    return skipDirs.includes(dirName) || dirName.startsWith('.');\r\n  }\r\n\r\n  /**\r\n   * Detect framework-specific files\r\n   */\r\n  private async detectFrameworkFiles(projectPath: string): Promise<string[]> {\r\n    const frameworkFiles: string[] = [];\r\n    \r\n    const frameworkPatterns = {\r\n      'react': ['src/**/*.jsx', 'src/**/*.tsx', 'src/**/*.js', 'src/**/*.ts'],\r\n      'vue': ['src/**/*.vue', 'src/**/*.js', 'src/**/*.ts'],\r\n      'angular': ['src/**/*.component.ts', 'src/**/*.service.ts', 'src/**/*.module.ts'],\r\n      'nextjs': ['pages/**/*.js', 'pages/**/*.tsx', 'pages/**/*.ts', 'app/**/*.js', 'app/**/*.tsx'],\r\n      'nuxt': ['pages/**/*.vue', 'components/**/*.vue', 'layouts/**/*.vue'],\r\n      'svelte': ['src/**/*.svelte'],\r\n      'express': ['routes/**/*.js', 'routes/**/*.ts', 'app.js', 'server.js'],\r\n      'fastapi': ['main.py', 'app.py', '**/*.py'],\r\n      'django': ['manage.py', '**/models.py', '**/views.py'],\r\n      'spring': ['src/**/*.java', 'pom.xml', 'build.gradle'],\r\n      'laravel': ['app/**/*.php', 'routes/**/*.php', 'artisan'],\r\n      'rails': ['app/**/*.rb', 'config/**/*.rb', 'Gemfile']\r\n    };\r\n\r\n    for (const [framework, patterns] of Object.entries(frameworkPatterns)) {\r\n      for (const pattern of patterns) {\r\n        try {\r\n          const files = await this.findFilesByPattern(projectPath, pattern);\r\n          if (files.length > 0) {\r\n            frameworkFiles.push(...files);\r\n          }\r\n        } catch (error) {\r\n          // Skip patterns that fail\r\n        }\r\n      }\r\n    }\r\n\r\n    return [...new Set(frameworkFiles)]; // Remove duplicates\r\n  }\r\n\r\n  /**\r\n   * Find files by pattern (simplified glob matching)\r\n   */\r\n  private async findFilesByPattern(projectPath: string, pattern: string): Promise<string[]> {\r\n    const files: string[] = [];\r\n    const parts = pattern.split('/');\r\n    \r\n    try {\r\n      await this.findFilesRecursive(projectPath, parts, 0, files);\r\n    } catch (error) {\r\n      // Pattern matching failed\r\n    }\r\n    \r\n    return files;\r\n  }\r\n\r\n  /**\r\n   * Recursively find files matching pattern\r\n   */\r\n  private async findFilesRecursive(\r\n    currentPath: string, \r\n    patternParts: string[], \r\n    partIndex: number, \r\n    files: string[]\r\n  ): Promise<void> {\r\n    if (partIndex >= patternParts.length) return;\r\n\r\n    const currentPart = patternParts[partIndex];\r\n    \r\n    if (currentPart === '**') {\r\n      // Match any directory\r\n      const entries = await fs.readdir(currentPath, { withFileTypes: true });\r\n      for (const entry of entries) {\r\n        if (entry.isDirectory()) {\r\n          await this.findFilesRecursive(\r\n            path.join(currentPath, entry.name), \r\n            patternParts, \r\n            partIndex, \r\n            files\r\n          );\r\n        }\r\n      }\r\n    } else if (currentPart && currentPart.includes('*')) {\r\n      // Simple wildcard matching\r\n      const entries = await fs.readdir(currentPath, { withFileTypes: true });\r\n      const regex = new RegExp(currentPart.replace(/\\*/g, '.*'));\r\n      \r\n      for (const entry of entries) {\r\n        if (regex.test(entry.name)) {\r\n          if (entry.isDirectory() && partIndex < patternParts.length - 1) {\r\n            await this.findFilesRecursive(\r\n              path.join(currentPath, entry.name), \r\n              patternParts, \r\n              partIndex + 1, \r\n              files\r\n            );\r\n          } else if (entry.isFile() && partIndex === patternParts.length - 1) {\r\n            files.push(path.join(currentPath, entry.name));\r\n          }\r\n        }\r\n      }\r\n    } else if (currentPart) {\r\n      // Exact match\r\n      const targetPath = path.join(currentPath, currentPart);\r\n      try {\r\n        const stat = await fs.stat(targetPath);\r\n        if (stat.isDirectory() && partIndex < patternParts.length - 1) {\r\n          await this.findFilesRecursive(targetPath, patternParts, partIndex + 1, files);\r\n        } else if (stat.isFile() && partIndex === patternParts.length - 1) {\r\n          files.push(targetPath);\r\n        }\r\n      } catch (error) {\r\n        // File/directory doesn't exist\r\n      }\r\n    }\r\n  }\r\n\r\n  /**\r\n   * Suggest frameworks based on analysis\r\n   */\r\n  private suggestFrameworks(\r\n    dependencies: Record<string, string>,\r\n    fileStructure: string[],\r\n    frameworkFiles: string[]\r\n  ): string[] {\r\n    const suggestions: string[] = [];\r\n    \r\n    // Analyze dependencies\r\n    for (const [name, version] of Object.entries(dependencies)) {\r\n      const framework = this.mapDependencyToFramework(name);\r\n      if (framework && !suggestions.includes(framework)) {\r\n        suggestions.push(framework);\r\n      }\r\n    }\r\n    \r\n    // Analyze file structure\r\n    for (const file of fileStructure) {\r\n      const framework = this.mapFileToFramework(file);\r\n      if (framework && !suggestions.includes(framework)) {\r\n        suggestions.push(framework);\r\n      }\r\n    }\r\n    \r\n    // Analyze framework files\r\n    for (const file of frameworkFiles) {\r\n      const framework = this.mapFileToFramework(file);\r\n      if (framework && !suggestions.includes(framework)) {\r\n        suggestions.push(framework);\r\n      }\r\n    }\r\n    \r\n    return suggestions;\r\n  }\r\n\r\n  /**\r\n   * Map dependency name to framework\r\n   */\r\n  private mapDependencyToFramework(dependencyName: string): string | null {\r\n    const dependencyMap: Record<string, string> = {\r\n      'react': 'react',\r\n      'vue': 'vue',\r\n      'angular': 'angular',\r\n      'next': 'nextjs',\r\n      'nuxt': 'nuxt',\r\n      'svelte': 'svelte',\r\n      'express': 'express',\r\n      'fastapi': 'fastapi',\r\n      'django': 'django',\r\n      'spring-boot': 'spring',\r\n      'laravel': 'laravel',\r\n      'rails': 'rails',\r\n      'typescript': 'typescript',\r\n      'tailwindcss': 'tailwind',\r\n      'bootstrap': 'bootstrap'\r\n    };\r\n    \r\n    return dependencyMap[dependencyName] || null;\r\n  }\r\n\r\n  /**\r\n   * Map file path to framework\r\n   */\r\n  private mapFileToFramework(filePath: string): string | null {\r\n    const fileMap: Record<string, string> = {\r\n      '.jsx': 'react',\r\n      '.tsx': 'react',\r\n      '.vue': 'vue',\r\n      '.component.ts': 'angular',\r\n      '.service.ts': 'angular',\r\n      '.module.ts': 'angular',\r\n      'pages/': 'nextjs',\r\n      'app/': 'nextjs',\r\n      'components/': 'vue',\r\n      'layouts/': 'nuxt',\r\n      '.svelte': 'svelte',\r\n      'routes/': 'express',\r\n      'main.py': 'fastapi',\r\n      'app.py': 'fastapi',\r\n      'manage.py': 'django',\r\n      'pom.xml': 'spring',\r\n      'build.gradle': 'spring',\r\n      'artisan': 'laravel',\r\n      'Gemfile': 'rails'\r\n    };\r\n    \r\n    for (const [pattern, framework] of Object.entries(fileMap)) {\r\n      if (filePath.includes(pattern)) {\r\n        return framework;\r\n      }\r\n    }\r\n    \r\n    return null;\r\n  }\r\n\r\n  /**\r\n   * Get comprehensive project analysis\r\n   */\r\n  async getComprehensiveAnalysis(projectPath: string): Promise<ProjectAnalysisResult> {\r\n    const context = await this.analyzeProjectContext(projectPath);\r\n    \r\n    return {\r\n      dependencies: context.dependencies,\r\n      fileStructure: context.fileStructure,\r\n      frameworkFiles: context.frameworkFiles,\r\n      suggestedFrameworks: context.suggestedFrameworks,\r\n      packageManager: await this.detectPackageManager(projectPath),\r\n      projectType: this.detectProjectType(context),\r\n      confidence: this.calculateConfidence(context)\r\n    };\r\n  }\r\n\r\n  /**\r\n   * Detect package manager\r\n   */\r\n  private async detectPackageManager(projectPath: string): Promise<'npm' | 'yarn' | 'pnpm' | 'unknown'> {\r\n    try {\r\n      if (await this.fileExists(path.join(projectPath, 'yarn.lock'))) return 'yarn';\r\n      if (await this.fileExists(path.join(projectPath, 'pnpm-lock.yaml'))) return 'pnpm';\r\n      if (await this.fileExists(path.join(projectPath, 'package-lock.json'))) return 'npm';\r\n      return 'unknown';\r\n    } catch {\r\n      return 'unknown';\r\n    }\r\n  }\r\n\r\n  /**\r\n   * Detect project type\r\n   */\r\n  private detectProjectType(context: ProjectContext): 'frontend' | 'backend' | 'fullstack' | 'library' | 'unknown' {\r\n    const frontendFrameworks = ['react', 'vue', 'angular', 'nextjs', 'nuxt', 'svelte'];\r\n    const backendFrameworks = ['express', 'fastapi', 'django', 'spring', 'laravel', 'rails'];\r\n    \r\n    const hasFrontend = context.suggestedFrameworks.some(fw => frontendFrameworks.includes(fw));\r\n    const hasBackend = context.suggestedFrameworks.some(fw => backendFrameworks.includes(fw));\r\n    \r\n    if (hasFrontend && hasBackend) return 'fullstack';\r\n    if (hasFrontend) return 'frontend';\r\n    if (hasBackend) return 'backend';\r\n    if (context.suggestedFrameworks.includes('typescript') || context.suggestedFrameworks.includes('javascript')) return 'library';\r\n    \r\n    return 'unknown';\r\n  }\r\n\r\n  /**\r\n   * Calculate confidence score\r\n   */\r\n  private calculateConfidence(context: ProjectContext): number {\r\n    let score = 0;\r\n    \r\n    // Dependencies provide high confidence\r\n    score += Math.min(1, Object.keys(context.dependencies).length * 0.1);\r\n    \r\n    // Framework files provide medium confidence\r\n    score += Math.min(0.5, context.frameworkFiles.length * 0.1);\r\n    \r\n    // Suggested frameworks provide high confidence\r\n    score += Math.min(0.8, context.suggestedFrameworks.length * 0.2);\r\n    \r\n    return Math.min(1, score);\r\n  }\r\n\r\n  /**\r\n   * Check if file exists\r\n   */\r\n  private async fileExists(filePath: string): Promise<boolean> {\r\n    try {\r\n      await fs.access(filePath);\r\n      return true;\r\n    } catch {\r\n      return false;\r\n    }\r\n  }\r\n}\r"
  ],
  "context7_docs": []
}
≡ƒÄ» Frameworks detected: typescript
ΓÅ▒∩╕Å  Response time: 892ms
≡ƒôê Quality Scores:
   Enhancement: 5/5
   Context Usage: 5/5
   Framework Detection: 5/5
   Completeness: 5/5
   Token Efficiency: 1/5
   Overall: 4.20/5

≡ƒº¬ Testing: Performance Optimization Task
≡ƒô¥ Original: Optimize this React component for better performance and reduce bundle size
≡ƒöº Context: {"framework":"react","style":"performance"}
Γ£à Success: true
≡ƒôè Enhanced prompt length: 3818 chars
≡ƒöó Token count: 19 ΓåÆ 955 (ratio: 50.26x)
≡ƒöì Context used: {
  "repo_facts": [
    "Project name: promptmcp",
    "Project description: A focused MCP server for intelligent prompt enhancement with dynamic framework detection, Context7 integration, comprehensive testing suite, and organized test artifacts management",
    "Uses Playwright framework (^1.55.0)",
    "Uses TypeScript framework (^5.0.0)",
    "Uses Vitest framework (^1.0.0)",
    "Project type: Frontend application",
    "Has testing setup",
    "Has build process",
    "Source directories: src",
    "Configuration files: tsconfig.json",
    "Uses TypeScript for type safety",
    "Uses Node.js/Express for backend",
    "Uses testing with 295 test files",
    "Uses Model Context Protocol (MCP) for AI integration",
    "Uses service-oriented architecture with 91 service files",
    "Uses tool-based architecture with 39 tool files"
  ],
  "code_snippets": [
    "File: src/services/quality/quality-requirements-detector.service.ts\nDescription: Function definition: detector\nCode:\n * const detector = new QualityRequirementsDetector(logger);\r\n * const result = await detector.detectRequirements(\r\n *   \"Create a React component with accessibility features\",\r\n *   \"react\"\r\n * );\r\n * console.log(result.requirements); // Array of detected requirements\r\n * ```\r\n */\r\nexport class QualityRequirementsDetector {\r\n  private logger: Logger;\r\n  \r\n  /**\r\n   * Keywords that indicate accessibility requirements\r\n   */\r\n  private readonly accessibilityKeywords = [\r\n    'accessibility', 'a11y', 'screen reader', 'keyboard', 'focus',\r\n    'aria', 'semantic', 'wcag', 'contrast', 'alt text', 'tabindex',\r\n    'skip link', 'navigation', 'heading', 'landmark'\r\n  ];\r\n  \r\n  /**\r\n   * Keywords that indicate security requirements\r\n   */\r\n  private readonly securityKeywords = [\r\n    'security', 'secure', 'authentication', 'authorization', 'csrf',\r\n    'xss', 'injection', 'sanitize', 'validate', 'csp', 'cors',\r\n    'https', 'encryption', 'hash', 'salt', 'token', 'jwt'\r\n  ];\r\n  \r\n  /**\r\n   * Keywords that indicate performance requirements\r\n   */\r\n  private readonly performanceKeywords = [\r\n    'performance', 'optimize', 'fast', 'speed', 'lazy', 'cache',\r\n    'bundle', 'minify', 'compress', 'cdn', 'critical', 'vitals',\r\n    'lighthouse', 'metrics', 'monitoring', 'profiling'\r\n  ];\r\n  \r\n  /**\r\n   * Framework-specific keyword patterns\r\n   */\r\n  private readonly frameworkPatterns = {\r\n    html: ['html', 'web', 'page', 'website', 'frontend', 'dom'],\r\n    react: ['react', 'jsx', 'component', 'hook', 'state', 'props'],\r\n    vue: ['vue', 'component', 'template', 'directive'],\r\n    angular: ['angular', 'component', 'service', 'directive'],\r\n    node: ['node', 'server', 'api', 'express', 'backend'],\r\n    python: ['python', 'django', 'flask', 'fastapi'],\r\n    java: ['java', 'spring', 'maven', 'gradle']\r\n  };\r\n\r\n  constructor(logger: Logger) {\r\n    this.logger = logger;\r\n  }\r\n\r\n  /**\r\n   * Detects quality requirements from a prompt and optional framework\r\n   * \r\n   * @param prompt - The input prompt to analyze\r\n   * @param framework - Optional framework to consider for specific requirements\r\n   * @param options - Optional configuration for detection\r\n   * @returns Promise<QualityDetectionResult> - Detected requirements and metadata\r\n   * \r\n   * @example\r\n   * ```typescript\r\n   * const result = await detector.detectRequirements(\r\n   *   \"Create a secure login form with accessibility features\",\r\n   *   \"react\",\r\n   *   { includeFrameworkSpecific: true, maxRequirements: 5 }\r\n   * );\r\n   * ```\r\n   */\r\n  async detectRequirements(\r\n    prompt: string,\r\n    framework?: string,\r\n    options: QualityDetectionOptions = {}\r\n  ): Promise<QualityDetectionResult> {\r\n    try {\r\n      this.logger.debug('Starting quality requirements detection', {\r\n        prompt: prompt.substring(0, 100) + '...',\r\n        framework,\r\n        options\r\n      });\r\n\r\n      const requirements: QualityRequirement[] = [];\r\n      const detectedTechnologies: string[] = [];\r\n      let confidence = 0;\r\n\r\n      // Detect technologies from prompt\r\n      const technologies = this.detectTechnologies(prompt);\r\n      detectedTechnologies.push(...technologies);\r\n\r\n      // Detect accessibility requirements\r\n      if (this.containsAccessibilityKeywords(prompt)) {\r\n        const accessibilityReqs = this.getAccessibilityRules('critical');\r\n        requirements.push(...accessibilityReqs);\r\n        confidence += 0.3;\r\n      }\r\n\r\n      // Detect security requirements\r\n      if (this.containsSecurityKeywords(prompt)) {\r\n        const securityReqs = this.getSecurityRules('critical');\r\n        requirements.push(...securityReqs);\r\n        confidence += 0.3;\r\n      }\r\n\r\n      // Detect performance requirements\r\n      if (this.containsPerformanceKeywords(prompt)) {\r\n        const performanceReqs = this.getPerformanceRules('high');\r\n        requirements.push(...performanceReqs);\r\n        confidence += 0.2;\r\n      }\r\n\r\n      // Add framework-specific requirements\r\n      if (framework && options.includeFrameworkSpecific !== false) {\r\n        const frameworkReqs = this.getFrameworkSpecificRequirements(framework);\r\n        requirements.push(...frameworkReqs);\r\n        confidence += 0.2;\r\n      }\r\n\r\n      // Auto-detect requirements for HTML/web prompts\r\n      if (this.isHtmlWebPrompt(prompt) && !framework) {\r\n        const htmlReqs = this.getFrameworkSpecificRequirements('html');\r\n        requirements.push(...htmlReqs);\r\n        confidence += 0.3;\r\n      }\r\n\r\n      // Apply maximum requirements limit\r\n      const maxReqs = options.maxRequirements || 10;\r\n      const finalRequirements = requirements.slice(0, maxReqs);\r\n\r\n      // Calculate final confidence\r\n      const finalConfidence = Math.min(confidence, 1.0);\r\n\r\n      // Filter by confidence threshold\r\n      const minConfidence = options.minConfidence || 0.5;\r\n      const filteredRequirements = finalConfidence >= minConfidence \r\n        ? finalRequirements \r\n        : [];\r\n\r\n      const result: QualityDetectionResult = {\r\n        requirements: filteredRequirements,\r\n        detectedTechnologies: [...new Set(detectedTechnologies)],\r\n        confidence: finalConfidence\r\n      };\r\n\r\n      this.logger.info('Quality requirements detection completed', {\r\n        requirementsCount: result.requirements.length,\r\n        technologies: result.detectedTechnologies,\r\n        confidence: result.confidence\r\n      });\r\n\r\n      return result;\r\n\r\n    } catch (error) {\r\n      this.logger.error('Quality requirements detection failed', {\r\n        error: error instanceof Error ? error.message : 'Unknown error',\r\n        prompt: prompt.substring(0, 100) + '...'\r\n      });\r\n      \r\n      // Return fallback result\r\n      return {\r\n        requirements: [],\r\n        detectedTechnologies: [],\r\n        confidence: 0\r\n      };\r\n    }\r\n  }\r\n\r\n  /**\r\n   * Checks if prompt contains accessibility-related keywords\r\n   * \r\n   * @param prompt - The prompt to analyze\r\n   * @returns boolean - True if accessibility keywords found\r\n   * \r\n   * @example\r\n   * ```typescript\r\n   * const hasAccessibility = detector.containsAccessibilityKeywords(\r\n   *   \"Create a form with keyboard navigation\"\r\n   * ); // true\r\n   * ```\r\n   */\r\n  private containsAccessibilityKeywords(prompt: string): boolean {\r\n    const lowerPrompt = prompt.toLowerCase();\r\n    return this.accessibilityKeywords.some(keyword => \r\n      lowerPrompt.includes(keyword.toLowerCase())\r\n    );\r\n  }\r\n\r\n  /**\r\n   * Checks if prompt contains security-related keywords\r\n   * \r\n   * @param prompt - The prompt to analyze\r\n   * @returns boolean - True if security keywords found\r\n   */\r\n  private containsSecurityKeywords(prompt: string): boolean {\r\n    const lowerPrompt = prompt.toLowerCase();\r\n    return this.securityKeywords.some(keyword => \r\n      lowerPrompt.includes(keyword.toLowerCase())\r\n    );\r\n  }\r\n\r\n  /**\r\n   * Checks if prompt contains performance-related keywords\r\n   * \r\n   * @param prompt - The prompt to analyze\r\n   * @returns boolean - True if performance keywords found\r\n   */\r\n  private containsPerformanceKeywords(prompt: string): boolean {\r\n    const lowerPrompt = prompt.toLowerCase();\r\n    return this.performanceKeywords.some(keyword => \r\n      lowerPrompt.includes(keyword.toLowerCase())\r\n    );\r\n  }\r\n\r\n  /**\r\n   * Detects technologies mentioned in the prompt\r\n   * \r\n   * @param prompt - The prompt to analyze\r\n   * @returns string[] - Array of detected technologies\r\n   */\r\n  private detectTechnologies(prompt: string): string[] {\r\n    const lowerPrompt = prompt.toLowerCase();\r\n    const detected: string[] = [];\r\n\r\n    for (const [framework, patterns] of Object.entries(this.frameworkPatterns)) {\r\n      if (patterns.some(pattern => lowerPrompt.includes(pattern))) {\r\n        detected.push(framework);\r\n      }\r\n    }\r\n\r\n    return detected;\r\n  }\r\n\r\n  /**\r\n   * Checks if prompt is related to HTML/web development\r\n   * \r\n   * @param prompt - The prompt to analyze\r\n   * @returns boolean - True if HTML/web related\r\n   */\r\n  private isHtmlWebPrompt(prompt: string): boolean {\r\n    const htmlKeywords = ['html', 'web', 'page', 'website', 'frontend', 'css', 'javascript'];\r\n    const lowerPrompt = prompt.toLowerCase();\r\n    \r\n    return htmlKeywords.some(keyword => lowerPrompt.includes(keyword)) ||\r\n           lowerPrompt.includes('create') && (\r\n             lowerPrompt.includes('page') || \r\n             lowerPrompt.includes('component') ||\r\n             lowerPrompt.includes('ui')\r\n           );\r\n  }\r\n\r\n  /**\r\n   * Generates accessibility rules based on priority\r\n   * \r\n   * @param priority - Priority level for the rules\r\n   * @returns QualityRequirement[] - Array of accessibility requirements\r\n   */\r\n  private getAccessibilityRules(priority: QualityPriority): QualityRequirement[] {\r\n    const rules: string[] = [];\r\n\r\n    if (priority === 'critical' || priority === 'high') {\r\n      rules.push(\r\n        'Use semantic HTML elements (<main>, <button>, <section>) not generic <div>',\r\n        'Add visible focus states with :focus-visible for all interactive elements',\r\n        'Include role=\"status\" aria-live=\"polite\" for dynamic content updates'\r\n      );\r\n    }\r\n\r\n    if (priority === 'critical') {\r\n      rules.push(\r\n        'Wrap animations in @media (prefers-reduced-motion: reduce) guards',\r\n        'Ensure WCAG AA contrast ratios (4.5:1 minimum)',\r\n        'Provide keyboard navigation support (Space/Enter keys)'\r\n      );\r\n    }\r\n\r\n    return [{\r\n      category: 'accessibility',\r\n      priority,\r\n      rules,\r\n      tokenBudget: DEFAULT_TOKEN_BUDGET.accessibility\r\n    }];\r\n  }\r\n\r\n  /**\r\n   * Generates security rules based on priority\r\n   * \r\n   * @param priority - Priority level for the rules\r\n   * @returns QualityRequirement[] - Array of security requirements\r\n   */\r\n  private getSecurityRules(priority: QualityPriority): QualityRequirement[] {\r\n    const rules: string[] = [];\r\n\r\n    if (priority === 'critical') {\r\n      rules.push(\r\n        'Move inline <style> and <script> to external files',\r\n        'Generate Content Security Policy headers',\r\n        'Sanitize any dynamic content to prevent XSS'\r\n      );\r\n    }\r\n\r\n    if (priority === 'critical' || priority === 'high') {\r\n      rules.push(\r\n        'Validate all user inputs',\r\n        'Implement proper authentication and authorization',\r\n        'Use HTTPS for all communications'\r\n      );\r\n    }\r\n\r\n    return [{\r\n      category: 'security',\r\n      priority,\r\n      rules,\r\n      tokenBudget: DEFAULT_TOKEN_BUDGET.security\r\n    }];\r\n  }\r\n\r\n  /**\r\n   * Generates performance rules based on priority\r\n   * \r\n   * @param priority - Priority level for the rules\r\n   * @returns QualityRequirement[] - Array of performance requirements\r\n   */\r\n  private getPerformanceRules(priority: QualityPriority): QualityRequirement[] {\r\n    const rules: string[] = [];\r\n\r\n    if (priority === 'high' || priority === 'critical') {\r\n      rules.push(\r\n        'Optimize for Core Web Vitals metrics',\r\n        'Implement lazy loading for images and components',\r\n        'Use efficient caching strategies'\r\n      );\r\n    }\r\n\r\n    if (priority === 'high') {\r\n      rules.push(\r\n        'Minimize bundle size with code splitting',\r\n        'Optimize animations for 60fps performance',\r\n        'Implement proper error boundaries'\r\n      );\r\n    }\r\n\r\n    return [{\r\n      category: 'performance',\r\n      priority,\r\n      rules,\r\n      tokenBudget: DEFAULT_TOKEN_BUDGET.performance\r\n    }];\r\n  }\r\n\r\n  /**\r\n   * Gets framework-specific quality requirements\r\n   * \r\n   * @param framework - The framework to get requirements for\r\n   * @returns QualityRequirement[] - Array of framework-specific requirements\r\n   */\r\n  private getFrameworkSpecificRequirements(framework: string): QualityRequirement[] {\r\n    const frameworkKey = framework.toLowerCase();\r\n    \r\n    if (frameworkKey in EXAMPLE_QUALITY_REQUIREMENTS) {\r\n      return EXAMPLE_QUALITY_REQUIREMENTS[frameworkKey as keyof typeof EXAMPLE_QUALITY_REQUIREMENTS] || [];\r\n    }\r\n\r\n    // Fallback for unknown frameworks\r\n    if (this.frameworkPatterns.html.includes(frameworkKey)) {\r\n      return this.getHtmlSpecificRequirements();\r\n    }\r\n\r\n    if (this.frameworkPatterns.react.includes(frameworkKey)) {\r\n      return this.getReactSpecificRequirements();\r\n    }\r\n\r\n    return [];\r\n  }\r\n\r\n  /**\r\n   * Gets HTML-specific quality requirements\r\n   * \r\n   * @returns QualityRequirement[] - HTML-specific requirements\r\n   */\r\n  private getHtmlSpecificRequirements(): QualityRequirement[] {\r\n    return [\r\n      {\r\n        category: 'accessibility',\r\n        priority: 'critical',\r\n        rules: [\r\n          'Use semantic HTML elements (<main>, <button>, <section>) not generic <div>',\r\n          'Add visible focus states with :focus-visible for all interactive elements',\r\n          'Include role=\"status\" aria-live=\"polite\" for dynamic content updates',\r\n          'Wrap animations in @media (prefers-reduced-motion: reduce) guards'\r\n        ],\r\n        tokenBudget: DEFAULT_TOKEN_BUDGET.accessibility\r\n      },\r\n      {\r\n        category: 'security',\r\n        priority: 'critical',\r\n        rules: [\r\n          'Move inline <style> and <script> to external files',\r\n          'Generate Content Security Policy headers',\r\n          'Sanitize any dynamic content to prevent XSS'\r\n        ],\r\n        tokenBudget: DEFAULT_TOKEN_BUDGET.security\r\n      }\r\n    ];\r\n  }\r\n\r\n  /**\r\n   * Gets React-specific quality requirements\r\n   * \r\n   * @returns QualityRequirement[] - React-specific requirements\r\n   */\r\n  private getReactSpecificRequirements(): QualityRequirement[] {\r\n    return [\r\n      {\r\n        category: 'accessibility',\r\n        priority: 'critical',\r\n        rules: [\r\n          'Use semantic HTML elements and proper ARIA roles',\r\n          'Implement keyboard navigation support',\r\n          'Add focus management for dynamic content',\r\n          'Include screen reader announcements'\r\n        ],\r\n        tokenBudget: DEFAULT_TOKEN_BUDGET.accessibility\r\n      },\r\n      {\r\n        category: 'security',\r\n        priority: 'critical',\r\n        rules: [\r\n          'Sanitize all props and user inputs',\r\n          'Implement proper error boundaries',\r\n          'Validate TypeScript interfaces strictly',\r\n          'Use secure state management patterns'\r\n        ],\r\n        tokenBudget: DEFAULT_TOKEN_BUDGET.security\r\n      },\r\n      {\r\n        category: 'performance',\r\n        priority: 'high',\r\n        rules: [\r\n          'Implement React.memo for expensive components',\r\n          'Use useCallback/useMemo appropriately',\r\n          'Implement code splitting with React.lazy',\r\n          'Optimize re-renders with proper dependencies'\r\n        ],\r\n        tokenBudget: DEFAULT_TOKEN_BUDGET.performance\r\n      }\r\n    ];\r\n  }\r\n}\r",
    "File: src/services/quality/quality-requirements-detector.service.ts\nDescription: Function definition: result\nCode:\n * const result = await detector.detectRequirements(\r\n *   \"Create a React component with accessibility features\",\r\n *   \"react\"\r\n * );\r\n * console.log(result.requirements); // Array of detected requirements\r\n * ```\r\n */\r\nexport class QualityRequirementsDetector {\r\n  private logger: Logger;\r\n  \r\n  /**\r\n   * Keywords that indicate accessibility requirements\r\n   */\r\n  private readonly accessibilityKeywords = [\r\n    'accessibility', 'a11y', 'screen reader', 'keyboard', 'focus',\r\n    'aria', 'semantic', 'wcag', 'contrast', 'alt text', 'tabindex',\r\n    'skip link', 'navigation', 'heading', 'landmark'\r\n  ];\r\n  \r\n  /**\r\n   * Keywords that indicate security requirements\r\n   */\r\n  private readonly securityKeywords = [\r\n    'security', 'secure', 'authentication', 'authorization', 'csrf',\r\n    'xss', 'injection', 'sanitize', 'validate', 'csp', 'cors',\r\n    'https', 'encryption', 'hash', 'salt', 'token', 'jwt'\r\n  ];\r\n  \r\n  /**\r\n   * Keywords that indicate performance requirements\r\n   */\r\n  private readonly performanceKeywords = [\r\n    'performance', 'optimize', 'fast', 'speed', 'lazy', 'cache',\r\n    'bundle', 'minify', 'compress', 'cdn', 'critical', 'vitals',\r\n    'lighthouse', 'metrics', 'monitoring', 'profiling'\r\n  ];\r\n  \r\n  /**\r\n   * Framework-specific keyword patterns\r\n   */\r\n  private readonly frameworkPatterns = {\r\n    html: ['html', 'web', 'page', 'website', 'frontend', 'dom'],\r\n    react: ['react', 'jsx', 'component', 'hook', 'state', 'props'],\r\n    vue: ['vue', 'component', 'template', 'directive'],\r\n    angular: ['angular', 'component', 'service', 'directive'],\r\n    node: ['node', 'server', 'api', 'express', 'backend'],\r\n    python: ['python', 'django', 'flask', 'fastapi'],\r\n    java: ['java', 'spring', 'maven', 'gradle']\r\n  };\r\n\r\n  constructor(logger: Logger) {\r\n    this.logger = logger;\r\n  }\r\n\r\n  /**\r\n   * Detects quality requirements from a prompt and optional framework\r\n   * \r\n   * @param prompt - The input prompt to analyze\r\n   * @param framework - Optional framework to consider for specific requirements\r\n   * @param options - Optional configuration for detection\r\n   * @returns Promise<QualityDetectionResult> - Detected requirements and metadata\r\n   * \r\n   * @example\r\n   * ```typescript\r\n   * const result = await detector.detectRequirements(\r\n   *   \"Create a secure login form with accessibility features\",\r\n   *   \"react\",\r\n   *   { includeFrameworkSpecific: true, maxRequirements: 5 }\r\n   * );\r\n   * ```\r\n   */\r\n  async detectRequirements(\r\n    prompt: string,\r\n    framework?: string,\r\n    options: QualityDetectionOptions = {}\r\n  ): Promise<QualityDetectionResult> {\r\n    try {\r\n      this.logger.debug('Starting quality requirements detection', {\r\n        prompt: prompt.substring(0, 100) + '...',\r\n        framework,\r\n        options\r\n      });\r\n\r\n      const requirements: QualityRequirement[] = [];\r\n      const detectedTechnologies: string[] = [];\r\n      let confidence = 0;\r\n\r\n      // Detect technologies from prompt\r\n      const technologies = this.detectTechnologies(prompt);\r\n      detectedTechnologies.push(...technologies);\r\n\r\n      // Detect accessibility requirements\r\n      if (this.containsAccessibilityKeywords(prompt)) {\r\n        const accessibilityReqs = this.getAccessibilityRules('critical');\r\n        requirements.push(...accessibilityReqs);\r\n        confidence += 0.3;\r\n      }\r\n\r\n      // Detect security requirements\r\n      if (this.containsSecurityKeywords(prompt)) {\r\n        const securityReqs = this.getSecurityRules('critical');\r\n        requirements.push(...securityReqs);\r\n        confidence += 0.3;\r\n      }\r\n\r\n      // Detect performance requirements\r\n      if (this.containsPerformanceKeywords(prompt)) {\r\n        const performanceReqs = this.getPerformanceRules('high');\r\n        requirements.push(...performanceReqs);\r\n        confidence += 0.2;\r\n      }\r\n\r\n      // Add framework-specific requirements\r\n      if (framework && options.includeFrameworkSpecific !== false) {\r\n        const frameworkReqs = this.getFrameworkSpecificRequirements(framework);\r\n        requirements.push(...frameworkReqs);\r\n        confidence += 0.2;\r\n      }\r\n\r\n      // Auto-detect requirements for HTML/web prompts\r\n      if (this.isHtmlWebPrompt(prompt) && !framework) {\r\n        const htmlReqs = this.getFrameworkSpecificRequirements('html');\r\n        requirements.push(...htmlReqs);\r\n        confidence += 0.3;\r\n      }\r\n\r\n      // Apply maximum requirements limit\r\n      const maxReqs = options.maxRequirements || 10;\r\n      const finalRequirements = requirements.slice(0, maxReqs);\r\n\r\n      // Calculate final confidence\r\n      const finalConfidence = Math.min(confidence, 1.0);\r\n\r\n      // Filter by confidence threshold\r\n      const minConfidence = options.minConfidence || 0.5;\r\n      const filteredRequirements = finalConfidence >= minConfidence \r\n        ? finalRequirements \r\n        : [];\r\n\r\n      const result: QualityDetectionResult = {\r\n        requirements: filteredRequirements,\r\n        detectedTechnologies: [...new Set(detectedTechnologies)],\r\n        confidence: finalConfidence\r\n      };\r\n\r\n      this.logger.info('Quality requirements detection completed', {\r\n        requirementsCount: result.requirements.length,\r\n        technologies: result.detectedTechnologies,\r\n        confidence: result.confidence\r\n      });\r\n\r\n      return result;\r\n\r\n    } catch (error) {\r\n      this.logger.error('Quality requirements detection failed', {\r\n        error: error instanceof Error ? error.message : 'Unknown error',\r\n        prompt: prompt.substring(0, 100) + '...'\r\n      });\r\n      \r\n      // Return fallback result\r\n      return {\r\n        requirements: [],\r\n        detectedTechnologies: [],\r\n        confidence: 0\r\n      };\r\n    }\r\n  }\r\n\r\n  /**\r\n   * Checks if prompt contains accessibility-related keywords\r\n   * \r\n   * @param prompt - The prompt to analyze\r\n   * @returns boolean - True if accessibility keywords found\r\n   * \r\n   * @example\r\n   * ```typescript\r\n   * const hasAccessibility = detector.containsAccessibilityKeywords(\r\n   *   \"Create a form with keyboard navigation\"\r\n   * ); // true\r\n   * ```\r\n   */\r\n  private containsAccessibilityKeywords(prompt: string): boolean {\r\n    const lowerPrompt = prompt.toLowerCase();\r\n    return this.accessibilityKeywords.some(keyword => \r\n      lowerPrompt.includes(keyword.toLowerCase())\r\n    );\r\n  }\r\n\r\n  /**\r\n   * Checks if prompt contains security-related keywords\r\n   * \r\n   * @param prompt - The prompt to analyze\r\n   * @returns boolean - True if security keywords found\r\n   */\r\n  private containsSecurityKeywords(prompt: string): boolean {\r\n    const lowerPrompt = prompt.toLowerCase();\r\n    return this.securityKeywords.some(keyword => \r\n      lowerPrompt.includes(keyword.toLowerCase())\r\n    );\r\n  }\r\n\r\n  /**\r\n   * Checks if prompt contains performance-related keywords\r\n   * \r\n   * @param prompt - The prompt to analyze\r\n   * @returns boolean - True if performance keywords found\r\n   */\r\n  private containsPerformanceKeywords(prompt: string): boolean {\r\n    const lowerPrompt = prompt.toLowerCase();\r\n    return this.performanceKeywords.some(keyword => \r\n      lowerPrompt.includes(keyword.toLowerCase())\r\n    );\r\n  }\r\n\r\n  /**\r\n   * Detects technologies mentioned in the prompt\r\n   * \r\n   * @param prompt - The prompt to analyze\r\n   * @returns string[] - Array of detected technologies\r\n   */\r\n  private detectTechnologies(prompt: string): string[] {\r\n    const lowerPrompt = prompt.toLowerCase();\r\n    const detected: string[] = [];\r\n\r\n    for (const [framework, patterns] of Object.entries(this.frameworkPatterns)) {\r\n      if (patterns.some(pattern => lowerPrompt.includes(pattern))) {\r\n        detected.push(framework);\r\n      }\r\n    }\r\n\r\n    return detected;\r\n  }\r\n\r\n  /**\r\n   * Checks if prompt is related to HTML/web development\r\n   * \r\n   * @param prompt - The prompt to analyze\r\n   * @returns boolean - True if HTML/web related\r\n   */\r\n  private isHtmlWebPrompt(prompt: string): boolean {\r\n    const htmlKeywords = ['html', 'web', 'page', 'website', 'frontend', 'css', 'javascript'];\r\n    const lowerPrompt = prompt.toLowerCase();\r\n    \r\n    return htmlKeywords.some(keyword => lowerPrompt.includes(keyword)) ||\r\n           lowerPrompt.includes('create') && (\r\n             lowerPrompt.includes('page') || \r\n             lowerPrompt.includes('component') ||\r\n             lowerPrompt.includes('ui')\r\n           );\r\n  }\r\n\r\n  /**\r\n   * Generates accessibility rules based on priority\r\n   * \r\n   * @param priority - Priority level for the rules\r\n   * @returns QualityRequirement[] - Array of accessibility requirements\r\n   */\r\n  private getAccessibilityRules(priority: QualityPriority): QualityRequirement[] {\r\n    const rules: string[] = [];\r\n\r\n    if (priority === 'critical' || priority === 'high') {\r\n      rules.push(\r\n        'Use semantic HTML elements (<main>, <button>, <section>) not generic <div>',\r\n        'Add visible focus states with :focus-visible for all interactive elements',\r\n        'Include role=\"status\" aria-live=\"polite\" for dynamic content updates'\r\n      );\r\n    }\r\n\r\n    if (priority === 'critical') {\r\n      rules.push(\r\n        'Wrap animations in @media (prefers-reduced-motion: reduce) guards',\r\n        'Ensure WCAG AA contrast ratios (4.5:1 minimum)',\r\n        'Provide keyboard navigation support (Space/Enter keys)'\r\n      );\r\n    }\r\n\r\n    return [{\r\n      category: 'accessibility',\r\n      priority,\r\n      rules,\r\n      tokenBudget: DEFAULT_TOKEN_BUDGET.accessibility\r\n    }];\r\n  }\r\n\r\n  /**\r\n   * Generates security rules based on priority\r\n   * \r\n   * @param priority - Priority level for the rules\r\n   * @returns QualityRequirement[] - Array of security requirements\r\n   */\r\n  private getSecurityRules(priority: QualityPriority): QualityRequirement[] {\r\n    const rules: string[] = [];\r\n\r\n    if (priority === 'critical') {\r\n      rules.push(\r\n        'Move inline <style> and <script> to external files',\r\n        'Generate Content Security Policy headers',\r\n        'Sanitize any dynamic content to prevent XSS'\r\n      );\r\n    }\r\n\r\n    if (priority === 'critical' || priority === 'high') {\r\n      rules.push(\r\n        'Validate all user inputs',\r\n        'Implement proper authentication and authorization',\r\n        'Use HTTPS for all communications'\r\n      );\r\n    }\r\n\r\n    return [{\r\n      category: 'security',\r\n      priority,\r\n      rules,\r\n      tokenBudget: DEFAULT_TOKEN_BUDGET.security\r\n    }];\r\n  }\r\n\r\n  /**\r\n   * Generates performance rules based on priority\r\n   * \r\n   * @param priority - Priority level for the rules\r\n   * @returns QualityRequirement[] - Array of performance requirements\r\n   */\r\n  private getPerformanceRules(priority: QualityPriority): QualityRequirement[] {\r\n    const rules: string[] = [];\r\n\r\n    if (priority === 'high' || priority === 'critical') {\r\n      rules.push(\r\n        'Optimize for Core Web Vitals metrics',\r\n        'Implement lazy loading for images and components',\r\n        'Use efficient caching strategies'\r\n      );\r\n    }\r\n\r\n    if (priority === 'high') {\r\n      rules.push(\r\n        'Minimize bundle size with code splitting',\r\n        'Optimize animations for 60fps performance',\r\n        'Implement proper error boundaries'\r\n      );\r\n    }\r\n\r\n    return [{\r\n      category: 'performance',\r\n      priority,\r\n      rules,\r\n      tokenBudget: DEFAULT_TOKEN_BUDGET.performance\r\n    }];\r\n  }\r\n\r\n  /**\r\n   * Gets framework-specific quality requirements\r\n   * \r\n   * @param framework - The framework to get requirements for\r\n   * @returns QualityRequirement[] - Array of framework-specific requirements\r\n   */\r\n  private getFrameworkSpecificRequirements(framework: string): QualityRequirement[] {\r\n    const frameworkKey = framework.toLowerCase();\r\n    \r\n    if (frameworkKey in EXAMPLE_QUALITY_REQUIREMENTS) {\r\n      return EXAMPLE_QUALITY_REQUIREMENTS[frameworkKey as keyof typeof EXAMPLE_QUALITY_REQUIREMENTS] || [];\r\n    }\r\n\r\n    // Fallback for unknown frameworks\r\n    if (this.frameworkPatterns.html.includes(frameworkKey)) {\r\n      return this.getHtmlSpecificRequirements();\r\n    }\r\n\r\n    if (this.frameworkPatterns.react.includes(frameworkKey)) {\r\n      return this.getReactSpecificRequirements();\r\n    }\r\n\r\n    return [];\r\n  }\r\n\r\n  /**\r\n   * Gets HTML-specific quality requirements\r\n   * \r\n   * @returns QualityRequirement[] - HTML-specific requirements\r\n   */\r\n  private getHtmlSpecificRequirements(): QualityRequirement[] {\r\n    return [\r\n      {\r\n        category: 'accessibility',\r\n        priority: 'critical',\r\n        rules: [\r\n          'Use semantic HTML elements (<main>, <button>, <section>) not generic <div>',\r\n          'Add visible focus states with :focus-visible for all interactive elements',\r\n          'Include role=\"status\" aria-live=\"polite\" for dynamic content updates',\r\n          'Wrap animations in @media (prefers-reduced-motion: reduce) guards'\r\n        ],\r\n        tokenBudget: DEFAULT_TOKEN_BUDGET.accessibility\r\n      },\r\n      {\r\n        category: 'security',\r\n        priority: 'critical',\r\n        rules: [\r\n          'Move inline <style> and <script> to external files',\r\n          'Generate Content Security Policy headers',\r\n          'Sanitize any dynamic content to prevent XSS'\r\n        ],\r\n        tokenBudget: DEFAULT_TOKEN_BUDGET.security\r\n      }\r\n    ];\r\n  }\r\n\r\n  /**\r\n   * Gets React-specific quality requirements\r\n   * \r\n   * @returns QualityRequirement[] - React-specific requirements\r\n   */\r\n  private getReactSpecificRequirements(): QualityRequirement[] {\r\n    return [\r\n      {\r\n        category: 'accessibility',\r\n        priority: 'critical',\r\n        rules: [\r\n          'Use semantic HTML elements and proper ARIA roles',\r\n          'Implement keyboard navigation support',\r\n          'Add focus management for dynamic content',\r\n          'Include screen reader announcements'\r\n        ],\r\n        tokenBudget: DEFAULT_TOKEN_BUDGET.accessibility\r\n      },\r\n      {\r\n        category: 'security',\r\n        priority: 'critical',\r\n        rules: [\r\n          'Sanitize all props and user inputs',\r\n          'Implement proper error boundaries',\r\n          'Validate TypeScript interfaces strictly',\r\n          'Use secure state management patterns'\r\n        ],\r\n        tokenBudget: DEFAULT_TOKEN_BUDGET.security\r\n      },\r\n      {\r\n        category: 'performance',\r\n        priority: 'high',\r\n        rules: [\r\n          'Implement React.memo for expensive components',\r\n          'Use useCallback/useMemo appropriately',\r\n          'Implement code splitting with React.lazy',\r\n          'Optimize re-renders with proper dependencies'\r\n        ],\r\n        tokenBudget: DEFAULT_TOKEN_BUDGET.performance\r\n      }\r\n    ];\r\n  }\r\n}\r",
    "File: src/services/quality/quality-requirements-detector.service.ts\nDescription: Class definition: QualityRequirementsDetector\nCode:\nexport class QualityRequirementsDetector {\r\n  private logger: Logger;\r\n  \r\n  /**\r\n   * Keywords that indicate accessibility requirements\r\n   */\r\n  private readonly accessibilityKeywords = [\r\n    'accessibility', 'a11y', 'screen reader', 'keyboard', 'focus',\r\n    'aria', 'semantic', 'wcag', 'contrast', 'alt text', 'tabindex',\r\n    'skip link', 'navigation', 'heading', 'landmark'\r\n  ];\r\n  \r\n  /**\r\n   * Keywords that indicate security requirements\r\n   */\r\n  private readonly securityKeywords = [\r\n    'security', 'secure', 'authentication', 'authorization', 'csrf',\r\n    'xss', 'injection', 'sanitize', 'validate', 'csp', 'cors',\r\n    'https', 'encryption', 'hash', 'salt', 'token', 'jwt'\r\n  ];\r\n  \r\n  /**\r\n   * Keywords that indicate performance requirements\r\n   */\r\n  private readonly performanceKeywords = [\r\n    'performance', 'optimize', 'fast', 'speed', 'lazy', 'cache',\r\n    'bundle', 'minify', 'compress', 'cdn', 'critical', 'vitals',\r\n    'lighthouse', 'metrics', 'monitoring', 'profiling'\r\n  ];\r\n  \r\n  /**\r\n   * Framework-specific keyword patterns\r\n   */\r\n  private readonly frameworkPatterns = {\r\n    html: ['html', 'web', 'page', 'website', 'frontend', 'dom'],\r\n    react: ['react', 'jsx', 'component', 'hook', 'state', 'props'],\r\n    vue: ['vue', 'component', 'template', 'directive'],\r\n    angular: ['angular', 'component', 'service', 'directive'],\r\n    node: ['node', 'server', 'api', 'express', 'backend'],\r\n    python: ['python', 'django', 'flask', 'fastapi'],\r\n    java: ['java', 'spring', 'maven', 'gradle']\r\n  };\r\n\r\n  constructor(logger: Logger) {\r\n    this.logger = logger;\r\n  }\r\n\r\n  /**\r\n   * Detects quality requirements from a prompt and optional framework\r\n   * \r\n   * @param prompt - The input prompt to analyze\r\n   * @param framework - Optional framework to consider for specific requirements\r\n   * @param options - Optional configuration for detection\r\n   * @returns Promise<QualityDetectionResult> - Detected requirements and metadata\r\n   * \r\n   * @example\r\n   * ```typescript\r\n   * const result = await detector.detectRequirements(\r\n   *   \"Create a secure login form with accessibility features\",\r\n   *   \"react\",\r\n   *   { includeFrameworkSpecific: true, maxRequirements: 5 }\r\n   * );\r\n   * ```\r\n   */\r\n  async detectRequirements(\r\n    prompt: string,\r\n    framework?: string,\r\n    options: QualityDetectionOptions = {}\r\n  ): Promise<QualityDetectionResult> {\r\n    try {\r\n      this.logger.debug('Starting quality requirements detection', {\r\n        prompt: prompt.substring(0, 100) + '...',\r\n        framework,\r\n        options\r\n      });\r\n\r\n      const requirements: QualityRequirement[] = [];\r\n      const detectedTechnologies: string[] = [];\r\n      let confidence = 0;\r\n\r\n      // Detect technologies from prompt\r\n      const technologies = this.detectTechnologies(prompt);\r\n      detectedTechnologies.push(...technologies);\r\n\r\n      // Detect accessibility requirements\r\n      if (this.containsAccessibilityKeywords(prompt)) {\r\n        const accessibilityReqs = this.getAccessibilityRules('critical');\r\n        requirements.push(...accessibilityReqs);\r\n        confidence += 0.3;\r\n      }\r\n\r\n      // Detect security requirements\r\n      if (this.containsSecurityKeywords(prompt)) {\r\n        const securityReqs = this.getSecurityRules('critical');\r\n        requirements.push(...securityReqs);\r\n        confidence += 0.3;\r\n      }\r\n\r\n      // Detect performance requirements\r\n      if (this.containsPerformanceKeywords(prompt)) {\r\n        const performanceReqs = this.getPerformanceRules('high');\r\n        requirements.push(...performanceReqs);\r\n        confidence += 0.2;\r\n      }\r\n\r\n      // Add framework-specific requirements\r\n      if (framework && options.includeFrameworkSpecific !== false) {\r\n        const frameworkReqs = this.getFrameworkSpecificRequirements(framework);\r\n        requirements.push(...frameworkReqs);\r\n        confidence += 0.2;\r\n      }\r\n\r\n      // Auto-detect requirements for HTML/web prompts\r\n      if (this.isHtmlWebPrompt(prompt) && !framework) {\r\n        const htmlReqs = this.getFrameworkSpecificRequirements('html');\r\n        requirements.push(...htmlReqs);\r\n        confidence += 0.3;\r\n      }\r\n\r\n      // Apply maximum requirements limit\r\n      const maxReqs = options.maxRequirements || 10;\r\n      const finalRequirements = requirements.slice(0, maxReqs);\r\n\r\n      // Calculate final confidence\r\n      const finalConfidence = Math.min(confidence, 1.0);\r\n\r\n      // Filter by confidence threshold\r\n      const minConfidence = options.minConfidence || 0.5;\r\n      const filteredRequirements = finalConfidence >= minConfidence \r\n        ? finalRequirements \r\n        : [];\r\n\r\n      const result: QualityDetectionResult = {\r\n        requirements: filteredRequirements,\r\n        detectedTechnologies: [...new Set(detectedTechnologies)],\r\n        confidence: finalConfidence\r\n      };\r\n\r\n      this.logger.info('Quality requirements detection completed', {\r\n        requirementsCount: result.requirements.length,\r\n        technologies: result.detectedTechnologies,\r\n        confidence: result.confidence\r\n      });\r\n\r\n      return result;\r\n\r\n    } catch (error) {\r\n      this.logger.error('Quality requirements detection failed', {\r\n        error: error instanceof Error ? error.message : 'Unknown error',\r\n        prompt: prompt.substring(0, 100) + '...'\r\n      });\r\n      \r\n      // Return fallback result\r\n      return {\r\n        requirements: [],\r\n        detectedTechnologies: [],\r\n        confidence: 0\r\n      };\r\n    }\r\n  }\r\n\r\n  /**\r\n   * Checks if prompt contains accessibility-related keywords\r\n   * \r\n   * @param prompt - The prompt to analyze\r\n   * @returns boolean - True if accessibility keywords found\r\n   * \r\n   * @example\r\n   * ```typescript\r\n   * const hasAccessibility = detector.containsAccessibilityKeywords(\r\n   *   \"Create a form with keyboard navigation\"\r\n   * ); // true\r\n   * ```\r\n   */\r\n  private containsAccessibilityKeywords(prompt: string): boolean {\r\n    const lowerPrompt = prompt.toLowerCase();\r\n    return this.accessibilityKeywords.some(keyword => \r\n      lowerPrompt.includes(keyword.toLowerCase())\r\n    );\r\n  }\r\n\r\n  /**\r\n   * Checks if prompt contains security-related keywords\r\n   * \r\n   * @param prompt - The prompt to analyze\r\n   * @returns boolean - True if security keywords found\r\n   */\r\n  private containsSecurityKeywords(prompt: string): boolean {\r\n    const lowerPrompt = prompt.toLowerCase();\r\n    return this.securityKeywords.some(keyword => \r\n      lowerPrompt.includes(keyword.toLowerCase())\r\n    );\r\n  }\r\n\r\n  /**\r\n   * Checks if prompt contains performance-related keywords\r\n   * \r\n   * @param prompt - The prompt to analyze\r\n   * @returns boolean - True if performance keywords found\r\n   */\r\n  private containsPerformanceKeywords(prompt: string): boolean {\r\n    const lowerPrompt = prompt.toLowerCase();\r\n    return this.performanceKeywords.some(keyword => \r\n      lowerPrompt.includes(keyword.toLowerCase())\r\n    );\r\n  }\r\n\r\n  /**\r\n   * Detects technologies mentioned in the prompt\r\n   * \r\n   * @param prompt - The prompt to analyze\r\n   * @returns string[] - Array of detected technologies\r\n   */\r\n  private detectTechnologies(prompt: string): string[] {\r\n    const lowerPrompt = prompt.toLowerCase();\r\n    const detected: string[] = [];\r\n\r\n    for (const [framework, patterns] of Object.entries(this.frameworkPatterns)) {\r\n      if (patterns.some(pattern => lowerPrompt.includes(pattern))) {\r\n        detected.push(framework);\r\n      }\r\n    }\r\n\r\n    return detected;\r\n  }\r\n\r\n  /**\r\n   * Checks if prompt is related to HTML/web development\r\n   * \r\n   * @param prompt - The prompt to analyze\r\n   * @returns boolean - True if HTML/web related\r\n   */\r\n  private isHtmlWebPrompt(prompt: string): boolean {\r\n    const htmlKeywords = ['html', 'web', 'page', 'website', 'frontend', 'css', 'javascript'];\r\n    const lowerPrompt = prompt.toLowerCase();\r\n    \r\n    return htmlKeywords.some(keyword => lowerPrompt.includes(keyword)) ||\r\n           lowerPrompt.includes('create') && (\r\n             lowerPrompt.includes('page') || \r\n             lowerPrompt.includes('component') ||\r\n             lowerPrompt.includes('ui')\r\n           );\r\n  }\r\n\r\n  /**\r\n   * Generates accessibility rules based on priority\r\n   * \r\n   * @param priority - Priority level for the rules\r\n   * @returns QualityRequirement[] - Array of accessibility requirements\r\n   */\r\n  private getAccessibilityRules(priority: QualityPriority): QualityRequirement[] {\r\n    const rules: string[] = [];\r\n\r\n    if (priority === 'critical' || priority === 'high') {\r\n      rules.push(\r\n        'Use semantic HTML elements (<main>, <button>, <section>) not generic <div>',\r\n        'Add visible focus states with :focus-visible for all interactive elements',\r\n        'Include role=\"status\" aria-live=\"polite\" for dynamic content updates'\r\n      );\r\n    }\r\n\r\n    if (priority === 'critical') {\r\n      rules.push(\r\n        'Wrap animations in @media (prefers-reduced-motion: reduce) guards',\r\n        'Ensure WCAG AA contrast ratios (4.5:1 minimum)',\r\n        'Provide keyboard navigation support (Space/Enter keys)'\r\n      );\r\n    }\r\n\r\n    return [{\r\n      category: 'accessibility',\r\n      priority,\r\n      rules,\r\n      tokenBudget: DEFAULT_TOKEN_BUDGET.accessibility\r\n    }];\r\n  }\r\n\r\n  /**\r\n   * Generates security rules based on priority\r\n   * \r\n   * @param priority - Priority level for the rules\r\n   * @returns QualityRequirement[] - Array of security requirements\r\n   */\r\n  private getSecurityRules(priority: QualityPriority): QualityRequirement[] {\r\n    const rules: string[] = [];\r\n\r\n    if (priority === 'critical') {\r\n      rules.push(\r\n        'Move inline <style> and <script> to external files',\r\n        'Generate Content Security Policy headers',\r\n        'Sanitize any dynamic content to prevent XSS'\r\n      );\r\n    }\r\n\r\n    if (priority === 'critical' || priority === 'high') {\r\n      rules.push(\r\n        'Validate all user inputs',\r\n        'Implement proper authentication and authorization',\r\n        'Use HTTPS for all communications'\r\n      );\r\n    }\r\n\r\n    return [{\r\n      category: 'security',\r\n      priority,\r\n      rules,\r\n      tokenBudget: DEFAULT_TOKEN_BUDGET.security\r\n    }];\r\n  }\r\n\r\n  /**\r\n   * Generates performance rules based on priority\r\n   * \r\n   * @param priority - Priority level for the rules\r\n   * @returns QualityRequirement[] - Array of performance requirements\r\n   */\r\n  private getPerformanceRules(priority: QualityPriority): QualityRequirement[] {\r\n    const rules: string[] = [];\r\n\r\n    if (priority === 'high' || priority === 'critical') {\r\n      rules.push(\r\n        'Optimize for Core Web Vitals metrics',\r\n        'Implement lazy loading for images and components',\r\n        'Use efficient caching strategies'\r\n      );\r\n    }\r\n\r\n    if (priority === 'high') {\r\n      rules.push(\r\n        'Minimize bundle size with code splitting',\r\n        'Optimize animations for 60fps performance',\r\n        'Implement proper error boundaries'\r\n      );\r\n    }\r\n\r\n    return [{\r\n      category: 'performance',\r\n      priority,\r\n      rules,\r\n      tokenBudget: DEFAULT_TOKEN_BUDGET.performance\r\n    }];\r\n  }\r\n\r\n  /**\r\n   * Gets framework-specific quality requirements\r\n   * \r\n   * @param framework - The framework to get requirements for\r\n   * @returns QualityRequirement[] - Array of framework-specific requirements\r\n   */\r\n  private getFrameworkSpecificRequirements(framework: string): QualityRequirement[] {\r\n    const frameworkKey = framework.toLowerCase();\r\n    \r\n    if (frameworkKey in EXAMPLE_QUALITY_REQUIREMENTS) {\r\n      return EXAMPLE_QUALITY_REQUIREMENTS[frameworkKey as keyof typeof EXAMPLE_QUALITY_REQUIREMENTS] || [];\r\n    }\r\n\r\n    // Fallback for unknown frameworks\r\n    if (this.frameworkPatterns.html.includes(frameworkKey)) {\r\n      return this.getHtmlSpecificRequirements();\r\n    }\r\n\r\n    if (this.frameworkPatterns.react.includes(frameworkKey)) {\r\n      return this.getReactSpecificRequirements();\r\n    }\r\n\r\n    return [];\r\n  }\r\n\r\n  /**\r\n   * Gets HTML-specific quality requirements\r\n   * \r\n   * @returns QualityRequirement[] - HTML-specific requirements\r\n   */\r\n  private getHtmlSpecificRequirements(): QualityRequirement[] {\r\n    return [\r\n      {\r\n        category: 'accessibility',\r\n        priority: 'critical',\r\n        rules: [\r\n          'Use semantic HTML elements (<main>, <button>, <section>) not generic <div>',\r\n          'Add visible focus states with :focus-visible for all interactive elements',\r\n          'Include role=\"status\" aria-live=\"polite\" for dynamic content updates',\r\n          'Wrap animations in @media (prefers-reduced-motion: reduce) guards'\r\n        ],\r\n        tokenBudget: DEFAULT_TOKEN_BUDGET.accessibility\r\n      },\r\n      {\r\n        category: 'security',\r\n        priority: 'critical',\r\n        rules: [\r\n          'Move inline <style> and <script> to external files',\r\n          'Generate Content Security Policy headers',\r\n          'Sanitize any dynamic content to prevent XSS'\r\n        ],\r\n        tokenBudget: DEFAULT_TOKEN_BUDGET.security\r\n      }\r\n    ];\r\n  }\r\n\r\n  /**\r\n   * Gets React-specific quality requirements\r\n   * \r\n   * @returns QualityRequirement[] - React-specific requirements\r\n   */\r\n  private getReactSpecificRequirements(): QualityRequirement[] {\r\n    return [\r\n      {\r\n        category: 'accessibility',\r\n        priority: 'critical',\r\n        rules: [\r\n          'Use semantic HTML elements and proper ARIA roles',\r\n          'Implement keyboard navigation support',\r\n          'Add focus management for dynamic content',\r\n          'Include screen reader announcements'\r\n        ],\r\n        tokenBudget: DEFAULT_TOKEN_BUDGET.accessibility\r\n      },\r\n      {\r\n        category: 'security',\r\n        priority: 'critical',\r\n        rules: [\r\n          'Sanitize all props and user inputs',\r\n          'Implement proper error boundaries',\r\n          'Validate TypeScript interfaces strictly',\r\n          'Use secure state management patterns'\r\n        ],\r\n        tokenBudget: DEFAULT_TOKEN_BUDGET.security\r\n      },\r\n      {\r\n        category: 'performance',\r\n        priority: 'high',\r\n        rules: [\r\n          'Implement React.memo for expensive components',\r\n          'Use useCallback/useMemo appropriately',\r\n          'Implement code splitting with React.lazy',\r\n          'Optimize re-renders with proper dependencies'\r\n        ],\r\n        tokenBudget: DEFAULT_TOKEN_BUDGET.performance\r\n      }\r\n    ];\r\n  }\r\n}\r",
    "File: src/tools/enhance/prompt-analyzer.service.ts\nDescription: Class definition: PromptAnalyzerService\nCode:\nexport class PromptAnalyzerService {\r\n  private logger: Logger;\r\n  private openaiService?: OpenAIService | undefined;\r\n\r\n  constructor(logger: Logger, openaiService?: OpenAIService | undefined) {\r\n    this.logger = logger;\r\n    this.openaiService = openaiService;\r\n  }\r\n\r\n  /**\r\n   * Analyze prompt complexity to determine appropriate response strategy\r\n   * Implements intelligent complexity detection with multiple indicators\r\n   */\r\n  analyzePromptComplexity(prompt: string): PromptComplexity {\r\n    const indicators: string[] = [];\r\n    let score = 0;\r\n    \r\n    // Length-based scoring\r\n    if (prompt.length < 20) {\r\n      score += 3;\r\n      indicators.push('very-short');\r\n    } else if (prompt.length < 50) {\r\n      score += 2;\r\n      indicators.push('short');\r\n    } else if (prompt.length > 200) {\r\n      score += 1;\r\n      indicators.push('long');\r\n    }\r\n    \r\n    // Simple question patterns\r\n    const simplePatterns = [\r\n      /^(yes|no|ok|sure|maybe)\\s*$/i,\r\n      /^(yes|no)\\s+or\\s+(yes|no)/i,\r\n      /^(what|how|when|where|why)\\s+\\w+\\?$/i,\r\n      /^(is|are|was|were|do|does|did|can|could|will|would)\\s+\\w+/i,\r\n      /^what\\s+is\\s+\\d+\\s*[\\+\\-\\*\\/]\\s*\\d+\\??$/i,  // Math questions like \"What is 2+2?\"\r\n      /^\\d+\\s*[\\+\\-\\*\\/]\\s*\\d+\\??$/i,  // Direct math like \"2+2?\"\r\n      /^what\\s+is\\s+\\d+\\s*[\\+\\-\\*\\/]\\s*\\d+\\s*\\??$/i,  // \"What is 2+2\" without question mark\r\n      /^how\\s+do\\s+i\\s+create\\s+a\\s+(\\w+)\\??$/i,  // Simple element creation questions\r\n      /^how\\s+to\\s+create\\s+a\\s+(\\w+)\\??$/i,  // Simple element creation questions\r\n      /^how\\s+do\\s+i\\s+make\\s+a\\s+(\\w+)\\??$/i  // Simple element creation questions\r\n    ];\r\n    \r\n    if (simplePatterns.some(pattern => pattern.test(prompt.trim()))) {\r\n      score += 2;\r\n      indicators.push('simple-question');\r\n    }\r\n    \r\n    // Complex development patterns\r\n    const complexPatterns = [\r\n      /create|build|implement|develop/i,\r\n      /component|function|class|service/i,\r\n      /api|endpoint|database|schema/i,\r\n      /test|testing|debug|fix/i,\r\n      /deploy|production|staging/i\r\n    ];\r\n    \r\n    const complexMatches = complexPatterns.filter(pattern => pattern.test(prompt));\r\n    if (complexMatches.length > 0) {\r\n      score -= complexMatches.length;\r\n      indicators.push(...complexMatches.map(() => 'development-task'));\r\n    }\r\n    \r\n    // Framework-specific complexity\r\n    const frameworkKeywords = [\r\n      'react', 'vue', 'angular', 'typescript', 'javascript',\r\n      'node', 'express', 'next', 'nuxt', 'svelte'\r\n    ];\r\n    \r\n    const frameworkMatches = frameworkKeywords.filter(keyword => \r\n      prompt.toLowerCase().includes(keyword)\r\n    );\r\n    if (frameworkMatches.length > 0) {\r\n      score -= frameworkMatches.length * 0.5;\r\n      indicators.push(...frameworkMatches.map(() => 'framework-specific'));\r\n    }\r\n    \r\n    // Determine complexity level\r\n    // TEMPORARY: Force all prompts to 'complex' for testing full Context7 features\r\n    let level: 'simple' | 'medium' | 'complex';\r\n    level = 'complex'; // Always use complex for maximum Context7 documentation\r\n    \r\n    // Original logic (commented out for testing):\r\n    // if (score >= 2) {\r\n    //   level = 'simple';\r\n    // } else if (score >= 0) {\r\n    //   level = 'medium';\r\n    // } else {\r\n    //   level = 'complex';\r\n    // }\r\n    \r\n    this.logger.debug('Prompt complexity analysis', {\r\n      prompt: prompt.substring(0, 100) + '...',\r\n      level,\r\n      score,\r\n      indicators\r\n    });\r\n    \r\n    return { level, score, indicators };\r\n  }\r\n\r\n  /**\r\n   * Analyze prompt complexity with AI and project context\r\n   * REDESIGNED: Uses OpenAI for intelligent complexity analysis with project context\r\n   */\r\n  async analyzePromptComplexityWithContext(\r\n    prompt: string, \r\n    projectContext: ProjectContext\r\n  ): Promise<AIPromptComplexity> {\r\n    try {\r\n      // If OpenAI is not available, fall back to basic analysis\r\n      if (!this.openaiService) {\r\n        this.logger.debug('OpenAI not available, falling back to basic analysis');\r\n        const basicComplexity = this.analyzePromptComplexity(prompt);\r\n        return {\r\n          ...basicComplexity,\r\n          userExpertiseLevel: this.inferUserExpertiseLevel(projectContext),\r\n          responseStrategy: this.determineResponseStrategy(basicComplexity.level),\r\n          estimatedTokens: this.estimateTokens(basicComplexity.level),\r\n          confidence: 0.6 // Lower confidence for basic analysis\r\n        };\r\n      }\r\n\r\n      this.logger.debug('Starting AI-powered prompt complexity analysis', {\r\n        prompt: prompt.substring(0, 100) + '...',\r\n        projectContextSize: projectContext.repoFacts.length + projectContext.codeSnippets.length\r\n      });\r\n\r\n      // Create context-aware analysis prompt\r\n      const analysisPrompt = this.buildAnalysisPrompt(prompt, projectContext);\r\n      \r\n      const response = await this.openaiService.createChatCompletion([\r\n        {\r\n          role: 'system',\r\n          content: `You are an expert at analyzing developer prompts and determining their complexity level. \r\n\r\nYour job is to:\r\n1. Analyze the user's prompt for complexity indicators\r\n2. Consider the project context (frameworks, code patterns, project type)\r\n3. Determine the user's expertise level based on project context\r\n4. Recommend the best response strategy\r\n5. Estimate token requirements for an optimal response\r\n\r\nReturn ONLY valid JSON with this exact structure:\r\n{\r\n  \"level\": \"simple|medium|complex\",\r\n  \"score\": 1-10,\r\n  \"indicators\": [\"indicator1\", \"indicator2\"],\r\n  \"userExpertiseLevel\": \"beginner|intermediate|advanced\",\r\n  \"responseStrategy\": \"minimal|standard|comprehensive\",\r\n  \"estimatedTokens\": 500,\r\n  \"confidence\": 0.85\r\n}\r\n\r\nGuidelines:\r\n- Simple: Basic questions, single tasks, clear requests (score 7-10)\r\n- Medium: Multi-step tasks, some complexity, moderate context needed (score 4-6)\r\n- Complex: Large projects, multiple technologies, extensive context needed (score 1-3)\r\n- Consider project context when determining user expertise level\r\n- Estimate tokens based on complexity and context needed\r\n- Be confident in your analysis (0.7-0.95)`\r\n        },\r\n        {\r\n          role: 'user',\r\n          content: analysisPrompt\r\n        }\r\n      ], {\r\n        maxTokens: 500,\r\n        temperature: 0.2 // Low temperature for consistent analysis\r\n      });\r\n\r\n      const content = response.choices[0]?.message?.content;\r\n      if (!content) {\r\n        throw new Error('No response content from OpenAI');\r\n      }\r\n\r\n      // Parse and validate the AI response\r\n      const aiComplexity = this.parseAIComplexityResponse(content);\r\n      \r\n      this.logger.debug('AI complexity analysis completed', {\r\n        level: aiComplexity.level,\r\n        score: aiComplexity.score,\r\n        userExpertiseLevel: aiComplexity.userExpertiseLevel,\r\n        confidence: aiComplexity.confidence,\r\n        estimatedTokens: aiComplexity.estimatedTokens\r\n      });\r\n\r\n      // Log AI usage for monitoring\r\n      this.logger.info('AI complexity analysis usage', {\r\n        operation: 'prompt_complexity_analysis',\r\n        tokensUsed: response.usage?.total_tokens || 0,\r\n        cost: this.estimateAICost(response.usage?.total_tokens || 0),\r\n        confidence: aiComplexity.confidence\r\n      });\r\n\r\n      return aiComplexity;\r\n\r\n    } catch (error) {\r\n      this.logger.warn('AI complexity analysis failed, falling back to basic analysis', {\r\n        error: error instanceof Error ? error.message : 'Unknown error',\r\n        prompt: prompt.substring(0, 100) + '...'\r\n      });\r\n      \r\n      // Fallback to basic analysis\r\n      const basicComplexity = this.analyzePromptComplexity(prompt);\r\n      return {\r\n        ...basicComplexity,\r\n        userExpertiseLevel: this.inferUserExpertiseLevel(projectContext),\r\n        responseStrategy: this.determineResponseStrategy(basicComplexity.level),\r\n        estimatedTokens: this.estimateTokens(basicComplexity.level),\r\n        confidence: 0.5 // Lower confidence due to fallback\r\n      };\r\n    }\r\n  }\r\n\r\n  /**\r\n   * Get optimized options based on prompt complexity\r\n   * Implements adaptive response sizing for better user experience\r\n   */\r\n  getOptimizedOptions(\r\n    originalOptions: any,\r\n    complexity: PromptComplexity\r\n  ): OptimizedOptions {\r\n    const options = { ...originalOptions };\r\n    \r\n    switch (complexity.level) {\r\n      case 'simple':\r\n        // Minimal context for simple prompts like \"yes or no\" (reduced by 20%)\r\n        options.maxTokens = Math.min(options.maxTokens || 4000, 400);\r\n        options.includeMetadata = false;\r\n        options.useCache = true;\r\n        options.simpleMode = true;\r\n        break;\r\n        \r\n      case 'medium':\r\n        // Moderate context for medium complexity prompts (reduced by 20%)\r\n        options.maxTokens = Math.min(options.maxTokens || 4000, 1200);\r\n        options.includeMetadata = true;\r\n        options.useCache = true;\r\n        break;\r\n        \r\n      case 'complex':\r\n        // Full context for complex development tasks (reduced by 20%)\r\n        options.maxTokens = Math.min(options.maxTokens || 4000, 3200);\r\n        options.includeMetadata = true;\r\n        options.useCache = true;\r\n        break;\r\n    }\r\n    \r\n    this.logger.debug('Optimized options generated', {\r\n      complexity: complexity.level,\r\n      maxTokens: options.maxTokens,\r\n      includeMetadata: options.includeMetadata,\r\n      useCache: options.useCache\r\n    });\r\n    \r\n    return options;\r\n  }\r\n\r\n  /**\r\n   * Check if a prompt should trigger breakdown functionality\r\n   * Analyzes prompt characteristics to determine if task breakdown would be beneficial\r\n   */\r\n  shouldBreakdown(prompt: string, options?: { includeBreakdown?: boolean; maxTasks?: number }): boolean {\r\n    try {\r\n      // If explicitly disabled, don't breakdown\r\n      if (options?.includeBreakdown === false) {\r\n        return false;\r\n      }\r\n\r\n      // If explicitly enabled, always breakdown\r\n      if (options?.includeBreakdown === true) {\r\n        return true;\r\n      }\r\n\r\n      // Auto-detect based on prompt characteristics\r\n      const promptLower = prompt.toLowerCase();\r\n      \r\n      // Keywords that suggest complex, multi-step projects\r\n      // Keywords that suggest complex, multi-step tasks (dynamic detection)\r\n      const complexKeywords = this.getComplexKeywords();\r\n      \r\n      // Keywords that suggest simple, single tasks (dynamic detection)\r\n      const simpleKeywords = this.getSimpleKeywords();\r\n      \r\n      const hasComplexKeywords = complexKeywords.some(keyword => promptLower.includes(keyword));\r\n      const hasSimpleKeywords = simpleKeywords.some(keyword => promptLower.includes(keyword));\r\n      \r\n      // Check prompt length (longer prompts are more likely to be complex)\r\n      const isLongPrompt = prompt.length > 100;\r\n      \r\n      // Check for multiple sentences or bullet points (suggests multiple tasks)\r\n      const hasMultipleParts = prompt.includes('.') && prompt.split('.').length > 2;\r\n      const hasBulletPoints = prompt.includes('-') || prompt.includes('*') || prompt.includes('ΓÇó');\r\n      \r\n      // Decision logic\r\n      if (hasComplexKeywords && (isLongPrompt || hasMultipleParts || hasBulletPoints)) {\r\n        return true;\r\n      }\r\n      \r\n      if (hasSimpleKeywords && !isLongPrompt) {\r\n        return false;\r\n      }\r\n      \r\n      // Default to breakdown for medium-length prompts with project keywords\r\n      return isLongPrompt && (hasComplexKeywords || hasMultipleParts);\r\n      \r\n    } catch (error) {\r\n      this.logger.warn('Error detecting prompt complexity for breakdown', {\r\n        error: error instanceof Error ? error.message : 'Unknown error',\r\n        prompt: prompt.substring(0, 100) + '...'\r\n      });\r\n      return false;\r\n    }\r\n  }\r",
    "File: src/services/cache/cache-analytics.service.ts\nDescription: Class definition: CacheAnalyticsService\nCode:\nexport class CacheAnalyticsService {\r\n  private logger: Logger;\r\n  // private context7Cache: Context7AdvancedCacheService; // Removed - using simple client now\r\n  private promptCache: PromptCacheService;\r\n  private analyticsHistory: CacheAnalyticsData[] = [];\r\n  private maxHistorySize = 1000;\r\n\r\n  constructor(\r\n    logger: Logger,\r\n    promptCache: PromptCacheService\r\n  ) {\r\n    this.logger = logger;\r\n    this.promptCache = promptCache;\r\n  }\r\n\r\n  /**\r\n   * Collect comprehensive cache analytics\r\n   */\r\n  async collectAnalytics(): Promise<CacheAnalyticsData> {\r\n    try {\r\n      // const context7Stats = this.context7Cache.getCacheStats(); // Removed - using simple client now\r\n      const promptStats = this.promptCache.getCacheStats();\r\n      \r\n      // Mock framework cache stats (would be real in production)\r\n      const frameworkCacheStats = {\r\n        totalEntries: 0,\r\n        hitRate: 0,\r\n        averageResponseTime: 0\r\n      };\r\n\r\n      const analytics: CacheAnalyticsData = {\r\n        timestamp: Date.now(),\r\n        // context7Cache: context7Stats, // Removed - using simple client now\r\n        promptCache: promptStats,\r\n        frameworkCache: frameworkCacheStats,\r\n        overall: {\r\n          totalCacheSize: promptStats.cacheSize,\r\n          overallHitRate: promptStats.hitRate,\r\n          averageResponseTime: promptStats.averageResponseTime,\r\n          cacheEfficiency: promptStats.hitRate,\r\n          costSavings: 0\r\n        }\r\n      };\r\n\r\n      // Store in history\r\n      this.analyticsHistory.push(analytics);\r\n      if (this.analyticsHistory.length > this.maxHistorySize) {\r\n        this.analyticsHistory = this.analyticsHistory.slice(-this.maxHistorySize);\r\n      }\r\n\r\n      this.logger.debug('Cache analytics collected', {\r\n        totalCacheSize: analytics.overall.totalCacheSize,\r\n        overallHitRate: analytics.overall.overallHitRate,\r\n        cacheEfficiency: analytics.overall.cacheEfficiency\r\n      });\r\n\r\n      return analytics;\r\n\r\n    } catch (error) {\r\n      this.logger.error('Failed to collect cache analytics', { error });\r\n      throw error;\r\n    }\r\n  }\r\n\r\n  /**\r\n   * Calculate overall hit rate across all caches\r\n   */\r\n  private calculateOverallHitRate(promptStats: PromptCacheStats): number {\r\n    return promptStats.hitRate;\r\n  }\r\n\r\n  /**\r\n   * Calculate average response time across all caches\r\n   */\r\n  private calculateAverageResponseTime(promptStats: PromptCacheStats): number {\r\n    return promptStats.averageResponseTime;\r\n  }\r\n\r\n  /**\r\n   * Calculate cache efficiency score (0-100)\r\n   */\r\n  private calculateCacheEfficiency(promptStats: PromptCacheStats): number {\r\n    return promptStats.hitRate;\r\n  }\r\n\r\n  /**\r\n   * Calculate estimated cost savings from caching\r\n   */\r\n  private calculateCostSavings(promptStats: PromptCacheStats): number {\r\n    return promptStats.totalHits * 0.0005; // $0.0005 per hit\r\n  }\r\n\r\n  /**\r\n   * Get performance metrics for a specific period\r\n   */\r\n  getPerformanceMetrics(period: 'hour' | 'day' | 'week'): CachePerformanceMetrics {\r\n    const now = Date.now();\r\n    const periodMs = {\r\n      hour: 60 * 60 * 1000,\r\n      day: 24 * 60 * 60 * 1000,\r\n      week: 7 * 24 * 60 * 60 * 1000\r\n    }[period];\r\n\r\n    const cutoffTime = now - periodMs;\r\n    const dataPoints = this.analyticsHistory.filter(data => data.timestamp >= cutoffTime);\r\n\r\n    const trends = this.analyzeTrends(dataPoints);\r\n    const recommendations = this.generateRecommendations(dataPoints);\r\n\r\n    return {\r\n      period,\r\n      dataPoints,\r\n      trends,\r\n      recommendations\r\n    };\r\n  }\r\n\r\n  /**\r\n   * Analyze trends in cache performance\r\n   */\r\n  private analyzeTrends(dataPoints: CacheAnalyticsData[]): CachePerformanceMetrics['trends'] {\r\n    if (dataPoints.length < 2) {\r\n      return {\r\n        hitRateTrend: 'stable',\r\n        responseTimeTrend: 'stable',\r\n        cacheSizeTrend: 'stable'\r\n      };\r\n    }\r\n\r\n    const first = dataPoints[0];\r\n    const last = dataPoints[dataPoints.length - 1];\r\n\r\n    const hitRateChange = (last?.overall.overallHitRate || 0) - (first?.overall.overallHitRate || 0);\r\n    const responseTimeChange = (last?.overall.averageResponseTime || 0) - (first?.overall.averageResponseTime || 0);\r\n    const cacheSizeChange = (last?.overall.totalCacheSize || 0) - (first?.overall.totalCacheSize || 0);\r\n\r\n    return {\r\n      hitRateTrend: this.categorizeTrend(hitRateChange, 5), // 5% threshold\r\n      responseTimeTrend: this.categorizeTrend(-responseTimeChange, 10), // Negative because lower is better\r\n      cacheSizeTrend: this.categorizeSizeTrend(cacheSizeChange, 100) // 100 entries threshold\r\n    };\r\n  }\r\n\r\n  /**\r\n   * Categorize trend based on change value\r\n   */\r\n  private categorizeTrend(change: number, threshold: number): 'improving' | 'stable' | 'declining' {\r\n    if (change > threshold) return 'improving';\r\n    if (change < -threshold) return 'declining';\r\n    return 'stable';\r\n  }\r\n\r\n  /**\r\n   * Categorize size trend based on change value\r\n   */\r\n  private categorizeSizeTrend(change: number, threshold: number): 'growing' | 'stable' | 'shrinking' {\r\n    if (change > threshold) return 'growing';\r\n    if (change < -threshold) return 'shrinking';\r\n    return 'stable';\r\n  }\r\n\r\n  /**\r\n   * Generate optimization recommendations\r\n   */\r\n  private generateRecommendations(dataPoints: CacheAnalyticsData[]): string[] {\r\n    const recommendations: string[] = [];\r\n    \r\n    if (dataPoints.length === 0) return recommendations;\r\n\r\n    const latest = dataPoints[dataPoints.length - 1];\r\n    const avgHitRate = dataPoints.reduce((sum, dp) => sum + dp.overall.overallHitRate, 0) / dataPoints.length;\r\n    const avgResponseTime = dataPoints.reduce((sum, dp) => sum + dp.overall.averageResponseTime, 0) / dataPoints.length;\r\n\r\n    // Hit rate recommendations\r\n    if (avgHitRate < 70) {\r\n      recommendations.push('Consider increasing cache TTL or improving cache key generation for better hit rates');\r\n    }\r\n\r\n    // Response time recommendations\r\n    if (avgResponseTime > 100) {\r\n      recommendations.push('Response times are high - consider optimizing cache lookup or increasing memory cache size');\r\n    }\r\n\r\n    // Cache size recommendations\r\n    if (latest?.overall.totalCacheSize && latest.overall.totalCacheSize > 10000) {\r\n      recommendations.push('Cache size is large - consider implementing more aggressive cleanup policies');\r\n    }\r\n\r\n    // Memory usage recommendations\r\n    // Removed context7Cache checks - using simple client now\r\n    if (false) {\r\n      recommendations.push('Memory cache usage is high - consider increasing memory limits or optimizing data storage');\r\n    }\r\n\r\n    // Cost optimization\r\n    if (latest?.overall?.costSavings && latest.overall.costSavings < 1) {\r\n      recommendations.push('Low cost savings detected - review cache configuration and hit rate optimization');\r\n    }\r\n\r\n    return recommendations;\r\n  }\r\n\r\n  /**\r\n   * Generate comprehensive optimization report\r\n   */\r\n  async generateOptimizationReport(): Promise<CacheOptimizationReport> {\r\n    const currentPerformance = await this.collectAnalytics();\r\n    const issues = this.identifyIssues(currentPerformance);\r\n    const optimizations = this.suggestOptimizations(currentPerformance);\r\n\r\n    return {\r\n      currentPerformance,\r\n      issues,\r\n      optimizations\r\n    };\r\n  }\r\n\r\n  /**\r\n   * Identify performance issues\r\n   */\r\n  private identifyIssues(performance: CacheAnalyticsData): CacheOptimizationReport['issues'] {\r\n    const issues: CacheOptimizationReport['issues'] = [];\r\n\r\n    // Low hit rate issue\r\n    if (performance.overall.overallHitRate < 70) {\r\n      issues.push({\r\n        type: 'low_hit_rate',\r\n        severity: performance.overall.overallHitRate < 50 ? 'high' : 'medium',\r\n        description: `Overall hit rate is ${performance.overall.overallHitRate.toFixed(1)}%, below recommended 70%`,\r\n        recommendation: 'Review cache key generation and TTL settings'\r\n      });\r\n    }\r\n\r\n    // High response time issue\r\n    if (performance.overall.averageResponseTime > 100) {\r\n      issues.push({\r\n        type: 'high_response_time',\r\n        severity: performance.overall.averageResponseTime > 200 ? 'high' : 'medium',\r\n        description: `Average response time is ${performance.overall.averageResponseTime}ms, above recommended 100ms`,\r\n        recommendation: 'Optimize cache lookup algorithms and consider increasing memory cache size'\r\n      });\r\n    }\r\n\r\n    // Cache size issue\r\n    if (performance.overall.totalCacheSize > 10000) {\r\n      issues.push({\r\n        type: 'cache_size',\r\n        severity: performance.overall.totalCacheSize > 50000 ? 'high' : 'medium',\r\n        description: `Total cache size is ${performance.overall.totalCacheSize} entries, above recommended 10,000`,\r\n        recommendation: 'Implement more aggressive cleanup policies and cache size limits'\r\n      });\r\n    }\r\n\r\n    // Memory usage issue\r\n    // Removed context7Cache checks - using simple client now\r\n    if (false) {\r\n      issues.push({\r\n        type: 'memory_usage',\r\n        severity: 'medium',\r\n        description: 'Memory cache usage check removed - using simple client now',\r\n        recommendation: 'Increase memory limits or optimize data storage format'\r\n      });\r\n    }\r\n\r\n    return issues;\r\n  }\r\n\r\n  /**\r\n   * Suggest optimizations\r\n   */\r\n  private suggestOptimizations(performance: CacheAnalyticsData): CacheOptimizationReport['optimizations'] {\r\n    const optimizations: CacheOptimizationReport['optimizations'] = [];\r\n\r\n    // TTL adjustments\r\n    if (performance.overall.overallHitRate < 70) {\r\n      optimizations.push({\r\n        type: 'ttl_adjustment',\r\n        impact: 'medium',\r\n        description: 'Increase TTL for frequently accessed data',\r\n        estimatedImprovement: '10-20% hit rate improvement'\r\n      });\r\n    }\r\n\r\n    // Cache size optimization\r\n    if (performance.overall.totalCacheSize > 5000) {\r\n      optimizations.push({\r\n        type: 'cache_size',\r\n        impact: 'high',\r\n        description: 'Implement LRU eviction and size limits',\r\n        estimatedImprovement: '30-50% memory usage reduction'\r\n      });\r\n    }\r\n\r\n    // Key optimization\r\n    if (performance.overall.overallHitRate < 80) {\r\n      optimizations.push({\r\n        type: 'key_optimization',\r\n        impact: 'medium',\r\n        description: 'Improve cache key generation for better hit rates',\r\n        estimatedImprovement: '15-25% hit rate improvement'\r\n      });\r\n    }\r\n\r\n    // Cleanup frequency\r\n    if (performance.overall.totalCacheSize > 1000) {\r\n      optimizations.push({\r\n        type: 'cleanup_frequency',\r\n        impact: 'low',\r\n        description: 'Increase cleanup frequency for expired entries',\r\n        estimatedImprovement: '5-10% performance improvement'\r\n      });\r\n    }\r\n\r\n    return optimizations;\r\n  }\r\n\r\n  /**\r\n   * Get cache health score (0-100)\r\n   */\r\n  getCacheHealthScore(): number {\r\n    if (this.analyticsHistory.length === 0) return 0;\r\n\r\n    const latest = this.analyticsHistory[this.analyticsHistory.length - 1];\r\n    return latest?.overall?.cacheEfficiency || 0;\r\n  }\r\n\r\n  /**\r\n   * Export analytics data\r\n   */\r\n  exportAnalytics(): string {\r\n    return JSON.stringify({\r\n      timestamp: Date.now(),\r\n      analytics: this.analyticsHistory,\r\n      healthScore: this.getCacheHealthScore()\r\n    }, null, 2);\r\n  }\r\n\r\n  /**\r\n   * Clear analytics history\r\n   */\r\n  clearHistory(): void {\r\n    this.analyticsHistory = [];\r\n    this.logger.info('Cache analytics history cleared');\r\n  }\r\n}\r",
    "File: src/services/todo/todo.service.ts\nDescription: Class definition: TodoService\nCode:\nexport class TodoService {\r\n  private db: Database.Database;\r\n  private cache: LRUCache<string, TodoItem[]>;\r\n  private preparedStatements: Map<string, Database.Statement> = new Map();\r\n\r\n  constructor(dbPath: string = 'todos.db') {\r\n    // Initialize database with performance optimizations\r\n    this.db = new Database(dbPath);\r\n    this.db.pragma('journal_mode = WAL');\r\n    this.db.pragma('cache_size = 32000');\r\n    this.db.pragma('synchronous = NORMAL');\r\n    this.db.pragma('busy_timeout = 30000');\r\n    \r\n    // Initialize LRU cache\r\n    this.cache = new LRUCache<string, TodoItem[]>({ max: 100 });\r\n    \r\n    // Initialize database schema\r\n    this.initializeSchema();\r\n    \r\n    // Prepare statements for performance\r\n    this.prepareStatements();\r\n    \r\n    console.log('Γ£à TodoService initialized with SQLite and caching');\r\n  }\r\n\r\n  /**\r\n   * Initialize database schema\r\n   */\r\n  private initializeSchema(): void {\r\n    const schema = `\r\n      -- Todo items table with project isolation\r\n      CREATE TABLE IF NOT EXISTS todos (\r\n        id INTEGER PRIMARY KEY AUTOINCREMENT,\r\n        project_id TEXT NOT NULL,\r\n        title TEXT NOT NULL,\r\n        description TEXT,\r\n        priority TEXT CHECK(priority IN ('low', 'medium', 'high', 'critical')) DEFAULT 'medium',\r\n        status TEXT CHECK(status IN ('pending', 'in_progress', 'completed', 'cancelled')) DEFAULT 'pending',\r\n        category TEXT,\r\n        tags TEXT, -- JSON array of tags\r\n        due_date DATETIME,\r\n        estimated_hours REAL,\r\n        created_at DATETIME DEFAULT CURRENT_TIMESTAMP,\r\n        updated_at DATETIME DEFAULT CURRENT_TIMESTAMP,\r\n        completed_at DATETIME,\r\n        metadata TEXT -- JSON object for additional data\r\n      );\r\n\r\n      -- Indexes for performance\r\n      CREATE INDEX IF NOT EXISTS idx_todos_project_status ON todos(project_id, status);\r\n      CREATE INDEX IF NOT EXISTS idx_todos_priority ON todos(priority);\r\n      CREATE INDEX IF NOT EXISTS idx_todos_due_date ON todos(due_date);\r\n      CREATE INDEX IF NOT EXISTS idx_todos_created_at ON todos(created_at);\r\n      CREATE INDEX IF NOT EXISTS idx_todos_category ON todos(category);\r\n    `;\r\n    \r\n    this.db.exec(schema);\r\n  }\r\n\r\n  /**\r\n   * Prepare SQL statements for better performance\r\n   */\r\n  private prepareStatements(): void {\r\n    // Insert statement\r\n    this.preparedStatements.set('insert', this.db.prepare(`\r\n      INSERT INTO todos (project_id, title, description, priority, category, tags, due_date, estimated_hours, metadata)\r\n      VALUES (?, ?, ?, ?, ?, ?, ?, ?, ?)\r\n    `));\r\n\r\n    // Select by ID\r\n    this.preparedStatements.set('selectById', this.db.prepare(`\r\n      SELECT * FROM todos WHERE id = ?\r\n    `));\r\n\r\n    // Select by project\r\n    this.preparedStatements.set('selectByProject', this.db.prepare(`\r\n      SELECT * FROM todos WHERE project_id = ? ORDER BY priority DESC, created_at DESC\r\n    `));\r\n\r\n    // Update statement\r\n    this.preparedStatements.set('update', this.db.prepare(`\r\n      UPDATE todos \r\n      SET title = ?, description = ?, priority = ?, status = ?, category = ?, \r\n          tags = ?, due_date = ?, estimated_hours = ?, metadata = ?, updated_at = CURRENT_TIMESTAMP\r\n      WHERE id = ?\r\n    `));\r\n\r\n    // Delete statement\r\n    this.preparedStatements.set('delete', this.db.prepare(`\r\n      DELETE FROM todos WHERE id = ?\r\n    `));\r\n\r\n    // Count by project\r\n    this.preparedStatements.set('countByProject', this.db.prepare(`\r\n      SELECT COUNT(*) as count FROM todos WHERE project_id = ?\r\n    `));\r\n\r\n    // Count by status\r\n    this.preparedStatements.set('countByStatus', this.db.prepare(`\r\n      SELECT status, COUNT(*) as count FROM todos WHERE project_id = ? GROUP BY status\r\n    `));\r\n\r\n    // Count by priority\r\n    this.preparedStatements.set('countByPriority', this.db.prepare(`\r\n      SELECT priority, COUNT(*) as count FROM todos WHERE project_id = ? GROUP BY priority\r\n    `));\r\n\r\n    // Count by category\r\n    this.preparedStatements.set('countByCategory', this.db.prepare(`\r\n      SELECT category, COUNT(*) as count FROM todos WHERE project_id = ? GROUP BY category\r\n    `));\r\n  }\r\n\r\n  /**\r\n   * Create a new todo item\r\n   */\r\n  async createTodo(input: TodoInput): Promise<TodoItem> {\r\n    try {\r\n      // Validate input\r\n      const validatedInput = TodoInputSchema.parse(input);\r\n      \r\n      // Parse content if provided\r\n      const parsedContent = this.parseTodoContent(validatedInput.title);\r\n      \r\n      // Prepare data\r\n      const tagsJson = validatedInput.tags ? JSON.stringify(validatedInput.tags) : null;\r\n      const metadataJson = validatedInput.metadata ? JSON.stringify(validatedInput.metadata) : null;\r\n      \r\n      // Insert todo\r\n      const insertStmt = this.preparedStatements.get('insert')!;\r\n      const result = insertStmt.run(\r\n        validatedInput.projectId,\r\n        parsedContent.title,\r\n        validatedInput.description || parsedContent.description,\r\n        validatedInput.priority || parsedContent.priority,\r\n        validatedInput.category || parsedContent.category,\r\n        tagsJson,\r\n        validatedInput.dueDate?.toISOString(),\r\n        validatedInput.estimatedHours,\r\n        metadataJson\r\n      );\r\n      \r\n      // Get created todo\r\n      const todo = await this.getTodoById(result.lastInsertRowid as number);\r\n      \r\n      // Invalidate cache\r\n      this.cache.delete(`${validatedInput.projectId}:*`);\r\n      \r\n      return todo;\r\n      \r\n    } catch (error) {\r\n      if (error instanceof Error) {\r\n        throw new TodoOperationError(`Failed to create todo: ${error.message}`, 'DATABASE_ERROR', { input });\r\n      }\r\n      throw error;\r\n    }\r\n  }\r\n\r\n  /**\r\n   * Get todo by ID\r\n   */\r\n  async getTodoById(id: number): Promise<TodoItem> {\r\n    try {\r\n      const stmt = this.preparedStatements.get('selectById')!;\r\n      const row = stmt.get(id) as any;\r\n      \r\n      if (!row) {\r\n        throw new TodoOperationError(`Todo with ID ${id} not found`, 'NOT_FOUND', { id });\r\n      }\r\n      \r\n      return this.mapRowToTodoItem(row);\r\n      \r\n    } catch (error) {\r\n      if (error instanceof TodoOperationError) {\r\n        throw error;\r\n      }\r\n      throw new TodoOperationError(`Failed to get todo: ${(error as Error).message}`, 'DATABASE_ERROR', { id });\r\n    }\r\n  }\r\n\r\n  /**\r\n   * List todos with optional filtering\r\n   */\r\n  async listTodos(projectId: string, filters?: TodoFilters): Promise<TodoItem[]> {\r\n    try {\r\n      // Validate filters\r\n      const validatedFilters = filters ? TodoFiltersSchema.parse(filters) : undefined;\r\n      \r\n      // Check cache first\r\n      const cacheKey = `${projectId}:${JSON.stringify(validatedFilters || {})}`;\r\n      const cached = this.cache.get(cacheKey);\r\n      if (cached) {\r\n        return cached;\r\n      }\r\n      \r\n      // Build query\r\n      let query = 'SELECT * FROM todos WHERE project_id = ?';\r\n      const params: any[] = [projectId];\r\n      \r\n      if (validatedFilters?.status) {\r\n        query += ' AND status = ?';\r\n        params.push(validatedFilters.status);\r\n      }\r\n      \r\n      if (validatedFilters?.priority) {\r\n        query += ' AND priority = ?';\r\n        params.push(validatedFilters.priority);\r\n      }\r\n      \r\n      if (validatedFilters?.category) {\r\n        query += ' AND category = ?';\r\n        params.push(validatedFilters.category);\r\n      }\r\n      \r\n      if (validatedFilters?.search) {\r\n        query += ' AND (title LIKE ? OR description LIKE ?)';\r\n        const searchTerm = `%${validatedFilters.search}%`;\r\n        params.push(searchTerm, searchTerm);\r\n      }\r\n      \r\n      query += ' ORDER BY priority DESC, created_at DESC';\r\n      \r\n      if (validatedFilters?.limit) {\r\n        query += ' LIMIT ?';\r\n        params.push(validatedFilters.limit);\r\n        \r\n        if (validatedFilters.offset) {\r\n          query += ' OFFSET ?';\r\n          params.push(validatedFilters.offset);\r\n        }\r\n      }\r\n      \r\n      // Execute query\r\n      const stmt = this.db.prepare(query);\r\n      const rows = stmt.all(...params) as any[];\r\n      \r\n      // Map to TodoItem objects\r\n      const todos = rows.map(row => this.mapRowToTodoItem(row));\r\n      \r\n      // Cache the result\r\n      this.cache.set(cacheKey, todos);\r\n      \r\n      return todos;\r\n      \r\n    } catch (error) {\r\n      throw new TodoOperationError(`Failed to list todos: ${(error as Error).message}`, 'DATABASE_ERROR', { projectId, filters });\r\n    }\r\n  }\r\n\r\n  /**\r\n   * Update todo item\r\n   */\r\n  async updateTodo(id: number, update: TodoUpdate): Promise<TodoItem> {\r\n    try {\r\n      // Validate update\r\n      const validatedUpdate = TodoUpdateSchema.parse(update);\r\n      \r\n      // Get existing todo\r\n      const existingTodo = await this.getTodoById(id);\r\n      \r\n      // Prepare update data\r\n      const tagsJson = validatedUpdate.tags ? JSON.stringify(validatedUpdate.tags) : existingTodo.tags ? JSON.stringify(existingTodo.tags) : null;\r\n      const metadataJson = validatedUpdate.metadata ? JSON.stringify(validatedUpdate.metadata) : existingTodo.metadata ? JSON.stringify(existingTodo.metadata) : null;\r\n      \r\n      // Update todo\r\n      const updateStmt = this.preparedStatements.get('update')!;\r\n      updateStmt.run(\r\n        validatedUpdate.title || existingTodo.title,\r\n        validatedUpdate.description !== undefined ? validatedUpdate.description : existingTodo.description,\r\n        validatedUpdate.priority || existingTodo.priority,\r\n        validatedUpdate.status || existingTodo.status,\r\n        validatedUpdate.category !== undefined ? validatedUpdate.category : existingTodo.category,\r\n        tagsJson,\r\n        validatedUpdate.dueDate?.toISOString() || existingTodo.dueDate?.toISOString(),\r\n        validatedUpdate.estimatedHours !== undefined ? validatedUpdate.estimatedHours : existingTodo.estimatedHours,\r\n        metadataJson,\r\n        id\r\n      );\r\n      \r\n      // Get updated todo\r\n      const updatedTodo = await this.getTodoById(id);\r\n      \r\n      // Invalidate cache\r\n      this.cache.delete(`${existingTodo.projectId}:*`);\r\n      \r\n      return updatedTodo;\r\n      \r\n    } catch (error) {\r\n      if (error instanceof TodoOperationError) {\r\n        throw error;\r\n      }\r\n      throw new TodoOperationError(`Failed to update todo: ${(error as Error).message}`, 'DATABASE_ERROR', { id, update });\r\n    }\r\n  }\r\n\r\n  /**\r\n   * Delete todo item\r\n   */\r\n  async deleteTodo(id: number): Promise<boolean> {\r\n    try {\r\n      // Get existing todo for cache invalidation\r\n      const existingTodo = await this.getTodoById(id);\r\n      \r\n      // Delete todo\r\n      const deleteStmt = this.preparedStatements.get('delete')!;\r\n      const result = deleteStmt.run(id);\r\n      \r\n      // Invalidate cache\r\n      this.cache.delete(`${existingTodo.projectId}:*`);\r\n      \r\n      return result.changes > 0;\r\n      \r\n    } catch (error) {\r\n      if (error instanceof TodoOperationError) {\r\n        throw error;\r\n      }\r\n      throw new TodoOperationError(`Failed to delete todo: ${(error as Error).message}`, 'DATABASE_ERROR', { id });\r\n    }\r\n  }\r\n\r\n  /**\r\n   * Complete todo item\r\n   */\r\n  async completeTodo(id: number): Promise<TodoItem> {\r\n    try {\r\n      const update: TodoUpdate = {\r\n        status: 'completed',\r\n        metadata: {\r\n          completedAt: new Date().toISOString()\r\n        }\r\n      };\r\n      \r\n      return await this.updateTodo(id, update);\r\n      \r\n    } catch (error) {\r\n      throw new TodoOperationError(`Failed to complete todo: ${(error as Error).message}`, 'DATABASE_ERROR', { id });\r\n    }\r\n  }\r\n\r\n  /**\r\n   * Get todo list with statistics\r\n   */\r\n  async getTodoList(projectId: string, filters?: TodoFilters): Promise<TodoList> {\r\n    try {\r\n      const todos = await this.listTodos(projectId, filters);\r\n      \r\n      // Calculate statistics\r\n      const statusCounts = this.calculateStatusCounts(todos);\r\n      const priorityCounts = this.calculatePriorityCounts(todos);\r\n      const categoryCounts = this.calculateCategoryCounts(todos);\r\n      \r\n      return {\r\n        items: todos,\r\n        totalCount: todos.length,\r\n        statusCounts,\r\n        priorityCounts,\r\n        categoryCounts,\r\n        projectId,\r\n        lastUpdated: new Date()\r\n      };\r\n      \r\n    } catch (error) {\r\n      throw new TodoOperationError(`Failed to get todo list: ${(error as Error).message}`, 'DATABASE_ERROR', { projectId, filters });\r\n    }\r\n  }\r\n\r\n  /**\r\n   * Parse natural language content to extract todo information\r\n   */\r\n  private parseTodoContent(content: string): {\r\n    title: string;\r\n    description?: string;\r\n    priority: TodoPriority;\r\n    category: TodoCategory;\r\n  } {\r\n    const lowerContent = content.toLowerCase();\r\n    \r\n    // Extract priority\r\n    let priority: TodoPriority = 'medium';\r\n    if (lowerContent.includes('critical') || lowerContent.includes('urgent') || lowerContent.includes('emergency')) {\r\n      priority = 'critical';\r\n    } else if (lowerContent.includes('high') || lowerContent.includes('important') || lowerContent.includes('asap')) {\r\n      priority = 'high';\r\n    } else if (lowerContent.includes('low') || lowerContent.includes('minor') || lowerContent.includes('nice to have')) {\r\n      priority = 'low';\r\n    }\r\n    \r\n    // Extract category\r\n    let category: TodoCategory = 'feature';\r\n    if (lowerContent.includes('bug') || lowerContent.includes('fix') || lowerContent.includes('error')) {\r\n      category = 'bug';\r\n    } else if (lowerContent.includes('refactor') || lowerContent.includes('cleanup') || lowerContent.includes('optimize')) {\r\n      category = 'refactor';\r\n    } else if (lowerContent.includes('test') || lowerContent.includes('testing')) {\r\n      category = 'testing';\r\n    } else if (lowerContent.includes('doc') || lowerContent.includes('documentation')) {\r\n      category = 'documentation';\r\n    } else if (lowerContent.includes('deploy') || lowerContent.includes('deployment')) {\r\n      category = 'deployment';\r\n    } else if (lowerContent.includes('maintenance') || lowerContent.includes('maintain')) {\r\n      category = 'maintenance';\r\n    }\r\n    \r\n    // Clean title (remove priority/category keywords)\r\n    let title = content.trim();\r\n    const keywordsToRemove = ['critical', 'urgent', 'emergency', 'high', 'important', 'asap', 'low', 'minor', 'bug', 'fix', 'error', 'refactor', 'cleanup', 'optimize', 'test', 'testing', 'doc', 'documentation', 'deploy', 'deployment', 'maintenance', 'maintain'];\r\n    \r\n    for (const keyword of keywordsToRemove) {\r\n      title = title.replace(new RegExp(`\\\\b${keyword}\\\\b`, 'gi'), '').trim();\r\n    }\r\n    \r\n    return {\r\n      title: title || content,\r\n      priority,\r\n      category\r\n    };\r\n  }\r\n\r\n  /**\r\n   * Map database row to TodoItem\r\n   */\r\n  private mapRowToTodoItem(row: any): TodoItem {\r\n    const todo: any = {\r\n      id: row.id,\r\n      projectId: row.project_id,\r\n      title: row.title,\r\n      priority: row.priority as TodoPriority,\r\n      status: row.status as TodoStatus,\r\n      createdAt: new Date(row.created_at),\r\n      updatedAt: new Date(row.updated_at),\r\n      completedAt: row.completed_at ? new Date(row.completed_at) : null\r\n    };\r\n    \r\n    // Add optional properties only if they exist\r\n    if (row.description) {\r\n      todo.description = row.description;\r\n    }\r\n    if (row.category) {\r\n      todo.category = row.category as TodoCategory;\r\n    }\r\n    if (row.tags) {\r\n      todo.tags = JSON.parse(row.tags);\r\n    }\r\n    if (row.due_date) {\r\n      todo.dueDate = new Date(row.due_date);\r\n    }\r\n    if (row.estimated_hours) {\r\n      todo.estimatedHours = row.estimated_hours;\r\n    }\r\n    if (row.metadata) {\r\n      todo.metadata = JSON.parse(row.metadata);\r\n    }\r\n    \r\n    return todo as TodoItem;\r\n  }\r\n\r\n  /**\r\n   * Calculate status counts\r\n   */\r\n  private calculateStatusCounts(todos: TodoItem[]): Record<TodoStatus, number> {\r\n    const counts: Record<TodoStatus, number> = {\r\n      pending: 0,\r\n      in_progress: 0,\r\n      completed: 0,\r\n      cancelled: 0\r\n    };\r\n    \r\n    todos.forEach(todo => {\r\n      counts[todo.status]++;\r\n    });\r\n    \r\n    return counts;\r\n  }\r\n\r\n  /**\r\n   * Calculate priority counts\r\n   */\r\n  private calculatePriorityCounts(todos: TodoItem[]): Record<TodoPriority, number> {\r\n    const counts: Record<TodoPriority, number> = {\r\n      low: 0,\r\n      medium: 0,\r\n      high: 0,\r\n      critical: 0\r\n    };\r\n    \r\n    todos.forEach(todo => {\r\n      counts[todo.priority]++;\r\n    });\r\n    \r\n    return counts;\r\n  }\r\n\r\n  /**\r\n   * Calculate category counts\r\n   */\r\n  private calculateCategoryCounts(todos: TodoItem[]): Record<TodoCategory, number> {\r\n    const counts: Record<TodoCategory, number> = {\r\n      bug: 0,\r\n      feature: 0,\r\n      refactor: 0,\r\n      documentation: 0,\r\n      testing: 0,\r\n      deployment: 0,\r\n      maintenance: 0\r\n    };\r\n    \r\n    todos.forEach(todo => {\r\n      if (todo.category) {\r\n        counts[todo.category]++;\r\n      }\r\n    });\r\n    \r\n    return counts;\r\n  }\r\n\r\n  /**\r\n   * Format todos as markdown\r\n   */\r\n  async formatAsMarkdown(todos: TodoItem[], projectId: string): Promise<string> {\r\n    if (todos.length === 0) {\r\n      return `# ≡ƒô¥ Todo List - ${projectId}\\n\\nNo todos found. Create your first todo!`;\r\n    }\r\n    \r\n    // Group by priority\r\n    const groupedTodos = this.groupTodosByPriority(todos);\r\n    \r\n    let markdown = `# ≡ƒô¥ Todo List - ${projectId}\\n\\n`;\r\n    \r\n    // Add summary\r\n    const totalCount = todos.length;\r\n    const completedCount = todos.filter(t => t.status === 'completed').length;\r\n    const progressPercentage = Math.round((completedCount / totalCount) * 100);\r\n    \r\n    markdown += `**Progress**: ${completedCount}/${totalCount} completed (${progressPercentage}%)\\n\\n`;\r\n    \r\n    // Add todos by priority\r\n    for (const [priority, priorityTodos] of Object.entries(groupedTodos)) {\r\n      if (priorityTodos.length > 0) {\r\n        const emoji = PRIORITY_EMOJIS[priority as TodoPriority];\r\n        markdown += `## ${emoji} ${priority.charAt(0).toUpperCase() + priority.slice(1)} Priority\\n\\n`;\r\n        \r\n        priorityTodos.forEach(todo => {\r\n          const statusEmoji = STATUS_EMOJIS[todo.status];\r\n          const categoryEmoji = todo.category ? CATEGORY_EMOJIS[todo.category] : '';\r\n          const checkbox = todo.status === 'completed' ? '[x]' : '[ ]';\r\n          \r\n          markdown += `${checkbox} ${statusEmoji} ${categoryEmoji} **${todo.title}**\\n`;\r\n          \r\n          if (todo.description) {\r\n            markdown += `   ${todo.description}\\n`;\r\n          }\r\n          \r\n          if (todo.tags && todo.tags.length > 0) {\r\n            markdown += `   Tags: ${todo.tags.map(tag => `\\`${tag}\\``).join(', ')}\\n`;\r\n          }\r\n          \r\n          if (todo.dueDate) {\r\n            markdown += `   Due: ${todo.dueDate.toLocaleDateString()}\\n`;\r\n          }\r\n          \r\n          if (todo.estimatedHours) {\r\n            markdown += `   Est: ${todo.estimatedHours}h\\n`;\r\n          }\r\n          \r\n          markdown += '\\n';\r\n        });\r\n      }\r\n    }\r\n    \r\n    markdown += `---\\n*Generated on: ${new Date().toLocaleString()}*\\n`;\r\n    \r\n    return markdown;\r\n  }\r\n\r\n  /**\r\n   * Group todos by priority\r\n   */\r\n  private groupTodosByPriority(todos: TodoItem[]): Record<TodoPriority, TodoItem[]> {\r\n    const grouped: Record<TodoPriority, TodoItem[]> = {\r\n      critical: [],\r\n      high: [],\r\n      medium: [],\r\n      low: []\r\n    };\r\n    \r\n    todos.forEach(todo => {\r\n      grouped[todo.priority].push(todo);\r\n    });\r\n    \r\n    // Sort within each priority group by status and creation date\r\n    Object.keys(grouped).forEach(priority => {\r\n      grouped[priority as TodoPriority].sort((a, b) => {\r\n        // First by status\r\n        const statusDiff = STATUS_ORDER[a.status] - STATUS_ORDER[b.status];\r\n        if (statusDiff !== 0) return statusDiff;\r\n        \r\n        // Then by creation date (newest first)\r\n        return b.createdAt.getTime() - a.createdAt.getTime();\r\n      });\r\n    });\r\n    \r\n    return grouped;\r\n  }\r\n\r\n  /**\r\n   * Get analytics for todos\r\n   */\r\n  async getAnalytics(projectId: string): Promise<TodoAnalytics> {\r\n    try {\r\n      const todos = await this.listTodos(projectId);\r\n      \r\n      // Calculate completion rate\r\n      const completedCount = todos.filter(t => t.status === 'completed').length;\r\n      const completionRate = todos.length > 0 ? completedCount / todos.length : 0;\r\n      \r\n      // Calculate average completion time by priority\r\n      const avgCompletionTime: Record<TodoPriority, number> = {\r\n        low: 0,\r\n        medium: 0,\r\n        high: 0,\r\n        critical: 0\r\n      };\r\n      \r\n      Object.keys(avgCompletionTime).forEach(priority => {\r\n        const priorityTodos = todos.filter(t => t.priority === priority && t.status === 'completed' && t.completedAt);\r\n        if (priorityTodos.length > 0) {\r\n          const totalTime = priorityTodos.reduce((sum, todo) => {\r\n            if (todo.completedAt) {\r\n              return sum + (todo.completedAt.getTime() - todo.createdAt.getTime());\r\n            }\r\n            return sum;\r\n          }, 0);\r\n          avgCompletionTime[priority as TodoPriority] = totalTime / priorityTodos.length / (1000 * 60 * 60); // Convert to hours\r\n        }\r\n      });\r\n      \r\n      // Get top categories\r\n      const categoryCounts = this.calculateCategoryCounts(todos);\r\n      const topCategories = Object.entries(categoryCounts)\r\n        .filter(([_, count]) => count > 0)\r\n        .sort(([_, a], [__, b]) => b - a)\r\n        .map(([category, count]) => ({ category: category as TodoCategory, count }));\r\n      \r\n      // Calculate productivity trends (last 30 days)\r\n      const thirtyDaysAgo = new Date();\r\n      thirtyDaysAgo.setDate(thirtyDaysAgo.getDate() - 30);\r\n      \r\n      const productivityTrends = [];\r\n      for (let i = 0; i < 30; i++) {\r\n        const date = new Date();\r\n        date.setDate(date.getDate() - i);\r\n        date.setHours(0, 0, 0, 0);\r\n        \r\n        const nextDate = new Date(date);\r\n        nextDate.setDate(nextDate.getDate() + 1);\r\n        \r\n        const created = todos.filter(t => t.createdAt >= date && t.createdAt < nextDate).length;\r\n        const completed = todos.filter(t => t.completedAt && t.completedAt >= date && t.completedAt < nextDate).length;\r\n        \r\n        productivityTrends.push({ date, created, completed });\r\n      }\r\n      \r\n      // Calculate estimation accuracy\r\n      const estimatedTodos = todos.filter(t => t.estimatedHours && t.status === 'completed' && t.completedAt);\r\n      let overestimated = 0;\r\n      let underestimated = 0;\r\n      let accurate = 0;\r\n      \r\n      estimatedTodos.forEach(todo => {\r\n        if (todo.estimatedHours && todo.completedAt) {\r\n          const actualHours = (todo.completedAt.getTime() - todo.createdAt.getTime()) / (1000 * 60 * 60);\r\n          const diff = Math.abs(actualHours - todo.estimatedHours);\r\n          \r\n          if (diff <= 1) { // Within 1 hour is considered accurate\r\n            accurate++;\r\n          } else if (actualHours > todo.estimatedHours) {\r\n            underestimated++;\r\n          } else {\r\n            overestimated++;\r\n          }\r\n        }\r\n      });\r\n      \r\n      return {\r\n        completionRate,\r\n        avgCompletionTime,\r\n        topCategories,\r\n        productivityTrends,\r\n        estimationAccuracy: {\r\n          overestimated,\r\n          underestimated,\r\n          accurate\r\n        }\r\n      };\r\n      \r\n    } catch (error) {\r\n      throw new TodoOperationError(`Failed to get analytics: ${(error as Error).message}`, 'DATABASE_ERROR', { projectId });\r\n    }\r\n  }\r\n\r\n  /**\r\n   * Close database connection\r\n   */\r\n  close(): void {\r\n    this.db.close();\r\n    this.cache.clear();\r\n    console.log('≡ƒöî TodoService closed');\r\n  }\r\n}\r",
    "File: src/tools/enhance/framework-integration.service.ts\nDescription: Class definition: FrameworkIntegrationService\nCode:\nexport class FrameworkIntegrationService {\r\n  private logger: Logger;\r\n  private frameworkDetector: FrameworkDetectorService;\r\n\r\n  constructor(logger: Logger, frameworkDetector: FrameworkDetectorService) {\r\n    this.logger = logger;\r\n    this.frameworkDetector = frameworkDetector;\r\n  }\r\n\r\n  /**\r\n   * Detect frameworks for a prompt with context awareness\r\n   * Implements intelligent framework detection with fallback strategies\r\n   */\r\n  async detectFrameworks(\r\n    prompt: string,\r\n    projectContext?: any,\r\n    explicitFramework?: string\r\n  ): Promise<FrameworkDetectionResult> {\r\n    try {\r\n      // If explicit framework is provided in context, use it as primary detection\r\n      if (explicitFramework) {\r\n        this.logger.debug('Using explicit framework from context', { \r\n          framework: explicitFramework \r\n        });\r\n        \r\n        return {\r\n          detectedFrameworks: [explicitFramework],\r\n          confidence: 1.0,\r\n          suggestions: [],\r\n          context7Libraries: [],\r\n          detectionMethod: 'context'\r\n        };\r\n      }\r\n\r\n      // Use dynamic detection\r\n      const detection = await this.frameworkDetector.detectFrameworks(\r\n        prompt, \r\n        projectContext\r\n      );\r\n\r\n      this.logger.debug('Framework detection completed', {\r\n        detectedFrameworks: detection.detectedFrameworks,\r\n        confidence: detection.confidence,\r\n        detectionMethod: detection.detectionMethod\r\n      });\r\n\r\n      return detection;\r\n\r\n    } catch (error) {\r\n      this.logger.warn('Framework detection failed, using fallback', {\r\n        error: error instanceof Error ? error.message : 'Unknown error',\r\n        prompt: prompt.substring(0, 100) + '...'\r\n      });\r\n\r\n      // Fallback to common frameworks\r\n      return {\r\n        detectedFrameworks: ['javascript'],\r\n        confidence: 0.3,\r\n        suggestions: ['react', 'vue', 'angular'],\r\n        context7Libraries: [],\r\n        detectionMethod: 'fallback'\r\n      };\r\n    }\r\n  }\r\n\r\n  /**\r\n   * Detect quality requirements with project context\r\n   * REDESIGNED: Uses complete project context for better quality requirements detection\r\n   */\r\n  async detectQualityRequirementsWithContext(\r\n    prompt: string, \r\n    framework?: string, \r\n    projectContext?: any\r\n  ): Promise<QualityRequirement[]> {\r\n    try {\r\n      const requirements: QualityRequirement[] = [];\r\n      const promptLower = prompt.toLowerCase();\r\n      \r\n      // Get base requirements from prompt and framework\r\n      const baseRequirements = await this.detectQualityRequirements(prompt, framework);\r\n      requirements.push(...baseRequirements);\r\n      \r\n      // Add project-specific quality requirements\r\n      if (projectContext) {\r\n        const projectRequirements = this.extractProjectQualityRequirements(projectContext, promptLower);\r\n        requirements.push(...projectRequirements);\r\n      }\r\n      \r\n      // Remove duplicates and return\r\n      return this.deduplicateQualityRequirements(requirements);\r\n\r\n    } catch (error) {\r\n      this.logger.warn('Context-aware quality requirements detection failed, falling back to basic detection', {\r\n        error: error instanceof Error ? error.message : 'Unknown error',\r\n        prompt: prompt.substring(0, 100) + '...'\r\n      });\r\n      \r\n      // Fallback to basic detection\r\n      return await this.detectQualityRequirements(prompt, framework);\r\n    }\r\n  }\r\n\r\n  /**\r\n   * Detect quality requirements from prompt and framework\r\n   * Implements intelligent quality requirements analysis\r\n   */\r\n  async detectQualityRequirements(prompt: string, framework?: string): Promise<QualityRequirement[]> {\r\n    try {\r\n      const requirements: QualityRequirement[] = [];\r\n      const promptLower = prompt.toLowerCase();\r\n      \r\n      // Detect complexity level\r\n      if (promptLower.includes('production') || promptLower.includes('enterprise')) {\r\n        requirements.push({ \r\n          type: 'production', \r\n          priority: 'high',\r\n          description: 'Production-ready code with enterprise standards'\r\n        });\r\n      }\r\n      \r\n      if (promptLower.includes('responsive') || promptLower.includes('mobile')) {\r\n        requirements.push({ \r\n          type: 'responsive', \r\n          priority: 'medium',\r\n          description: 'Mobile-first responsive design'\r\n        });\r\n      }\r\n      \r\n      if (promptLower.includes('accessible') || promptLower.includes('a11y')) {\r\n        requirements.push({ \r\n          type: 'accessibility', \r\n          priority: 'high',\r\n          description: 'WCAG compliant accessibility features'\r\n        });\r\n      }\r\n\r\n      if (promptLower.includes('performance') || promptLower.includes('optimize')) {\r\n        requirements.push({ \r\n          type: 'performance', \r\n          priority: 'high',\r\n          description: 'Optimized for performance and speed'\r\n        });\r\n      }\r\n\r\n      if (promptLower.includes('test') || promptLower.includes('testing')) {\r\n        requirements.push({ \r\n          type: 'testing', \r\n          priority: 'medium',\r\n          description: 'Comprehensive test coverage'\r\n        });\r\n      }\r\n\r\n      if (promptLower.includes('secure') || promptLower.includes('security')) {\r\n        requirements.push({ \r\n          type: 'security', \r\n          priority: 'high',\r\n          description: 'Security best practices implementation'\r\n        });\r\n      }\r\n\r\n      // Framework-specific requirements\r\n      if (framework) {\r\n        const frameworkRequirements = this.getFrameworkSpecificRequirements(framework, promptLower);\r\n        requirements.push(...frameworkRequirements);\r\n      }\r\n      \r\n      this.logger.debug('Quality requirements detected', {\r\n        requirementsCount: requirements.length,\r\n        detectedTechnologies: framework ? [framework] : [],\r\n        confidence: 0.8\r\n      });\r\n\r\n      return requirements;\r\n\r\n    } catch (error) {\r\n      this.logger.warn('Quality requirements detection failed, continuing without them', {\r\n        error: error instanceof Error ? error.message : 'Unknown error',\r\n        prompt: prompt.substring(0, 100) + '...'\r\n      });\r\n      \r\n      // Return empty array on failure - graceful degradation\r\n      return [];\r\n    }\r\n  }\r\n\r\n  /**\r\n   * Format quality requirements for display\r\n   * Implements user-friendly formatting\r\n   */\r\n  formatQualityRequirements(requirements: QualityRequirement[]): string {\r\n    try {\r\n      if (!requirements || requirements.length === 0) {\r\n        return '';\r\n      }\r\n      \r\n      let formatted = '## Quality Requirements\\n\\n';\r\n      \r\n      requirements.forEach((req, index) => {\r\n        const priority = req.priority || 'medium';\r\n        const type = req.type || 'general';\r\n        const description = req.description || '';\r\n        const priorityEmoji = this.getPriorityEmoji(priority);\r\n        \r\n        formatted += `${index + 1}. **${type}** ${priorityEmoji} (${priority} priority)\\n`;\r\n        if (description) {\r\n          formatted += `   - ${description}\\n`;\r\n        }\r\n      });\r\n      \r\n      return formatted;\r\n\r\n    } catch (error) {\r\n      this.logger.warn('Quality requirements formatting failed', {\r\n        error: error instanceof Error ? error.message : 'Unknown error',\r\n        requirementsCount: requirements?.length || 0\r\n      });\r\n      \r\n      // Return fallback formatting\r\n      return '';\r\n    }\r\n  }\r\n\r\n  /**\r\n   * Get framework-specific quality requirements\r\n   * Implements framework-aware requirement detection\r\n   */\r\n  private getFrameworkSpecificRequirements(framework: string, promptLower: string): QualityRequirement[] {\r\n    const requirements: QualityRequirement[] = [];\r\n    const frameworkLower = framework.toLowerCase();\r\n\r\n    // React-specific requirements\r\n    if (frameworkLower.includes('react')) {\r\n      if (promptLower.includes('component') || promptLower.includes('hook')) {\r\n        requirements.push({\r\n          type: 'react-patterns',\r\n          priority: 'medium',\r\n          description: 'Follow React best practices and patterns'\r\n        });\r\n      }\r\n      \r\n      if (promptLower.includes('state') || promptLower.includes('context')) {\r\n        requirements.push({\r\n          type: 'state-management',\r\n          priority: 'medium',\r\n          description: 'Proper state management implementation'\r\n        });\r\n      }\r\n    }\r\n\r\n    // TypeScript-specific requirements\r\n    if (frameworkLower.includes('typescript')) {\r\n      requirements.push({\r\n        type: 'type-safety',\r\n        priority: 'high',\r\n        description: 'Strong typing and type safety'\r\n      });\r\n    }\r\n\r\n    // Next.js-specific requirements\r\n    if (frameworkLower.includes('next')) {\r\n      if (promptLower.includes('api') || promptLower.includes('route')) {\r\n        requirements.push({\r\n          type: 'nextjs-patterns',\r\n          priority: 'medium',\r\n          description: 'Follow Next.js App Router patterns'\r\n        });\r\n      }\r\n    }\r\n\r\n    // Vue-specific requirements\r\n    if (frameworkLower.includes('vue')) {\r\n      if (promptLower.includes('component') || promptLower.includes('composition')) {\r\n        requirements.push({\r\n          type: 'vue-patterns',\r\n          priority: 'medium',\r\n          description: 'Follow Vue 3 Composition API patterns'\r\n        });\r\n      }\r\n    }\r\n\r\n    // Angular-specific requirements\r\n    if (frameworkLower.includes('angular')) {\r\n      requirements.push({\r\n        type: 'angular-patterns',\r\n        priority: 'medium',\r\n        description: 'Follow Angular best practices and dependency injection'\r\n      });\r\n    }\r\n\r\n    return requirements;\r\n  }\r\n\r\n  /**\r\n   * Get priority emoji for display\r\n   */\r\n  private getPriorityEmoji(priority: string): string {\r\n    const emojiMap: Record<string, string> = {\r\n      'low': '≡ƒƒó',\r\n      'medium': '≡ƒƒí',\r\n      'high': '≡ƒƒá',\r\n      'critical': '≡ƒö┤'\r\n    };\r\n    \r\n    return emojiMap[priority] || 'ΓÜ¬';\r\n  }\r\n\r\n  /**\r\n   * Extract project-specific quality requirements\r\n   * REDESIGNED: Analyzes project context to determine quality standards\r\n   */\r\n  private extractProjectQualityRequirements(projectContext: any, promptLower: string): QualityRequirement[] {\r\n    const requirements: QualityRequirement[] = [];\r\n    \r\n    try {\r\n      // Check for TypeScript usage\r\n      if (projectContext.repoFacts?.some((fact: string) => fact.toLowerCase().includes('typescript'))) {\r\n        requirements.push({\r\n          type: 'type-safety',\r\n          priority: 'high',\r\n          description: 'TypeScript type safety and strict typing'\r\n        });\r\n      }\r\n      \r\n      // Check for testing frameworks\r\n      if (projectContext.repoFacts?.some((fact: string) => \r\n        fact.toLowerCase().includes('test') || fact.toLowerCase().includes('jest') || fact.toLowerCase().includes('vitest')\r\n      )) {\r\n        requirements.push({\r\n          type: 'testing',\r\n          priority: 'medium',\r\n          description: 'Comprehensive test coverage and quality'\r\n        });\r\n      }\r\n      \r\n      // Check for linting/formatting tools\r\n      if (projectContext.repoFacts?.some((fact: string) => \r\n        fact.toLowerCase().includes('eslint') || fact.toLowerCase().includes('prettier')\r\n      )) {\r\n        requirements.push({\r\n          type: 'code-quality',\r\n          priority: 'medium',\r\n          description: 'Code quality standards and formatting'\r\n        });\r\n      }\r\n      \r\n      // Check for build tools and optimization\r\n      if (projectContext.repoFacts?.some((fact: string) => \r\n        fact.toLowerCase().includes('webpack') || fact.toLowerCase().includes('vite') || fact.toLowerCase().includes('build')\r\n      )) {\r\n        requirements.push({\r\n          type: 'performance',\r\n          priority: 'medium',\r\n          description: 'Build optimization and performance'\r\n        });\r\n      }\r\n      \r\n      // Check for accessibility patterns in code snippets\r\n      if (projectContext.codeSnippets?.some((snippet: string) => \r\n        snippet.toLowerCase().includes('aria-') || snippet.toLowerCase().includes('role=') || snippet.toLowerCase().includes('alt=')\r\n      )) {\r\n        requirements.push({\r\n          type: 'accessibility',\r\n          priority: 'high',\r\n          description: 'Accessibility best practices and WCAG compliance'\r\n        });\r\n      }\r\n      \r\n      // Check for responsive design patterns\r\n      if (projectContext.codeSnippets?.some((snippet: string) => \r\n        snippet.toLowerCase().includes('@media') || snippet.toLowerCase().includes('responsive') || snippet.toLowerCase().includes('mobile')\r\n      )) {\r\n        requirements.push({\r\n          type: 'responsive',\r\n          priority: 'medium',\r\n          description: 'Mobile-first responsive design'\r\n        });\r\n      }\r\n      \r\n      // Check for security patterns\r\n      if (projectContext.codeSnippets?.some((snippet: string) => \r\n        snippet.toLowerCase().includes('sanitize') || snippet.toLowerCase().includes('validate') || snippet.toLowerCase().includes('csrf')\r\n      )) {\r\n        requirements.push({\r\n          type: 'security',\r\n          priority: 'high',\r\n          description: 'Security best practices and input validation'\r\n        });\r\n      }\r\n      \r\n    } catch (error) {\r\n      this.logger.warn('Failed to extract project quality requirements', {\r\n        error: error instanceof Error ? error.message : 'Unknown error'\r\n      });\r\n    }\r\n    \r\n    return requirements;\r\n  }\r\n\r\n  /**\r\n   * Deduplicate quality requirements\r\n   * REDESIGNED: Removes duplicate requirements and merges similar ones\r\n   */\r\n  private deduplicateQualityRequirements(requirements: QualityRequirement[]): QualityRequirement[] {\r\n    const uniqueRequirements = new Map<string, QualityRequirement>();\r\n    \r\n    for (const req of requirements) {\r\n      const key = req.type.toLowerCase();\r\n      const existing = uniqueRequirements.get(key);\r\n      \r\n      if (existing) {\r\n        // Merge descriptions and take higher priority\r\n        const mergedDescription = existing.description && req.description \r\n          ? `${existing.description}; ${req.description}`\r\n          : existing.description || req.description;\r\n        \r\n        const higherPriority = this.getHigherPriority(existing.priority, req.priority);\r\n        \r\n        uniqueRequirements.set(key, {\r\n          type: req.type,\r\n          priority: higherPriority,\r\n          description: mergedDescription || ''\r\n        });\r\n      } else {\r\n        uniqueRequirements.set(key, req);\r\n      }\r\n    }\r\n    \r\n    return Array.from(uniqueRequirements.values());\r\n  }\r\n\r\n  /**\r\n   * Get higher priority between two priorities\r\n   */\r\n  private getHigherPriority(priority1: string, priority2: string): 'low' | 'medium' | 'high' | 'critical' {\r\n    const priorityOrder = { 'low': 1, 'medium': 2, 'high': 3, 'critical': 4 };\r\n    const p1 = priorityOrder[priority1 as keyof typeof priorityOrder] || 1;\r\n    const p2 = priorityOrder[priority2 as keyof typeof priorityOrder] || 1;\r\n    \r\n    return p1 >= p2 ? priority1 as any : priority2 as any;\r\n  }\r\n\r\n  /**\r\n   * Calculate optimal token limit based on framework and complexity\r\n   * Implements intelligent token allocation\r\n   */\r\n  calculateOptimalTokenLimit(\r\n    complexityLevel: string,\r\n    framework: string,\r\n    prompt: string\r\n  ): number {\r\n    let baseTokens = 1000; // Base token allocation\r\n    \r\n    // Adjust based on complexity\r\n    switch (complexityLevel) {\r\n      case 'simple':\r\n        baseTokens = 400;\r\n        break;\r\n      case 'medium':\r\n        baseTokens = 1200;\r\n        break;\r\n      case 'complex':\r\n        baseTokens = 2000;\r\n        break;\r\n    }\r\n    \r\n    // Adjust based on framework\r\n    const frameworkLower = framework.toLowerCase();\r\n    if (frameworkLower.includes('react') || frameworkLower.includes('next')) {\r\n      baseTokens = Math.floor(baseTokens * 1.2); // React docs are typically more verbose\r\n    } else if (frameworkLower.includes('vue') || frameworkLower.includes('angular')) {\r\n      baseTokens = Math.floor(baseTokens * 1.1);\r\n    } else if (frameworkLower.includes('html') || frameworkLower.includes('css')) {\r\n      baseTokens = Math.floor(baseTokens * 0.8); // HTML/CSS docs are typically shorter\r\n    }\r\n    \r\n    // Adjust based on prompt length\r\n    if (prompt.length > 200) {\r\n      baseTokens = Math.floor(baseTokens * 1.1);\r\n    } else if (prompt.length < 50) {\r\n      baseTokens = Math.floor(baseTokens * 0.8);\r\n    }\r\n    \r\n    return Math.min(baseTokens, 3000); // Cap at 3000 tokens\r\n  }\r\n}\r",
    "File: src/services/ai/context7-curation.service.ts\nDescription: Class definition: Context7CurationService\nCode:\nexport class Context7CurationService {\r\n  private logger: Logger;\r\n  private openaiService: OpenAIService;\r\n  private config: CurationConfig;\r\n\r\n  constructor(logger: Logger, openaiService: OpenAIService, config: CurationConfig) {\r\n    this.logger = logger;\r\n    this.openaiService = openaiService;\r\n    this.config = config;\r\n  }\r\n\r\n  /**\r\n   * Curate Context7 content for Cursor AI code generation\r\n   */\r\n  async curateForCursor(\r\n    context7Content: string,\r\n    libraryId: string,\r\n    prompt: string,\r\n    projectContext: any\r\n  ): Promise<CuratedContent> {\r\n    const startTime = Date.now();\r\n    \r\n    try {\r\n      this.logger.debug('Starting Context7 content curation', {\r\n        libraryId,\r\n        originalLength: context7Content.length,\r\n        prompt: prompt.substring(0, 100) + '...'\r\n      });\r\n\r\n      // 1. Assess content quality\r\n      const qualityScore = await this.assessContentQuality(context7Content, prompt);\r\n      \r\n      // 2. If quality is too low, return original content\r\n      if (qualityScore < this.config.minQualityScore) {\r\n        this.logger.warn('Content quality too low, returning original', {\r\n          libraryId,\r\n          qualityScore,\r\n          minRequired: this.config.minQualityScore\r\n        });\r\n        \r\n        return this.createFallbackContent(context7Content, libraryId, startTime);\r\n      }\r\n\r\n      // 3. Extract key components\r\n      const keyComponents = await this.extractKeyComponents(context7Content, prompt, libraryId);\r\n      \r\n      // 4. Optimize tokens while preserving quality\r\n      const curatedContent = await this.optimizeTokens(\r\n        context7Content,\r\n        keyComponents,\r\n        prompt,\r\n        libraryId\r\n      );\r\n\r\n      // 5. Calculate metrics\r\n      const originalTokens = Math.ceil(context7Content.length / 4);\r\n      const curatedTokens = Math.ceil(curatedContent.length / 4);\r\n      const tokenReduction = 1 - (curatedTokens / originalTokens);\r\n\r\n      const result: CuratedContent = {\r\n        originalContent: context7Content,\r\n        curatedContent,\r\n        qualityScore,\r\n        tokenReduction,\r\n        cursorOptimized: true,\r\n        keyPatterns: keyComponents.patterns,\r\n        bestPractices: keyComponents.bestPractices,\r\n        codeExamples: keyComponents.codeExamples,\r\n        metadata: {\r\n          libraryId,\r\n          originalTokens,\r\n          curatedTokens,\r\n          processingTime: Date.now() - startTime,\r\n          confidence: qualityScore / 10\r\n        }\r\n      };\r\n\r\n      this.logger.info('Content curation completed successfully', {\r\n        libraryId,\r\n        qualityScore,\r\n        tokenReduction: `${(tokenReduction * 100).toFixed(1)}%`,\r\n        processingTime: result.metadata.processingTime\r\n      });\r\n\r\n      return result;\r\n\r\n    } catch (error) {\r\n      this.logger.error('Content curation failed', {\r\n        libraryId,\r\n        error: error instanceof Error ? error.message : 'Unknown error'\r\n      });\r\n      \r\n      // Return original content as fallback\r\n      return this.createFallbackContent(context7Content, libraryId, startTime);\r\n    }\r\n  }\r\n\r\n  /**\r\n   * Assess content quality for coding tasks\r\n   */\r\n  private async assessContentQuality(docContent: string, prompt: string): Promise<number> {\r\n    try {\r\n      const response = await this.openaiService.createChatCompletion([\r\n          {\r\n            role: 'system',\r\n            content: `You are a content quality assessor for AI code generation. Rate documentation content on a scale of 1-10 based on:\r\n\r\n1. Code Examples (30%): Presence of practical, runnable code snippets\r\n2. Best Practices (25%): Clear patterns, conventions, and guidelines\r\n3. Relevance (25%): How well it matches the user's coding intent\r\n4. Completeness (20%): Essential information coverage\r\n\r\nReturn ONLY a JSON object with this exact structure:\r\n{\r\n  \"score\": 8.5,\r\n  \"reasoning\": \"Brief explanation of the score\",\r\n  \"strengths\": [\"list\", \"of\", \"strengths\"],\r\n  \"weaknesses\": [\"list\", \"of\", \"weaknesses\"]\r\n}`\r\n          },\r\n          {\r\n            role: 'user',\r\n            content: `User Prompt: ${prompt}\r\n\r\nDocumentation Content:\r\n${docContent.substring(0, 2000)}...\r\n\r\nRate this content for AI code generation quality.`\r\n          }\r\n        ], {\r\n        temperature: 0.1,\r\n        maxTokens: 300\r\n      });\r\n\r\n      const content = response.choices[0]?.message?.content;\r\n      if (!content) throw new Error('No response from OpenAI');\r\n\r\n      const parsed = JSON.parse(content);\r\n      return Math.min(10, Math.max(1, parsed.score || 5));\r\n\r\n    } catch (error) {\r\n      this.logger.warn('Quality assessment failed, using default score', {\r\n        error: error instanceof Error ? error.message : 'Unknown error'\r\n      });\r\n      return 5.0; // Default moderate score\r\n    }\r\n  }\r\n\r\n  /**\r\n   * Extract key components from content\r\n   */\r\n  private async extractKeyComponents(\r\n    docContent: string,\r\n    prompt: string,\r\n    libraryId: string\r\n  ): Promise<{\r\n    patterns: string[];\r\n    bestPractices: string[];\r\n    codeExamples: string[];\r\n  }> {\r\n    try {\r\n      const response = await this.openaiService.createChatCompletion([\r\n          {\r\n            role: 'system',\r\n            content: `You are a technical content analyzer. Extract key components from documentation for AI code generation.\r\n\r\nReturn ONLY a JSON object with this exact structure:\r\n{\r\n  \"patterns\": [\"pattern1\", \"pattern2\", \"pattern3\"],\r\n  \"bestPractices\": [\"practice1\", \"practice2\", \"practice3\"],\r\n  \"codeExamples\": [\"example1\", \"example2\", \"example3\"]\r\n}\r\n\r\nFocus on:\r\n- Patterns: Common coding patterns and conventions\r\n- Best Practices: Guidelines and recommendations\r\n- Code Examples: Practical, runnable code snippets`\r\n          },\r\n          {\r\n            role: 'user',\r\n            content: `Library: ${libraryId}\r\nUser Prompt: ${prompt}\r\n\r\nContent:\r\n${docContent.substring(0, 3000)}...\r\n\r\nExtract key components for AI code generation.`\r\n          }\r\n        ], {\r\n        temperature: 0.2,\r\n        maxTokens: 500\r\n      });\r\n\r\n      const content = response.choices[0]?.message?.content;\r\n      if (!content) throw new Error('No response from OpenAI');\r\n\r\n      const parsed = JSON.parse(content);\r\n      return {\r\n        patterns: parsed.patterns || [],\r\n        bestPractices: parsed.bestPractices || [],\r\n        codeExamples: parsed.codeExamples || []\r\n      };\r\n\r\n    } catch (error) {\r\n      this.logger.warn('Key component extraction failed', {\r\n        error: error instanceof Error ? error.message : 'Unknown error'\r\n      });\r\n      \r\n      return {\r\n        patterns: [],\r\n        bestPractices: [],\r\n        codeExamples: []\r\n      };\r\n    }\r\n  }\r\n\r\n  /**\r\n   * Optimize tokens while preserving quality\r\n   */\r\n  private async optimizeTokens(\r\n    content: string,\r\n    keyComponents: any,\r\n    prompt: string,\r\n    libraryId: string\r\n  ): Promise<string> {\r\n    try {\r\n      const targetTokens = Math.ceil(content.length / 4 * (1 - this.config.targetTokenReduction));\r\n      \r\n      const response = await this.openaiService.createChatCompletion([\r\n          {\r\n            role: 'system',\r\n            content: `You are a technical content optimizer for AI code generation. Create a concise, high-quality summary that:\r\n\r\n1. Preserves all essential information for coding\r\n2. Keeps all code examples and patterns\r\n3. Maintains best practices and guidelines\r\n4. Removes boilerplate and marketing content\r\n5. Focuses on practical, actionable information\r\n6. Optimizes for Cursor AI code generation\r\n\r\nTarget length: ~${targetTokens} tokens\r\nFormat: Clean, structured, code-focused content`\r\n          },\r\n          {\r\n            role: 'user',\r\n            content: `Library: ${libraryId}\r\nUser Prompt: ${prompt}\r\n\r\nKey Components:\r\n- Patterns: ${keyComponents.patterns.join(', ')}\r\n- Best Practices: ${keyComponents.bestPractices.join(', ')}\r\n- Code Examples: ${keyComponents.codeExamples.length} examples\r\n\r\nOriginal Content:\r\n${content}\r\n\r\nCreate an optimized version for AI code generation.`\r\n          }\r\n        ], {\r\n        temperature: 0.1,\r\n        maxTokens: Math.min(4000, targetTokens * 2)\r\n      });\r\n\r\n      const curatedContent = response.choices[0]?.message?.content;\r\n      if (!curatedContent) throw new Error('No response from OpenAI');\r\n\r\n      return curatedContent;\r\n\r\n    } catch (error) {\r\n      this.logger.warn('Token optimization failed, using original content', {\r\n        error: error instanceof Error ? error.message : 'Unknown error'\r\n      });\r\n      return content;\r\n    }\r\n  }\r\n\r\n  /**\r\n   * Create fallback content when curation fails\r\n   */\r\n  private createFallbackContent(\r\n    originalContent: string,\r\n    libraryId: string,\r\n    startTime: number\r\n  ): CuratedContent {\r\n    const originalTokens = Math.ceil(originalContent.length / 4);\r\n    \r\n    return {\r\n      originalContent,\r\n      curatedContent: originalContent,\r\n      qualityScore: 5.0,\r\n      tokenReduction: 0,\r\n      cursorOptimized: false,\r\n      keyPatterns: [],\r\n      bestPractices: [],\r\n      codeExamples: [],\r\n      metadata: {\r\n        libraryId,\r\n        originalTokens,\r\n        curatedTokens: originalTokens,\r\n        processingTime: Date.now() - startTime,\r\n        confidence: 0.5\r\n      }\r\n    };\r\n  }\r\n\r\n  /**\r\n   * Test the curation service\r\n   */\r\n  async testCuration(): Promise<boolean> {\r\n    try {\r\n      const testContent = `\r\n# React Documentation\r\n\r\nReact is a JavaScript library for building user interfaces.\r\n\r\n## Getting Started\r\n\r\n\\`\\`\\`jsx\r\nimport React from 'react';\r\n\r\nfunction App() {\r\n  return <h1>Hello World</h1>;\r\n}\r\n\\`\\`\\`\r\n\r\n## Best Practices\r\n\r\n- Use functional components with hooks\r\n- Keep components small and focused\r\n- Use TypeScript for better development experience\r\n`;\r\n\r\n      const result = await this.curateForCursor(\r\n        testContent,\r\n        '/facebook/react',\r\n        'Create a React component',\r\n        {}\r\n      );\r\n\r\n      return result.qualityScore > 0 && result.curatedContent.length > 0;\r\n\r\n    } catch (error) {\r\n      this.logger.error('Curation test failed', {\r\n        error: error instanceof Error ? error.message : 'Unknown error'\r\n      });\r\n      return false;\r\n    }\r\n  }\r\n}\r",
    "File: src/services/analytics/reliability.service.ts\nDescription: Class definition: ReliabilityService\nCode:\nexport class ReliabilityService {\r\n  private logger: Logger;\r\n  private startTime: Date;\r\n  private errors: ErrorRecord[] = [];\r\n  private restarts: Date[] = [];\r\n  private lastError: Date | null = null;\r\n  private lastResolution: Date | null = null;\r\n\r\n  constructor(logger: Logger) {\r\n    this.logger = logger;\r\n    this.startTime = new Date();\r\n    this.logger.debug('ReliabilityService initialized');\r\n  }\r\n\r\n  /**\r\n   * Record an error with full context\r\n   */\r\n  recordError(\r\n    type: string,\r\n    message: string,\r\n    severity: ErrorRecord['severity'] = 'medium',\r\n    context?: Record<string, any>,\r\n    stack?: string\r\n  ): string {\r\n    const errorId = this.generateErrorId();\r\n    const category = this.categorizeError(type, message);\r\n    \r\n    const error: ErrorRecord = {\r\n      id: errorId,\r\n      timestamp: new Date(),\r\n      type,\r\n      category,\r\n      severity,\r\n      message,\r\n      stack: stack || '',\r\n      context: context || {},\r\n      resolved: false\r\n    };\r\n\r\n    this.errors.push(error);\r\n    this.lastError = new Date();\r\n\r\n    this.logger.warn('Error recorded', {\r\n      errorId,\r\n      type,\r\n      category,\r\n      severity,\r\n      message: message.substring(0, 100)\r\n    });\r\n\r\n    return errorId;\r\n  }\r\n\r\n  /**\r\n   * Mark an error as resolved\r\n   */\r\n  resolveError(errorId: string, resolution?: string): boolean {\r\n    const error = this.errors.find(e => e.id === errorId);\r\n    if (!error) {\r\n      this.logger.warn('Attempted to resolve non-existent error', { errorId });\r\n      return false;\r\n    }\r\n\r\n    error.resolved = true;\r\n    error.resolvedAt = new Date();\r\n    error.resolution = resolution || '';\r\n    this.lastResolution = new Date();\r\n\r\n    this.logger.info('Error resolved', {\r\n      errorId,\r\n      type: error.type,\r\n      resolutionTime: this.calculateResolutionTime(error)\r\n    });\r\n\r\n    return true;\r\n  }\r\n\r\n  /**\r\n   * Record a system restart\r\n   */\r\n  recordRestart(): void {\r\n    this.restarts.push(new Date());\r\n    this.logger.info('System restart recorded');\r\n  }\r\n\r\n  /**\r\n   * Get comprehensive reliability metrics\r\n   */\r\n  getReliabilityMetrics(): ReliabilityMetrics {\r\n    const now = new Date();\r\n    const totalUptime = Math.floor((now.getTime() - this.startTime.getTime()) / 1000);\r\n    const currentUptime = this.calculateCurrentUptime();\r\n    const uptimePercentage = this.calculateUptimePercentage();\r\n\r\n    const errorMetrics = this.calculateErrorMetrics();\r\n    const performanceMetrics = this.calculatePerformanceMetrics();\r\n    const trends = this.calculateTrends();\r\n\r\n    return {\r\n      uptime: {\r\n        totalUptime,\r\n        uptimePercentage,\r\n        lastRestart: this.restarts[this.restarts.length - 1] || this.startTime,\r\n        currentUptime\r\n      },\r\n      errors: errorMetrics,\r\n      performance: performanceMetrics,\r\n      trends,\r\n      timestamp: now\r\n    };\r\n  }\r\n\r\n  /**\r\n   * Get reliability health status\r\n   */\r\n  getReliabilityHealth(): ReliabilityHealthStatus {\r\n    const metrics = this.getReliabilityMetrics();\r\n    const issues: string[] = [];\r\n    const recommendations: string[] = [];\r\n    const alerts: string[] = [];\r\n    let score = 100;\r\n\r\n    // Check uptime\r\n    if (metrics.uptime.uptimePercentage < 95) {\r\n      issues.push('Low uptime percentage');\r\n      recommendations.push('Investigate downtime causes and improve monitoring');\r\n      score -= 20;\r\n    } else if (metrics.uptime.uptimePercentage < 99) {\r\n      issues.push('Moderate uptime issues');\r\n      recommendations.push('Monitor uptime trends and address recurring issues');\r\n      score -= 10;\r\n    }\r\n\r\n    // Check error rate\r\n    if (metrics.errors.errorRate > 10) {\r\n      issues.push('High error rate');\r\n      recommendations.push('Implement better error handling and monitoring');\r\n      score -= 25;\r\n    } else if (metrics.errors.errorRate > 5) {\r\n      issues.push('Elevated error rate');\r\n      recommendations.push('Review error patterns and improve error handling');\r\n      score -= 15;\r\n    }\r\n\r\n    // Check resolution time\r\n    if (metrics.errors.averageResolutionTime > 60) {\r\n      issues.push('Slow error resolution');\r\n      recommendations.push('Improve error response and resolution processes');\r\n      score -= 15;\r\n    } else if (metrics.errors.averageResolutionTime > 30) {\r\n      issues.push('Moderate resolution time');\r\n      recommendations.push('Optimize error resolution workflows');\r\n      score -= 8;\r\n    }\r\n\r\n    // Check MTBF\r\n    if (metrics.performance.meanTimeBetweenFailures < 24) {\r\n      issues.push('Frequent failures');\r\n      recommendations.push('Improve system stability and error prevention');\r\n      score -= 20;\r\n    } else if (metrics.performance.meanTimeBetweenFailures < 168) { // 1 week\r\n      issues.push('Moderate failure frequency');\r\n      recommendations.push('Monitor failure patterns and improve reliability');\r\n      score -= 10;\r\n    }\r\n\r\n    // Check resolution rate\r\n    if (metrics.errors.resolutionRate < 80) {\r\n      issues.push('Low error resolution rate');\r\n      recommendations.push('Improve error tracking and resolution processes');\r\n      score -= 15;\r\n    } else if (metrics.errors.resolutionRate < 90) {\r\n      issues.push('Moderate resolution rate');\r\n      recommendations.push('Enhance error resolution tracking');\r\n      score -= 8;\r\n    }\r\n\r\n    // Check critical errors\r\n    const criticalErrors = this.errors.filter(e => e.severity === 'critical' && !e.resolved);\r\n    if (criticalErrors.length > 0) {\r\n      alerts.push(`${criticalErrors.length} critical errors unresolved`);\r\n      score -= 30;\r\n    }\r\n\r\n    // Check recent error trends\r\n    if (metrics.trends.errorTrend === 'degrading') {\r\n      alerts.push('Error rate is increasing');\r\n      score -= 10;\r\n    }\r\n\r\n    const overall = score >= 90 ? 'excellent' : \r\n                   score >= 80 ? 'good' : \r\n                   score >= 70 ? 'fair' : \r\n                   score >= 50 ? 'poor' : 'critical';\r\n\r\n    return {\r\n      overall,\r\n      score: Math.max(0, score),\r\n      issues,\r\n      recommendations,\r\n      alerts,\r\n      lastChecked: new Date()\r\n    };\r\n  }\r\n\r\n  /**\r\n   * Get error statistics for a specific time period\r\n   */\r\n  getErrorStatistics(startDate?: Date, endDate?: Date): {\r\n    total: number;\r\n    byType: Record<string, number>;\r\n    byCategory: Record<string, number>;\r\n    bySeverity: Record<string, number>;\r\n    resolved: number;\r\n    unresolved: number;\r\n  } {\r\n    const filteredErrors = this.filterErrorsByDateRange(startDate, endDate);\r\n    \r\n    const byType: Record<string, number> = {};\r\n    const byCategory: Record<string, number> = {};\r\n    const bySeverity: Record<string, number> = {};\r\n    \r\n    let resolved = 0;\r\n    let unresolved = 0;\r\n\r\n    filteredErrors.forEach(error => {\r\n      byType[error.type] = (byType[error.type] || 0) + 1;\r\n      byCategory[error.category] = (byCategory[error.category] || 0) + 1;\r\n      bySeverity[error.severity] = (bySeverity[error.severity] || 0) + 1;\r\n      \r\n      if (error.resolved) {\r\n        resolved++;\r\n      } else {\r\n        unresolved++;\r\n      }\r\n    });\r\n\r\n    return {\r\n      total: filteredErrors.length,\r\n      byType,\r\n      byCategory,\r\n      bySeverity,\r\n      resolved,\r\n      unresolved\r\n    };\r\n  }\r\n\r\n  /**\r\n   * Get recent errors (last N hours)\r\n   */\r\n  getRecentErrors(hours: number = 24): ErrorRecord[] {\r\n    const cutoff = new Date(Date.now() - hours * 60 * 60 * 1000);\r\n    return this.errors.filter(error => error.timestamp >= cutoff);\r\n  }\r\n\r\n  /**\r\n   * Reset all reliability data (useful for testing)\r\n   */\r\n  resetReliabilityData(): void {\r\n    this.errors = [];\r\n    this.restarts = [];\r\n    this.lastError = null;\r\n    this.lastResolution = null;\r\n    this.startTime = new Date();\r\n    this.logger.debug('Reliability data reset');\r\n  }\r\n\r\n  private generateErrorId(): string {\r\n    return `err_${Date.now()}_${Math.random().toString(36).substr(2, 9)}`;\r\n  }\r\n\r\n  private categorizeError(type: string, message: string): string {\r\n    const lowerType = type.toLowerCase();\r\n    const lowerMessage = message.toLowerCase();\r\n\r\n    if (lowerType.includes('timeout') || lowerMessage.includes('timeout')) {\r\n      return 'timeout';\r\n    }\r\n    if (lowerType.includes('network') || lowerMessage.includes('network')) {\r\n      return 'network';\r\n    }\r\n    if (lowerType.includes('validation') || lowerMessage.includes('validation')) {\r\n      return 'validation';\r\n    }\r\n    if (lowerType.includes('database') || lowerMessage.includes('database')) {\r\n      return 'database';\r\n    }\r\n    if (lowerType.includes('auth') || lowerMessage.includes('auth')) {\r\n      return 'authentication';\r\n    }\r\n    if (lowerType.includes('permission') || lowerMessage.includes('permission')) {\r\n      return 'authorization';\r\n    }\r\n    if (lowerType.includes('memory') || lowerMessage.includes('memory')) {\r\n      return 'resource';\r\n    }\r\n    if (lowerType.includes('disk') || lowerMessage.includes('disk')) {\r\n      return 'resource';\r\n    }\r\n    if (lowerType.includes('cpu') || lowerMessage.includes('cpu')) {\r\n      return 'resource';\r\n    }\r\n\r\n    return 'unknown';\r\n  }\r\n\r\n  private calculateCurrentUptime(): number {\r\n    const lastRestart = this.restarts[this.restarts.length - 1] || this.startTime;\r\n    return Math.floor((Date.now() - lastRestart.getTime()) / 1000);\r\n  }\r\n\r\n  private calculateUptimePercentage(): number {\r\n    if (this.restarts.length === 0) {\r\n      return 100; // No restarts, 100% uptime\r\n    }\r\n\r\n    const totalTime = Date.now() - this.startTime.getTime();\r\n    const downtime = this.calculateTotalDowntime();\r\n    const uptime = totalTime - downtime;\r\n    \r\n    return Math.max(0, (uptime / totalTime) * 100);\r\n  }\r\n\r\n  private calculateTotalDowntime(): number {\r\n    // Simplified calculation - in reality, you'd track actual downtime periods\r\n    return this.restarts.length * 60000; // Assume 1 minute downtime per restart\r\n  }\r\n\r\n  private calculateErrorMetrics() {\r\n    const now = new Date();\r\n    const oneHourAgo = new Date(now.getTime() - 60 * 60 * 1000);\r\n    const recentErrors = this.errors.filter(e => e.timestamp >= oneHourAgo);\r\n    \r\n    const errorsByType: Record<string, number> = {};\r\n    const errorsByCategory: Record<string, number> = {};\r\n    const errorsBySeverity: Record<string, number> = {};\r\n    \r\n    let totalResolutionTime = 0;\r\n    let resolvedCount = 0;\r\n\r\n    this.errors.forEach(error => {\r\n      errorsByType[error.type] = (errorsByType[error.type] || 0) + 1;\r\n      errorsByCategory[error.category] = (errorsByCategory[error.category] || 0) + 1;\r\n      errorsBySeverity[error.severity] = (errorsBySeverity[error.severity] || 0) + 1;\r\n      \r\n      if (error.resolved && error.resolvedAt) {\r\n        const resolutionTime = this.calculateResolutionTime(error);\r\n        totalResolutionTime += resolutionTime;\r\n        resolvedCount++;\r\n      }\r\n    });\r\n\r\n    return {\r\n      totalErrors: this.errors.length,\r\n      errorRate: recentErrors.length,\r\n      errorsByType,\r\n      errorsByCategory,\r\n      errorsBySeverity,\r\n      averageResolutionTime: resolvedCount > 0 ? totalResolutionTime / resolvedCount : 0,\r\n      resolutionRate: this.errors.length > 0 ? (resolvedCount / this.errors.length) * 100 : 100\r\n    };\r\n  }\r\n\r\n  private calculatePerformanceMetrics() {\r\n    const mtbf = this.calculateMTBF();\r\n    const mttr = this.calculateMTTR();\r\n    const availability = this.calculateAvailability();\r\n    \r\n    // Calculate reliability score based on multiple factors\r\n    let reliabilityScore = 100;\r\n    \r\n    if (mtbf < 24) reliabilityScore -= 30;\r\n    else if (mtbf < 168) reliabilityScore -= 15;\r\n    \r\n    if (mttr > 60) reliabilityScore -= 25;\r\n    else if (mttr > 30) reliabilityScore -= 10;\r\n    \r\n    if (availability < 95) reliabilityScore -= 20;\r\n    else if (availability < 99) reliabilityScore -= 10;\r\n\r\n    return {\r\n      meanTimeBetweenFailures: mtbf,\r\n      meanTimeToRecovery: mttr,\r\n      availability,\r\n      reliabilityScore: Math.max(0, reliabilityScore)\r\n    };\r\n  }\r\n\r\n  private calculateMTBF(): number {\r\n    if (this.restarts.length < 2) {\r\n      return 168; // Default to 1 week if not enough data\r\n    }\r\n    \r\n    const totalUptime = this.restarts.reduce((total, restart, index) => {\r\n      const previousRestart = index === 0 ? this.startTime : this.restarts[index - 1];\r\n      return total + (restart.getTime() - (previousRestart?.getTime() || restart.getTime()));\r\n    }, 0);\r\n    \r\n    const averageUptime = totalUptime / this.restarts.length;\r\n    return averageUptime / (1000 * 60 * 60); // Convert to hours\r\n  }\r\n\r\n  private calculateMTTR(): number {\r\n    const resolvedErrors = this.errors.filter(e => e.resolved && e.resolvedAt);\r\n    if (resolvedErrors.length === 0) {\r\n      return 0;\r\n    }\r\n    \r\n    const totalResolutionTime = resolvedErrors.reduce((total, error) => {\r\n      return total + this.calculateResolutionTime(error);\r\n    }, 0);\r\n    \r\n    return totalResolutionTime / resolvedErrors.length; // Average in minutes\r\n  }\r\n\r\n  private calculateAvailability(): number {\r\n    return this.calculateUptimePercentage();\r\n  }\r\n\r\n  private calculateTrends() {\r\n    const now = new Date();\r\n    const oneWeekAgo = new Date(now.getTime() - 7 * 24 * 60 * 60 * 1000);\r\n    const twoWeeksAgo = new Date(now.getTime() - 14 * 24 * 60 * 60 * 1000);\r\n    \r\n    const recentErrors = this.errors.filter(e => e.timestamp >= oneWeekAgo);\r\n    const olderErrors = this.errors.filter(e => e.timestamp >= twoWeeksAgo && e.timestamp < oneWeekAgo);\r\n    \r\n    const recentErrorRate = recentErrors.length / 7; // Per day\r\n    const olderErrorRate = olderErrors.length / 7; // Per day\r\n    \r\n    let errorTrend: 'improving' | 'stable' | 'degrading' = 'stable';\r\n    if (recentErrorRate > olderErrorRate * 1.2) {\r\n      errorTrend = 'degrading';\r\n    } else if (recentErrorRate < olderErrorRate * 0.8) {\r\n      errorTrend = 'improving';\r\n    }\r\n    \r\n    // Simplified trends - in reality, you'd calculate more sophisticated trends\r\n    return {\r\n      errorTrend,\r\n      uptimeTrend: 'stable' as const,\r\n      resolutionTrend: 'stable' as const\r\n    };\r\n  }\r\n\r\n  private calculateResolutionTime(error: ErrorRecord): number {\r\n    if (!error.resolvedAt) return 0;\r\n    return (error.resolvedAt.getTime() - error.timestamp.getTime()) / (1000 * 60); // Minutes\r\n  }\r\n\r\n  private filterErrorsByDateRange(startDate?: Date, endDate?: Date): ErrorRecord[] {\r\n    return this.errors.filter(error => {\r\n      if (startDate && error.timestamp < startDate) return false;\r\n      if (endDate && error.timestamp > endDate) return false;\r\n      return true;\r\n    });\r\n  }\r\n}\r",
    "File: src/services/cache/prompt-cache.service.ts\nDescription: Class definition: PromptCacheService\nCode:\nexport class PromptCacheService {\r\n  private logger: Logger;\r\n  private config: ConfigService;\r\n  private memoryCache: Map<string, PromptCacheEntry> = new Map();\r\n  private sqliteCache!: Database.Database;\r\n  private cacheConfig: PromptCacheConfig;\r\n  private stats = {\r\n    hits: 0,\r\n    misses: 0,\r\n    totalRequests: 0,\r\n    averageResponseTime: 0,\r\n    // New performance metrics\r\n    averageHitTime: 0,\r\n    averageMissTime: 0,\r\n    memoryUsage: 0,\r\n    evictionCount: 0,\r\n    lastCleanup: new Date(),\r\n    performanceGain: 0,\r\n    hitTimes: [] as number[],\r\n    missTimes: [] as number[]\r\n  };\r\n\r\n  constructor(logger: Logger, config: ConfigService) {\r\n    this.logger = logger;\r\n    this.config = config;\r\n    this.cacheConfig = this.initializeCacheConfig();\r\n    this.initializeSQLiteCache();\r\n  }\r\n\r\n  /**\r\n   * Initialize cache configuration\r\n   */\r\n  private initializeCacheConfig(): PromptCacheConfig {\r\n    return {\r\n      enabled: this.config.get('cache')?.context7?.enablePersistence ?? true,\r\n      maxEntries: this.config.get('cache')?.context7?.maxMemoryEntries ?? 1000,\r\n      ttl: {\r\n        default: (this.config.get('cache')?.context7?.defaultTtl ?? 3600) * 1000, // Convert to milliseconds\r\n        byComplexity: {\r\n          simple: (this.config.get('cache')?.context7?.defaultTtl ?? 3600) * 1000 * 0.5, // 50% of default\r\n          medium: (this.config.get('cache')?.context7?.defaultTtl ?? 3600) * 1000, // Default TTL\r\n          complex: (this.config.get('cache')?.context7?.defaultTtl ?? 3600) * 1000 * 2 // 200% of default\r\n        },\r\n        maxAge: (this.config.get('cache')?.context7?.maxTtl ?? 86400) * 1000 // Convert to milliseconds\r\n      },\r\n      similarityThreshold: 0.8,\r\n      warming: {\r\n        enabled: false, // Disable hardcoded warming prompts\r\n        commonPrompts: [], // No hardcoded user data\r\n        frameworks: [] // No hardcoded user data\r\n      }\r\n    };\r\n  }\r\n\r\n  /**\r\n   * Initialize SQLite cache database\r\n   */\r\n  private initializeSQLiteCache(): void {\r\n    try {\r\n      this.sqliteCache = new Database('prompt-cache.db');\r\n      \r\n      // Create cache table\r\n      this.sqliteCache.exec(`\r\n        CREATE TABLE IF NOT EXISTS prompt_cache (\r\n          key TEXT PRIMARY KEY,\r\n          original_prompt TEXT NOT NULL,\r\n          enhanced_prompt TEXT NOT NULL,\r\n          context TEXT NOT NULL,\r\n          timestamp INTEGER NOT NULL,\r\n          ttl INTEGER NOT NULL,\r\n          hits INTEGER DEFAULT 0,\r\n          quality_score REAL DEFAULT 0,\r\n          token_count INTEGER DEFAULT 0,\r\n          framework_detection TEXT,\r\n          metadata TEXT,\r\n          created_at DATETIME DEFAULT CURRENT_TIMESTAMP\r\n        )\r\n      `);\r\n\r\n      // Create indexes for better performance\r\n      this.sqliteCache.exec(`\r\n        CREATE INDEX IF NOT EXISTS idx_prompt_cache_timestamp ON prompt_cache(timestamp);\r\n        CREATE INDEX IF NOT EXISTS idx_prompt_cache_hits ON prompt_cache(hits);\r\n        CREATE INDEX IF NOT EXISTS idx_prompt_cache_quality ON prompt_cache(quality_score);\r\n      `);\r\n\r\n      this.logger.info('Prompt cache SQLite database initialized');\r\n    } catch (error) {\r\n      this.logger.error('Failed to initialize prompt cache database', { error });\r\n      throw error;\r\n    }\r\n  }\r\n\r\n  /**\r\n   * Get cached enhanced prompt\r\n   */\r\n  async getCachedPrompt(\r\n    originalPrompt: string,\r\n    context: any,\r\n    frameworkDetection: any\r\n  ): Promise<PromptCacheEntry | null> {\r\n    if (!this.cacheConfig.enabled) return null;\r\n\r\n    const startTime = Date.now();\r\n    this.stats.totalRequests++;\r\n\r\n    try {\r\n      const cacheKey = this.generatePromptCacheKey(originalPrompt, context, frameworkDetection);\r\n      \r\n      // Check memory cache first\r\n      let entry = this.memoryCache.get(cacheKey);\r\n      if (entry && !this.isExpired(entry)) {\r\n        const hitTime = Date.now() - startTime;\r\n        entry.hits++;\r\n        this.stats.hits++;\r\n        this.stats.hitTimes.push(hitTime);\r\n        this.updateStats(entry);\r\n        this.updatePerformanceMetrics();\r\n        this.logger.debug('Prompt cache hit (memory)', { cacheKey, hits: entry.hits, hitTime });\r\n        return entry;\r\n      }\r\n\r\n      // Check SQLite cache\r\n      entry = await this.getFromSQLite(cacheKey) || undefined;\r\n      if (entry && !this.isExpired(entry)) {\r\n        const hitTime = Date.now() - startTime;\r\n        entry.hits++;\r\n        this.stats.hits++;\r\n        this.stats.hitTimes.push(hitTime);\r\n        this.updateStats(entry);\r\n        this.updatePerformanceMetrics();\r\n        \r\n        // Move to memory cache for faster access\r\n        this.memoryCache.set(cacheKey, entry);\r\n        \r\n        this.logger.debug('Prompt cache hit (SQLite)', { cacheKey, hits: entry.hits, hitTime });\r\n        return entry;\r\n      }\r\n\r\n      const missTime = Date.now() - startTime;\r\n      this.stats.misses++;\r\n      this.stats.missTimes.push(missTime);\r\n      this.updatePerformanceMetrics();\r\n      this.logger.debug('Prompt cache miss', { cacheKey, missTime });\r\n      return null;\r\n\r\n    } catch (error) {\r\n      this.logger.warn('Prompt cache retrieval failed', { error });\r\n      return null;\r\n    }\r\n  }\r\n\r\n  /**\r\n   * Cache enhanced prompt\r\n   */\r\n  async cachePrompt(\r\n    originalPrompt: string,\r\n    enhancedPrompt: string,\r\n    context: any,\r\n    frameworkDetection: any,\r\n    qualityScore: number,\r\n    responseTime: number,\r\n    complexity: string,\r\n    curationMetrics?: {\r\n      totalTokenReduction: number;\r\n      averageQualityScore: number;\r\n      curationEnabled: boolean;\r\n    }\r\n  ): Promise<void> {\r\n    if (!this.cacheConfig.enabled) return;\r\n\r\n    try {\r\n      const cacheKey = this.generatePromptCacheKey(originalPrompt, context, frameworkDetection);\r\n      const tokenCount = Math.ceil(enhancedPrompt.length / 4);\r\n      const ttl = this.calculateTTL(complexity);\r\n\r\n      const entry: PromptCacheEntry = {\r\n        key: cacheKey,\r\n        originalPrompt,\r\n        enhancedPrompt,\r\n        context,\r\n        timestamp: Date.now(),\r\n        ttl,\r\n        hits: 0,\r\n        qualityScore,\r\n        tokenCount,\r\n        frameworkDetection,\r\n        metadata: {\r\n          responseTime,\r\n          complexity,\r\n          librariesUsed: frameworkDetection?.context7Libraries || [],\r\n          curationMetrics: curationMetrics || null\r\n        }\r\n      };\r\n\r\n      // Store in memory cache\r\n      this.memoryCache.set(cacheKey, entry);\r\n\r\n      // Store in SQLite cache\r\n      await this.storeInSQLite(entry);\r\n\r\n      // Cleanup if cache is too large\r\n      await this.cleanupCache();\r\n\r\n      this.logger.debug('Prompt cached successfully', {\r\n        cacheKey,\r\n        tokenCount,\r\n        qualityScore,\r\n        complexity\r\n      });\r\n\r\n    } catch (error) {\r\n      this.logger.warn('Prompt caching failed', { error });\r\n    }\r\n  }\r\n\r\n  /**\r\n   * Generate cache key for prompt\r\n   */\r\n  private generatePromptCacheKey(\r\n    originalPrompt: string,\r\n    context: any,\r\n    frameworkDetection: any\r\n  ): string {\r\n    // Create a hash of the prompt and context for consistent keys\r\n    const promptHash = this.hashString(originalPrompt.toLowerCase().trim());\r\n    const contextHash = this.hashString(JSON.stringify(context, Object.keys(context).sort()));\r\n    const frameworkHash = this.hashString(\r\n      JSON.stringify(frameworkDetection?.detectedFrameworks || [], Object.keys(frameworkDetection || {}).sort())\r\n    );\r\n    \r\n    return `prompt:${promptHash}:${contextHash}:${frameworkHash}`;\r\n  }\r\n\r\n  /**\r\n   * Hash string for consistent keys\r\n   */\r\n  private hashString(str: string): string {\r\n    let hash = 0;\r\n    for (let i = 0; i < str.length; i++) {\r\n      const char = str.charCodeAt(i);\r\n      hash = ((hash << 5) - hash) + char;\r\n      hash = hash & hash;\r\n    }\r\n    return Math.abs(hash).toString(36);\r\n  }\r\n\r\n  /**\r\n   * Calculate TTL based on complexity\r\n   */\r\n  private calculateTTL(complexity: string): number {\r\n    const complexityTTL = this.cacheConfig.ttl.byComplexity[complexity as keyof typeof this.cacheConfig.ttl.byComplexity];\r\n    return Math.min(complexityTTL || this.cacheConfig.ttl.default, this.cacheConfig.ttl.maxAge);\r\n  }\r\n\r\n  /**\r\n   * Check if cache entry is expired\r\n   */\r\n  private isExpired(entry: PromptCacheEntry): boolean {\r\n    const now = Date.now();\r\n    return (now - entry.timestamp) > entry.ttl;\r\n  }\r\n\r\n  /**\r\n   * Get entry from SQLite cache\r\n   */\r\n  private async getFromSQLite(key: string): Promise<PromptCacheEntry | null> {\r\n    try {\r\n      const stmt = this.sqliteCache.prepare(`\r\n        SELECT * FROM prompt_cache WHERE key = ?\r\n      `);\r\n      const row = stmt.get(key) as any;\r\n      \r\n      if (!row) return null;\r\n\r\n      return {\r\n        key: row.key,\r\n        originalPrompt: row.original_prompt,\r\n        enhancedPrompt: row.enhanced_prompt,\r\n        context: JSON.parse(row.context),\r\n        timestamp: row.timestamp,\r\n        ttl: row.ttl,\r\n        hits: row.hits,\r\n        qualityScore: row.quality_score,\r\n        tokenCount: row.token_count,\r\n        frameworkDetection: JSON.parse(row.framework_detection || '{}'),\r\n        metadata: JSON.parse(row.metadata || '{}')\r\n      };\r\n    } catch (error) {\r\n      this.logger.warn('SQLite prompt cache retrieval failed', { key, error });\r\n      return null;\r\n    }\r\n  }\r\n\r\n  /**\r\n   * Store entry in SQLite cache\r\n   */\r\n  private async storeInSQLite(entry: PromptCacheEntry): Promise<void> {\r\n    try {\r\n      const stmt = this.sqliteCache.prepare(`\r\n        INSERT OR REPLACE INTO prompt_cache (\r\n          key, original_prompt, enhanced_prompt, context, timestamp, ttl,\r\n          hits, quality_score, token_count, framework_detection, metadata\r\n        ) VALUES (?, ?, ?, ?, ?, ?, ?, ?, ?, ?, ?)\r\n      `);\r\n      \r\n      stmt.run(\r\n        entry.key,\r\n        entry.originalPrompt,\r\n        entry.enhancedPrompt,\r\n        JSON.stringify(entry.context),\r\n        entry.timestamp,\r\n        entry.ttl,\r\n        entry.hits,\r\n        entry.qualityScore,\r\n        entry.tokenCount,\r\n        JSON.stringify(entry.frameworkDetection),\r\n        JSON.stringify(entry.metadata)\r\n      );\r\n    } catch (error) {\r\n      this.logger.warn('SQLite prompt cache storage failed', { error });\r\n    }\r\n  }\r\n\r\n  /**\r\n   * Update cache statistics\r\n   */\r\n  private updateStats(entry: PromptCacheEntry): void {\r\n    this.stats.totalRequests++;\r\n    this.stats.averageResponseTime = \r\n      (this.stats.averageResponseTime * (this.stats.totalRequests - 1) + entry.metadata.responseTime) / \r\n      this.stats.totalRequests;\r\n  }\r\n\r\n  /**\r\n   * Cleanup cache when it gets too large\r\n   */\r\n  private async cleanupCache(): Promise<void> {\r\n    if (this.memoryCache.size <= this.cacheConfig.maxEntries) return;\r\n\r\n    // Remove least recently used entries from memory\r\n    const entries = Array.from(this.memoryCache.entries())\r\n      .sort(([, a], [, b]) => a.hits - b.hits)\r\n      .slice(0, Math.floor(this.cacheConfig.maxEntries * 0.8));\r\n\r\n    this.memoryCache.clear();\r\n    entries.forEach(([key, entry]) => this.memoryCache.set(key, entry));\r\n\r\n    // Cleanup SQLite cache\r\n    try {\r\n      const stmt = this.sqliteCache.prepare(`\r\n        DELETE FROM prompt_cache \r\n        WHERE timestamp + ttl < ? OR key NOT IN (\r\n          SELECT key FROM prompt_cache \r\n          ORDER BY hits DESC, timestamp DESC \r\n          LIMIT ?\r\n        )\r\n      `);\r\n      stmt.run(Date.now(), this.cacheConfig.maxEntries);\r\n    } catch (error) {\r\n      this.logger.warn('SQLite cache cleanup failed', { error });\r\n    }\r\n  }\r\n\r\n  /**\r\n   * Get cache statistics\r\n   */\r\n  getCacheStats(): PromptCacheStats {\r\n    const hitRate = this.stats.totalRequests > 0 \r\n      ? (this.stats.hits / this.stats.totalRequests) * 100 \r\n      : 0;\r\n\r\n    // Get top frameworks from SQLite\r\n    let topFrameworks: Array<{ framework: string; count: number }> = [];\r\n    try {\r\n      const stmt = this.sqliteCache.prepare(`\r\n        SELECT framework_detection, COUNT(*) as count\r\n        FROM prompt_cache\r\n        WHERE framework_detection IS NOT NULL\r\n        GROUP BY framework_detection\r\n        ORDER BY count DESC\r\n        LIMIT 5\r\n      `);\r\n      const rows = stmt.all() as any[];\r\n      topFrameworks = rows.map(row => ({\r\n        framework: JSON.parse(row.framework_detection).detectedFrameworks?.[0] || 'unknown',\r\n        count: row.count\r\n      }));\r\n    } catch (error) {\r\n      this.logger.warn('Failed to get top frameworks', { error });\r\n    }\r\n\r\n    return {\r\n      totalEntries: this.memoryCache.size,\r\n      hitRate: Math.round(hitRate * 100) / 100,\r\n      averageResponseTime: Math.round(this.stats.averageResponseTime),\r\n      totalHits: this.stats.hits,\r\n      totalMisses: this.stats.misses,\r\n      cacheSize: this.memoryCache.size,\r\n      topFrameworks,\r\n      // New performance metrics\r\n      totalRequests: this.stats.totalRequests,\r\n      averageHitTime: this.stats.averageHitTime,\r\n      averageMissTime: this.stats.averageMissTime,\r\n      memoryUsage: this.stats.memoryUsage,\r\n      evictionCount: this.stats.evictionCount,\r\n      lastCleanup: this.stats.lastCleanup,\r\n      performanceGain: this.stats.performanceGain\r\n    };\r\n  }\r\n\r\n  /**\r\n   * Update performance metrics\r\n   */\r\n  private updatePerformanceMetrics(): void {\r\n    // Calculate average hit time\r\n    if (this.stats.hitTimes.length > 0) {\r\n      this.stats.averageHitTime = this.stats.hitTimes.reduce((a, b) => a + b, 0) / this.stats.hitTimes.length;\r\n    }\r\n\r\n    // Calculate average miss time\r\n    if (this.stats.missTimes.length > 0) {\r\n      this.stats.averageMissTime = this.stats.missTimes.reduce((a, b) => a + b, 0) / this.stats.missTimes.length;\r\n    }\r\n\r\n    // Calculate performance gain (time saved by cache hits)\r\n    if (this.stats.averageMissTime > 0 && this.stats.averageHitTime > 0) {\r\n      this.stats.performanceGain = ((this.stats.averageMissTime - this.stats.averageHitTime) / this.stats.averageMissTime) * 100;\r\n    }\r\n\r\n    // Update memory usage (rough estimation)\r\n    this.stats.memoryUsage = this.memoryCache.size * 1024; // Rough estimate: 1KB per entry\r\n\r\n    // Keep only last 100 timing samples to prevent memory growth\r\n    if (this.stats.hitTimes.length > 100) {\r\n      this.stats.hitTimes = this.stats.hitTimes.slice(-100);\r\n    }\r\n    if (this.stats.missTimes.length > 100) {\r\n      this.stats.missTimes = this.stats.missTimes.slice(-100);\r\n    }\r\n  }\r\n\r\n  /**\r\n   * Warm cache with common prompts\r\n   */\r\n  async warmCache(): Promise<void> {\r\n    if (!this.cacheConfig.warming.enabled) return;\r\n\r\n    this.logger.info('Starting prompt cache warming', {\r\n      commonPrompts: this.cacheConfig.warming.commonPrompts.length,\r\n      frameworks: this.cacheConfig.warming.frameworks.length\r\n    });\r\n\r\n    // This would trigger cache warming by pre-processing common prompts\r\n    // For now, just log the warming process\r\n    for (const prompt of this.cacheConfig.warming.commonPrompts) {\r\n      this.logger.debug('Cache warming prompt', { prompt });\r\n    }\r\n\r\n    this.logger.info('Prompt cache warming completed');\r\n  }\r\n\r\n  /**\r\n   * Invalidate cache entries\r\n   */\r\n  async invalidateCache(pattern?: string): Promise<number> {\r\n    let invalidatedCount = 0;\r\n\r\n    try {\r\n      if (pattern) {\r\n        // Invalidate by pattern\r\n        for (const [key, entry] of this.memoryCache.entries()) {\r\n          if (key.includes(pattern) || entry.originalPrompt.includes(pattern)) {\r\n            this.memoryCache.delete(key);\r\n            invalidatedCount++;\r\n          }\r\n        }\r\n\r\n        // Invalidate SQLite cache\r\n        const stmt = this.sqliteCache.prepare(`\r\n          DELETE FROM prompt_cache \r\n          WHERE key LIKE ? OR original_prompt LIKE ?\r\n        `);\r\n        const result = stmt.run(`%${pattern}%`, `%${pattern}%`);\r\n        invalidatedCount += result.changes;\r\n      } else {\r\n        // Invalidate expired entries\r\n        const now = Date.now();\r\n        for (const [key, entry] of this.memoryCache.entries()) {\r\n          if (this.isExpired(entry)) {\r\n            this.memoryCache.delete(key);\r\n            invalidatedCount++;\r\n          }\r\n        }\r\n\r\n        const stmt = this.sqliteCache.prepare(`\r\n          DELETE FROM prompt_cache WHERE timestamp + ttl < ?\r\n        `);\r\n        const result = stmt.run(now);\r\n        invalidatedCount += result.changes;\r\n      }\r\n\r\n      this.logger.debug('Prompt cache invalidation completed', {\r\n        pattern,\r\n        invalidatedCount\r\n      });\r\n\r\n      return invalidatedCount;\r\n    } catch (error) {\r\n      this.logger.error('Prompt cache invalidation failed', { pattern, error });\r\n      return 0;\r\n    }\r\n  }\r\n\r\n  /**\r\n   * Close cache service\r\n   */\r\n  close(): void {\r\n    if (this.sqliteCache) {\r\n      this.sqliteCache.close();\r\n    }\r\n  }\r\n}\r"
  ],
  "context7_docs": []
}
≡ƒÄ» Frameworks detected: react
ΓÅ▒∩╕Å  Response time: 841ms
≡ƒôê Quality Scores:
   Enhancement: 5/5
   Context Usage: 5/5
   Framework Detection: 5/5
   Completeness: 5/5
   Token Efficiency: 1/5
   Overall: 4.20/5

≡ƒôè QUALITY TEST SUMMARY
============================================================
Total Tests: 5
Successful: 5
Success Rate: 100%
Average Response Time: 1500ms

≡ƒôê QUALITY SCORES:
   Enhancement: 5.00/5
   Context Usage: 5.00/5
   Framework Detection: 5.00/5
   Completeness: 5.00/5
   Token Efficiency: 1.00/5
   Overall Quality: 4.20/5

≡ƒöó TOKEN STATISTICS:
   Total Input Tokens: 105
   Total Output Tokens: 4902
   Average Token Ratio: 61.37x

≡ƒôï DETAILED RESULTS
----------------------------------------
1. Simple Question
   Γ£à Success: true
   ΓÅ▒∩╕Å  Response Time: 3740ms
   ≡ƒôê Overall Quality: 4.20/5 (A)
   ≡ƒöó Tokens: 7 ΓåÆ 966 (138.00x)
2. Medium Complexity Task
   Γ£à Success: true
   ΓÅ▒∩╕Å  Response Time: 924ms
   ≡ƒôê Overall Quality: 4.20/5 (A)
   ≡ƒöó Tokens: 20 ΓåÆ 1014 (50.70x)
3. Complex Development Task
   Γ£à Success: true
   ΓÅ▒∩╕Å  Response Time: 1103ms
   ≡ƒôê Overall Quality: 4.20/5 (A)
   ≡ƒöó Tokens: 33 ΓåÆ 954 (28.91x)
4. Debug/Error Fix Task
   Γ£à Success: true
   ΓÅ▒∩╕Å  Response Time: 892ms
   ≡ƒôê Overall Quality: 4.20/5 (A)
   ≡ƒöó Tokens: 26 ΓåÆ 1013 (38.96x)
5. Performance Optimization Task
   Γ£à Success: true
   ΓÅ▒∩╕Å  Response Time: 841ms
   ≡ƒôê Overall Quality: 4.20/5 (A)
   ≡ƒöó Tokens: 19 ΓåÆ 955 (50.26x)

≡ƒÅü Quality tests completed!
